###############################################################################
#
# IAR ELF Linker V9.10.2.313/W64 for ARM                  05/Feb/2022  18:58:23
# Copyright 2007-2021 IAR Systems AB.
#
#    Output file  =  D:\Proyectos\STM32\kart\EWARM\kart\Exe\kart.out
#    Map file     =  D:\Proyectos\STM32\kart\EWARM\kart\List\kart.map
#    Command line =
#        -f D:\Proyectos\STM32\kart\EWARM\kart\Exe\kart.out.rsp
#        (D:\Proyectos\STM32\kart\EWARM\kart\Obj\Application\User\app_freertos.o
#        D:\Proyectos\STM32\kart\EWARM\kart\Obj\Middlewares\FreeRTOS\cmsis_os2.o
#        D:\Proyectos\STM32\kart\EWARM\kart\Obj\Middlewares\FreeRTOS\croutine.o
#        D:\Proyectos\STM32\kart\EWARM\kart\Obj\Application\dac\src\dac_api.o
#        D:\Proyectos\STM32\kart\EWARM\kart\Obj\Application\dac\src\dac_thread.o
#        D:\Proyectos\STM32\kart\EWARM\kart\Obj\Middlewares\FreeRTOS\event_groups.o
#        D:\Proyectos\STM32\kart\EWARM\kart\Obj\Application\hdwr\src\fifo_api.o
#        D:\Proyectos\STM32\kart\EWARM\kart\Obj\Application\hdwr\src\gpio_api.o
#        D:\Proyectos\STM32\kart\EWARM\kart\Obj\Middlewares\FreeRTOS\heap_4.o
#        D:\Proyectos\STM32\kart\EWARM\kart\Obj\Application\heartbeat\src\heartbeat_api.o
#        D:\Proyectos\STM32\kart\EWARM\kart\Obj\Middlewares\FreeRTOS\list.o
#        D:\Proyectos\STM32\kart\EWARM\kart\Obj\Application\User\main.o
#        D:\Proyectos\STM32\kart\EWARM\kart\Obj\Application\periodic\src\periodic_api.o
#        D:\Proyectos\STM32\kart\EWARM\kart\Obj\Application\periodic\src\periodic_conductor.o
#        D:\Proyectos\STM32\kart\EWARM\kart\Obj\Application\periodic\src\periodic_driver.o
#        D:\Proyectos\STM32\kart\EWARM\kart\Obj\Middlewares\FreeRTOS\port.o
#        D:\Proyectos\STM32\kart\EWARM\kart\Obj\Middlewares\FreeRTOS\portasm.o
#        D:\Proyectos\STM32\kart\EWARM\kart\Obj\Application\hdwr\src\pwm_api.o
#        D:\Proyectos\STM32\kart\EWARM\kart\Obj\Middlewares\FreeRTOS\queue.o
#        D:\Proyectos\STM32\kart\EWARM\kart\Obj\Application\hdwr\src\spi_api.o
#        D:\Proyectos\STM32\kart\EWARM\kart\Obj\Application\EWARM\startup_stm32l552xx.o
#        D:\Proyectos\STM32\kart\EWARM\kart\Obj\Drivers\STM32L5xx_HAL_Driver\stm32l5xx_hal.o
#        D:\Proyectos\STM32\kart\EWARM\kart\Obj\Drivers\STM32L5xx_HAL_Driver\stm32l5xx_hal_adc.o
#        D:\Proyectos\STM32\kart\EWARM\kart\Obj\Drivers\STM32L5xx_HAL_Driver\stm32l5xx_hal_adc_ex.o
#        D:\Proyectos\STM32\kart\EWARM\kart\Obj\Drivers\STM32L5xx_HAL_Driver\stm32l5xx_hal_cortex.o
#        D:\Proyectos\STM32\kart\EWARM\kart\Obj\Drivers\STM32L5xx_HAL_Driver\stm32l5xx_hal_dma.o
#        D:\Proyectos\STM32\kart\EWARM\kart\Obj\Drivers\STM32L5xx_HAL_Driver\stm32l5xx_hal_dma_ex.o
#        D:\Proyectos\STM32\kart\EWARM\kart\Obj\Drivers\STM32L5xx_HAL_Driver\stm32l5xx_hal_exti.o
#        D:\Proyectos\STM32\kart\EWARM\kart\Obj\Drivers\STM32L5xx_HAL_Driver\stm32l5xx_hal_flash.o
#        D:\Proyectos\STM32\kart\EWARM\kart\Obj\Drivers\STM32L5xx_HAL_Driver\stm32l5xx_hal_flash_ex.o
#        D:\Proyectos\STM32\kart\EWARM\kart\Obj\Drivers\STM32L5xx_HAL_Driver\stm32l5xx_hal_flash_ramfunc.o
#        D:\Proyectos\STM32\kart\EWARM\kart\Obj\Drivers\STM32L5xx_HAL_Driver\stm32l5xx_hal_gpio.o
#        D:\Proyectos\STM32\kart\EWARM\kart\Obj\Drivers\STM32L5xx_HAL_Driver\stm32l5xx_hal_i2c.o
#        D:\Proyectos\STM32\kart\EWARM\kart\Obj\Drivers\STM32L5xx_HAL_Driver\stm32l5xx_hal_i2c_ex.o
#        D:\Proyectos\STM32\kart\EWARM\kart\Obj\Drivers\STM32L5xx_HAL_Driver\stm32l5xx_hal_icache.o
#        D:\Proyectos\STM32\kart\EWARM\kart\Obj\Application\User\stm32l5xx_hal_msp.o
#        D:\Proyectos\STM32\kart\EWARM\kart\Obj\Drivers\STM32L5xx_HAL_Driver\stm32l5xx_hal_pwr.o
#        D:\Proyectos\STM32\kart\EWARM\kart\Obj\Drivers\STM32L5xx_HAL_Driver\stm32l5xx_hal_pwr_ex.o
#        D:\Proyectos\STM32\kart\EWARM\kart\Obj\Drivers\STM32L5xx_HAL_Driver\stm32l5xx_hal_rcc.o
#        D:\Proyectos\STM32\kart\EWARM\kart\Obj\Drivers\STM32L5xx_HAL_Driver\stm32l5xx_hal_rcc_ex.o
#        D:\Proyectos\STM32\kart\EWARM\kart\Obj\Drivers\STM32L5xx_HAL_Driver\stm32l5xx_hal_rtc.o
#        D:\Proyectos\STM32\kart\EWARM\kart\Obj\Drivers\STM32L5xx_HAL_Driver\stm32l5xx_hal_rtc_ex.o
#        D:\Proyectos\STM32\kart\EWARM\kart\Obj\Drivers\STM32L5xx_HAL_Driver\stm32l5xx_hal_spi.o
#        D:\Proyectos\STM32\kart\EWARM\kart\Obj\Drivers\STM32L5xx_HAL_Driver\stm32l5xx_hal_spi_ex.o
#        D:\Proyectos\STM32\kart\EWARM\kart\Obj\Drivers\STM32L5xx_HAL_Driver\stm32l5xx_hal_tim.o
#        D:\Proyectos\STM32\kart\EWARM\kart\Obj\Drivers\STM32L5xx_HAL_Driver\stm32l5xx_hal_tim_ex.o
#        D:\Proyectos\STM32\kart\EWARM\kart\Obj\Application\User\stm32l5xx_it.o
#        D:\Proyectos\STM32\kart\EWARM\kart\Obj\Middlewares\FreeRTOS\stream_buffer.o
#        D:\Proyectos\STM32\kart\EWARM\kart\Obj\Application\system\src\system_api.o
#        D:\Proyectos\STM32\kart\EWARM\kart\Obj\Drivers\CMSIS\system_stm32l5xx.o
#        D:\Proyectos\STM32\kart\EWARM\kart\Obj\Middlewares\FreeRTOS\tasks.o
#        D:\Proyectos\STM32\kart\EWARM\kart\Obj\Middlewares\FreeRTOS\timers.o
#        --no_out_extension -o D:\Proyectos\STM32\kart\EWARM\kart\Exe\kart.out
#        --redirect _Printf=_PrintfFullNoMb --redirect _Scanf=_ScanfFullNoMb
#        --map D:\Proyectos\STM32\kart\EWARM\kart\List\kart.map --config
#        D:\Proyectos\STM32\kart\EWARM/stm32l552xe_flash.icf --semihosting
#        --entry __iar_program_start --vfe --text_out locale)
#
###############################################################################

*******************************************************************************
*** RUNTIME MODEL ATTRIBUTES
***

CppFlavor       = *
__Heap_Handler  = DLMalloc
__SystemLibrary = DLib
__dlib_version  = 6


*******************************************************************************
*** HEAP SELECTION
***

The advanced heap was selected because the application calls memory
allocation functions outside of system library functions, and there
are calls to deallocation functions in the application.


*******************************************************************************
*** PLACEMENT SUMMARY
***

"A0":  place at address 0x800'0000 { ro section .intvec };
"P1":  place in [from 0x800'0000 to 0x807'ffff] { ro };
define block CSTACK with size = 1K, alignment = 8 { };
define block HEAP with size = 512, alignment = 8 { };
"P2":  place in [from 0x2000'0000 to 0x2002'ffff] {
          rw, block CSTACK, block HEAP };
"P3":  place in [from 0x2000'0000 to 0x2002'ffff] { };
initialize by copy { rw };

  Section               Kind         Address    Size  Object
  -------               ----         -------    ----  ------
"A0":                                          0x1f4
  .intvec               ro code   0x800'0000   0x1f4  startup_stm32l552xx.o [1]
                                - 0x800'01f4   0x1f4

"P1":                                         0x7c33
  .text                 ro code   0x800'01f4  0x1514  dlmalloc.o [11]
  .text                 ro code   0x800'1708     0x6  abort.o [11]
  .rodata               const     0x800'170e     0x2  xlocale_c.o [11]
  .text                 ro code   0x800'1710    0x2c  xgetmemchunk.o [11]
  .text                 ro code   0x800'173c     0x6  ABImemclr.o [13]
  .rodata               const     0x800'1742     0x1  xlocale_c.o [11]
  .text                 ro code   0x800'1744    0x14  exit.o [14]
  .text                 ro code   0x800'1758    0x12  ABImemset_small.o [13]
  .text                 ro code   0x800'176c    0x7c  iarttio.o [14]
  .text                 ro code   0x800'17e8     0x8  XShttio.o [11]
  .text                 ro code   0x800'17f0   0xf2e  xprintffull_nomb.o [11]
  .text                 ro code   0x800'2720    0x16  strchr.o [13]
  .text                 ro code   0x800'2738    0x40  xfail_s.o [11]
  .text                 ro code   0x800'2778    0x36  strlen.o [13]
  .text                 ro code   0x800'27b0    0x58  memchr.o [13]
  .text                 ro code   0x800'2808    0x18  ABImemcpy_small.o [13]
  .text                 ro code   0x800'2820    0x70  frexp.o [12]
  .text                 ro code   0x800'2890    0x34  DblCmpLe.o [12]
  .text                 ro code   0x800'28c4    0x34  DblCmpGe.o [12]
  .text                 ro code   0x800'28f8   0x13a  ldexp.o [12]
  .text                 ro code   0x800'2a34    0x36  DblToS32.o [12]
  .text                 ro code   0x800'2a6c    0x22  S32ToDbl.o [12]
  .text                 ro code   0x800'2a90   0x24e  DblAddSub.o [12]
  .text                 ro code   0x800'2ce0   0x246  DblDiv.o [12]
  .text                 ro code   0x800'2f28    0x22  DblToU32.o [12]
  .text                 ro code   0x800'2f4c    0x1c  U32ToDbl.o [12]
  .text                 ro code   0x800'2f68   0x1aa  DblMul.o [12]
  .text                 ro code   0x800'3114     0x8  xlocale_c.o [11]
  .text                 ro code   0x800'311c   0x230  I64DivMod.o [13]
  .text                 ro code   0x800'334c     0x2  I64DivZer.o [13]
  .text                 ro code   0x800'3350   0x874  stm32l5xx_hal_rcc.o [9]
  .text                 ro code   0x800'3bc4    0x44  stm32l5xx_hal.o [9]
  .text                 ro code   0x800'3c08     0xc  stm32l5xx_hal.o [9]
  .text                 ro code   0x800'3c14    0xc0  stm32l5xx_hal_pwr_ex.o [9]
  .text                 ro code   0x800'3cd4    0xac  stm32l5xx_hal_cortex.o [9]
  .text                 ro code   0x800'3d80   0x760  tasks.o [10]
  privileged_functions  ro code   0x800'44e0    0xc8  portasm.o [10]
  .text                 ro code   0x800'45a8   0x194  heap_4.o [10]
  .text                 ro code   0x800'473c    0x3a  ABImemset48.o [13]
  .text                 ro code   0x800'4776    0x92  list.o [10]
  .text                 ro code   0x800'4808   0x16c  port.o [10]
  .text                 ro code   0x800'4974    0x14  cmsis_os2.o [10]
  .text                 ro code   0x800'4988   0x334  timers.o [10]
  .text                 ro code   0x800'4cbc    0x28  port.o [10]
  .text                 ro code   0x800'4ce4    0x18  cmsis_os2.o [10]
  .text                 ro code   0x800'4cfc   0x4f4  queue.o [10]
  .text                 ro code   0x800'51f0   0x5f0  stm32l5xx_hal_tim.o [9]
  .text                 ro code   0x800'57e0   0x1dc  stm32l5xx_hal_msp.o [2]
  .text                 ro code   0x800'59bc     0x2  stm32l5xx_hal_tim.o [9]
  .text                 ro code   0x800'59be    0x14  memset.o [13]
  .text                 ro code   0x800'59d4   0x5a4  stm32l5xx_hal_rcc_ex.o [9]
  .text                 ro code   0x800'5f78   0x402  main.o [2]
  .text                 ro code   0x800'637c   0x1d8  stm32l5xx_hal_gpio.o [9]
  .text                 ro code   0x800'6554    0x22  stm32l5xx_hal.o [9]
  .text                 ro code   0x800'6578   0x594  stm32l5xx_hal_adc.o [9]
  .text                 ro code   0x800'6b0c    0xc4  stm32l5xx_hal_adc_ex.o [9]
  .text                 ro code   0x800'6bd0   0x14c  stm32l5xx_hal_rtc.o [9]
  .text                 ro code   0x800'6d1c    0x34  stm32l5xx_hal_rtc_ex.o [9]
  .text                 ro code   0x800'6d50    0xe0  stm32l5xx_hal_spi.o [9]
  .text                 ro code   0x800'6e30    0x94  stm32l5xx_hal_tim_ex.o [9]
  .text                 ro code   0x800'6ec4   0x1bc  cmsis_os2.o [10]
  .text                 ro code   0x800'7080    0x2c  system_api.o [7]
  .text                 ro code   0x800'70ac    0x10  stm32l5xx_hal_pwr.o [9]
  .text                 ro code   0x800'70bc    0xc8  system_stm32l5xx.o [8]
  .text                 ro code   0x800'7184    0x50  gpio_api.o [4]
  .text                 ro code   0x800'71d4     0x4  periodic_api.o [6]
  .text                 ro code   0x800'71d8    0x84  heartbeat_api.o [5]
  .text                 ro code   0x800'725c    0x80  periodic_conductor.o [6]
  .text                 ro code   0x800'72dc    0x28  printf.o [11]
  .text                 ro code   0x800'7304    0xd4  periodic_driver.o [6]
  .text                 ro code   0x800'73d8    0xd8  xfspos.o [11]
  .text                 ro code   0x800'74b0    0xac  fflush.o [11]
  .text                 ro code   0x800'755c     0xc  xfgpos.o [11]
  .text                 ro code   0x800'7568    0x4e  lseek.o [14]
  .text                 ro code   0x800'75b6    0x10  write.o [14]
  .text                 ro code   0x800'75c8    0xcc  XShHandles.o [11]
  .text                 ro code   0x800'7694    0x1e  dwrite.o [14]
  .text                 ro code   0x800'76b2    0x20  iarwstd.o [14]
  .text                 ro code   0x800'76d2    0x22  iarwrite.o [14]
  .text                 ro code   0x800'76f4    0xb4  xfwprep.o [11]
  .text                 ro code   0x800'77a8    0x24  fseek.o [11]
  .text                 ro code   0x800'77cc    0x9c  xfofind.o [11]
  .text                 ro code   0x800'7868     0x4  heaptramp0.o [11]
  .text                 ro code   0x800'786c    0x7e  fclose.o [11]
  .text                 ro code   0x800'78ea    0x18  close.o [14]
  .text                 ro code   0x800'7902    0x14  remove.o [14]
  .text                 ro code   0x800'7916    0x78  lz77_init_single.o [13]
  .text                 ro code   0x800'798e    0x54  fputc.o [11]
  .rodata               const     0x800'79e4    0x40  system_stm32l5xx.o [8]
  .text                 ro code   0x800'7a24    0x40  xcloseall.o [11]
  .text                 ro code   0x800'7a64    0x38  zero_init3.o [13]
  .text                 ro code   0x800'7a9c    0x28  data_init.o [13]
  .rodata               const     0x800'7ac4    0x24  main.o [2]
  .text                 ro code   0x800'7ae8    0x22  fpinit_M.o [12]
  .iar.init_table       const     0x800'7b0c    0x20  - Linker created -
  .text                 ro code   0x800'7b2c    0x1e  cmain.o [13]
  .text                 ro code   0x800'7b4a     0x4  low_level_init.o [11]
  .text                 ro code   0x800'7b4e     0x4  exit.o [11]
  .text                 ro code   0x800'7b54     0xe  cexit.o [13]
  .text                 ro code   0x800'7b64    0x1c  cstartup_M.o [13]
  .text                 ro code   0x800'7b80    0x16  xprout.o [11]
  .text                 ro code   0x800'7b98     0xc  putchar.o [11]
  .text                 ro code   0x800'7ba4    0x10  startup_stm32l552xx.o [1]
  .rodata               const     0x800'7bb4     0xc  main.o [2]
  .rodata               const     0x800'7bc0     0xc  periodic_conductor.o [6]
  .rodata               const     0x800'7bcc     0xc  system_api.o [7]
  .text                 ro code   0x800'7bd8     0xc  stm32l5xx_it.o [2]
  .text                 ro code   0x800'7be4     0x4  startup_stm32l552xx.o [1]
  .text                 ro code   0x800'7be8     0x4  startup_stm32l552xx.o [1]
  .text                 ro code   0x800'7bec     0x4  startup_stm32l552xx.o [1]
  .text                 ro code   0x800'7bf0     0x4  startup_stm32l552xx.o [1]
  .text                 ro code   0x800'7bf4     0x4  startup_stm32l552xx.o [1]
  .text                 ro code   0x800'7bf8     0x4  startup_stm32l552xx.o [1]
  .text                 ro code   0x800'7bfc     0x4  startup_stm32l552xx.o [1]
  .text                 ro code   0x800'7c00     0x4  startup_stm32l552xx.o [1]
  .text                 ro code   0x800'7c04     0x4  startup_stm32l552xx.o [1]
  .text                 ro code   0x800'7c08     0x4  startup_stm32l552xx.o [1]
  .text                 ro code   0x800'7c0c     0x4  startup_stm32l552xx.o [1]
  .text                 ro code   0x800'7c10     0x4  startup_stm32l552xx.o [1]
  .text                 ro code   0x800'7c14     0x4  startup_stm32l552xx.o [1]
  .text                 ro code   0x800'7c18     0x4  startup_stm32l552xx.o [1]
  .text                 ro code   0x800'7c1c     0x4  startup_stm32l552xx.o [1]
  .text                 ro code   0x800'7c20     0x4  startup_stm32l552xx.o [1]
  .text                 ro code   0x800'7c24     0x4  startup_stm32l552xx.o [1]
  .text                 ro code   0x800'7c28     0x4  startup_stm32l552xx.o [1]
  .text                 ro code   0x800'7c2c     0x4  startup_stm32l552xx.o [1]
  .text                 ro code   0x800'7c30     0x4  startup_stm32l552xx.o [1]
  .text                 ro code   0x800'7c34     0x4  startup_stm32l552xx.o [1]
  .text                 ro code   0x800'7c38     0x4  startup_stm32l552xx.o [1]
  .text                 ro code   0x800'7c3c     0x4  startup_stm32l552xx.o [1]
  .text                 ro code   0x800'7c40     0x4  startup_stm32l552xx.o [1]
  .text                 ro code   0x800'7c44     0x4  startup_stm32l552xx.o [1]
  .text                 ro code   0x800'7c48     0x4  startup_stm32l552xx.o [1]
  .text                 ro code   0x800'7c4c     0x4  startup_stm32l552xx.o [1]
  .text                 ro code   0x800'7c50     0x4  startup_stm32l552xx.o [1]
  .text                 ro code   0x800'7c54     0x4  startup_stm32l552xx.o [1]
  .text                 ro code   0x800'7c58     0x4  startup_stm32l552xx.o [1]
  .text                 ro code   0x800'7c5c     0x4  startup_stm32l552xx.o [1]
  .text                 ro code   0x800'7c60     0x4  startup_stm32l552xx.o [1]
  .text                 ro code   0x800'7c64     0x4  startup_stm32l552xx.o [1]
  .text                 ro code   0x800'7c68     0x4  startup_stm32l552xx.o [1]
  .text                 ro code   0x800'7c6c     0x4  startup_stm32l552xx.o [1]
  .text                 ro code   0x800'7c70     0x4  startup_stm32l552xx.o [1]
  .text                 ro code   0x800'7c74     0x4  startup_stm32l552xx.o [1]
  .text                 ro code   0x800'7c78     0x4  startup_stm32l552xx.o [1]
  .text                 ro code   0x800'7c7c     0x4  startup_stm32l552xx.o [1]
  .text                 ro code   0x800'7c80     0x4  startup_stm32l552xx.o [1]
  .text                 ro code   0x800'7c84     0x4  startup_stm32l552xx.o [1]
  .text                 ro code   0x800'7c88     0x4  startup_stm32l552xx.o [1]
  .text                 ro code   0x800'7c8c     0x4  startup_stm32l552xx.o [1]
  .text                 ro code   0x800'7c90     0x4  startup_stm32l552xx.o [1]
  .text                 ro code   0x800'7c94     0x4  startup_stm32l552xx.o [1]
  .text                 ro code   0x800'7c98     0x4  startup_stm32l552xx.o [1]
  .text                 ro code   0x800'7c9c     0x4  startup_stm32l552xx.o [1]
  .text                 ro code   0x800'7ca0     0x4  startup_stm32l552xx.o [1]
  .text                 ro code   0x800'7ca4     0x4  startup_stm32l552xx.o [1]
  .text                 ro code   0x800'7ca8     0x4  startup_stm32l552xx.o [1]
  .text                 ro code   0x800'7cac     0x4  startup_stm32l552xx.o [1]
  .text                 ro code   0x800'7cb0     0x4  startup_stm32l552xx.o [1]
  .text                 ro code   0x800'7cb4     0x4  startup_stm32l552xx.o [1]
  .text                 ro code   0x800'7cb8     0x4  startup_stm32l552xx.o [1]
  .text                 ro code   0x800'7cbc     0x4  startup_stm32l552xx.o [1]
  .text                 ro code   0x800'7cc0     0x4  startup_stm32l552xx.o [1]
  .text                 ro code   0x800'7cc4     0x4  startup_stm32l552xx.o [1]
  .text                 ro code   0x800'7cc8     0x4  startup_stm32l552xx.o [1]
  .text                 ro code   0x800'7ccc     0x4  startup_stm32l552xx.o [1]
  .text                 ro code   0x800'7cd0     0x4  startup_stm32l552xx.o [1]
  .text                 ro code   0x800'7cd4     0x4  startup_stm32l552xx.o [1]
  .text                 ro code   0x800'7cd8     0x4  startup_stm32l552xx.o [1]
  .text                 ro code   0x800'7cdc     0x4  startup_stm32l552xx.o [1]
  .text                 ro code   0x800'7ce0     0x4  startup_stm32l552xx.o [1]
  .text                 ro code   0x800'7ce4     0x4  startup_stm32l552xx.o [1]
  .text                 ro code   0x800'7ce8     0x4  startup_stm32l552xx.o [1]
  .text                 ro code   0x800'7cec     0x4  startup_stm32l552xx.o [1]
  .text                 ro code   0x800'7cf0     0x4  startup_stm32l552xx.o [1]
  .text                 ro code   0x800'7cf4     0x4  startup_stm32l552xx.o [1]
  .text                 ro code   0x800'7cf8     0x4  startup_stm32l552xx.o [1]
  .text                 ro code   0x800'7cfc     0x4  startup_stm32l552xx.o [1]
  .text                 ro code   0x800'7d00     0x4  startup_stm32l552xx.o [1]
  .text                 ro code   0x800'7d04     0x4  startup_stm32l552xx.o [1]
  .text                 ro code   0x800'7d08     0x4  startup_stm32l552xx.o [1]
  .text                 ro code   0x800'7d0c     0x4  startup_stm32l552xx.o [1]
  .text                 ro code   0x800'7d10     0x4  startup_stm32l552xx.o [1]
  .text                 ro code   0x800'7d14     0x4  startup_stm32l552xx.o [1]
  .text                 ro code   0x800'7d18     0x4  startup_stm32l552xx.o [1]
  .text                 ro code   0x800'7d1c     0x4  startup_stm32l552xx.o [1]
  .text                 ro code   0x800'7d20     0x4  startup_stm32l552xx.o [1]
  .text                 ro code   0x800'7d24     0x4  startup_stm32l552xx.o [1]
  .text                 ro code   0x800'7d28     0x4  startup_stm32l552xx.o [1]
  .text                 ro code   0x800'7d2c     0x4  startup_stm32l552xx.o [1]
  .text                 ro code   0x800'7d30     0x4  startup_stm32l552xx.o [1]
  .text                 ro code   0x800'7d34     0x4  startup_stm32l552xx.o [1]
  .text                 ro code   0x800'7d38     0x4  startup_stm32l552xx.o [1]
  .text                 ro code   0x800'7d3c     0x4  startup_stm32l552xx.o [1]
  .text                 ro code   0x800'7d40     0x4  startup_stm32l552xx.o [1]
  .text                 ro code   0x800'7d44     0x4  startup_stm32l552xx.o [1]
  .text                 ro code   0x800'7d48     0x4  startup_stm32l552xx.o [1]
  .text                 ro code   0x800'7d4c     0x4  startup_stm32l552xx.o [1]
  .text                 ro code   0x800'7d50     0x4  startup_stm32l552xx.o [1]
  .text                 ro code   0x800'7d54     0x4  startup_stm32l552xx.o [1]
  .text                 ro code   0x800'7d58     0x4  startup_stm32l552xx.o [1]
  .text                 ro code   0x800'7d5c     0x4  startup_stm32l552xx.o [1]
  .text                 ro code   0x800'7d60     0x4  startup_stm32l552xx.o [1]
  .text                 ro code   0x800'7d64     0x4  startup_stm32l552xx.o [1]
  .text                 ro code   0x800'7d68     0x4  startup_stm32l552xx.o [1]
  .text                 ro code   0x800'7d6c     0x4  startup_stm32l552xx.o [1]
  .text                 ro code   0x800'7d70     0x4  startup_stm32l552xx.o [1]
  .text                 ro code   0x800'7d74     0x4  startup_stm32l552xx.o [1]
  .text                 ro code   0x800'7d78     0x4  startup_stm32l552xx.o [1]
  .text                 ro code   0x800'7d7c     0x4  startup_stm32l552xx.o [1]
  .text                 ro code   0x800'7d80     0x4  startup_stm32l552xx.o [1]
  .text                 ro code   0x800'7d84     0x4  startup_stm32l552xx.o [1]
  .text                 ro code   0x800'7d88     0x0  cstart_closeall.o [13]
  .rodata               const     0x800'7d88     0x0  zero_init3.o [13]
  .rodata               const     0x800'7d88     0x0  lz77_init_single.o [13]
  Initializer bytes     const     0x800'7d88    0x9f  <for P2-P3-1>
                                - 0x800'7e27  0x7c33

"P2-P3", part 1 of 3:                          0x1bc
  P2-P3-1                        0x2000'0000   0x1bc  <Init block>
    .data               inited   0x2000'0000    0x18  gpio_api.o [4]
    .data               inited   0x2000'0018    0x24  heartbeat_api.o [5]
    .data               inited   0x2000'003c    0x24  periodic_conductor.o [6]
    .data               inited   0x2000'0060     0x4  port.o [10]
    .data               inited   0x2000'0064     0xc  stm32l5xx_hal.o [9]
    .data               inited   0x2000'0070    0x10  system_api.o [7]
    .data               inited   0x2000'0080     0x4  system_stm32l5xx.o [8]
    .data               inited   0x2000'0084    0x38  xlocale_c.o [11]
    .data               inited   0x2000'00bc    0x48  xfiles.o [11]
    .data               inited   0x2000'0104    0x48  xfiles.o [11]
    .data               inited   0x2000'014c    0x48  xfiles.o [11]
    .data               inited   0x2000'0194    0x20  xfiles.o [11]
    .data               inited   0x2000'01b4     0x8  XShttio.o [11]
                               - 0x2000'01bc   0x1bc

"P2-P3", part 2 of 3:                         0x31a4
  .bss                  zero     0x2000'01bc  0x2020  heap_4.o [10]
  .bss                  zero     0x2000'21dc   0x460  tasks.o [10]
  .bss                  zero     0x2000'263c   0x45c  cmsis_os2.o [10]
  .bss                  zero     0x2000'2a98   0x25c  cmsis_os2.o [10]
  .bss                  zero     0x2000'2cf4   0x1d8  dlmalloc.o [11]
  .bss                  zero     0x2000'2ecc   0x144  main.o [2]
  .bss                  zero     0x2000'3010   0x12c  timers.o [10]
  .bss                  zero     0x2000'313c    0x9c  tasks.o [10]
  .bss                  zero     0x2000'31d8    0x80  XShHandles.o [11]
  .bss                  zero     0x2000'3258    0x50  xfiles.o [11]
  .bss                  zero     0x2000'32a8    0x50  xfiles.o [11]
  .bss                  zero     0x2000'32f8    0x40  queue.o [10]
  .bss                  zero     0x2000'3338    0x18  dlmalloc.o [11]
  .bss                  zero     0x2000'3350     0x4  cmsis_os2.o [10]
  .bss                  zero     0x2000'3354     0x4  periodic_conductor.o [6]
  .bss                  zero     0x2000'3358     0x4  xfail_s.o [11]
  .bss                  zero     0x2000'335c     0x4  xgetmemchunk.o [11]
                               - 0x2000'3360  0x31a4

"P2-P3", part 3 of 3:                          0x600
  CSTACK                         0x2000'3360   0x400  <Block>
    CSTACK              uninit   0x2000'3360   0x400  <Block tail>
  HEAP                           0x2000'3760   0x200  <Block>
    HEAP                uninit   0x2000'3760   0x200  <Block tail>
                               - 0x2000'3960   0x600

Unused ranges:

         From           To      Size
         ----           --      ----
   0x800'7e27   0x807'ffff  0x7'81d9
  0x2000'3960  0x2002'ffff  0x2'c6a0


*******************************************************************************
*** INIT TABLE
***

          Address      Size
          -------      ----
Zero (__iar_zero_init3)
    1 destination range, total size 0x31a4:
          0x2000'01bc  0x31a4

Copy/lz77 (__iar_lz77_init_single3)
    1 source range, total size 0x9f (35% of destination):
           0x800'7d88    0x9f
    1 destination range, total size 0x1bc:
          0x2000'0000   0x1bc



*******************************************************************************
*** MODULE SUMMARY
***

    Module                  ro code  ro data  rw data
    ------                  -------  -------  -------
command line/config:
    -------------------------------------------------
    Total:

D:\Proyectos\STM32\kart\EWARM\kart\Obj\Application\EWARM: [1]
    startup_stm32l552xx.o       936
    -------------------------------------------------
    Total:                      936

D:\Proyectos\STM32\kart\EWARM\kart\Obj\Application\User: [2]
    main.o                    1'026       48      324
    stm32l5xx_hal_msp.o         476
    stm32l5xx_it.o               12
    -------------------------------------------------
    Total:                    1'514       48      324

D:\Proyectos\STM32\kart\EWARM\kart\Obj\Application\dac\src: [3]
    -------------------------------------------------
    Total:

D:\Proyectos\STM32\kart\EWARM\kart\Obj\Application\hdwr\src: [4]
    gpio_api.o                   80        8       24
    -------------------------------------------------
    Total:                       80        8       24

D:\Proyectos\STM32\kart\EWARM\kart\Obj\Application\heartbeat\src: [5]
    heartbeat_api.o             132       13       36
    -------------------------------------------------
    Total:                      132       13       36

D:\Proyectos\STM32\kart\EWARM\kart\Obj\Application\periodic\src: [6]
    periodic_api.o                4
    periodic_conductor.o        128       25       40
    periodic_driver.o           212
    -------------------------------------------------
    Total:                      344       25       40

D:\Proyectos\STM32\kart\EWARM\kart\Obj\Application\system\src: [7]
    system_api.o                 44       17       16
    -------------------------------------------------
    Total:                       44       17       16

D:\Proyectos\STM32\kart\EWARM\kart\Obj\Drivers\CMSIS: [8]
    system_stm32l5xx.o          200       66        4
    -------------------------------------------------
    Total:                      200       66        4

D:\Proyectos\STM32\kart\EWARM\kart\Obj\Drivers\STM32L5xx_HAL_Driver: [9]
    stm32l5xx_hal.o             114        5       12
    stm32l5xx_hal_adc.o       1'428
    stm32l5xx_hal_adc_ex.o      196
    stm32l5xx_hal_cortex.o      172
    stm32l5xx_hal_gpio.o        472
    stm32l5xx_hal_pwr.o          16
    stm32l5xx_hal_pwr_ex.o      192
    stm32l5xx_hal_rcc.o       2'164
    stm32l5xx_hal_rcc_ex.o    1'444
    stm32l5xx_hal_rtc.o         332
    stm32l5xx_hal_rtc_ex.o       52
    stm32l5xx_hal_spi.o         224
    stm32l5xx_hal_tim.o       1'522
    stm32l5xx_hal_tim_ex.o      148
    -------------------------------------------------
    Total:                    8'476        5       12

D:\Proyectos\STM32\kart\EWARM\kart\Obj\Middlewares\FreeRTOS: [10]
    cmsis_os2.o                 488             1'724
    heap_4.o                    404             8'224
    list.o                      146
    port.o                      404        1        4
    portasm.o                   200
    queue.o                   1'268                64
    tasks.o                   1'888             1'276
    timers.o                    820               300
    -------------------------------------------------
    Total:                    5'618        1   11'592

dl7M_tlf.a: [11]
    XShHandles.o                204               128
    XShttio.o                     8        3        8
    abort.o                       6
    dlmalloc.o                5'396               496
    exit.o                        4
    fclose.o                    126
    fflush.o                    172
    fputc.o                      84
    fseek.o                      36
    heaptramp0.o                  4
    low_level_init.o              4
    printf.o                     40
    putchar.o                    12
    xcloseall.o                  64
    xfail_s.o                    64                 4
    xfgpos.o                     12
    xfiles.o                              89      408
    xfofind.o                   156
    xfspos.o                    216
    xfwprep.o                   180
    xgetmemchunk.o               44                 4
    xlocale_c.o                   8       23       56
    xprintffull_nomb.o        3'886
    xprout.o                     22
    -------------------------------------------------
    Total:                   10'748      115    1'104

m7M_tls.a: [12]
    DblAddSub.o                 590
    DblCmpGe.o                   52
    DblCmpLe.o                   52
    DblDiv.o                    582
    DblMul.o                    426
    DblToS32.o                   54
    DblToU32.o                   34
    S32ToDbl.o                   34
    U32ToDbl.o                   28
    fpinit_M.o                   34
    frexp.o                     112
    ldexp.o                     314
    -------------------------------------------------
    Total:                    2'312

rt7M_tl.a: [13]
    ABImemclr.o                   6
    ABImemcpy_small.o            24
    ABImemset48.o                58
    ABImemset_small.o            18
    I64DivMod.o                 560
    I64DivZer.o                   2
    cexit.o                      14
    cmain.o                      30
    cstart_closeall.o
    cstartup_M.o                 28
    data_init.o                  40
    lz77_init_single.o          120
    memchr.o                     88
    memset.o                     20
    strchr.o                     22
    strlen.o                     54
    zero_init3.o                 56
    -------------------------------------------------
    Total:                    1'140

shb_l.a: [14]
    close.o                      24
    dwrite.o                     30
    exit.o                       20
    iarttio.o                   124
    iarwrite.o                   34
    iarwstd.o                    32
    lseek.o                      78
    remove.o                     20
    write.o                      16
    -------------------------------------------------
    Total:                      378

    Gaps                         39        4
    Linker created                        32    1'536
-----------------------------------------------------
    Grand Total:             31'961      334   14'688


*******************************************************************************
*** ENTRY LIST
***

Entry                       Address    Size  Type      Object
-----                       -------    ----  ----      ------
.iar.init_table$$Base    0x800'7b0c           --   Gb  - Linker created -
.iar.init_table$$Limit   0x800'7b2c           --   Gb  - Linker created -
?main                    0x800'7b2d          Code  Gb  cmain.o [13]
AHBPrescTable            0x800'7174    0x10  Data  Gb  system_stm32l5xx.o [8]
BusFault_Handler         0x800'7bdf     0x2  Code  Gb  stm32l5xx_it.o [2]
CSTACK$$Base            0x2000'3360           --   Gb  - Linker created -
CSTACK$$Limit           0x2000'3760           --   Gb  - Linker created -
DebugMon_Handler         0x800'7be3     0x2  Code  Gb  stm32l5xx_it.o [2]
Error_Handler            0x800'6377     0x4  Code  Gb  main.o [2]
HAL_ADCEx_MultiModeConfigChannel
                         0x800'6b0d    0xae  Code  Gb  stm32l5xx_hal_adc_ex.o [9]
HAL_ADC_ConfigChannel    0x800'6779   0x2fe  Code  Gb  stm32l5xx_hal_adc.o [9]
HAL_ADC_Init             0x800'65bd   0x196  Code  Gb  stm32l5xx_hal_adc.o [9]
HAL_ADC_MspInit          0x800'581d    0x60  Code  Gb  stm32l5xx_hal_msp.o [2]
HAL_GPIO_Init            0x800'637d   0x196  Code  Gb  stm32l5xx_hal_gpio.o [9]
HAL_GPIO_TogglePin       0x800'651d    0x10  Code  Gb  stm32l5xx_hal_gpio.o [9]
HAL_GPIO_WritePin        0x800'6513     0xa  Code  Gb  stm32l5xx_hal_gpio.o [9]
HAL_GetTick              0x800'3c09     0xc  Code  Gb  stm32l5xx_hal.o [9]
HAL_Init                 0x800'6555    0x22  Code  Gb  stm32l5xx_hal.o [9]
HAL_InitTick             0x800'3bc5    0x44  Code  Gb  stm32l5xx_hal.o [9]
HAL_MspInit              0x800'57e1    0x3c  Code  Gb  stm32l5xx_hal_msp.o [2]
HAL_NVIC_SetPriority     0x800'3d09    0x3a  Code  Gb  stm32l5xx_hal_cortex.o [9]
HAL_NVIC_SetPriorityGrouping
                         0x800'3cef    0x1a  Code  Gb  stm32l5xx_hal_cortex.o [9]
HAL_PWREx_ControlVoltageScaling
                         0x800'3c21    0x66  Code  Gb  stm32l5xx_hal_pwr_ex.o [9]
HAL_PWREx_DisableUCPDDeadBattery
                         0x800'3c95     0x2  Code  Gb  stm32l5xx_hal_pwr_ex.o [9]
HAL_PWREx_EnableVddIO2   0x800'3c87     0xe  Code  Gb  stm32l5xx_hal_pwr_ex.o [9]
HAL_PWREx_GetVoltageRange
                         0x800'3c15     0xc  Code  Gb  stm32l5xx_hal_pwr_ex.o [9]
HAL_PWREx_SMPS_GetEffectiveMode
                         0x800'3ca1    0x1c  Code  Gb  stm32l5xx_hal_pwr_ex.o [9]
HAL_PWR_EnableBkUpAccess
                         0x800'70ad     0xc  Code  Gb  stm32l5xx_hal_pwr.o [9]
HAL_RCCEx_PeriphCLKConfig
                         0x800'59d5   0x3d6  Code  Gb  stm32l5xx_hal_rcc_ex.o [9]
HAL_RCC_ClockConfig      0x800'38a3   0x18e  Code  Gb  stm32l5xx_hal_rcc.o [9]
HAL_RCC_GetHCLKFreq      0x800'3af3    0x12  Code  Gb  stm32l5xx_hal_rcc.o [9]
HAL_RCC_GetSysClockFreq
                         0x800'3a5d    0x96  Code  Gb  stm32l5xx_hal_rcc.o [9]
HAL_RCC_OscConfig        0x800'3351   0x526  Code  Gb  stm32l5xx_hal_rcc.o [9]
HAL_RTCEx_PrivilegeModeSet
                         0x800'6d1d    0x2c  Code  Gb  stm32l5xx_hal_rtc_ex.o [9]
HAL_RTC_Init             0x800'6bd1    0x86  Code  Gb  stm32l5xx_hal_rtc.o [9]
HAL_RTC_MspInit          0x800'587d    0x50  Code  Gb  stm32l5xx_hal_msp.o [2]
HAL_RTC_WaitForSynchro   0x800'6c57    0x2e  Code  Gb  stm32l5xx_hal_rtc.o [9]
HAL_SPI_Init             0x800'6d51    0xd4  Code  Gb  stm32l5xx_hal_spi.o [9]
HAL_SPI_MspInit          0x800'58cd    0x46  Code  Gb  stm32l5xx_hal_msp.o [2]
HAL_SYSTICK_Config       0x800'3d45    0x28  Code  Gb  stm32l5xx_hal_cortex.o [9]
HAL_TIMEx_MasterConfigSynchronization
                         0x800'6e31    0x7a  Code  Gb  stm32l5xx_hal_tim_ex.o [9]
HAL_TIM_Base_Init        0x800'51f1    0x1a  Code  Gb  stm32l5xx_hal_tim.o [9]
HAL_TIM_Base_MspInit     0x800'5939    0x22  Code  Gb  stm32l5xx_hal_msp.o [2]
HAL_TIM_ConfigClockSource
                         0x800'536d    0x90  Code  Gb  stm32l5xx_hal_tim.o [9]
HAL_TIM_MspPostInit      0x800'595b    0x42  Code  Gb  stm32l5xx_hal_msp.o [2]
HAL_TIM_PWM_ConfigChannel
                         0x800'525f   0x102  Code  Gb  stm32l5xx_hal_tim.o [9]
HAL_TIM_PWM_Init         0x800'5235    0x1a  Code  Gb  stm32l5xx_hal_tim.o [9]
HAL_TIM_PWM_MspInit      0x800'59bd     0x2  Code  Gb  stm32l5xx_hal_tim.o [9]
HEAP$$Base              0x2000'3760           --   Gb  - Linker created -
HEAP$$Limit             0x2000'3960           --   Gb  - Linker created -
HardFault_Handler        0x800'7bdb     0x2  Code  Gb  stm32l5xx_it.o [2]
KernelState             0x2000'3350     0x4  Data  Lc  cmsis_os2.o [10]
LL_ADC_GetOffsetChannel
                         0x800'6579     0xe  Code  Lc  stm32l5xx_hal_adc.o [9]
LL_ADC_SetChannelSamplingTime
                         0x800'6599    0x24  Code  Lc  stm32l5xx_hal_adc.o [9]
LL_ADC_SetOffsetState    0x800'6587    0x12  Code  Lc  stm32l5xx_hal_adc.o [9]
MSIRangeTable            0x800'79e4    0x40  Data  Gb  system_stm32l5xx.o [8]
MemManage_Handler        0x800'7bdd     0x2  Code  Gb  stm32l5xx_it.o [2]
NMI_Handler              0x800'7bd9     0x2  Code  Gb  stm32l5xx_it.o [2]
PendSV_Handler           0x800'4549          Code  Gb  portasm.o [10]
RCCEx_PLLSAI1_Config     0x800'5dd5    0xd6  Code  Lc  stm32l5xx_hal_rcc_ex.o [9]
RCCEx_PLLSAI2_Config     0x800'5eb1    0xa8  Code  Lc  stm32l5xx_hal_rcc_ex.o [9]
RCC_SetFlashLatencyFromMSIRange
                         0x800'3b11    0x78  Code  Lc  stm32l5xx_hal_rcc.o [9]
RTC_EnterInitMode        0x800'6c85    0x40  Code  Gb  stm32l5xx_hal_rtc.o [9]
RTC_ExitInitMode         0x800'6cc5    0x4c  Code  Gb  stm32l5xx_hal_rtc.o [9]
Region$$Table$$Base      0x800'7b0c           --   Gb  - Linker created -
Region$$Table$$Limit     0x800'7b2c           --   Gb  - Linker created -
SVC_Handler              0x800'458d          Code  Gb  portasm.o [10]
StartDefaultTask         0x800'636d     0xa  Code  Gb  main.o [2]
SysTick_Handler          0x800'6ec5    0x1a  Code  Gb  cmsis_os2.o [10]
SystemClock_Config       0x800'62a3    0x84  Code  Gb  main.o [2]
SystemCoreClock         0x2000'0080     0x4  Data  Gb  system_stm32l5xx.o [8]
SystemCoreClockUpdate    0x800'70c9    0x8e  Code  Gb  system_stm32l5xx.o [8]
SystemInit               0x800'70bd     0xc  Code  Gb  system_stm32l5xx.o [8]
TIM_Base_SetConfig       0x800'5429    0xac  Code  Gb  stm32l5xx_hal_tim.o [9]
TIM_ETR_SetConfig        0x800'57cd    0x14  Code  Gb  stm32l5xx_hal_tim.o [9]
TIM_ITRx_SetConfig       0x800'5781    0x10  Code  Lc  stm32l5xx_hal_tim.o [9]
TIM_OC1_SetConfig        0x800'54d5    0x84  Code  Lc  stm32l5xx_hal_tim.o [9]
TIM_OC2_SetConfig        0x800'5559    0x74  Code  Gb  stm32l5xx_hal_tim.o [9]
TIM_OC3_SetConfig        0x800'55cd    0x70  Code  Lc  stm32l5xx_hal_tim.o [9]
TIM_OC4_SetConfig        0x800'563d    0x4e  Code  Lc  stm32l5xx_hal_tim.o [9]
TIM_OC5_SetConfig        0x800'568b    0x54  Code  Lc  stm32l5xx_hal_tim.o [9]
TIM_OC6_SetConfig        0x800'56df    0x4e  Code  Lc  stm32l5xx_hal_tim.o [9]
TIM_TI1_ConfigInputStage
                         0x800'573b    0x22  Code  Lc  stm32l5xx_hal_tim.o [9]
TIM_TI2_ConfigInputStage
                         0x800'575d    0x24  Code  Lc  stm32l5xx_hal_tim.o [9]
UsageFault_Handler       0x800'7be1     0x2  Code  Gb  stm32l5xx_it.o [2]
_Close_all               0x800'7a25    0x40  Code  Gb  xcloseall.o [11]
_Files                  0x2000'0194    0x20  Data  Gb  xfiles.o [11]
_Fofree                  0x800'77cd    0x96  Code  Gb  xfofind.o [11]
_Fspos                   0x800'73d9    0xd8  Code  Gb  xfspos.o [11]
_Fwprep                  0x800'76f5    0xb4  Code  Gb  xfwprep.o [11]
_LitobFullNoMb           0x800'2525   0x10c  Code  Lc  xprintffull_nomb.o [11]
_Locale_lconv           0x2000'0084    0x38  Data  Lc  xlocale_c.o [11]
_Nnl                     0x800'755d     0xc  Code  Gb  xfgpos.o [11]
_PrintfFullNoMb          0x800'17f1   0xd06  Code  Gb  xprintffull_nomb.o [11]
_Prout                   0x800'7b81    0x16  Code  Gb  xprout.o [11]
_PutcharFullNoMb         0x800'2689    0x20  Code  Lc  xprintffull_nomb.o [11]
_PutcharsFullNoMb        0x800'26a9    0x2e  Code  Lc  xprintffull_nomb.o [11]
__NVIC_SetPriority       0x800'3cd5    0x1a  Code  Lc  stm32l5xx_hal_cortex.o [9]
__Vectors                0x800'0000           --   Gb  startup_stm32l552xx.o [1]
__Vectors_End            0x800'01f4          Data  Gb  startup_stm32l552xx.o [1]
__Vectors_Size {Abs}          0x1f4           --   Gb  startup_stm32l552xx.o [1]
__aeabi_cdcmple          0x800'2891          Code  Gb  DblCmpLe.o [12]
__aeabi_cdrcmple         0x800'28c5          Code  Gb  DblCmpGe.o [12]
__aeabi_d2iz             0x800'2a35          Code  Gb  DblToS32.o [12]
__aeabi_d2uiz            0x800'2f29          Code  Gb  DblToU32.o [12]
__aeabi_ddiv             0x800'2ce1          Code  Gb  DblDiv.o [12]
__aeabi_dmul             0x800'2f69          Code  Gb  DblMul.o [12]
__aeabi_dsub             0x800'2bfd          Code  Gb  DblAddSub.o [12]
__aeabi_i2d              0x800'2a6d          Code  Gb  S32ToDbl.o [12]
__aeabi_ldiv0            0x800'334d          Code  Gb  I64DivZer.o [13]
__aeabi_memclr           0x800'173d          Code  Gb  ABImemclr.o [13]
__aeabi_memset4          0x800'473d          Code  Gb  ABImemset48.o [13]
__aeabi_memset8          0x800'473d          Code  Gb  ABImemset48.o [13]
__aeabi_ui2d             0x800'2f4d          Code  Gb  U32ToDbl.o [12]
__aeabi_uldivmod         0x800'311d          Code  Gb  I64DivMod.o [13]
__cexit_closeall         0x800'7b57          Code  Gb  cexit.o [13]
__close                  0x800'78eb    0x18  Code  Gb  close.o [14]
__cmain                  0x800'7b2d          Code  Gb  cmain.o [13]
__cstart_closeall        0x800'7d88          Data  Gb  cstart_closeall.o [13]
__data_GetMemChunk       0x800'1711    0x2c  Code  Gb  xgetmemchunk.o [11]
__data_GetMemChunk::start
                        0x2000'335c     0x4  Data  Lc  xgetmemchunk.o [11]
__dwrite                 0x800'7695    0x1e  Code  Gb  dwrite.o [14]
__exit                   0x800'1745    0x14  Code  Gb  exit.o [14]
__iar_Fail_s             0x800'2739    0x1c  Code  Gb  xfail_s.o [11]
__iar_Memchr             0x800'27b1          Code  Gb  memchr.o [13]
__iar_Memset4_word       0x800'4745          Code  Gb  ABImemset48.o [13]
__iar_Memset8_word       0x800'4745          Code  Gb  ABImemset48.o [13]
__iar_Stderr            0x2000'014c    0x48  Data  Gb  xfiles.o [11]
__iar_Stdin             0x2000'00bc    0x48  Data  Gb  xfiles.o [11]
__iar_Stdout            0x2000'0104    0x48  Data  Gb  xfiles.o [11]
__iar_Strchr             0x800'2721          Code  Gb  strchr.o [13]
__iar_close_ttio         0x800'176d    0x2c  Code  Gb  iarttio.o [14]
__iar_data_init3         0x800'7a9d    0x28  Code  Gb  data_init.o [13]
__iar_dlcalloc           0x800'16c5    0x3e  Code  Gb  dlmalloc.o [11]
__iar_dlfree             0x800'1193   0x52c  Code  Gb  dlmalloc.o [11]
__iar_dlmalloc           0x800'027d   0xf16  Code  Gb  dlmalloc.o [11]
__iar_frexp              0x800'282d          Code  Gb  frexp.o [12]
__iar_frexpl             0x800'282d          Code  Gb  frexp.o [12]
__iar_get_ttio           0x800'1799    0x4c  Code  Gb  iarttio.o [14]
__iar_init_vfp           0x800'7ae9          Code  Gb  fpinit_M.o [12]
__iar_ldexp64            0x800'28f9          Code  Gb  ldexp.o [12]
__iar_lookup_ttioh       0x800'17e9     0x8  Code  Gb  XShttio.o [11]
__iar_lz77_init_single3
                         0x800'7917    0x78  Code  Gb  lz77_init_single.o [13]
__iar_program_start      0x800'7b65          Code  Gb  cstartup_M.o [13]
__iar_scalbln64          0x800'28f9          Code  Gb  ldexp.o [12]
__iar_scalbn64           0x800'28f9          Code  Gb  ldexp.o [12]
__iar_sh_Discard         0x800'75c9    0x42  Code  Gb  XShHandles.o [11]
__iar_sh_Move            0x800'760b    0x46  Code  Gb  XShHandles.o [11]
__iar_sh_Pos             0x800'7651    0x40  Code  Gb  XShHandles.o [11]
__iar_sh_stdout          0x800'76b3    0x20  Code  Gb  iarwstd.o [14]
__iar_sh_write           0x800'76d3    0x22  Code  Gb  iarwrite.o [14]
__iar_small_Memcpy       0x800'280d          Code  Gb  ABImemcpy_small.o [13]
__iar_small_Memset       0x800'1759          Code  Gb  ABImemset_small.o [13]
__iar_small_Memset_word
                         0x800'1759          Code  Gb  ABImemset_small.o [13]
__iar_small_memcpy       0x800'2809          Code  Gb  ABImemcpy_small.o [13]
__iar_small_memcpy4      0x800'2809          Code  Gb  ABImemcpy_small.o [13]
__iar_small_memcpy8      0x800'2809          Code  Gb  ABImemcpy_small.o [13]
__iar_small_memset       0x800'1759          Code  Gb  ABImemset_small.o [13]
__iar_softfp___iar_frexp64
                         0x800'2821          Code  Gb  frexp.o [12]
__iar_softfp_frexp       0x800'2821          Code  Gb  frexp.o [12]
__iar_softfp_frexpl      0x800'2821          Code  Gb  frexp.o [12]
__iar_ttio_handles      0x2000'01b4     0x8  Data  Lc  XShttio.o [11]
__iar_zero_init3         0x800'7a65    0x38  Code  Gb  zero_init3.o [13]
__low_level_init         0x800'7b4b     0x4  Code  Gb  low_level_init.o [11]
__lseek                  0x800'7569    0x4e  Code  Gb  lseek.o [14]
__vector_table           0x800'0000          Data  Gb  startup_stm32l552xx.o [1]
__write                  0x800'75b7    0x10  Code  Gb  write.o [14]
_call_main               0x800'7b39          Code  Gb  cmain.o [13]
_exit                    0x800'7b55          Code  Gb  cexit.o [13]
_gm_                    0x2000'2cf4   0x1d8  Data  Lc  dlmalloc.o [11]
abort                    0x800'1709     0x6  Code  Gb  abort.o [11]
defaultTaskHandle       0x2000'300c     0x4  Data  Gb  main.o [2]
defaultTask_attributes   0x800'7ac4    0x24  Data  Gb  main.o [2]
ebuf                    0x2000'3258    0x50  Data  Lc  xfiles.o [11]
exit                     0x800'7b4f     0x4  Code  Gb  exit.o [11]
fclose                   0x800'786d    0x7e  Code  Gb  fclose.o [11]
fflush                   0x800'7525    0x34  Code  Gb  fflush.o [11]
fflushOne                0x800'74b1    0x74  Code  Lc  fflush.o [11]
fputc                    0x800'798f    0x54  Code  Gb  fputc.o [11]
free                     0x800'7869     0x4  Code  Gb  heaptramp0.o [11]
fseek                    0x800'77a9    0x24  Code  Gb  fseek.o [11]
gpio                    0x2000'0070     0x1  Data  Gb  system_api.o [7]
gpio_hal                0x2000'0000    0x18  Data  Gb  gpio_api.o [4]
gpio_off                 0x800'7195     0xe  Code  Gb  gpio_api.o [4]
gpio_on                  0x800'7185    0x10  Code  Gb  gpio_api.o [4]
gpio_toggle              0x800'71b9    0x16  Code  Gb  gpio_api.o [4]
hadc1                   0x2000'2ecc    0x68  Data  Gb  main.o [2]
heartbeat               0x2000'0074     0xc  Data  Gb  system_api.o [7]
heartbeat_init           0x800'71ed    0x46  Code  Gb  heartbeat_api.o [5]
heartbeat_task           0x800'71d9    0x12  Code  Gb  heartbeat_api.o [5]
heartbeat_task_attributes
                        0x2000'0018    0x24  Data  Gb  heartbeat_api.o [5]
hrtc                    0x2000'2f98    0x28  Data  Gb  main.o [2]
hspi3                   0x2000'2f34    0x64  Data  Gb  main.o [2]
htim3                   0x2000'2fc0    0x4c  Data  Gb  main.o [2]
init_mparams             0x800'0211    0x2c  Code  Lc  dlmalloc.o [11]
init_top                 0x800'023d    0x34  Code  Lc  dlmalloc.o [11]
ldexp                    0x800'28f9          Code  Gb  ldexp.o [12]
ldexpl                   0x800'28f9          Code  Gb  ldexp.o [12]
localeconv               0x800'3115     0x4  Code  Gb  xlocale_c.o [11]
main                     0x800'5f79   0x30c  Code  Gb  main.o [2]
memchr                   0x800'27b1          Code  Gb  memchr.o [13]
memset                   0x800'59bf    0x14  Code  Gb  memset.o [13]
mparams                 0x2000'3338    0x18  Data  Lc  dlmalloc.o [11]
obuf                    0x2000'32a8    0x50  Data  Lc  xfiles.o [11]
osDelay                  0x800'705b    0x1a  Code  Gb  cmsis_os2.o [10]
osKernelInitialize       0x800'6edf    0x1a  Code  Gb  cmsis_os2.o [10]
osKernelStart            0x800'6f01    0x2a  Code  Gb  cmsis_os2.o [10]
osThreadFlagsWait        0x800'6fc9    0x92  Code  Gb  cmsis_os2.o [10]
osThreadNew              0x800'6f37    0x92  Code  Gb  cmsis_os2.o [10]
periodic_conductor_init
                         0x800'72bb    0x16  Code  Gb  periodic_conductor.o [6]
periodic_driver_every_1000ms
                         0x800'7329     0xa  Code  Gb  periodic_driver.o [6]
periodic_driver_every_1000ms::__FUNCTION__
                         0x800'73ac    0x20  Data  Lc  periodic_driver.o [6]
periodic_driver_every_100ms
                         0x800'7305     0xa  Code  Gb  periodic_driver.o [6]
periodic_driver_every_100ms::__FUNCTION__
                         0x800'7334    0x1c  Data  Lc  periodic_driver.o [6]
periodic_driver_every_200ms
                         0x800'7311     0xa  Code  Gb  periodic_driver.o [6]
periodic_driver_every_200ms::__FUNCTION__
                         0x800'735c    0x1c  Data  Lc  periodic_driver.o [6]
periodic_driver_every_500ms
                         0x800'731d     0xa  Code  Gb  periodic_driver.o [6]
periodic_driver_every_500ms::__FUNCTION__
                         0x800'7384    0x1c  Data  Lc  periodic_driver.o [6]
periodic_init            0x800'71d5     0x4  Code  Gb  periodic_api.o [6]
periodic_task            0x800'725d    0x54  Code  Gb  periodic_conductor.o [6]
periodic_task_attributes
                        0x2000'003c    0x24  Data  Gb  periodic_conductor.o [6]
printf                   0x800'72dd    0x28  Code  Gb  printf.o [11]
prvAddCurrentTaskToDelayedList
                         0x800'4477    0x4e  Code  Lc  tasks.o [10]
prvAddNewTaskToReadyList
                         0x800'3ebb    0xb0  Code  Lc  tasks.o [10]
prvCheckForValidListAndQueue
                         0x800'4c59    0x4e  Code  Lc  timers.o [10]
prvCheckForValidListAndQueue{1}{2}{3}{4}::ucStaticTimerQueueStorage
                        0x2000'309c    0xa0  Data  Lc  timers.o [10]
prvCheckForValidListAndQueue{1}{2}{3}{4}::xStaticTimerQueue
                        0x2000'304c    0x50  Data  Lc  timers.o [10]
prvCopyDataFromQueue     0x800'50dd    0x28  Code  Lc  queue.o [10]
prvCopyDataToQueue       0x800'5075    0x68  Code  Lc  queue.o [10]
prvDeleteTCB             0x800'4315    0x2a  Code  Lc  tasks.o [10]
prvIdleTask              0x800'42d5    0x40  Code  Lc  tasks.o [10]
prvInitialiseNewQueue    0x800'4daf    0x20  Code  Lc  queue.o [10]
prvInitialiseNewTask     0x800'3e2d    0x8e  Code  Lc  tasks.o [10]
prvInsertBlockIntoFreeList
                         0x800'46f1    0x46  Code  Lc  heap_4.o [10]
prvInsertTimerInActiveList
                         0x800'4c23    0x34  Code  Lc  timers.o [10]
prvIsQueueEmpty          0x800'516d    0x16  Code  Lc  queue.o [10]
prvResetNextTaskUnblockTime
                         0x800'433f    0x1a  Code  Lc  tasks.o [10]
prvSampleTimeNow         0x800'4ba9    0x7a  Code  Lc  timers.o [10]
prvSampleTimeNow::xLastTime
                        0x2000'3020     0x4  Data  Lc  timers.o [10]
prvTaskExitError         0x800'4809    0x22  Code  Lc  port.o [10]
prvTimerTask             0x800'4a25   0x184  Code  Lc  timers.o [10]
prvUnlockQueue           0x800'5105    0x68  Code  Lc  queue.o [10]
putchar                  0x800'7b99     0xc  Code  Gb  putchar.o [11]
pvPortMalloc             0x800'45a9    0xfe  Code  Gb  heap_4.o [10]
pxCurrentTCB            0x2000'3164     0x4  Data  Gb  tasks.o [10]
pxCurrentTimerList      0x2000'3010     0x4  Data  Lc  timers.o [10]
pxDelayedTaskList       0x2000'3168     0x4  Data  Lc  tasks.o [10]
pxEnd                   0x2000'01c4     0x4  Data  Lc  heap_4.o [10]
pxOverflowDelayedTaskList
                        0x2000'316c     0x4  Data  Lc  tasks.o [10]
pxOverflowTimerList     0x2000'3014     0x4  Data  Lc  timers.o [10]
pxPortInitialiseStack    0x800'48b5    0x68  Code  Gb  port.o [10]
pxReadyTasksLists       0x2000'21dc   0x460  Data  Lc  tasks.o [10]
remove                   0x800'7903    0x14  Code  Gb  remove.o [14]
sFileInfo               0x2000'31d8    0x80  Data  Lc  XShHandles.o [11]
scalbln                  0x800'28f9          Code  Gb  ldexp.o [12]
scalblnl                 0x800'28f9          Code  Gb  ldexp.o [12]
scalbn                   0x800'28f9          Code  Gb  ldexp.o [12]
scalbnl                  0x800'28f9          Code  Gb  ldexp.o [12]
scale                    0x800'2631    0x46  Code  Lc  xprintffull_nomb.o [11]
sec_hand                0x2000'3358     0x4  Data  Lc  xfail_s.o [11]
segment_holding          0x800'01f5    0x1c  Code  Lc  dlmalloc.o [11]
strchr                   0x800'2721          Code  Gb  strchr.o [13]
strlen                   0x800'2779          Code  Gb  strlen.o [13]
system_init              0x800'7081    0x2c  Code  Gb  system_api.o [7]
tick                    0x2000'3354     0x4  Data  Gb  periodic_conductor.o [6]
ucHeap                  0x2000'01dc  0x2000  Data  Lc  heap_4.o [10]
ulCriticalNesting       0x2000'0060     0x4  Data  Lc  port.o [10]
ulSetInterruptMask       0x800'4525          Code  Gb  portasm.o [10]
uwTick                  0x2000'0068     0x4  Data  Gb  stm32l5xx_hal.o [9]
uwTickFreq              0x2000'0064     0x1  Data  Gb  stm32l5xx_hal.o [9]
uwTickPrio              0x2000'006c     0x4  Data  Gb  stm32l5xx_hal.o [9]
uxCurrentNumberOfTasks  0x2000'3188     0x4  Data  Lc  tasks.o [10]
uxDeletedTasksWaitingCleanUp
                        0x2000'3170     0x4  Data  Lc  tasks.o [10]
uxListRemove             0x800'47e3    0x26  Code  Gb  list.o [10]
uxSchedulerSuspended    0x2000'31ac     0x4  Data  Lc  tasks.o [10]
uxTaskNumber            0x2000'31a4     0x4  Data  Lc  tasks.o [10]
uxTopReadyPriority      0x2000'3190     0x4  Data  Lc  tasks.o [10]
vApplicationGetIdleTaskMemory
                         0x800'4975    0x14  Code  Gb  cmsis_os2.o [10]
vApplicationGetIdleTaskMemory::Idle_Stack
                        0x2000'2af4   0x200  Data  Lc  cmsis_os2.o [10]
vApplicationGetIdleTaskMemory::Idle_TCB
                        0x2000'2a98    0x5c  Data  Lc  cmsis_os2.o [10]
vApplicationGetTimerTaskMemory
                         0x800'4ce5    0x18  Code  Gb  cmsis_os2.o [10]
vApplicationGetTimerTaskMemory::Timer_Stack
                        0x2000'2698   0x400  Data  Lc  cmsis_os2.o [10]
vApplicationGetTimerTaskMemory::Timer_TCB
                        0x2000'263c    0x5c  Data  Lc  cmsis_os2.o [10]
vClearInterruptMask      0x800'453b          Code  Gb  portasm.o [10]
vListInitialise          0x800'4777    0x1a  Code  Gb  list.o [10]
vListInitialiseItem      0x800'4791     0x6  Code  Gb  list.o [10]
vListInsert              0x800'47b1    0x32  Code  Gb  list.o [10]
vListInsertEnd           0x800'4797    0x1a  Code  Gb  list.o [10]
vPortEnterCritical       0x800'4841    0x18  Code  Gb  port.o [10]
vPortExitCritical        0x800'4859    0x22  Code  Gb  port.o [10]
vPortFree                0x800'46a7    0x4a  Code  Gb  heap_4.o [10]
vPortSVCHandler_C        0x800'489b    0x1a  Code  Gb  port.o [10]
vPortSetupTimerInterrupt
                         0x800'4cbd    0x28  Code  Gb  port.o [10]
vPortYield               0x800'482d    0x12  Code  Gb  port.o [10]
vQueueAddToRegistry      0x800'5183    0x20  Code  Gb  queue.o [10]
vQueueWaitForMessageRestricted
                         0x800'51a9    0x48  Code  Gb  queue.o [10]
vRaisePrivilege          0x800'44ff          Code  Gb  portasm.o [10]
vRestoreContextOfFirstTask
                         0x800'44e1          Code  Gb  portasm.o [10]
vStartFirstTask          0x800'450d          Code  Gb  portasm.o [10]
vTaskDelay               0x800'3f6b    0x30  Code  Gb  tasks.o [10]
vTaskInternalSetTimeOutState
                         0x800'4261     0xe  Code  Gb  tasks.o [10]
vTaskMissedYield         0x800'42cb     0xa  Code  Gb  tasks.o [10]
vTaskPlaceOnEventList    0x800'41b3    0x16  Code  Gb  tasks.o [10]
vTaskPlaceOnEventListRestricted
                         0x800'41d3    0x26  Code  Gb  tasks.o [10]
vTaskStartScheduler      0x800'3fa1    0x64  Code  Gb  tasks.o [10]
vTaskSuspendAll          0x800'4005     0xc  Code  Gb  tasks.o [10]
vTaskSwitchContext       0x800'4167    0x4c  Code  Gb  tasks.o [10]
xActiveTimerList1       0x2000'3024    0x14  Data  Lc  timers.o [10]
xActiveTimerList2       0x2000'3038    0x14  Data  Lc  timers.o [10]
xBlockAllocatedBit      0x2000'01d8     0x4  Data  Lc  heap_4.o [10]
xDelayedTaskList1       0x2000'31b0    0x14  Data  Lc  tasks.o [10]
xDelayedTaskList2       0x2000'31c4    0x14  Data  Lc  tasks.o [10]
xFreeBytesRemaining     0x2000'01c8     0x4  Data  Lc  heap_4.o [10]
xMinimumEverFreeBytesRemaining
                        0x2000'01cc     0x4  Data  Lc  heap_4.o [10]
xNextTaskUnblockTime    0x2000'31a8     0x4  Data  Lc  tasks.o [10]
xNumOfOverflows         0x2000'31a0     0x4  Data  Lc  tasks.o [10]
xNumberOfSuccessfulAllocations
                        0x2000'01d0     0x4  Data  Lc  heap_4.o [10]
xNumberOfSuccessfulFrees
                        0x2000'01d4     0x4  Data  Lc  heap_4.o [10]
xPendedTicks            0x2000'3198     0x4  Data  Lc  tasks.o [10]
xPendingReadyList       0x2000'313c    0x14  Data  Lc  tasks.o [10]
xPortStartScheduler      0x800'491d    0x46  Code  Gb  port.o [10]
xPortSysTickHandler      0x800'487b    0x20  Code  Gb  port.o [10]
xQueueGenericCreateStatic
                         0x800'4d65    0x4a  Code  Gb  queue.o [10]
xQueueGenericReset       0x800'4cfd    0x68  Code  Gb  queue.o [10]
xQueueGenericSend        0x800'4dcf   0x108  Code  Gb  queue.o [10]
xQueueGenericSendFromISR
                         0x800'4ed7    0x80  Code  Gb  queue.o [10]
xQueueReceive            0x800'4f63    0xe8  Code  Gb  queue.o [10]
xQueueRegistry          0x2000'32f8    0x40  Data  Gb  queue.o [10]
xSchedulerRunning       0x2000'3194     0x4  Data  Lc  tasks.o [10]
xStart                  0x2000'01bc     0x8  Data  Lc  heap_4.o [10]
xSuspendedTaskList      0x2000'3174    0x14  Data  Lc  tasks.o [10]
xTaskCheckForTimeOut     0x800'426f    0x5c  Code  Gb  tasks.o [10]
xTaskCreate              0x800'3dd1    0x5c  Code  Gb  tasks.o [10]
xTaskCreateStatic        0x800'3d81    0x50  Code  Gb  tasks.o [10]
xTaskGetSchedulerState   0x800'4359    0x18  Code  Gb  tasks.o [10]
xTaskGetTickCount        0x800'40a3     0x2  Code  Gb  tasks.o [10]
xTaskIncrementTick       0x800'40ad    0xba  Code  Gb  tasks.o [10]
xTaskNotifyWait          0x800'43ed    0x78  Code  Gb  tasks.o [10]
xTaskPriorityDisinherit
                         0x800'4377    0x50  Code  Gb  tasks.o [10]
xTaskRemoveFromEventList
                         0x800'4205    0x46  Code  Gb  tasks.o [10]
xTaskResumeAll           0x800'4011    0x8a  Code  Gb  tasks.o [10]
xTasksWaitingTermination
                        0x2000'3150    0x14  Data  Lc  tasks.o [10]
xTickCount              0x2000'318c     0x4  Data  Lc  tasks.o [10]
xTimerCreateTimerTask    0x800'4989    0x4e  Code  Gb  timers.o [10]
xTimerGenericCommand     0x800'49d7    0x4e  Code  Gb  timers.o [10]
xTimerQueue             0x2000'3018     0x4  Data  Lc  timers.o [10]
xTimerTaskHandle        0x2000'301c     0x4  Data  Lc  timers.o [10]
xYieldPending           0x2000'319c     0x4  Data  Lc  tasks.o [10]


[1] = D:\Proyectos\STM32\kart\EWARM\kart\Obj\Application\EWARM
[2] = D:\Proyectos\STM32\kart\EWARM\kart\Obj\Application\User
[3] = D:\Proyectos\STM32\kart\EWARM\kart\Obj\Application\dac\src
[4] = D:\Proyectos\STM32\kart\EWARM\kart\Obj\Application\hdwr\src
[5] = D:\Proyectos\STM32\kart\EWARM\kart\Obj\Application\heartbeat\src
[6] = D:\Proyectos\STM32\kart\EWARM\kart\Obj\Application\periodic\src
[7] = D:\Proyectos\STM32\kart\EWARM\kart\Obj\Application\system\src
[8] = D:\Proyectos\STM32\kart\EWARM\kart\Obj\Drivers\CMSIS
[9] = D:\Proyectos\STM32\kart\EWARM\kart\Obj\Drivers\STM32L5xx_HAL_Driver
[10] = D:\Proyectos\STM32\kart\EWARM\kart\Obj\Middlewares\FreeRTOS
[11] = dl7M_tlf.a
[12] = m7M_tls.a
[13] = rt7M_tl.a
[14] = shb_l.a

  31'961 bytes of readonly  code memory
     334 bytes of readonly  data memory
  14'688 bytes of readwrite data memory

Errors: none
Warnings: none
