###############################################################################
#
# IAR ELF Linker V9.10.2.313/W64 for ARM                  18/Mar/2022  18:33:38
# Copyright 2007-2021 IAR Systems AB.
#
#    Output file  =  D:\Proyectos\STM32\kart\EWARM\kart\Exe\kart.out
#    Map file     =  D:\Proyectos\STM32\kart\EWARM\kart\List\kart.map
#    Command line =
#        -f D:\Proyectos\STM32\kart\EWARM\kart\Exe\kart.out.rsp
#        (D:\Proyectos\STM32\kart\EWARM\kart\Obj\Application\hdwr\src\adc_api.o
#        D:\Proyectos\STM32\kart\EWARM\kart\Obj\Application\User\app_freertos.o
#        D:\Proyectos\STM32\kart\EWARM\kart\Obj\Application\hdwr\src\can_api.o
#        D:\Proyectos\STM32\kart\EWARM\kart\Obj\Middlewares\FreeRTOS\cmsis_os2.o
#        D:\Proyectos\STM32\kart\EWARM\kart\Obj\Middlewares\FreeRTOS\croutine.o
#        D:\Proyectos\STM32\kart\EWARM\kart\Obj\Middlewares\FreeRTOS\event_groups.o
#        D:\Proyectos\STM32\kart\EWARM\kart\Obj\Application\hdwr\src\fifo_api.o
#        D:\Proyectos\STM32\kart\EWARM\kart\Obj\Application\flight_controller\src\flight_controller_api.o
#        D:\Proyectos\STM32\kart\EWARM\kart\Obj\Application\flight_controller\src\flight_controller_conductor.o
#        D:\Proyectos\STM32\kart\EWARM\kart\Obj\Application\flight_controller\src\flight_controller_driver.o
#        D:\Proyectos\STM32\kart\EWARM\kart\Obj\Application\flight_controller\src\flight_controller_hdwr.o
#        D:\Proyectos\STM32\kart\EWARM\kart\Obj\Application\hdwr\src\gpio_api.o
#        D:\Proyectos\STM32\kart\EWARM\kart\Obj\Application\gps\src\gps_api.o
#        D:\Proyectos\STM32\kart\EWARM\kart\Obj\Application\gps\src\gps_conductor.o
#        D:\Proyectos\STM32\kart\EWARM\kart\Obj\Application\gps\src\gps_driver.o
#        D:\Proyectos\STM32\kart\EWARM\kart\Obj\Application\gps\src\gps_hdwr.o
#        D:\Proyectos\STM32\kart\EWARM\kart\Obj\Middlewares\FreeRTOS\heap_4.o
#        D:\Proyectos\STM32\kart\EWARM\kart\Obj\Application\heartbeat\src\heartbeat_api.o
#        D:\Proyectos\STM32\kart\EWARM\kart\Obj\Middlewares\FreeRTOS\list.o
#        D:\Proyectos\STM32\kart\EWARM\kart\Obj\Application\LOG\src\log_api.o
#        D:\Proyectos\STM32\kart\EWARM\kart\Obj\Application\LOG\src\log_conductor.o
#        D:\Proyectos\STM32\kart\EWARM\kart\Obj\Application\LOG\src\log_driver.o
#        D:\Proyectos\STM32\kart\EWARM\kart\Obj\Application\LOG\src\log_hdwr.o
#        D:\Proyectos\STM32\kart\EWARM\kart\Obj\Application\User\main.o
#        D:\Proyectos\STM32\kart\EWARM\kart\Obj\Application\periodic\src\periodic_api.o
#        D:\Proyectos\STM32\kart\EWARM\kart\Obj\Application\periodic\src\periodic_conductor.o
#        D:\Proyectos\STM32\kart\EWARM\kart\Obj\Application\periodic\src\periodic_driver.o
#        D:\Proyectos\STM32\kart\EWARM\kart\Obj\Middlewares\FreeRTOS\port.o
#        D:\Proyectos\STM32\kart\EWARM\kart\Obj\Middlewares\FreeRTOS\portasm.o
#        D:\Proyectos\STM32\kart\EWARM\kart\Obj\Application\hdwr\src\pwm_api.o
#        D:\Proyectos\STM32\kart\EWARM\kart\Obj\Middlewares\FreeRTOS\queue.o
#        D:\Proyectos\STM32\kart\EWARM\kart\Obj\Application\sevcon\src\sevcon_api.o
#        D:\Proyectos\STM32\kart\EWARM\kart\Obj\Application\sevcon\src\sevcon_conductor.o
#        D:\Proyectos\STM32\kart\EWARM\kart\Obj\Application\sevcon\src\sevcon_driver.o
#        D:\Proyectos\STM32\kart\EWARM\kart\Obj\Application\sevcon\src\sevcon_driver_dictionary.o
#        D:\Proyectos\STM32\kart\EWARM\kart\Obj\Application\sevcon\src\sevcon_hdwr.o
#        D:\Proyectos\STM32\kart\EWARM\kart\Obj\Application\hdwr\src\spi_api.o
#        D:\Proyectos\STM32\kart\EWARM\kart\Obj\Application\EWARM\startup_stm32l552xx.o
#        D:\Proyectos\STM32\kart\EWARM\kart\Obj\Drivers\STM32L5xx_HAL_Driver\stm32l5xx_hal.o
#        D:\Proyectos\STM32\kart\EWARM\kart\Obj\Drivers\STM32L5xx_HAL_Driver\stm32l5xx_hal_adc.o
#        D:\Proyectos\STM32\kart\EWARM\kart\Obj\Drivers\STM32L5xx_HAL_Driver\stm32l5xx_hal_adc_ex.o
#        D:\Proyectos\STM32\kart\EWARM\kart\Obj\Drivers\STM32L5xx_HAL_Driver\stm32l5xx_hal_cortex.o
#        D:\Proyectos\STM32\kart\EWARM\kart\Obj\Drivers\STM32L5xx_HAL_Driver\stm32l5xx_hal_dma.o
#        D:\Proyectos\STM32\kart\EWARM\kart\Obj\Drivers\STM32L5xx_HAL_Driver\stm32l5xx_hal_dma_ex.o
#        D:\Proyectos\STM32\kart\EWARM\kart\Obj\Drivers\STM32L5xx_HAL_Driver\stm32l5xx_hal_exti.o
#        D:\Proyectos\STM32\kart\EWARM\kart\Obj\Drivers\STM32L5xx_HAL_Driver\stm32l5xx_hal_fdcan.o
#        D:\Proyectos\STM32\kart\EWARM\kart\Obj\Drivers\STM32L5xx_HAL_Driver\stm32l5xx_hal_flash.o
#        D:\Proyectos\STM32\kart\EWARM\kart\Obj\Drivers\STM32L5xx_HAL_Driver\stm32l5xx_hal_flash_ex.o
#        D:\Proyectos\STM32\kart\EWARM\kart\Obj\Drivers\STM32L5xx_HAL_Driver\stm32l5xx_hal_flash_ramfunc.o
#        D:\Proyectos\STM32\kart\EWARM\kart\Obj\Drivers\STM32L5xx_HAL_Driver\stm32l5xx_hal_gpio.o
#        D:\Proyectos\STM32\kart\EWARM\kart\Obj\Drivers\STM32L5xx_HAL_Driver\stm32l5xx_hal_i2c.o
#        D:\Proyectos\STM32\kart\EWARM\kart\Obj\Drivers\STM32L5xx_HAL_Driver\stm32l5xx_hal_i2c_ex.o
#        D:\Proyectos\STM32\kart\EWARM\kart\Obj\Drivers\STM32L5xx_HAL_Driver\stm32l5xx_hal_icache.o
#        D:\Proyectos\STM32\kart\EWARM\kart\Obj\Application\User\stm32l5xx_hal_msp.o
#        D:\Proyectos\STM32\kart\EWARM\kart\Obj\Drivers\STM32L5xx_HAL_Driver\stm32l5xx_hal_pwr.o
#        D:\Proyectos\STM32\kart\EWARM\kart\Obj\Drivers\STM32L5xx_HAL_Driver\stm32l5xx_hal_pwr_ex.o
#        D:\Proyectos\STM32\kart\EWARM\kart\Obj\Drivers\STM32L5xx_HAL_Driver\stm32l5xx_hal_rcc.o
#        D:\Proyectos\STM32\kart\EWARM\kart\Obj\Drivers\STM32L5xx_HAL_Driver\stm32l5xx_hal_rcc_ex.o
#        D:\Proyectos\STM32\kart\EWARM\kart\Obj\Drivers\STM32L5xx_HAL_Driver\stm32l5xx_hal_rtc.o
#        D:\Proyectos\STM32\kart\EWARM\kart\Obj\Drivers\STM32L5xx_HAL_Driver\stm32l5xx_hal_rtc_ex.o
#        D:\Proyectos\STM32\kart\EWARM\kart\Obj\Drivers\STM32L5xx_HAL_Driver\stm32l5xx_hal_spi.o
#        D:\Proyectos\STM32\kart\EWARM\kart\Obj\Drivers\STM32L5xx_HAL_Driver\stm32l5xx_hal_spi_ex.o
#        D:\Proyectos\STM32\kart\EWARM\kart\Obj\Drivers\STM32L5xx_HAL_Driver\stm32l5xx_hal_tim.o
#        D:\Proyectos\STM32\kart\EWARM\kart\Obj\Drivers\STM32L5xx_HAL_Driver\stm32l5xx_hal_tim_ex.o
#        D:\Proyectos\STM32\kart\EWARM\kart\Obj\Drivers\STM32L5xx_HAL_Driver\stm32l5xx_hal_uart.o
#        D:\Proyectos\STM32\kart\EWARM\kart\Obj\Drivers\STM32L5xx_HAL_Driver\stm32l5xx_hal_uart_ex.o
#        D:\Proyectos\STM32\kart\EWARM\kart\Obj\Application\User\stm32l5xx_it.o
#        D:\Proyectos\STM32\kart\EWARM\kart\Obj\Middlewares\FreeRTOS\stream_buffer.o
#        D:\Proyectos\STM32\kart\EWARM\kart\Obj\Application\system\src\system_api.o
#        D:\Proyectos\STM32\kart\EWARM\kart\Obj\Application\system\src\system_obj.o
#        D:\Proyectos\STM32\kart\EWARM\kart\Obj\Drivers\CMSIS\system_stm32l5xx.o
#        D:\Proyectos\STM32\kart\EWARM\kart\Obj\Middlewares\FreeRTOS\tasks.o
#        D:\Proyectos\STM32\kart\EWARM\kart\Obj\Middlewares\FreeRTOS\timers.o
#        D:\Proyectos\STM32\kart\EWARM\kart\Obj\Application\hdwr\src\uart_api.o
#        --no_out_extension -o D:\Proyectos\STM32\kart\EWARM\kart\Exe\kart.out
#        --redirect _Printf=_PrintfFullNoMb --redirect _Scanf=_ScanfFullNoMb
#        --map D:\Proyectos\STM32\kart\EWARM\kart\List\kart.map --config
#        D:\Proyectos\STM32\kart\EWARM/stm32l552xe_flash.icf --semihosting
#        --entry __iar_program_start --vfe --text_out locale)
#
###############################################################################

*******************************************************************************
*** RUNTIME MODEL ATTRIBUTES
***

CppFlavor       = *
__Heap_Handler  = DLMalloc
__SystemLibrary = DLib
__dlib_version  = 6


*******************************************************************************
*** HEAP SELECTION
***

The advanced heap was selected because the application calls memory
allocation functions outside of system library functions, and there
are calls to deallocation functions in the application.


*******************************************************************************
*** PLACEMENT SUMMARY
***

"A0":  place at address 0x800'0000 { ro section .intvec };
"P1":  place in [from 0x800'0000 to 0x807'ffff] { ro };
define block CSTACK with size = 1K, alignment = 8 { };
define block HEAP with size = 512, alignment = 8 { };
"P2":  place in [from 0x2000'0000 to 0x2002'ffff] {
          rw, block CSTACK, block HEAP };
"P3":  place in [from 0x2000'0000 to 0x2002'ffff] { };
initialize by copy { rw };

  Section               Kind         Address    Size  Object
  -------               ----         -------    ----  ------
"A0":                                          0x1f4
  .intvec               ro code   0x800'0000   0x1f4  startup_stm32l552xx.o [1]
                                - 0x800'01f4   0x1f4

"P1":                                         0x9f33
  .text                 ro code   0x800'01f4  0x1514  dlmalloc.o [14]
  .text                 ro code   0x800'1708     0x6  abort.o [14]
  .text                 ro code   0x800'170e     0xa  xsprout.o [14]
  .text                 ro code   0x800'1718    0x2c  xgetmemchunk.o [14]
  .text                 ro code   0x800'1744     0x6  ABImemclr.o [16]
  .rodata               const     0x800'174a     0x2  xlocale_c.o [14]
  .text                 ro code   0x800'174c    0x14  exit.o [17]
  .text                 ro code   0x800'1760    0x12  ABImemset_small.o [16]
  .rodata               const     0x800'1772     0x1  xlocale_c.o [14]
  .text                 ro code   0x800'1774    0x7c  iarttio.o [17]
  .text                 ro code   0x800'17f0     0x8  XShttio.o [14]
  .text                 ro code   0x800'17f8   0xf2e  xprintffull_nomb.o [14]
  .text                 ro code   0x800'2728    0x16  strchr.o [16]
  .text                 ro code   0x800'2740    0x40  xfail_s.o [14]
  .text                 ro code   0x800'2780    0x36  strlen.o [16]
  .text                 ro code   0x800'27b8    0x58  memchr.o [16]
  .text                 ro code   0x800'2810    0x18  ABImemcpy_small.o [16]
  .text                 ro code   0x800'2828    0x70  frexp.o [15]
  .text                 ro code   0x800'2898    0x34  DblCmpLe.o [15]
  .text                 ro code   0x800'28cc    0x34  DblCmpGe.o [15]
  .text                 ro code   0x800'2900   0x13a  ldexp.o [15]
  .text                 ro code   0x800'2a3c    0x36  DblToS32.o [15]
  .text                 ro code   0x800'2a74    0x22  S32ToDbl.o [15]
  .text                 ro code   0x800'2a98   0x24e  DblAddSub.o [15]
  .text                 ro code   0x800'2ce8   0x246  DblDiv.o [15]
  .text                 ro code   0x800'2f30    0x22  DblToU32.o [15]
  .text                 ro code   0x800'2f54    0x1c  U32ToDbl.o [15]
  .text                 ro code   0x800'2f70   0x1aa  DblMul.o [15]
  .text                 ro code   0x800'311c     0x8  xlocale_c.o [14]
  .text                 ro code   0x800'3124   0x106  I64DivMod_small.o [16]
  .text                 ro code   0x800'322c     0x2  I64DivZer.o [16]
  .text                 ro code   0x800'3230   0xb9c  stm32l5xx_hal_uart.o [12]
  .text                 ro code   0x800'3dcc   0x358  stm32l5xx_hal_msp.o [3]
  .text                 ro code   0x800'4124   0x33c  stm32l5xx_hal_dma.o [12]
  .text                 ro code   0x800'4460     0x2  stm32l5xx_hal_uart.o [12]
  .text                 ro code   0x800'4462     0x2  stm32l5xx_hal_uart.o [12]
  .text                 ro code   0x800'4464     0x2  stm32l5xx_hal_uart_ex.o [12]
  .text                 ro code   0x800'4468   0x120  uart_api.o [6]
  .text                 ro code   0x800'4588     0x2  stm32l5xx_hal_uart_ex.o [12]
  .text                 ro code   0x800'458a     0x2  stm32l5xx_hal_uart_ex.o [12]
  .text                 ro code   0x800'458c   0x89c  stm32l5xx_hal_rcc.o [12]
  .text                 ro code   0x800'4e28     0xc  stm32l5xx_hal.o [12]
  .text                 ro code   0x800'4e34    0xc8  stm32l5xx_hal_cortex.o [12]
  .text                 ro code   0x800'4efc    0xb0  stm32l5xx_hal_pwr_ex.o [12]
  .text                 ro code   0x800'4fac   0x5a4  stm32l5xx_hal_rcc_ex.o [12]
  .text                 ro code   0x800'5550   0x552  main.o [3]
  .text                 ro code   0x800'5aa4   0x1d8  stm32l5xx_hal_gpio.o [12]
  .text                 ro code   0x800'5c7c    0x14  memset.o [16]
  .text                 ro code   0x800'5c90   0x30c  cmsis_os2.o [13]
  .text                 ro code   0x800'5f9c    0x40  sprintf.o [14]
  .text                 ro code   0x800'5fdc    0x14  log_api.o [2]
  .text                 ro code   0x800'5ff0    0x46  fifo_api.o [6]
  .text                 ro code   0x800'6038    0x28  printf.o [14]
  .text                 ro code   0x800'6060    0x44  stm32l5xx_hal.o [12]
  .text                 ro code   0x800'60a4    0x22  stm32l5xx_hal.o [12]
  .text                 ro code   0x800'60c8   0x594  stm32l5xx_hal_adc.o [12]
  .text                 ro code   0x800'665c    0xc4  stm32l5xx_hal_adc_ex.o [12]
  .text                 ro code   0x800'6720   0x14c  stm32l5xx_hal_rtc.o [12]
  .text                 ro code   0x800'686c    0x34  stm32l5xx_hal_rtc_ex.o [12]
  .text                 ro code   0x800'68a0    0xe0  stm32l5xx_hal_spi.o [12]
  .text                 ro code   0x800'6980   0x5f0  stm32l5xx_hal_tim.o [12]
  .text                 ro code   0x800'6f70    0x94  stm32l5xx_hal_tim_ex.o [12]
  .text                 ro code   0x800'7004   0x558  stm32l5xx_hal_fdcan.o [12]
  .text                 ro code   0x800'755c    0xf8  stm32l5xx_hal_uart_ex.o [12]
  .text                 ro code   0x800'7654    0x84  system_api.o [10]
  .text                 ro code   0x800'76d8    0x10  stm32l5xx_hal_pwr.o [12]
  .text                 ro code   0x800'76e8   0x7d4  tasks.o [13]
  .text                 ro code   0x800'7ebc   0x16c  port.o [13]
  .text                 ro code   0x800'8028   0x594  queue.o [13]
  .text                 ro code   0x800'85bc    0x64  log_conductor.o [2]
  .text                 ro code   0x800'8620    0xc8  system_stm32l5xx.o [11]
  .text                 ro code   0x800'86e8     0x2  stm32l5xx_hal_tim.o [12]
  .text                 ro code   0x800'86ea     0x2  stm32l5xx_hal_fdcan.o [12]
  .text                 ro code   0x800'86ec     0x2  stm32l5xx_hal_fdcan.o [12]
  .text                 ro code   0x800'86ee     0x2  stm32l5xx_hal_fdcan.o [12]
  .text                 ro code   0x800'86f0   0x1c4  can_api.o [6]
  .text                 ro code   0x800'88b4     0x2  stm32l5xx_hal_fdcan.o [12]
  .text                 ro code   0x800'88b6     0x2  stm32l5xx_hal_fdcan.o [12]
  .text                 ro code   0x800'88b8     0x2  stm32l5xx_hal_fdcan.o [12]
  .text                 ro code   0x800'88ba     0x2  stm32l5xx_hal_fdcan.o [12]
  .text                 ro code   0x800'88bc     0x2  stm32l5xx_hal_fdcan.o [12]
  .text                 ro code   0x800'88be     0x2  stm32l5xx_hal_fdcan.o [12]
  .text                 ro code   0x800'88c0    0x50  gpio_api.o [6]
  .text                 ro code   0x800'8910    0x24  periodic_api.o [8]
  .text                 ro code   0x800'8934    0x60  heartbeat_api.o [7]
  .text                 ro code   0x800'8994     0xc  sevcon_api.o [9]
  .text                 ro code   0x800'89a0     0xc  gps_api.o [5]
  privileged_functions  ro code   0x800'89ac    0xc8  portasm.o [13]
  .text                 ro code   0x800'8a74   0x194  heap_4.o [13]
  .text                 ro code   0x800'8c08    0x3a  ABImemset48.o [16]
  .text                 ro code   0x800'8c42    0x92  list.o [13]
  .text                 ro code   0x800'8cd4    0x14  cmsis_os2.o [13]
  .text                 ro code   0x800'8ce8   0x334  timers.o [13]
  .text                 ro code   0x800'901c    0x28  port.o [13]
  .text                 ro code   0x800'9044    0xc4  log_driver.o [2]
  .text                 ro code   0x800'9108    0xa0  periodic_conductor.o [8]
  .text                 ro code   0x800'91a8    0xec  periodic_driver.o [8]
  .text                 ro code   0x800'9294    0x4c  sevcon_conductor.o [9]
  .text                 ro code   0x800'92e0    0x50  gps_conductor.o [5]
  .text                 ro code   0x800'9330    0x18  cmsis_os2.o [13]
  .text                 ro code   0x800'9348    0xe0  sevcon_driver.o [9]
  .text                 ro code   0x800'9428    0x6e  sevcon_hdwr.o [9]
  .text                 ro code   0x800'9498    0xdc  gps_driver.o [5]
  .text                 ro code   0x800'9574    0xb4  gps_hdwr.o [5]
  .text                 ro code   0x800'9628    0x30  sevcon_driver_dictionary.o [9]
  .text                 ro code   0x800'9658    0xd8  xfspos.o [14]
  .text                 ro code   0x800'9730    0xac  fflush.o [14]
  .text                 ro code   0x800'97dc     0xc  xfgpos.o [14]
  .text                 ro code   0x800'97e8    0x4e  lseek.o [17]
  .text                 ro code   0x800'9836    0x10  write.o [17]
  .text                 ro code   0x800'9848    0xcc  XShHandles.o [14]
  .text                 ro code   0x800'9914    0x1e  dwrite.o [17]
  .text                 ro code   0x800'9932    0x20  iarwstd.o [17]
  .text                 ro code   0x800'9952    0x22  iarwrite.o [17]
  .text                 ro code   0x800'9974    0xb4  xfwprep.o [14]
  .text                 ro code   0x800'9a28    0x24  fseek.o [14]
  .text                 ro code   0x800'9a4c    0x9c  xfofind.o [14]
  .text                 ro code   0x800'9ae8     0x4  heaptramp0.o [14]
  .text                 ro code   0x800'9aec    0x7e  fclose.o [14]
  .text                 ro code   0x800'9b6a    0x18  close.o [17]
  .text                 ro code   0x800'9b82    0x14  remove.o [17]
  .text                 ro code   0x800'9b96    0x78  lz77_init_single.o [16]
  .text                 ro code   0x800'9c0e    0x54  fputc.o [14]
  .rodata               const     0x800'9c64    0x40  system_stm32l5xx.o [11]
  .text                 ro code   0x800'9ca4    0x40  xcloseall.o [14]
  .text                 ro code   0x800'9ce4    0x38  zero_init3.o [16]
  .text                 ro code   0x800'9d1c    0x30  stm32l5xx_it.o [3]
  .text                 ro code   0x800'9d4c    0x28  data_init.o [16]
  .rodata               const     0x800'9d74    0x24  main.o [3]
  .text                 ro code   0x800'9d98    0x22  fpinit_M.o [15]
  .iar.init_table       const     0x800'9dbc    0x20  - Linker created -
  .text                 ro code   0x800'9ddc    0x1e  cmain.o [16]
  .text                 ro code   0x800'9dfa     0x4  low_level_init.o [14]
  .text                 ro code   0x800'9dfe     0x4  exit.o [14]
  .text                 ro code   0x800'9e04     0xe  cexit.o [16]
  .text                 ro code   0x800'9e14    0x1c  cstartup_M.o [16]
  .text                 ro code   0x800'9e30    0x16  xprout.o [14]
  .text                 ro code   0x800'9e48     0xc  putchar.o [14]
  .text                 ro code   0x800'9e54    0x10  startup_stm32l552xx.o [1]
  .rodata               const     0x800'9e64     0xc  main.o [3]
  .rodata               const     0x800'9e70     0xc  periodic_conductor.o [8]
  .rodata               const     0x800'9e7c     0xc  system_obj.o [10]
  .rodata               const     0x800'9e88     0x8  sevcon_conductor.o [9]
  .rodata               const     0x800'9e90     0x8  system_stm32l5xx.o [11]
  .rodata               const     0x800'9e98     0x4  gps_conductor.o [5]
  .rodata               const     0x800'9e9c     0x4  log_conductor.o [2]
  .text                 ro code   0x800'9ea0     0x4  startup_stm32l552xx.o [1]
  .text                 ro code   0x800'9ea4     0x4  startup_stm32l552xx.o [1]
  .text                 ro code   0x800'9ea8     0x4  startup_stm32l552xx.o [1]
  .text                 ro code   0x800'9eac     0x4  startup_stm32l552xx.o [1]
  .text                 ro code   0x800'9eb0     0x4  startup_stm32l552xx.o [1]
  .text                 ro code   0x800'9eb4     0x4  startup_stm32l552xx.o [1]
  .text                 ro code   0x800'9eb8     0x4  startup_stm32l552xx.o [1]
  .text                 ro code   0x800'9ebc     0x4  startup_stm32l552xx.o [1]
  .text                 ro code   0x800'9ec0     0x4  startup_stm32l552xx.o [1]
  .text                 ro code   0x800'9ec4     0x4  startup_stm32l552xx.o [1]
  .text                 ro code   0x800'9ec8     0x4  startup_stm32l552xx.o [1]
  .text                 ro code   0x800'9ecc     0x4  startup_stm32l552xx.o [1]
  .text                 ro code   0x800'9ed0     0x4  startup_stm32l552xx.o [1]
  .text                 ro code   0x800'9ed4     0x4  startup_stm32l552xx.o [1]
  .text                 ro code   0x800'9ed8     0x4  startup_stm32l552xx.o [1]
  .text                 ro code   0x800'9edc     0x4  startup_stm32l552xx.o [1]
  .text                 ro code   0x800'9ee0     0x4  startup_stm32l552xx.o [1]
  .text                 ro code   0x800'9ee4     0x4  startup_stm32l552xx.o [1]
  .text                 ro code   0x800'9ee8     0x4  startup_stm32l552xx.o [1]
  .text                 ro code   0x800'9eec     0x4  startup_stm32l552xx.o [1]
  .text                 ro code   0x800'9ef0     0x4  startup_stm32l552xx.o [1]
  .text                 ro code   0x800'9ef4     0x4  startup_stm32l552xx.o [1]
  .text                 ro code   0x800'9ef8     0x4  startup_stm32l552xx.o [1]
  .text                 ro code   0x800'9efc     0x4  startup_stm32l552xx.o [1]
  .text                 ro code   0x800'9f00     0x4  startup_stm32l552xx.o [1]
  .text                 ro code   0x800'9f04     0x4  startup_stm32l552xx.o [1]
  .text                 ro code   0x800'9f08     0x4  startup_stm32l552xx.o [1]
  .text                 ro code   0x800'9f0c     0x4  startup_stm32l552xx.o [1]
  .text                 ro code   0x800'9f10     0x4  startup_stm32l552xx.o [1]
  .text                 ro code   0x800'9f14     0x4  startup_stm32l552xx.o [1]
  .text                 ro code   0x800'9f18     0x4  startup_stm32l552xx.o [1]
  .text                 ro code   0x800'9f1c     0x4  startup_stm32l552xx.o [1]
  .text                 ro code   0x800'9f20     0x4  startup_stm32l552xx.o [1]
  .text                 ro code   0x800'9f24     0x4  startup_stm32l552xx.o [1]
  .text                 ro code   0x800'9f28     0x4  startup_stm32l552xx.o [1]
  .text                 ro code   0x800'9f2c     0x4  startup_stm32l552xx.o [1]
  .text                 ro code   0x800'9f30     0x4  startup_stm32l552xx.o [1]
  .text                 ro code   0x800'9f34     0x4  startup_stm32l552xx.o [1]
  .text                 ro code   0x800'9f38     0x4  startup_stm32l552xx.o [1]
  .text                 ro code   0x800'9f3c     0x4  startup_stm32l552xx.o [1]
  .text                 ro code   0x800'9f40     0x4  startup_stm32l552xx.o [1]
  .text                 ro code   0x800'9f44     0x4  startup_stm32l552xx.o [1]
  .text                 ro code   0x800'9f48     0x4  startup_stm32l552xx.o [1]
  .text                 ro code   0x800'9f4c     0x4  startup_stm32l552xx.o [1]
  .text                 ro code   0x800'9f50     0x4  startup_stm32l552xx.o [1]
  .text                 ro code   0x800'9f54     0x4  startup_stm32l552xx.o [1]
  .text                 ro code   0x800'9f58     0x4  startup_stm32l552xx.o [1]
  .text                 ro code   0x800'9f5c     0x4  startup_stm32l552xx.o [1]
  .text                 ro code   0x800'9f60     0x4  startup_stm32l552xx.o [1]
  .text                 ro code   0x800'9f64     0x4  startup_stm32l552xx.o [1]
  .text                 ro code   0x800'9f68     0x4  startup_stm32l552xx.o [1]
  .text                 ro code   0x800'9f6c     0x4  startup_stm32l552xx.o [1]
  .text                 ro code   0x800'9f70     0x4  startup_stm32l552xx.o [1]
  .text                 ro code   0x800'9f74     0x4  startup_stm32l552xx.o [1]
  .text                 ro code   0x800'9f78     0x4  startup_stm32l552xx.o [1]
  .text                 ro code   0x800'9f7c     0x4  startup_stm32l552xx.o [1]
  .text                 ro code   0x800'9f80     0x4  startup_stm32l552xx.o [1]
  .text                 ro code   0x800'9f84     0x4  startup_stm32l552xx.o [1]
  .text                 ro code   0x800'9f88     0x4  startup_stm32l552xx.o [1]
  .text                 ro code   0x800'9f8c     0x4  startup_stm32l552xx.o [1]
  .text                 ro code   0x800'9f90     0x4  startup_stm32l552xx.o [1]
  .text                 ro code   0x800'9f94     0x4  startup_stm32l552xx.o [1]
  .text                 ro code   0x800'9f98     0x4  startup_stm32l552xx.o [1]
  .text                 ro code   0x800'9f9c     0x4  startup_stm32l552xx.o [1]
  .text                 ro code   0x800'9fa0     0x4  startup_stm32l552xx.o [1]
  .text                 ro code   0x800'9fa4     0x4  startup_stm32l552xx.o [1]
  .text                 ro code   0x800'9fa8     0x4  startup_stm32l552xx.o [1]
  .text                 ro code   0x800'9fac     0x4  startup_stm32l552xx.o [1]
  .text                 ro code   0x800'9fb0     0x4  startup_stm32l552xx.o [1]
  .text                 ro code   0x800'9fb4     0x4  startup_stm32l552xx.o [1]
  .text                 ro code   0x800'9fb8     0x4  startup_stm32l552xx.o [1]
  .text                 ro code   0x800'9fbc     0x4  startup_stm32l552xx.o [1]
  .text                 ro code   0x800'9fc0     0x4  startup_stm32l552xx.o [1]
  .text                 ro code   0x800'9fc4     0x4  startup_stm32l552xx.o [1]
  .text                 ro code   0x800'9fc8     0x4  startup_stm32l552xx.o [1]
  .text                 ro code   0x800'9fcc     0x4  startup_stm32l552xx.o [1]
  .text                 ro code   0x800'9fd0     0x4  startup_stm32l552xx.o [1]
  .text                 ro code   0x800'9fd4     0x4  startup_stm32l552xx.o [1]
  .text                 ro code   0x800'9fd8     0x4  startup_stm32l552xx.o [1]
  .text                 ro code   0x800'9fdc     0x4  startup_stm32l552xx.o [1]
  .text                 ro code   0x800'9fe0     0x4  startup_stm32l552xx.o [1]
  .text                 ro code   0x800'9fe4     0x4  startup_stm32l552xx.o [1]
  .text                 ro code   0x800'9fe8     0x4  startup_stm32l552xx.o [1]
  .text                 ro code   0x800'9fec     0x4  startup_stm32l552xx.o [1]
  .text                 ro code   0x800'9ff0     0x4  startup_stm32l552xx.o [1]
  .text                 ro code   0x800'9ff4     0x4  startup_stm32l552xx.o [1]
  .text                 ro code   0x800'9ff8     0x4  startup_stm32l552xx.o [1]
  .text                 ro code   0x800'9ffc     0x4  startup_stm32l552xx.o [1]
  .text                 ro code   0x800'a000     0x4  startup_stm32l552xx.o [1]
  .text                 ro code   0x800'a004     0x4  startup_stm32l552xx.o [1]
  .text                 ro code   0x800'a008     0x4  startup_stm32l552xx.o [1]
  .text                 ro code   0x800'a00c     0x4  startup_stm32l552xx.o [1]
  .text                 ro code   0x800'a010     0x4  startup_stm32l552xx.o [1]
  .text                 ro code   0x800'a014     0x4  startup_stm32l552xx.o [1]
  .text                 ro code   0x800'a018     0x4  startup_stm32l552xx.o [1]
  .text                 ro code   0x800'a01c     0x4  startup_stm32l552xx.o [1]
  .text                 ro code   0x800'a020     0x4  startup_stm32l552xx.o [1]
  .text                 ro code   0x800'a024     0x4  startup_stm32l552xx.o [1]
  .text                 ro code   0x800'a028     0x4  startup_stm32l552xx.o [1]
  .text                 ro code   0x800'a02c     0x4  startup_stm32l552xx.o [1]
  .text                 ro code   0x800'a030     0x4  startup_stm32l552xx.o [1]
  .text                 ro code   0x800'a034     0x0  cstart_closeall.o [16]
  .rodata               const     0x800'a034     0x0  zero_init3.o [16]
  .rodata               const     0x800'a034     0x0  lz77_init_single.o [16]
  Initializer bytes     const     0x800'a034    0xf3  <for P2-P3-1>
                                - 0x800'a127  0x9f33

"P2-P3", part 1 of 3:                          0x2b1
  P2-P3-1                        0x2000'0000   0x2b1  <Init block>
    .data               inited   0x2000'0000    0x2c  can_api.o [6]
    .data               inited   0x2000'002c    0x18  gpio_api.o [6]
    .data               inited   0x2000'0044    0x28  gps_conductor.o [5]
    .data               inited   0x2000'006c    0x28  log_conductor.o [2]
    .data               inited   0x2000'0094    0x24  periodic_conductor.o [8]
    .data               inited   0x2000'00b8     0x4  port.o [13]
    .data               inited   0x2000'00bc    0x24  sevcon_conductor.o [9]
    .data               inited   0x2000'00e0    0x18  sevcon_driver_dictionary.o [9]
    .data               inited   0x2000'00f8     0xc  stm32l5xx_hal.o [12]
    .data               inited   0x2000'0104     0xc  system_obj.o [10]
    .data               inited   0x2000'0110    0x10  system_obj.o [10]
    .data               inited   0x2000'0120     0x8  system_obj.o [10]
    .data               inited   0x2000'0128     0x8  system_obj.o [10]
    .data               inited   0x2000'0130    0x18  system_obj.o [10]
    .data               inited   0x2000'0148     0x4  system_stm32l5xx.o [11]
    .data               inited   0x2000'014c    0x2c  uart_api.o [6]
    .data               inited   0x2000'0178    0x38  xlocale_c.o [14]
    .data               inited   0x2000'01b0    0x48  xfiles.o [14]
    .data               inited   0x2000'01f8    0x48  xfiles.o [14]
    .data               inited   0x2000'0240    0x48  xfiles.o [14]
    .data               inited   0x2000'0288    0x20  xfiles.o [14]
    .data               inited   0x2000'02a8     0x8  XShttio.o [14]
    .data               inited   0x2000'02b0     0x1  system_api.o [10]
                               - 0x2000'02b1   0x2b1

"P2-P3", part 2 of 3:                         0x3860
  .bss                  zero     0x2000'02b4  0x2020  heap_4.o [13]
  .bss                  zero     0x2000'22d4   0x48a  log_driver.o [2]
  .bss                  zero     0x2000'275e     0x2  gps_driver.o [5]
  .bss                  zero     0x2000'2760   0x460  tasks.o [13]
  .bss                  zero     0x2000'2bc0   0x45c  cmsis_os2.o [13]
  .bss                  zero     0x2000'301c   0x25c  cmsis_os2.o [13]
  .bss                  zero     0x2000'3278   0x238  main.o [3]
  .bss                  zero     0x2000'34b0   0x1d8  dlmalloc.o [14]
  .bss                  zero     0x2000'3688   0x12c  timers.o [13]
  .bss                  zero     0x2000'37b4    0x9c  tasks.o [13]
  .bss                  zero     0x2000'3850    0x80  XShHandles.o [14]
  .bss                  zero     0x2000'38d0    0x68  main.o [3]
  .bss                  zero     0x2000'3938    0x50  xfiles.o [14]
  .bss                  zero     0x2000'3988    0x50  xfiles.o [14]
  .bss                  zero     0x2000'39d8    0x40  queue.o [13]
  .bss                  zero     0x2000'3a18    0x24  periodic_driver.o [8]
  .bss                  zero     0x2000'3a3c    0x24  periodic_driver.o [8]
  .bss                  zero     0x2000'3a60    0x24  periodic_driver.o [8]
  .bss                  zero     0x2000'3a84    0x24  periodic_driver.o [8]
  .bss                  zero     0x2000'3aa8    0x1c  uart_api.o [6]
  .bss                  zero     0x2000'3ac4    0x18  dlmalloc.o [14]
  .bss                  zero     0x2000'3adc    0x14  gps_hdwr.o [5]
  .bss                  zero     0x2000'3af0    0x10  sevcon_hdwr.o [9]
  .bss                  zero     0x2000'3b00     0x4  can_api.o [6]
  .bss                  zero     0x2000'3b04     0x4  cmsis_os2.o [13]
  .bss                  zero     0x2000'3b08     0x4  periodic_conductor.o [8]
  .bss                  zero     0x2000'3b0c     0x4  xfail_s.o [14]
  .bss                  zero     0x2000'3b10     0x4  xgetmemchunk.o [14]
                               - 0x2000'3b14  0x3860

"P2-P3", part 3 of 3:                          0x600
  CSTACK                         0x2000'3b18   0x400  <Block>
    CSTACK              uninit   0x2000'3b18   0x400  <Block tail>
  HEAP                           0x2000'3f18   0x200  <Block>
    HEAP                uninit   0x2000'3f18   0x200  <Block tail>
                               - 0x2000'4118   0x600

Unused ranges:

         From           To      Size
         ----           --      ----
   0x800'a127   0x807'ffff  0x7'5ed9
  0x2000'02b1  0x2000'02b3       0x3
  0x2000'3b14  0x2000'3b17       0x4
  0x2000'4118  0x2002'ffff  0x2'bee8


*******************************************************************************
*** INIT TABLE
***

          Address      Size
          -------      ----
Zero (__iar_zero_init3)
    1 destination range, total size 0x3860:
          0x2000'02b4  0x3860

Copy/lz77 (__iar_lz77_init_single3)
    1 source range, total size 0xf3 (35% of destination):
           0x800'a034    0xf3
    1 destination range, total size 0x2b1:
          0x2000'0000   0x2b1



*******************************************************************************
*** MODULE SUMMARY
***

    Module                      ro code  ro data  rw data
    ------                      -------  -------  -------
command line/config:
    -----------------------------------------------------
    Total:

D:\Proyectos\STM32\kart\EWARM\kart\Obj\Application\EWARM: [1]
    startup_stm32l552xx.o           920
    -----------------------------------------------------
    Total:                          920

D:\Proyectos\STM32\kart\EWARM\kart\Obj\Application\LOG\src: [2]
    log_api.o                        20
    log_conductor.o                 100       18       40
    log_driver.o                    196             1'162
    -----------------------------------------------------
    Total:                          316       18    1'202

D:\Proyectos\STM32\kart\EWARM\kart\Obj\Application\User: [3]
    main.o                        1'362       48      672
    stm32l5xx_hal_msp.o             856
    stm32l5xx_it.o                   48
    -----------------------------------------------------
    Total:                        2'266       48      672

D:\Proyectos\STM32\kart\EWARM\kart\Obj\Application\flight_controller\src: [4]
    -----------------------------------------------------
    Total:

D:\Proyectos\STM32\kart\EWARM\kart\Obj\Application\gps\src: [5]
    gps_api.o                        12
    gps_conductor.o                  80       19       40
    gps_driver.o                    220                 2
    gps_hdwr.o                      180                20
    -----------------------------------------------------
    Total:                          492       19       62

D:\Proyectos\STM32\kart\EWARM\kart\Obj\Application\hdwr\src: [6]
    can_api.o                       452       15       48
    fifo_api.o                       70
    gpio_api.o                       80        8       24
    uart_api.o                      288       15       72
    -----------------------------------------------------
    Total:                          890       38      144

D:\Proyectos\STM32\kart\EWARM\kart\Obj\Application\heartbeat\src: [7]
    heartbeat_api.o                  96
    -----------------------------------------------------
    Total:                           96

D:\Proyectos\STM32\kart\EWARM\kart\Obj\Application\periodic\src: [8]
    periodic_api.o                   36
    periodic_conductor.o            160       24       40
    periodic_driver.o               236               144
    -----------------------------------------------------
    Total:                          432       24      184

D:\Proyectos\STM32\kart\EWARM\kart\Obj\Application\sevcon\src: [9]
    sevcon_api.o                     12
    sevcon_conductor.o               76       21       36
    sevcon_driver.o                 224
    sevcon_driver_dictionary.o       48        8       24
    sevcon_hdwr.o                   110                16
    -----------------------------------------------------
    Total:                          470       29       76

D:\Proyectos\STM32\kart\EWARM\kart\Obj\Application\system\src: [10]
    system_api.o                    132        1        1
    system_obj.o                              36       68
    -----------------------------------------------------
    Total:                          132       37       69

D:\Proyectos\STM32\kart\EWARM\kart\Obj\Drivers\CMSIS: [11]
    system_stm32l5xx.o              200       74        4
    -----------------------------------------------------
    Total:                          200       74        4

D:\Proyectos\STM32\kart\EWARM\kart\Obj\Drivers\STM32L5xx_HAL_Driver: [12]
    stm32l5xx_hal.o                 114        4       12
    stm32l5xx_hal_adc.o           1'428
    stm32l5xx_hal_adc_ex.o          196
    stm32l5xx_hal_cortex.o          200
    stm32l5xx_hal_dma.o             828
    stm32l5xx_hal_fdcan.o         1'386
    stm32l5xx_hal_gpio.o            472
    stm32l5xx_hal_pwr.o              16
    stm32l5xx_hal_pwr_ex.o          176
    stm32l5xx_hal_rcc.o           2'204
    stm32l5xx_hal_rcc_ex.o        1'444
    stm32l5xx_hal_rtc.o             332
    stm32l5xx_hal_rtc_ex.o           52
    stm32l5xx_hal_spi.o             224
    stm32l5xx_hal_tim.o           1'522
    stm32l5xx_hal_tim_ex.o          148
    stm32l5xx_hal_uart.o          2'976
    stm32l5xx_hal_uart_ex.o         254
    -----------------------------------------------------
    Total:                       13'972        4       12

D:\Proyectos\STM32\kart\EWARM\kart\Obj\Middlewares\FreeRTOS: [13]
    cmsis_os2.o                     824             1'724
    heap_4.o                        404             8'224
    list.o                          146
    port.o                          404        2        4
    portasm.o                       200
    queue.o                       1'428                64
    tasks.o                       2'004             1'276
    timers.o                        820               300
    -----------------------------------------------------
    Total:                        6'230        2   11'592

dl7M_tlf.a: [14]
    XShHandles.o                    204               128
    XShttio.o                         8        3        8
    abort.o                           6
    dlmalloc.o                    5'396               496
    exit.o                            4
    fclose.o                        126
    fflush.o                        172
    fputc.o                          84
    fseek.o                          36
    heaptramp0.o                      4
    low_level_init.o                  4
    printf.o                         40
    putchar.o                        12
    sprintf.o                        64
    xcloseall.o                      64
    xfail_s.o                        64                 4
    xfgpos.o                         12
    xfiles.o                                  87      408
    xfofind.o                       156
    xfspos.o                        216
    xfwprep.o                       180
    xgetmemchunk.o                   44                 4
    xlocale_c.o                       8       23       56
    xprintffull_nomb.o            3'886
    xprout.o                         22
    xsprout.o                        10
    -----------------------------------------------------
    Total:                       10'822      113    1'104

m7M_tls.a: [15]
    DblAddSub.o                     590
    DblCmpGe.o                       52
    DblCmpLe.o                       52
    DblDiv.o                        582
    DblMul.o                        426
    DblToS32.o                       54
    DblToU32.o                       34
    S32ToDbl.o                       34
    U32ToDbl.o                       28
    fpinit_M.o                       34
    frexp.o                         112
    ldexp.o                         314
    -----------------------------------------------------
    Total:                        2'312

rt7M_tl.a: [16]
    ABImemclr.o                       6
    ABImemcpy_small.o                24
    ABImemset48.o                    58
    ABImemset_small.o                18
    I64DivMod_small.o               262
    I64DivZer.o                       2
    cexit.o                          14
    cmain.o                          30
    cstart_closeall.o
    cstartup_M.o                     28
    data_init.o                      40
    lz77_init_single.o              120
    memchr.o                         88
    memset.o                         20
    strchr.o                         22
    strlen.o                         54
    zero_init3.o                     56
    -----------------------------------------------------
    Total:                          842

shb_l.a: [17]
    close.o                          24
    dwrite.o                         30
    exit.o                           20
    iarttio.o                       124
    iarwrite.o                       34
    iarwstd.o                        32
    lseek.o                          78
    remove.o                         20
    write.o                          16
    -----------------------------------------------------
    Total:                          378

    Gaps                             43        4
    Linker created                            32    1'536
---------------------------------------------------------
    Grand Total:                 40'813      442   16'657


*******************************************************************************
*** ENTRY LIST
***

Entry                       Address    Size  Type      Object
-----                       -------    ----  ----      ------
.iar.init_table$$Base    0x800'9dbc           --   Gb  - Linker created -
.iar.init_table$$Limit   0x800'9ddc           --   Gb  - Linker created -
?main                    0x800'9ddd          Code  Gb  cmain.o [16]
AHBPrescTable            0x800'86d8    0x10  Data  Gb  system_stm32l5xx.o [11]
APBPrescTable            0x800'9e90     0x8  Data  Gb  system_stm32l5xx.o [11]
BusFault_Handler         0x800'9d23     0x2  Code  Gb  stm32l5xx_it.o [3]
CSTACK$$Base            0x2000'3b18           --   Gb  - Linker created -
CSTACK$$Limit           0x2000'3f18           --   Gb  - Linker created -
DLCtoBytes               0x800'754c    0x10  Data  Lc  stm32l5xx_hal_fdcan.o [12]
DMA1_Channel1_IRQHandler
                         0x800'9d29     0x6  Code  Gb  stm32l5xx_it.o [3]
DMA_CalcDMAMUXChannelBaseAndMask
                         0x800'43e1    0x3a  Code  Lc  stm32l5xx_hal_dma.o [12]
DMA_CalcDMAMUXRequestGenBaseAndMask
                         0x800'441b    0x1c  Code  Lc  stm32l5xx_hal_dma.o [12]
DebugMon_Handler         0x800'9d27     0x2  Code  Gb  stm32l5xx_it.o [3]
Error_Handler            0x800'5a9f     0x4  Code  Gb  main.o [3]
FDCAN1_IT0_IRQHandler    0x800'9d2f     0x2  Code  Gb  stm32l5xx_it.o [3]
FDCAN1_IT1_IRQHandler    0x800'9d31     0x2  Code  Gb  stm32l5xx_it.o [3]
HAL_ADCEx_MultiModeConfigChannel
                         0x800'665d    0xae  Code  Gb  stm32l5xx_hal_adc_ex.o [12]
HAL_ADC_ConfigChannel    0x800'62c9   0x2fe  Code  Gb  stm32l5xx_hal_adc.o [12]
HAL_ADC_Init             0x800'610d   0x196  Code  Gb  stm32l5xx_hal_adc.o [12]
HAL_ADC_MspInit          0x800'3e09    0xd4  Code  Gb  stm32l5xx_hal_msp.o [3]
HAL_DMA_Abort            0x800'41f5    0x66  Code  Gb  stm32l5xx_hal_dma.o [12]
HAL_DMA_Abort_IT         0x800'425b    0x6c  Code  Gb  stm32l5xx_hal_dma.o [12]
HAL_DMA_ConfigChannelAttributes
                         0x800'43c1    0x20  Code  Gb  stm32l5xx_hal_dma.o [12]
HAL_DMA_IRQHandler       0x800'42c7    0xe8  Code  Gb  stm32l5xx_hal_dma.o [12]
HAL_DMA_Init             0x800'4125    0x86  Code  Gb  stm32l5xx_hal_dma.o [12]
HAL_FDCAN_ActivateNotification
                         0x800'72f5    0xe8  Code  Gb  stm32l5xx_hal_fdcan.o [12]
HAL_FDCAN_ErrorCallback
                         0x800'88bf     0x2  Code  Gb  stm32l5xx_hal_fdcan.o [12]
HAL_FDCAN_ErrorStatusCallback
                         0x800'88bd     0x2  Code  Gb  stm32l5xx_hal_fdcan.o [12]
HAL_FDCAN_GetRxMessage   0x800'721f    0xd6  Code  Gb  stm32l5xx_hal_fdcan.o [12]
HAL_FDCAN_HighPriorityMessageCallback
                         0x800'86eb     0x2  Code  Gb  stm32l5xx_hal_fdcan.o [12]
HAL_FDCAN_IRQHandler     0x800'73e9   0x162  Code  Gb  stm32l5xx_hal_fdcan.o [12]
HAL_FDCAN_Init           0x800'7005   0x1be  Code  Gb  stm32l5xx_hal_fdcan.o [12]
HAL_FDCAN_MspInit        0x800'3edd    0x70  Code  Gb  stm32l5xx_hal_msp.o [3]
HAL_FDCAN_RxFifo0Callback
                         0x800'8889     0x4  Code  Gb  can_api.o [6]
HAL_FDCAN_RxFifo1Callback
                         0x800'888d     0x4  Code  Gb  can_api.o [6]
HAL_FDCAN_Start          0x800'71ff    0x20  Code  Gb  stm32l5xx_hal_fdcan.o [12]
HAL_FDCAN_TimeoutOccurredCallback
                         0x800'88bb     0x2  Code  Gb  stm32l5xx_hal_fdcan.o [12]
HAL_FDCAN_TimestampWraparoundCallback
                         0x800'88b9     0x2  Code  Gb  stm32l5xx_hal_fdcan.o [12]
HAL_FDCAN_TxBufferAbortCallback
                         0x800'86ed     0x2  Code  Gb  stm32l5xx_hal_fdcan.o [12]
HAL_FDCAN_TxBufferCompleteCallback
                         0x800'88b7     0x2  Code  Gb  stm32l5xx_hal_fdcan.o [12]
HAL_FDCAN_TxEventFifoCallback
                         0x800'86ef     0x2  Code  Gb  stm32l5xx_hal_fdcan.o [12]
HAL_FDCAN_TxFifoEmptyCallback
                         0x800'88b5     0x2  Code  Gb  stm32l5xx_hal_fdcan.o [12]
HAL_GPIO_Init            0x800'5aa5   0x196  Code  Gb  stm32l5xx_hal_gpio.o [12]
HAL_GPIO_TogglePin       0x800'5c45    0x10  Code  Gb  stm32l5xx_hal_gpio.o [12]
HAL_GPIO_WritePin        0x800'5c3b     0xa  Code  Gb  stm32l5xx_hal_gpio.o [12]
HAL_GetTick              0x800'4e29     0xc  Code  Gb  stm32l5xx_hal.o [12]
HAL_Init                 0x800'60a5    0x22  Code  Gb  stm32l5xx_hal.o [12]
HAL_InitTick             0x800'6061    0x44  Code  Gb  stm32l5xx_hal.o [12]
HAL_MspInit              0x800'3dcd    0x3c  Code  Gb  stm32l5xx_hal_msp.o [3]
HAL_NVIC_EnableIRQ       0x800'4ea5    0x16  Code  Gb  stm32l5xx_hal_cortex.o [12]
HAL_NVIC_SetPriority     0x800'4e69    0x3a  Code  Gb  stm32l5xx_hal_cortex.o [12]
HAL_NVIC_SetPriorityGrouping
                         0x800'4e4f    0x1a  Code  Gb  stm32l5xx_hal_cortex.o [12]
HAL_PWREx_ControlVoltageScaling
                         0x800'4f09    0x66  Code  Gb  stm32l5xx_hal_pwr_ex.o [12]
HAL_PWREx_DisableUCPDDeadBattery
                         0x800'4f6f     0x2  Code  Gb  stm32l5xx_hal_pwr_ex.o [12]
HAL_PWREx_GetVoltageRange
                         0x800'4efd     0xc  Code  Gb  stm32l5xx_hal_pwr_ex.o [12]
HAL_PWREx_SMPS_GetEffectiveMode
                         0x800'4f7b    0x1c  Code  Gb  stm32l5xx_hal_pwr_ex.o [12]
HAL_PWR_EnableBkUpAccess
                         0x800'76d9     0xc  Code  Gb  stm32l5xx_hal_pwr.o [12]
HAL_RCCEx_PeriphCLKConfig
                         0x800'4fad   0x3d6  Code  Gb  stm32l5xx_hal_rcc_ex.o [12]
HAL_RCC_ClockConfig      0x800'4adf   0x18e  Code  Gb  stm32l5xx_hal_rcc.o [12]
HAL_RCC_GetHCLKFreq      0x800'4d2f    0x12  Code  Gb  stm32l5xx_hal_rcc.o [12]
HAL_RCC_GetPCLK1Freq     0x800'4d41     0xe  Code  Gb  stm32l5xx_hal_rcc.o [12]
HAL_RCC_GetPCLK2Freq     0x800'4d55    0x10  Code  Gb  stm32l5xx_hal_rcc.o [12]
HAL_RCC_GetSysClockFreq
                         0x800'4c99    0x96  Code  Gb  stm32l5xx_hal_rcc.o [12]
HAL_RCC_OscConfig        0x800'458d   0x526  Code  Gb  stm32l5xx_hal_rcc.o [12]
HAL_RTCEx_PrivilegeModeSet
                         0x800'686d    0x2c  Code  Gb  stm32l5xx_hal_rtc_ex.o [12]
HAL_RTC_Init             0x800'6721    0x86  Code  Gb  stm32l5xx_hal_rtc.o [12]
HAL_RTC_MspInit          0x800'3f73    0x50  Code  Gb  stm32l5xx_hal_msp.o [3]
HAL_RTC_WaitForSynchro   0x800'67a7    0x2e  Code  Gb  stm32l5xx_hal_rtc.o [12]
HAL_SPI_Init             0x800'68a1    0xd4  Code  Gb  stm32l5xx_hal_spi.o [12]
HAL_SPI_MspInit          0x800'3fc3    0x46  Code  Gb  stm32l5xx_hal_msp.o [3]
HAL_SYSTICK_Config       0x800'4ebb    0x28  Code  Gb  stm32l5xx_hal_cortex.o [12]
HAL_TIMEx_MasterConfigSynchronization
                         0x800'6f71    0x7a  Code  Gb  stm32l5xx_hal_tim_ex.o [12]
HAL_TIM_Base_Init        0x800'6981    0x1a  Code  Gb  stm32l5xx_hal_tim.o [12]
HAL_TIM_Base_MspInit     0x800'4027    0x22  Code  Gb  stm32l5xx_hal_msp.o [3]
HAL_TIM_ConfigClockSource
                         0x800'6afd    0x90  Code  Gb  stm32l5xx_hal_tim.o [12]
HAL_TIM_MspPostInit      0x800'4049    0x3a  Code  Gb  stm32l5xx_hal_msp.o [3]
HAL_TIM_PWM_ConfigChannel
                         0x800'69ef   0x102  Code  Gb  stm32l5xx_hal_tim.o [12]
HAL_TIM_PWM_Init         0x800'69c5    0x1a  Code  Gb  stm32l5xx_hal_tim.o [12]
HAL_TIM_PWM_MspInit      0x800'86e9     0x2  Code  Gb  stm32l5xx_hal_tim.o [12]
HAL_UARTEx_DisableFifoMode
                         0x800'755d    0x3c  Code  Gb  stm32l5xx_hal_uart_ex.o [12]
HAL_UARTEx_RxEventCallback
                         0x800'4463     0x2  Code  Gb  stm32l5xx_hal_uart.o [12]
HAL_UARTEx_RxFifoFullCallback
                         0x800'458b     0x2  Code  Gb  stm32l5xx_hal_uart_ex.o [12]
HAL_UARTEx_SetRxFifoThreshold
                         0x800'75af    0x14  Code  Gb  stm32l5xx_hal_uart_ex.o [12]
HAL_UARTEx_SetTxFifoThreshold
                         0x800'7599    0x16  Code  Gb  stm32l5xx_hal_uart_ex.o [12]
HAL_UARTEx_TxFifoEmptyCallback
                         0x800'4589     0x2  Code  Gb  stm32l5xx_hal_uart_ex.o [12]
HAL_UARTEx_WakeupCallback
                         0x800'4465     0x2  Code  Gb  stm32l5xx_hal_uart_ex.o [12]
HAL_UART_ErrorCallback   0x800'4461     0x2  Code  Gb  stm32l5xx_hal_uart.o [12]
HAL_UART_IRQHandler      0x800'3313   0x27c  Code  Gb  stm32l5xx_hal_uart.o [12]
HAL_UART_Init            0x800'3231    0x30  Code  Gb  stm32l5xx_hal_uart.o [12]
HAL_UART_MspInit         0x800'4083    0x5e  Code  Gb  stm32l5xx_hal_msp.o [3]
HAL_UART_Receive_IT      0x800'32b1    0x2c  Code  Gb  stm32l5xx_hal_uart.o [12]
HAL_UART_RxCpltCallback
                         0x800'4513    0x22  Code  Gb  uart_api.o [6]
HAL_UART_TxCpltCallback
                         0x800'4549     0x6  Code  Gb  uart_api.o [6]
HEAP$$Base              0x2000'3f18           --   Gb  - Linker created -
HEAP$$Limit             0x2000'4118           --   Gb  - Linker created -
HardFault_Handler        0x800'9d1f     0x2  Code  Gb  stm32l5xx_it.o [3]
KernelState             0x2000'3b04     0x4  Data  Lc  cmsis_os2.o [13]
LL_ADC_GetOffsetChannel
                         0x800'60c9     0xe  Code  Lc  stm32l5xx_hal_adc.o [12]
LL_ADC_SetChannelSamplingTime
                         0x800'60e9    0x24  Code  Lc  stm32l5xx_hal_adc.o [12]
LL_ADC_SetOffsetState    0x800'60d7    0x12  Code  Lc  stm32l5xx_hal_adc.o [12]
MSIRangeTable            0x800'9c64    0x40  Data  Gb  system_stm32l5xx.o [11]
MX_DMA_Init              0x800'5a09    0x3c  Code  Lc  main.o [3]
MemManage_Handler        0x800'9d21     0x2  Code  Gb  stm32l5xx_it.o [3]
NMI_Handler              0x800'9d1d     0x2  Code  Gb  stm32l5xx_it.o [3]
PendSV_Handler           0x800'8a15          Code  Gb  portasm.o [13]
RCCEx_PLLSAI1_Config     0x800'53ad    0xd6  Code  Lc  stm32l5xx_hal_rcc_ex.o [12]
RCCEx_PLLSAI2_Config     0x800'5489    0xa8  Code  Lc  stm32l5xx_hal_rcc_ex.o [12]
RCC_SetFlashLatencyFromMSIRange
                         0x800'4d71    0x78  Code  Lc  stm32l5xx_hal_rcc.o [12]
RTC_EnterInitMode        0x800'67d5    0x40  Code  Gb  stm32l5xx_hal_rtc.o [12]
RTC_ExitInitMode         0x800'6815    0x4c  Code  Gb  stm32l5xx_hal_rtc.o [12]
Region$$Table$$Base      0x800'9dbc           --   Gb  - Linker created -
Region$$Table$$Limit     0x800'9ddc           --   Gb  - Linker created -
SVC_Handler              0x800'8a59          Code  Gb  portasm.o [13]
StartDefaultTask         0x800'5a95     0xa  Code  Gb  main.o [3]
SysTick_Handler          0x800'5c91    0x1a  Code  Gb  cmsis_os2.o [13]
SystemClock_Config       0x800'597b    0x84  Code  Gb  main.o [3]
SystemCoreClock         0x2000'0148     0x4  Data  Gb  system_stm32l5xx.o [11]
SystemCoreClockUpdate    0x800'862d    0x8e  Code  Gb  system_stm32l5xx.o [11]
SystemInit               0x800'8621     0xc  Code  Gb  system_stm32l5xx.o [11]
TIM_Base_SetConfig       0x800'6bb9    0xac  Code  Gb  stm32l5xx_hal_tim.o [12]
TIM_ETR_SetConfig        0x800'6f5d    0x14  Code  Gb  stm32l5xx_hal_tim.o [12]
TIM_ITRx_SetConfig       0x800'6f11    0x10  Code  Lc  stm32l5xx_hal_tim.o [12]
TIM_OC1_SetConfig        0x800'6c65    0x84  Code  Lc  stm32l5xx_hal_tim.o [12]
TIM_OC2_SetConfig        0x800'6ce9    0x74  Code  Gb  stm32l5xx_hal_tim.o [12]
TIM_OC3_SetConfig        0x800'6d5d    0x70  Code  Lc  stm32l5xx_hal_tim.o [12]
TIM_OC4_SetConfig        0x800'6dcd    0x4e  Code  Lc  stm32l5xx_hal_tim.o [12]
TIM_OC5_SetConfig        0x800'6e1b    0x54  Code  Lc  stm32l5xx_hal_tim.o [12]
TIM_OC6_SetConfig        0x800'6e6f    0x4e  Code  Lc  stm32l5xx_hal_tim.o [12]
TIM_TI1_ConfigInputStage
                         0x800'6ecb    0x22  Code  Lc  stm32l5xx_hal_tim.o [12]
TIM_TI2_ConfigInputStage
                         0x800'6eed    0x24  Code  Lc  stm32l5xx_hal_tim.o [12]
UARTEx_SetNbDataToProcess
                         0x800'7605    0x3e  Code  Lc  stm32l5xx_hal_uart_ex.o [12]
UARTEx_SetNbDataToProcess::denominator
                         0x800'764c     0x8  Data  Lc  stm32l5xx_hal_uart_ex.o [12]
UARTEx_SetNbDataToProcess::numerator
                         0x800'7644     0x8  Data  Lc  stm32l5xx_hal_uart_ex.o [12]
UARTPrescTable           0x800'3db4    0x18  Data  Gb  stm32l5xx_hal_uart.o [12]
UART_AdvFeatureConfig    0x800'382f    0xc6  Code  Gb  stm32l5xx_hal_uart.o [12]
UART_CheckIdleState      0x800'38f5    0x5c  Code  Gb  stm32l5xx_hal_uart.o [12]
UART_DMAAbortOnError     0x800'3ae1    0x10  Code  Lc  stm32l5xx_hal_uart.o [12]
UART_EndRxTransfer       0x800'3aa3    0x34  Code  Lc  stm32l5xx_hal_uart.o [12]
UART_RxISR_16BIT         0x800'3b19    0x28  Code  Lc  stm32l5xx_hal_uart.o [12]
UART_RxISR_16BIT_FIFOEN
                         0x800'3c39    0x92  Code  Lc  stm32l5xx_hal_uart.o [12]
UART_RxISR_8BIT          0x800'3af1    0x28  Code  Lc  stm32l5xx_hal_uart.o [12]
UART_RxISR_8BIT_FIFOEN   0x800'3b9d    0x92  Code  Lc  stm32l5xx_hal_uart.o [12]
UART_SetConfig           0x800'3591   0x286  Code  Gb  stm32l5xx_hal_uart.o [12]
UART_Start_Receive_IT    0x800'39d9    0xca  Code  Gb  stm32l5xx_hal_uart.o [12]
UART_WaitOnFlagUntilTimeout
                         0x800'3951    0x6a  Code  Gb  stm32l5xx_hal_uart.o [12]
USART3_IRQHandler        0x800'9d39     0x6  Code  Gb  stm32l5xx_it.o [3]
UsageFault_Handler       0x800'9d25     0x2  Code  Gb  stm32l5xx_it.o [3]
_Close_all               0x800'9ca5    0x40  Code  Gb  xcloseall.o [14]
_Files                  0x2000'0288    0x20  Data  Gb  xfiles.o [14]
_Fofree                  0x800'9a4d    0x96  Code  Gb  xfofind.o [14]
_Fspos                   0x800'9659    0xd8  Code  Gb  xfspos.o [14]
_Fwprep                  0x800'9975    0xb4  Code  Gb  xfwprep.o [14]
_LitobFullNoMb           0x800'252d   0x10c  Code  Lc  xprintffull_nomb.o [14]
_Locale_lconv           0x2000'0178    0x38  Data  Lc  xlocale_c.o [14]
_Nnl                     0x800'97dd     0xc  Code  Gb  xfgpos.o [14]
_PrintfFullNoMb          0x800'17f9   0xd06  Code  Gb  xprintffull_nomb.o [14]
_Prout                   0x800'9e31    0x16  Code  Gb  xprout.o [14]
_PutcharFullNoMb         0x800'2691    0x20  Code  Lc  xprintffull_nomb.o [14]
_PutcharsFullNoMb        0x800'26b1    0x2e  Code  Lc  xprintffull_nomb.o [14]
_SProut                  0x800'170f     0xa  Code  Gb  xsprout.o [14]
__NVIC_SetPriority       0x800'4e35    0x1a  Code  Lc  stm32l5xx_hal_cortex.o [12]
__Vectors                0x800'0000           --   Gb  startup_stm32l552xx.o [1]
__Vectors_End            0x800'01f4          Data  Gb  startup_stm32l552xx.o [1]
__Vectors_Size {Abs}          0x1f4           --   Gb  startup_stm32l552xx.o [1]
__aeabi_cdcmple          0x800'2899          Code  Gb  DblCmpLe.o [15]
__aeabi_cdrcmple         0x800'28cd          Code  Gb  DblCmpGe.o [15]
__aeabi_d2iz             0x800'2a3d          Code  Gb  DblToS32.o [15]
__aeabi_d2uiz            0x800'2f31          Code  Gb  DblToU32.o [15]
__aeabi_ddiv             0x800'2ce9          Code  Gb  DblDiv.o [15]
__aeabi_dmul             0x800'2f71          Code  Gb  DblMul.o [15]
__aeabi_dsub             0x800'2c05          Code  Gb  DblAddSub.o [15]
__aeabi_i2d              0x800'2a75          Code  Gb  S32ToDbl.o [15]
__aeabi_ldiv0            0x800'322d          Code  Gb  I64DivZer.o [16]
__aeabi_memclr           0x800'1745          Code  Gb  ABImemclr.o [16]
__aeabi_memset4          0x800'8c09          Code  Gb  ABImemset48.o [16]
__aeabi_memset8          0x800'8c09          Code  Gb  ABImemset48.o [16]
__aeabi_ui2d             0x800'2f55          Code  Gb  U32ToDbl.o [15]
__cexit_closeall         0x800'9e07          Code  Gb  cexit.o [16]
__close                  0x800'9b6b    0x18  Code  Gb  close.o [17]
__cmain                  0x800'9ddd          Code  Gb  cmain.o [16]
__cstart_closeall        0x800'a034          Data  Gb  cstart_closeall.o [16]
__data_GetMemChunk       0x800'1719    0x2c  Code  Gb  xgetmemchunk.o [14]
__data_GetMemChunk::start
                        0x2000'3b10     0x4  Data  Lc  xgetmemchunk.o [14]
__dwrite                 0x800'9915    0x1e  Code  Gb  dwrite.o [17]
__exit                   0x800'174d    0x14  Code  Gb  exit.o [17]
__iar_Fail_s             0x800'2741    0x1c  Code  Gb  xfail_s.o [14]
__iar_Memchr             0x800'27b9          Code  Gb  memchr.o [16]
__iar_Memset4_word       0x800'8c11          Code  Gb  ABImemset48.o [16]
__iar_Memset8_word       0x800'8c11          Code  Gb  ABImemset48.o [16]
__iar_Stderr            0x2000'0240    0x48  Data  Gb  xfiles.o [14]
__iar_Stdin             0x2000'01b0    0x48  Data  Gb  xfiles.o [14]
__iar_Stdout            0x2000'01f8    0x48  Data  Gb  xfiles.o [14]
__iar_Strchr             0x800'2729          Code  Gb  strchr.o [16]
__iar_close_ttio         0x800'1775    0x2c  Code  Gb  iarttio.o [17]
__iar_data_init3         0x800'9d4d    0x28  Code  Gb  data_init.o [16]
__iar_dlcalloc           0x800'16c5    0x3e  Code  Gb  dlmalloc.o [14]
__iar_dlfree             0x800'1193   0x52c  Code  Gb  dlmalloc.o [14]
__iar_dlmalloc           0x800'027d   0xf16  Code  Gb  dlmalloc.o [14]
__iar_frexp              0x800'2835          Code  Gb  frexp.o [15]
__iar_frexpl             0x800'2835          Code  Gb  frexp.o [15]
__iar_get_ttio           0x800'17a1    0x4c  Code  Gb  iarttio.o [17]
__iar_init_vfp           0x800'9d99          Code  Gb  fpinit_M.o [15]
__iar_ldexp64            0x800'2901          Code  Gb  ldexp.o [15]
__iar_lookup_ttioh       0x800'17f1     0x8  Code  Gb  XShttio.o [14]
__iar_lz77_init_single3
                         0x800'9b97    0x78  Code  Gb  lz77_init_single.o [16]
__iar_program_start      0x800'9e15          Code  Gb  cstartup_M.o [16]
__iar_scalbln64          0x800'2901          Code  Gb  ldexp.o [15]
__iar_scalbn64           0x800'2901          Code  Gb  ldexp.o [15]
__iar_sh_Discard         0x800'9849    0x42  Code  Gb  XShHandles.o [14]
__iar_sh_Move            0x800'988b    0x46  Code  Gb  XShHandles.o [14]
__iar_sh_Pos             0x800'98d1    0x40  Code  Gb  XShHandles.o [14]
__iar_sh_stdout          0x800'9933    0x20  Code  Gb  iarwstd.o [17]
__iar_sh_write           0x800'9953    0x22  Code  Gb  iarwrite.o [17]
__iar_small_Memcpy       0x800'2815          Code  Gb  ABImemcpy_small.o [16]
__iar_small_Memset       0x800'1761          Code  Gb  ABImemset_small.o [16]
__iar_small_Memset_word
                         0x800'1761          Code  Gb  ABImemset_small.o [16]
__iar_small_memcpy       0x800'2811          Code  Gb  ABImemcpy_small.o [16]
__iar_small_memcpy4      0x800'2811          Code  Gb  ABImemcpy_small.o [16]
__iar_small_memcpy8      0x800'2811          Code  Gb  ABImemcpy_small.o [16]
__iar_small_memset       0x800'1761          Code  Gb  ABImemset_small.o [16]
__iar_small_uldivmod     0x800'3125          Code  Gb  I64DivMod_small.o [16]
__iar_softfp___iar_frexp64
                         0x800'2829          Code  Gb  frexp.o [15]
__iar_softfp_frexp       0x800'2829          Code  Gb  frexp.o [15]
__iar_softfp_frexpl      0x800'2829          Code  Gb  frexp.o [15]
__iar_ttio_handles      0x2000'02a8     0x8  Data  Lc  XShttio.o [14]
__iar_zero_init3         0x800'9ce5    0x38  Code  Gb  zero_init3.o [16]
__low_level_init         0x800'9dfb     0x4  Code  Gb  low_level_init.o [14]
__lseek                  0x800'97e9    0x4e  Code  Gb  lseek.o [17]
__vector_table           0x800'0000          Data  Gb  startup_stm32l552xx.o [1]
__write                  0x800'9837    0x10  Code  Gb  write.o [17]
_call_main               0x800'9de9          Code  Gb  cmain.o [16]
_exit                    0x800'9e05          Code  Gb  cexit.o [16]
_gm_                    0x2000'34b0   0x1d8  Data  Lc  dlmalloc.o [14]
abort                    0x800'1709     0x6  Code  Gb  abort.o [14]
can_cfg                 0x2000'0110    0x10  Data  Gb  system_obj.o [10]
can_create               0x800'8741    0x8e  Code  Gb  can_api.o [6]
can_enqueue_new_message
                         0x800'86fd    0x44  Code  Gb  can_api.o [6]
can_fifo_subscribe      0x2000'3b00     0x4  Data  Gb  can_api.o [6]
can_suscribe_rx_fifo     0x800'87d9    0x1e  Code  Gb  can_api.o [6]
can_task                 0x800'86f1     0xc  Code  Gb  can_api.o [6]
can_task_attributes     0x2000'0008    0x24  Data  Gb  can_api.o [6]
canopen_get_data         0x800'882d    0x5c  Code  Gb  can_api.o [6]
canopen_get_index        0x800'8809    0x14  Code  Gb  can_api.o [6]
canopen_get_subindex     0x800'881d     0xa  Code  Gb  can_api.o [6]
cllbck_every_1000_ms    0x2000'3a84    0x24  Data  Gb  periodic_driver.o [8]
cllbck_every_100_ms     0x2000'3a18    0x24  Data  Gb  periodic_driver.o [8]
cllbck_every_200_ms     0x2000'3a3c    0x24  Data  Gb  periodic_driver.o [8]
cllbck_every_500_ms     0x2000'3a60    0x24  Data  Gb  periodic_driver.o [8]
convert_string_to_float
                         0x800'9499    0x1c  Code  Lc  gps_driver.o [5]
defaultTaskHandle       0x2000'34ac     0x4  Data  Gb  main.o [3]
defaultTask_attributes   0x800'9d74    0x24  Data  Gb  main.o [3]
dictionary_canopen      0x2000'00e0    0x18  Data  Lc  sevcon_driver_dictionary.o [9]
ebuf                    0x2000'3938    0x50  Data  Lc  xfiles.o [14]
exit                     0x800'9dff     0x4  Code  Gb  exit.o [14]
fclose                   0x800'9aed    0x7e  Code  Gb  fclose.o [14]
fflush                   0x800'97a5    0x34  Code  Gb  fflush.o [14]
fflushOne                0x800'9731    0x74  Code  Lc  fflush.o [14]
fields                  0x2000'275e     0x2  Data  Gb  gps_driver.o [5]
fifo_create_queue        0x800'5ff1     0xe  Code  Gb  fifo_api.o [6]
fifo_dequeue_msg         0x800'6017    0x18  Code  Gb  fifo_api.o [6]
fifo_enqueue_msg         0x800'5fff    0x18  Code  Gb  fifo_api.o [6]
fputc                    0x800'9c0f    0x54  Code  Gb  fputc.o [14]
free                     0x800'9ae9     0x4  Code  Gb  heaptramp0.o [14]
fseek                    0x800'9a29    0x24  Code  Gb  fseek.o [14]
get_lenght_fields_lenght
                         0x800'9575    0x5c  Code  Gb  gps_hdwr.o [5]
gpio                    0x2000'02b0     0x1  Data  Gb  system_api.o [10]
gpio_hal                0x2000'002c    0x18  Data  Gb  gpio_api.o [6]
gpio_off                 0x800'88d1     0xe  Code  Gb  gpio_api.o [6]
gpio_on                  0x800'88c1    0x10  Code  Gb  gpio_api.o [6]
gpio_toggle              0x800'88f5    0x16  Code  Gb  gpio_api.o [6]
gps                     0x2000'0068     0x4  Data  Gb  gps_conductor.o [5]
gps_cfg                 0x2000'0130    0x18  Data  Gb  system_obj.o [10]
gps_conductor_init       0x800'92eb    0x3e  Code  Gb  gps_conductor.o [5]
gps_driver_get_msg       0x800'94d5    0x68  Code  Gb  gps_driver.o [5]
gps_driver_log_init      0x800'94b5    0x1e  Code  Gb  gps_driver.o [5]
gps_hdwr_get_msg         0x800'960f    0x14  Code  Gb  gps_hdwr.o [5]
gps_hdwr_init            0x800'95d1    0x3e  Code  Gb  gps_hdwr.o [5]
gps_init                 0x800'89a1     0xc  Code  Gb  gps_api.o [5]
gps_proccess_message::__FUNCTION__
                         0x800'9540    0x18  Data  Lc  gps_driver.o [5]
gps_task                 0x800'92e1     0xa  Code  Gb  gps_conductor.o [5]
gps_task_attributes     0x2000'0044    0x24  Data  Gb  gps_conductor.o [5]
hadc1                   0x2000'3278    0x68  Data  Gb  main.o [3]
hdma_adc1               0x2000'38d0    0x68  Data  Gb  main.o [3]
heartbeat               0x2000'0104     0xc  Data  Gb  system_obj.o [10]
heartbeat_init           0x800'893d    0x4a  Code  Gb  heartbeat_api.o [7]
heartbeat_periodic       0x800'8935     0x6  Code  Gb  heartbeat_api.o [7]
hfdcan1                 0x2000'32e0    0x64  Data  Gb  main.o [3]
hrtc                    0x2000'3438    0x28  Data  Gb  main.o [3]
hspi3                   0x2000'3344    0x64  Data  Gb  main.o [3]
htim3                   0x2000'3460    0x4c  Data  Gb  main.o [3]
huart3                  0x2000'33a8    0x90  Data  Gb  main.o [3]
id_msg_rx               0x2000'275c     0x2  Data  Gb  log_driver.o [2]
init_mparams             0x800'0211    0x2c  Code  Lc  dlmalloc.o [14]
init_top                 0x800'023d    0x34  Code  Lc  dlmalloc.o [14]
ldexp                    0x800'2901          Code  Gb  ldexp.o [15]
ldexpl                   0x800'2901          Code  Gb  ldexp.o [15]
localeconv               0x800'311d     0x4  Code  Gb  xlocale_c.o [14]
log_conductor_init       0x800'85cd    0x2c  Code  Gb  log_conductor.o [2]
log_conductor_new_msg    0x800'85f9    0x18  Code  Gb  log_conductor.o [2]
log_driver_create_new_message
                         0x800'9045    0x82  Code  Gb  log_driver.o [2]
log_init                 0x800'5fdd     0x4  Code  Gb  log_api.o [2]
log_msg                 0x2000'22d4   0x488  Data  Gb  log_driver.o [2]
log_new_msg              0x800'5fe1    0x10  Code  Gb  log_api.o [2]
log_task                 0x800'85bd    0x10  Code  Gb  log_conductor.o [2]
log_task_attributes     0x2000'006c    0x24  Data  Gb  log_conductor.o [2]
main                     0x800'5551   0x3f2  Code  Gb  main.o [3]
memchr                   0x800'27b9          Code  Gb  memchr.o [16]
memset                   0x800'5c7d    0x14  Code  Gb  memset.o [16]
mparams                 0x2000'3ac4    0x18  Data  Lc  dlmalloc.o [14]
msg                     0x2000'3adc    0x14  Data  Gb  gps_hdwr.o [5]
msg_servcon             0x2000'3af0    0x10  Data  Gb  sevcon_hdwr.o [9]
name_thread_can         0x2000'0000     0x8  Data  Gb  can_api.o [6]
name_thread_uart        0x2000'014c     0x8  Data  Gb  uart_api.o [6]
obuf                    0x2000'3988    0x50  Data  Lc  xfiles.o [14]
osDelay                  0x800'5e57    0x1a  Code  Gb  cmsis_os2.o [13]
osKernelGetTickCount     0x800'5d03    0x10  Code  Gb  cmsis_os2.o [13]
osKernelInitialize       0x800'5cab    0x1a  Code  Gb  cmsis_os2.o [13]
osKernelStart            0x800'5ccd    0x2a  Code  Gb  cmsis_os2.o [13]
osMessageQueueGet        0x800'5f3d    0x4e  Code  Gb  cmsis_os2.o [13]
osMessageQueueNew        0x800'5e8d    0x60  Code  Gb  cmsis_os2.o [13]
osMessageQueuePut        0x800'5eed    0x50  Code  Gb  cmsis_os2.o [13]
osThreadFlagsWait        0x800'5dc5    0x92  Code  Gb  cmsis_os2.o [13]
osThreadNew              0x800'5d13    0x92  Code  Gb  cmsis_os2.o [13]
osThreadResume           0x800'5da5    0x20  Code  Gb  cmsis_os2.o [13]
periodic_cllbcks_registers
                         0x800'91a9    0x22  Code  Lc  periodic_driver.o [8]
periodic_conductor_init
                         0x800'9169    0x2a  Code  Gb  periodic_conductor.o [8]
periodic_driver_enable_function
                         0x800'9245    0x3c  Code  Gb  periodic_driver.o [8]
periodic_driver_every_1000ms
                         0x800'91d7     0x4  Code  Gb  periodic_driver.o [8]
periodic_driver_every_100ms
                         0x800'91cb     0x4  Code  Gb  periodic_driver.o [8]
periodic_driver_every_200ms
                         0x800'91cf     0x4  Code  Gb  periodic_driver.o [8]
periodic_driver_every_500ms
                         0x800'91d3     0x4  Code  Gb  periodic_driver.o [8]
periodic_driver_register
                         0x800'91dd    0x68  Code  Gb  periodic_driver.o [8]
periodic_init            0x800'8911     0x4  Code  Gb  periodic_api.o [8]
periodic_register        0x800'8915    0x14  Code  Gb  periodic_api.o [8]
periodic_start           0x800'8929     0xc  Code  Gb  periodic_api.o [8]
periodic_task            0x800'9109    0x54  Code  Gb  periodic_conductor.o [8]
periodic_task_attributes
                        0x2000'0094    0x24  Data  Gb  periodic_conductor.o [8]
printf                   0x800'6039    0x28  Code  Gb  printf.o [14]
prvAddCurrentTaskToDelayedList
                         0x800'7e53    0x4e  Code  Lc  tasks.o [13]
prvAddNewTaskToReadyList
                         0x800'7823    0xb0  Code  Lc  tasks.o [13]
prvCheckForValidListAndQueue
                         0x800'8fb9    0x4e  Code  Lc  timers.o [13]
prvCheckForValidListAndQueue{1}{2}{3}{4}::ucStaticTimerQueueStorage
                        0x2000'3714    0xa0  Data  Lc  timers.o [13]
prvCheckForValidListAndQueue{1}{2}{3}{4}::xStaticTimerQueue
                        0x2000'36c4    0x50  Data  Lc  timers.o [13]
prvCopyDataFromQueue     0x800'84a9    0x28  Code  Lc  queue.o [13]
prvCopyDataToQueue       0x800'8441    0x68  Code  Lc  queue.o [13]
prvDeleteTCB             0x800'7cf1    0x2a  Code  Lc  tasks.o [13]
prvIdleTask              0x800'7cb1    0x40  Code  Lc  tasks.o [13]
prvInitialiseNewQueue    0x800'8113    0x20  Code  Lc  queue.o [13]
prvInitialiseNewTask     0x800'7795    0x8e  Code  Lc  tasks.o [13]
prvInsertBlockIntoFreeList
                         0x800'8bbd    0x46  Code  Lc  heap_4.o [13]
prvInsertTimerInActiveList
                         0x800'8f83    0x34  Code  Lc  timers.o [13]
prvIsQueueEmpty          0x800'8539    0x16  Code  Lc  queue.o [13]
prvResetNextTaskUnblockTime
                         0x800'7d1b    0x1a  Code  Lc  tasks.o [13]
prvSampleTimeNow         0x800'8f09    0x7a  Code  Lc  timers.o [13]
prvSampleTimeNow::xLastTime
                        0x2000'3698     0x4  Data  Lc  timers.o [13]
prvTaskExitError         0x800'7ebd    0x22  Code  Lc  port.o [13]
prvTaskIsTaskSuspended   0x800'7909    0x28  Code  Lc  tasks.o [13]
prvTimerTask             0x800'8d85   0x184  Code  Lc  timers.o [13]
prvUnlockQueue           0x800'84d1    0x68  Code  Lc  queue.o [13]
putchar                  0x800'9e49     0xc  Code  Gb  putchar.o [14]
pvPortMalloc             0x800'8a75    0xfe  Code  Gb  heap_4.o [13]
pxCurrentTCB            0x2000'37dc     0x4  Data  Gb  tasks.o [13]
pxCurrentTimerList      0x2000'3688     0x4  Data  Lc  timers.o [13]
pxDelayedTaskList       0x2000'37e0     0x4  Data  Lc  tasks.o [13]
pxEnd                   0x2000'02bc     0x4  Data  Lc  heap_4.o [13]
pxOverflowDelayedTaskList
                        0x2000'37e4     0x4  Data  Lc  tasks.o [13]
pxOverflowTimerList     0x2000'368c     0x4  Data  Lc  timers.o [13]
pxPortInitialiseStack    0x800'7f69    0x68  Code  Gb  port.o [13]
pxReadyTasksLists       0x2000'2760   0x460  Data  Lc  tasks.o [13]
remove                   0x800'9b83    0x14  Code  Gb  remove.o [17]
sFileInfo               0x2000'3850    0x80  Data  Lc  XShHandles.o [14]
scalbln                  0x800'2901          Code  Gb  ldexp.o [15]
scalblnl                 0x800'2901          Code  Gb  ldexp.o [15]
scalbn                   0x800'2901          Code  Gb  ldexp.o [15]
scalbnl                  0x800'2901          Code  Gb  ldexp.o [15]
scale                    0x800'2639    0x46  Code  Lc  xprintffull_nomb.o [14]
sec_hand                0x2000'3b0c     0x4  Data  Lc  xfail_s.o [14]
segment_holding          0x800'01f5    0x1c  Code  Lc  dlmalloc.o [14]
sevcon_cfg              0x2000'0120     0x8  Data  Gb  system_obj.o [10]
sevcon_conductor_init    0x800'929f    0x3a  Code  Gb  sevcon_conductor.o [9]
sevcon_dictionary_found_id
                         0x800'9629    0x30  Code  Gb  sevcon_driver_dictionary.o [9]
sevcon_driver_get_msg    0x800'93ef    0x18  Code  Gb  sevcon_driver.o [9]
sevcon_driver_log_init   0x800'93d1    0x1e  Code  Gb  sevcon_driver.o [9]
sevcon_hdwr_get_data     0x800'9465     0x4  Code  Gb  sevcon_hdwr.o [9]
sevcon_hdwr_get_index    0x800'945d     0x4  Code  Gb  sevcon_hdwr.o [9]
sevcon_hdwr_get_msg      0x800'9445    0x14  Code  Gb  sevcon_hdwr.o [9]
sevcon_hdwr_get_num_sevcon
                         0x800'9469     0xa  Code  Gb  sevcon_hdwr.o [9]
sevcon_hdwr_get_opposite_motor
                         0x800'9475    0x22  Code  Gb  sevcon_hdwr.o [9]
sevcon_hdwr_get_subindex
                         0x800'9461     0x4  Code  Gb  sevcon_hdwr.o [9]
sevcon_hdwr_init         0x800'9429    0x1c  Code  Gb  sevcon_hdwr.o [9]
sevcon_init              0x800'8995     0xc  Code  Gb  sevcon_api.o [9]
sevcon_proccess_message
                         0x800'9349    0x86  Code  Gb  sevcon_driver.o [9]
sevcon_task              0x800'9295     0xa  Code  Gb  sevcon_conductor.o [9]
sevcon_task_attributes  0x2000'00bc    0x24  Data  Gb  sevcon_conductor.o [9]
sprintf                  0x800'5f9d    0x40  Code  Gb  sprintf.o [14]
strchr                   0x800'2729          Code  Gb  strchr.o [16]
strlen                   0x800'2781          Code  Gb  strlen.o [16]
system_init              0x800'7655    0x84  Code  Gb  system_api.o [10]
thread_id               0x2000'0090     0x4  Data  Gb  log_conductor.o [2]
tick                    0x2000'3b08     0x4  Data  Gb  periodic_conductor.o [8]
uart_cfg                0x2000'0128     0x8  Data  Gb  system_obj.o [10]
uart_create              0x800'4475    0x5a  Code  Gb  uart_api.o [6]
uart_fifo_size          0x2000'3aa8     0x2  Data  Gb  uart_api.o [6]
uart_fifo_subscribe     0x2000'3aac     0x4  Data  Gb  uart_api.o [6]
uart_rx                 0x2000'3ab0    0x14  Data  Gb  uart_api.o [6]
uart_suscribe_rx_fifo    0x800'44d9    0x3a  Code  Gb  uart_api.o [6]
uart_task                0x800'4469     0xc  Code  Gb  uart_api.o [6]
uart_task_attributes    0x2000'0154    0x24  Data  Gb  uart_api.o [6]
ucHeap                  0x2000'02d4  0x2000  Data  Lc  heap_4.o [13]
ulCriticalNesting       0x2000'00b8     0x4  Data  Lc  port.o [13]
ulSetInterruptMask       0x800'89f1          Code  Gb  portasm.o [13]
uwTick                  0x2000'00fc     0x4  Data  Gb  stm32l5xx_hal.o [12]
uwTickFreq              0x2000'00f8     0x1  Data  Gb  stm32l5xx_hal.o [12]
uwTickPrio              0x2000'0100     0x4  Data  Gb  stm32l5xx_hal.o [12]
uxCurrentNumberOfTasks  0x2000'3800     0x4  Data  Lc  tasks.o [13]
uxDeletedTasksWaitingCleanUp
                        0x2000'37e8     0x4  Data  Lc  tasks.o [13]
uxListRemove             0x800'8caf    0x26  Code  Gb  list.o [13]
uxSchedulerSuspended    0x2000'3824     0x4  Data  Lc  tasks.o [13]
uxTaskNumber            0x2000'381c     0x4  Data  Lc  tasks.o [13]
uxTopReadyPriority      0x2000'3808     0x4  Data  Lc  tasks.o [13]
vApplicationGetIdleTaskMemory
                         0x800'8cd5    0x14  Code  Gb  cmsis_os2.o [13]
vApplicationGetIdleTaskMemory::Idle_Stack
                        0x2000'3078   0x200  Data  Lc  cmsis_os2.o [13]
vApplicationGetIdleTaskMemory::Idle_TCB
                        0x2000'301c    0x5c  Data  Lc  cmsis_os2.o [13]
vApplicationGetTimerTaskMemory
                         0x800'9331    0x18  Code  Gb  cmsis_os2.o [13]
vApplicationGetTimerTaskMemory::Timer_Stack
                        0x2000'2c1c   0x400  Data  Lc  cmsis_os2.o [13]
vApplicationGetTimerTaskMemory::Timer_TCB
                        0x2000'2bc0    0x5c  Data  Lc  cmsis_os2.o [13]
vClearInterruptMask      0x800'8a07          Code  Gb  portasm.o [13]
vListInitialise          0x800'8c43    0x1a  Code  Gb  list.o [13]
vListInitialiseItem      0x800'8c5d     0x6  Code  Gb  list.o [13]
vListInsert              0x800'8c7d    0x32  Code  Gb  list.o [13]
vListInsertEnd           0x800'8c63    0x1a  Code  Gb  list.o [13]
vPortEnterCritical       0x800'7ef5    0x18  Code  Gb  port.o [13]
vPortExitCritical        0x800'7f0d    0x22  Code  Gb  port.o [13]
vPortFree                0x800'8b73    0x4a  Code  Gb  heap_4.o [13]
vPortSVCHandler_C        0x800'7f4f    0x1a  Code  Gb  port.o [13]
vPortSetupTimerInterrupt
                         0x800'901d    0x28  Code  Gb  port.o [13]
vPortYield               0x800'7ee1    0x12  Code  Gb  port.o [13]
vQueueAddToRegistry      0x800'854f    0x20  Code  Gb  queue.o [13]
vQueueWaitForMessageRestricted
                         0x800'8575    0x48  Code  Gb  queue.o [13]
vRaisePrivilege          0x800'89cb          Code  Gb  portasm.o [13]
vRestoreContextOfFirstTask
                         0x800'89ad          Code  Gb  portasm.o [13]
vStartFirstTask          0x800'89d9          Code  Gb  portasm.o [13]
vTaskDelay               0x800'78d3    0x30  Code  Gb  tasks.o [13]
vTaskInternalSetTimeOutState
                         0x800'7c3b     0xe  Code  Gb  tasks.o [13]
vTaskMissedYield         0x800'7ca5     0xa  Code  Gb  tasks.o [13]
vTaskPlaceOnEventList    0x800'7b8d    0x16  Code  Gb  tasks.o [13]
vTaskPlaceOnEventListRestricted
                         0x800'7bad    0x26  Code  Gb  tasks.o [13]
vTaskResume              0x800'7931    0x46  Code  Gb  tasks.o [13]
vTaskStartScheduler      0x800'7977    0x64  Code  Gb  tasks.o [13]
vTaskSuspendAll          0x800'79dd     0xc  Code  Gb  tasks.o [13]
vTaskSwitchContext       0x800'7b41    0x4c  Code  Gb  tasks.o [13]
xActiveTimerList1       0x2000'369c    0x14  Data  Lc  timers.o [13]
xActiveTimerList2       0x2000'36b0    0x14  Data  Lc  timers.o [13]
xBlockAllocatedBit      0x2000'02d0     0x4  Data  Lc  heap_4.o [13]
xDelayedTaskList1       0x2000'3828    0x14  Data  Lc  tasks.o [13]
xDelayedTaskList2       0x2000'383c    0x14  Data  Lc  tasks.o [13]
xFreeBytesRemaining     0x2000'02c0     0x4  Data  Lc  heap_4.o [13]
xMinimumEverFreeBytesRemaining
                        0x2000'02c4     0x4  Data  Lc  heap_4.o [13]
xNextTaskUnblockTime    0x2000'3820     0x4  Data  Lc  tasks.o [13]
xNumOfOverflows         0x2000'3818     0x4  Data  Lc  tasks.o [13]
xNumberOfSuccessfulAllocations
                        0x2000'02c8     0x4  Data  Lc  heap_4.o [13]
xNumberOfSuccessfulFrees
                        0x2000'02cc     0x4  Data  Lc  heap_4.o [13]
xPendedTicks            0x2000'3810     0x4  Data  Lc  tasks.o [13]
xPendingReadyList       0x2000'37b4    0x14  Data  Lc  tasks.o [13]
xPortStartScheduler      0x800'7fd1    0x46  Code  Gb  port.o [13]
xPortSysTickHandler      0x800'7f2f    0x20  Code  Gb  port.o [13]
xQueueGenericCreate      0x800'80db    0x38  Code  Gb  queue.o [13]
xQueueGenericCreateStatic
                         0x800'8091    0x4a  Code  Gb  queue.o [13]
xQueueGenericReset       0x800'8029    0x68  Code  Gb  queue.o [13]
xQueueGenericSend        0x800'8133   0x108  Code  Gb  queue.o [13]
xQueueGenericSendFromISR
                         0x800'823b    0x80  Code  Gb  queue.o [13]
xQueueReceive            0x800'82c7    0xe8  Code  Gb  queue.o [13]
xQueueReceiveFromISR     0x800'83d9    0x68  Code  Gb  queue.o [13]
xQueueRegistry          0x2000'39d8    0x40  Data  Gb  queue.o [13]
xSchedulerRunning       0x2000'380c     0x4  Data  Lc  tasks.o [13]
xStart                  0x2000'02b4     0x8  Data  Lc  heap_4.o [13]
xSuspendedTaskList      0x2000'37ec    0x14  Data  Lc  tasks.o [13]
xTaskCheckForTimeOut     0x800'7c49    0x5c  Code  Gb  tasks.o [13]
xTaskCreate              0x800'7739    0x5c  Code  Gb  tasks.o [13]
xTaskCreateStatic        0x800'76e9    0x50  Code  Gb  tasks.o [13]
xTaskGetSchedulerState   0x800'7d35    0x18  Code  Gb  tasks.o [13]
xTaskGetTickCount        0x800'7a7b     0x2  Code  Gb  tasks.o [13]
xTaskGetTickCountFromISR
                         0x800'7a7d     0x2  Code  Gb  tasks.o [13]
xTaskIncrementTick       0x800'7a87    0xba  Code  Gb  tasks.o [13]
xTaskNotifyWait          0x800'7dc9    0x78  Code  Gb  tasks.o [13]
xTaskPriorityDisinherit
                         0x800'7d53    0x50  Code  Gb  tasks.o [13]
xTaskRemoveFromEventList
                         0x800'7bdf    0x46  Code  Gb  tasks.o [13]
xTaskResumeAll           0x800'79e9    0x8a  Code  Gb  tasks.o [13]
xTasksWaitingTermination
                        0x2000'37c8    0x14  Data  Lc  tasks.o [13]
xTickCount              0x2000'3804     0x4  Data  Lc  tasks.o [13]
xTimerCreateTimerTask    0x800'8ce9    0x4e  Code  Gb  timers.o [13]
xTimerGenericCommand     0x800'8d37    0x4e  Code  Gb  timers.o [13]
xTimerQueue             0x2000'3690     0x4  Data  Lc  timers.o [13]
xTimerTaskHandle        0x2000'3694     0x4  Data  Lc  timers.o [13]
xYieldPending           0x2000'3814     0x4  Data  Lc  tasks.o [13]


[1] = D:\Proyectos\STM32\kart\EWARM\kart\Obj\Application\EWARM
[2] = D:\Proyectos\STM32\kart\EWARM\kart\Obj\Application\LOG\src
[3] = D:\Proyectos\STM32\kart\EWARM\kart\Obj\Application\User
[4] = D:\Proyectos\STM32\kart\EWARM\kart\Obj\Application\flight_controller\src
[5] = D:\Proyectos\STM32\kart\EWARM\kart\Obj\Application\gps\src
[6] = D:\Proyectos\STM32\kart\EWARM\kart\Obj\Application\hdwr\src
[7] = D:\Proyectos\STM32\kart\EWARM\kart\Obj\Application\heartbeat\src
[8] = D:\Proyectos\STM32\kart\EWARM\kart\Obj\Application\periodic\src
[9] = D:\Proyectos\STM32\kart\EWARM\kart\Obj\Application\sevcon\src
[10] = D:\Proyectos\STM32\kart\EWARM\kart\Obj\Application\system\src
[11] = D:\Proyectos\STM32\kart\EWARM\kart\Obj\Drivers\CMSIS
[12] = D:\Proyectos\STM32\kart\EWARM\kart\Obj\Drivers\STM32L5xx_HAL_Driver
[13] = D:\Proyectos\STM32\kart\EWARM\kart\Obj\Middlewares\FreeRTOS
[14] = dl7M_tlf.a
[15] = m7M_tls.a
[16] = rt7M_tl.a
[17] = shb_l.a

  40'813 bytes of readonly  code memory
     442 bytes of readonly  data memory
  16'657 bytes of readwrite data memory

Errors: none
Warnings: none
