###############################################################################
#
# IAR ELF Linker V9.10.2.313/W64 for ARM                  12/Feb/2022  16:07:57
# Copyright 2007-2021 IAR Systems AB.
#
#    Output file  =  D:\Proyectos\STM32\kart\EWARM\kart\Exe\kart.out
#    Map file     =  D:\Proyectos\STM32\kart\EWARM\kart\List\kart.map
#    Command line =
#        -f D:\Proyectos\STM32\kart\EWARM\kart\Exe\kart.out.rsp
#        (D:\Proyectos\STM32\kart\EWARM\kart\Obj\Application\User\app_freertos.o
#        D:\Proyectos\STM32\kart\EWARM\kart\Obj\Middlewares\FreeRTOS\cmsis_os2.o
#        D:\Proyectos\STM32\kart\EWARM\kart\Obj\Middlewares\FreeRTOS\croutine.o
#        D:\Proyectos\STM32\kart\EWARM\kart\Obj\Application\dac\src\dac_api.o
#        D:\Proyectos\STM32\kart\EWARM\kart\Obj\Application\dac\src\dac_thread.o
#        D:\Proyectos\STM32\kart\EWARM\kart\Obj\Middlewares\FreeRTOS\event_groups.o
#        D:\Proyectos\STM32\kart\EWARM\kart\Obj\Application\hdwr\src\fifo_api.o
#        D:\Proyectos\STM32\kart\EWARM\kart\Obj\Application\hdwr\src\gpio_api.o
#        D:\Proyectos\STM32\kart\EWARM\kart\Obj\Middlewares\FreeRTOS\heap_4.o
#        D:\Proyectos\STM32\kart\EWARM\kart\Obj\Application\heartbeat\src\heartbeat_api.o
#        D:\Proyectos\STM32\kart\EWARM\kart\Obj\Middlewares\FreeRTOS\list.o
#        D:\Proyectos\STM32\kart\EWARM\kart\Obj\Application\User\main.o
#        D:\Proyectos\STM32\kart\EWARM\kart\Obj\Application\periodic\src\periodic_api.o
#        D:\Proyectos\STM32\kart\EWARM\kart\Obj\Application\periodic\src\periodic_conductor.o
#        D:\Proyectos\STM32\kart\EWARM\kart\Obj\Application\periodic\src\periodic_driver.o
#        D:\Proyectos\STM32\kart\EWARM\kart\Obj\Middlewares\FreeRTOS\port.o
#        D:\Proyectos\STM32\kart\EWARM\kart\Obj\Middlewares\FreeRTOS\portasm.o
#        D:\Proyectos\STM32\kart\EWARM\kart\Obj\Application\hdwr\src\pwm_api.o
#        D:\Proyectos\STM32\kart\EWARM\kart\Obj\Middlewares\FreeRTOS\queue.o
#        D:\Proyectos\STM32\kart\EWARM\kart\Obj\Application\hdwr\src\spi_api.o
#        D:\Proyectos\STM32\kart\EWARM\kart\Obj\Application\EWARM\startup_stm32l552xx.o
#        D:\Proyectos\STM32\kart\EWARM\kart\Obj\Drivers\STM32L5xx_HAL_Driver\stm32l5xx_hal.o
#        D:\Proyectos\STM32\kart\EWARM\kart\Obj\Drivers\STM32L5xx_HAL_Driver\stm32l5xx_hal_adc.o
#        D:\Proyectos\STM32\kart\EWARM\kart\Obj\Drivers\STM32L5xx_HAL_Driver\stm32l5xx_hal_adc_ex.o
#        D:\Proyectos\STM32\kart\EWARM\kart\Obj\Drivers\STM32L5xx_HAL_Driver\stm32l5xx_hal_cortex.o
#        D:\Proyectos\STM32\kart\EWARM\kart\Obj\Drivers\STM32L5xx_HAL_Driver\stm32l5xx_hal_dma.o
#        D:\Proyectos\STM32\kart\EWARM\kart\Obj\Drivers\STM32L5xx_HAL_Driver\stm32l5xx_hal_dma_ex.o
#        D:\Proyectos\STM32\kart\EWARM\kart\Obj\Drivers\STM32L5xx_HAL_Driver\stm32l5xx_hal_exti.o
#        D:\Proyectos\STM32\kart\EWARM\kart\Obj\Drivers\STM32L5xx_HAL_Driver\stm32l5xx_hal_flash.o
#        D:\Proyectos\STM32\kart\EWARM\kart\Obj\Drivers\STM32L5xx_HAL_Driver\stm32l5xx_hal_flash_ex.o
#        D:\Proyectos\STM32\kart\EWARM\kart\Obj\Drivers\STM32L5xx_HAL_Driver\stm32l5xx_hal_flash_ramfunc.o
#        D:\Proyectos\STM32\kart\EWARM\kart\Obj\Drivers\STM32L5xx_HAL_Driver\stm32l5xx_hal_gpio.o
#        D:\Proyectos\STM32\kart\EWARM\kart\Obj\Drivers\STM32L5xx_HAL_Driver\stm32l5xx_hal_i2c.o
#        D:\Proyectos\STM32\kart\EWARM\kart\Obj\Drivers\STM32L5xx_HAL_Driver\stm32l5xx_hal_i2c_ex.o
#        D:\Proyectos\STM32\kart\EWARM\kart\Obj\Drivers\STM32L5xx_HAL_Driver\stm32l5xx_hal_icache.o
#        D:\Proyectos\STM32\kart\EWARM\kart\Obj\Application\User\stm32l5xx_hal_msp.o
#        D:\Proyectos\STM32\kart\EWARM\kart\Obj\Drivers\STM32L5xx_HAL_Driver\stm32l5xx_hal_pwr.o
#        D:\Proyectos\STM32\kart\EWARM\kart\Obj\Drivers\STM32L5xx_HAL_Driver\stm32l5xx_hal_pwr_ex.o
#        D:\Proyectos\STM32\kart\EWARM\kart\Obj\Drivers\STM32L5xx_HAL_Driver\stm32l5xx_hal_rcc.o
#        D:\Proyectos\STM32\kart\EWARM\kart\Obj\Drivers\STM32L5xx_HAL_Driver\stm32l5xx_hal_rcc_ex.o
#        D:\Proyectos\STM32\kart\EWARM\kart\Obj\Drivers\STM32L5xx_HAL_Driver\stm32l5xx_hal_rtc.o
#        D:\Proyectos\STM32\kart\EWARM\kart\Obj\Drivers\STM32L5xx_HAL_Driver\stm32l5xx_hal_rtc_ex.o
#        D:\Proyectos\STM32\kart\EWARM\kart\Obj\Drivers\STM32L5xx_HAL_Driver\stm32l5xx_hal_spi.o
#        D:\Proyectos\STM32\kart\EWARM\kart\Obj\Drivers\STM32L5xx_HAL_Driver\stm32l5xx_hal_spi_ex.o
#        D:\Proyectos\STM32\kart\EWARM\kart\Obj\Drivers\STM32L5xx_HAL_Driver\stm32l5xx_hal_tim.o
#        D:\Proyectos\STM32\kart\EWARM\kart\Obj\Drivers\STM32L5xx_HAL_Driver\stm32l5xx_hal_tim_ex.o
#        D:\Proyectos\STM32\kart\EWARM\kart\Obj\Application\User\stm32l5xx_it.o
#        D:\Proyectos\STM32\kart\EWARM\kart\Obj\Middlewares\FreeRTOS\stream_buffer.o
#        D:\Proyectos\STM32\kart\EWARM\kart\Obj\Application\system\src\system_api.o
#        D:\Proyectos\STM32\kart\EWARM\kart\Obj\Drivers\CMSIS\system_stm32l5xx.o
#        D:\Proyectos\STM32\kart\EWARM\kart\Obj\Middlewares\FreeRTOS\tasks.o
#        D:\Proyectos\STM32\kart\EWARM\kart\Obj\Middlewares\FreeRTOS\timers.o
#        --no_out_extension -o D:\Proyectos\STM32\kart\EWARM\kart\Exe\kart.out
#        --redirect _Printf=_PrintfFullNoMb --redirect _Scanf=_ScanfFullNoMb
#        --map D:\Proyectos\STM32\kart\EWARM\kart\List\kart.map --config
#        D:\Proyectos\STM32\kart\EWARM/stm32l552xe_flash.icf --semihosting
#        --entry __iar_program_start --vfe --text_out locale)
#
###############################################################################

*******************************************************************************
*** RUNTIME MODEL ATTRIBUTES
***

CppFlavor       = *
__Heap_Handler  = DLMalloc
__SystemLibrary = DLib
__dlib_version  = 6


*******************************************************************************
*** HEAP SELECTION
***

The advanced heap was selected because the application calls memory
allocation functions outside of system library functions, and there
are calls to deallocation functions in the application.


*******************************************************************************
*** PLACEMENT SUMMARY
***

"A0":  place at address 0x800'0000 { ro section .intvec };
"P1":  place in [from 0x800'0000 to 0x807'ffff] { ro };
define block CSTACK with size = 1K, alignment = 8 { };
define block HEAP with size = 512, alignment = 8 { };
"P2":  place in [from 0x2000'0000 to 0x2002'ffff] {
          rw, block CSTACK, block HEAP };
"P3":  place in [from 0x2000'0000 to 0x2002'ffff] { };
initialize by copy { rw };

  Section               Kind         Address    Size  Object
  -------               ----         -------    ----  ------
"A0":                                          0x1f4
  .intvec               ro code   0x800'0000   0x1f4  startup_stm32l552xx.o [1]
                                - 0x800'01f4   0x1f4

"P1":                                         0x5a4a
  .text                 ro code   0x800'01f4   0xfe2  dlmalloc.o [11]
  .text                 ro code   0x800'11d6     0x6  abort.o [11]
  .text                 ro code   0x800'11dc    0x2c  xgetmemchunk.o [11]
  .text                 ro code   0x800'1208     0x6  ABImemclr.o [13]
  .text                 ro code   0x800'120e    0x3a  packbits_init_single.o [13]
  .text                 ro code   0x800'1248    0x14  exit.o [14]
  .text                 ro code   0x800'125c    0x12  ABImemset_small.o [13]
  .text                 ro code   0x800'1270    0x2c  iarttio.o [14]
  .text                 ro code   0x800'129c     0x8  XShttio.o [11]
  .text                 ro code   0x800'12a4   0x874  stm32l5xx_hal_rcc.o [9]
  .text                 ro code   0x800'1b18    0x44  stm32l5xx_hal.o [9]
  .text                 ro code   0x800'1b5c     0xc  stm32l5xx_hal.o [9]
  .text                 ro code   0x800'1b68    0xc0  stm32l5xx_hal_pwr_ex.o [9]
  .text                 ro code   0x800'1c28    0xc8  stm32l5xx_hal_cortex.o [9]
  .text                 ro code   0x800'1cf0   0x7e0  stm32l5xx_hal_adc.o [9]
  .text                 ro code   0x800'24d0   0x264  stm32l5xx_hal_msp.o [2]
  .text                 ro code   0x800'2734     0x2  stm32l5xx_hal_adc_ex.o [9]
  .text                 ro code   0x800'2736     0x2  stm32l5xx_hal_adc.o [9]
  .text                 ro code   0x800'2738     0x2  stm32l5xx_hal_adc_ex.o [9]
  .text                 ro code   0x800'273a     0x2  stm32l5xx_hal_adc.o [9]
  .text                 ro code   0x800'273c     0x2  stm32l5xx_hal_adc_ex.o [9]
  .text                 ro code   0x800'273e     0x2  stm32l5xx_hal_adc_ex.o [9]
  .text                 ro code   0x800'2740     0x2  stm32l5xx_hal_adc.o [9]
  .text                 ro code   0x800'2742     0x2  stm32l5xx_hal_adc_ex.o [9]
  .text                 ro code   0x800'2744    0x14  memset.o [13]
  .text                 ro code   0x800'2758   0x5a4  stm32l5xx_hal_rcc_ex.o [9]
  .text                 ro code   0x800'2cfc   0x43e  main.o [2]
  .text                 ro code   0x800'313c   0x1d8  stm32l5xx_hal_gpio.o [9]
  .text                 ro code   0x800'3314   0x26c  stm32l5xx_hal_dma.o [9]
  .text                 ro code   0x800'3580    0x22  stm32l5xx_hal.o [9]
  .text                 ro code   0x800'35a4    0xc4  stm32l5xx_hal_adc_ex.o [9]
  .text                 ro code   0x800'3668   0x14c  stm32l5xx_hal_rtc.o [9]
  .text                 ro code   0x800'37b4    0x34  stm32l5xx_hal_rtc_ex.o [9]
  .text                 ro code   0x800'37e8    0xe0  stm32l5xx_hal_spi.o [9]
  .text                 ro code   0x800'38c8   0x5f0  stm32l5xx_hal_tim.o [9]
  .text                 ro code   0x800'3eb8    0x94  stm32l5xx_hal_tim_ex.o [9]
  .text                 ro code   0x800'3f4c   0x1bc  cmsis_os2.o [10]
  .text                 ro code   0x800'4108    0x2c  system_api.o [7]
  .text                 ro code   0x800'4134    0x10  stm32l5xx_hal_pwr.o [9]
  .text                 ro code   0x800'4144    0xc8  system_stm32l5xx.o [8]
  .text                 ro code   0x800'420c     0x2  stm32l5xx_hal_tim.o [9]
  .text                 ro code   0x800'4210   0x760  tasks.o [10]
  .text                 ro code   0x800'4970   0x16c  port.o [10]
  .text                 ro code   0x800'4adc    0x50  gpio_api.o [4]
  .text                 ro code   0x800'4b2c    0x24  periodic_api.o [6]
  .text                 ro code   0x800'4b50    0x3c  heartbeat_api.o [5]
  privileged_functions  ro code   0x800'4b8c    0xc8  portasm.o [10]
  .text                 ro code   0x800'4c54   0x194  heap_4.o [10]
  .text                 ro code   0x800'4de8    0x3a  ABImemset48.o [13]
  .text                 ro code   0x800'4e22    0x92  list.o [10]
  .text                 ro code   0x800'4eb4    0x14  cmsis_os2.o [10]
  .text                 ro code   0x800'4ec8   0x334  timers.o [10]
  .text                 ro code   0x800'51fc    0x28  port.o [10]
  .text                 ro code   0x800'5224    0x80  periodic_conductor.o [6]
  .text                 ro code   0x800'52a4    0xec  periodic_driver.o [6]
  .text                 ro code   0x800'5390    0x18  cmsis_os2.o [10]
  .text                 ro code   0x800'53a8   0x4f4  queue.o [10]
  .text                 ro code   0x800'589c    0x18  ABImemcpy_small.o [13]
  .rodata               const     0x800'58b4    0x40  system_stm32l5xx.o [8]
  .text                 ro code   0x800'58f4    0x38  zero_init3.o [13]
  .text                 ro code   0x800'592c    0x28  data_init.o [13]
  .rodata               const     0x800'5954    0x24  main.o [2]
  .text                 ro code   0x800'5978    0x22  fpinit_M.o [12]
  .iar.init_table       const     0x800'599c    0x20  - Linker created -
  .text                 ro code   0x800'59bc    0x20  stm32l5xx_it.o [2]
  .text                 ro code   0x800'59dc    0x1e  cmain.o [13]
  .text                 ro code   0x800'59fa     0x4  low_level_init.o [11]
  .text                 ro code   0x800'59fe     0x4  exit.o [11]
  .text                 ro code   0x800'5a04     0xa  cexit.o [13]
  .text                 ro code   0x800'5a10    0x1c  cstartup_M.o [13]
  .text                 ro code   0x800'5a2c    0x10  startup_stm32l552xx.o [1]
  .rodata               const     0x800'5a3c     0xc  main.o [2]
  .rodata               const     0x800'5a48     0xc  periodic_conductor.o [6]
  .rodata               const     0x800'5a54     0xc  system_api.o [7]
  .text                 ro code   0x800'5a60     0x4  startup_stm32l552xx.o [1]
  .text                 ro code   0x800'5a64     0x4  startup_stm32l552xx.o [1]
  .text                 ro code   0x800'5a68     0x4  startup_stm32l552xx.o [1]
  .text                 ro code   0x800'5a6c     0x4  startup_stm32l552xx.o [1]
  .text                 ro code   0x800'5a70     0x4  startup_stm32l552xx.o [1]
  .text                 ro code   0x800'5a74     0x4  startup_stm32l552xx.o [1]
  .text                 ro code   0x800'5a78     0x4  startup_stm32l552xx.o [1]
  .text                 ro code   0x800'5a7c     0x4  startup_stm32l552xx.o [1]
  .text                 ro code   0x800'5a80     0x4  startup_stm32l552xx.o [1]
  .text                 ro code   0x800'5a84     0x4  startup_stm32l552xx.o [1]
  .text                 ro code   0x800'5a88     0x4  startup_stm32l552xx.o [1]
  .text                 ro code   0x800'5a8c     0x4  startup_stm32l552xx.o [1]
  .text                 ro code   0x800'5a90     0x4  startup_stm32l552xx.o [1]
  .text                 ro code   0x800'5a94     0x4  startup_stm32l552xx.o [1]
  .text                 ro code   0x800'5a98     0x4  startup_stm32l552xx.o [1]
  .text                 ro code   0x800'5a9c     0x4  startup_stm32l552xx.o [1]
  .text                 ro code   0x800'5aa0     0x4  startup_stm32l552xx.o [1]
  .text                 ro code   0x800'5aa4     0x4  startup_stm32l552xx.o [1]
  .text                 ro code   0x800'5aa8     0x4  startup_stm32l552xx.o [1]
  .text                 ro code   0x800'5aac     0x4  startup_stm32l552xx.o [1]
  .text                 ro code   0x800'5ab0     0x4  startup_stm32l552xx.o [1]
  .text                 ro code   0x800'5ab4     0x4  startup_stm32l552xx.o [1]
  .text                 ro code   0x800'5ab8     0x4  startup_stm32l552xx.o [1]
  .text                 ro code   0x800'5abc     0x4  startup_stm32l552xx.o [1]
  .text                 ro code   0x800'5ac0     0x4  startup_stm32l552xx.o [1]
  .text                 ro code   0x800'5ac4     0x4  startup_stm32l552xx.o [1]
  .text                 ro code   0x800'5ac8     0x4  startup_stm32l552xx.o [1]
  .text                 ro code   0x800'5acc     0x4  startup_stm32l552xx.o [1]
  .text                 ro code   0x800'5ad0     0x4  startup_stm32l552xx.o [1]
  .text                 ro code   0x800'5ad4     0x4  startup_stm32l552xx.o [1]
  .text                 ro code   0x800'5ad8     0x4  startup_stm32l552xx.o [1]
  .text                 ro code   0x800'5adc     0x4  startup_stm32l552xx.o [1]
  .text                 ro code   0x800'5ae0     0x4  startup_stm32l552xx.o [1]
  .text                 ro code   0x800'5ae4     0x4  startup_stm32l552xx.o [1]
  .text                 ro code   0x800'5ae8     0x4  startup_stm32l552xx.o [1]
  .text                 ro code   0x800'5aec     0x4  startup_stm32l552xx.o [1]
  .text                 ro code   0x800'5af0     0x4  startup_stm32l552xx.o [1]
  .text                 ro code   0x800'5af4     0x4  startup_stm32l552xx.o [1]
  .text                 ro code   0x800'5af8     0x4  startup_stm32l552xx.o [1]
  .text                 ro code   0x800'5afc     0x4  startup_stm32l552xx.o [1]
  .text                 ro code   0x800'5b00     0x4  startup_stm32l552xx.o [1]
  .text                 ro code   0x800'5b04     0x4  startup_stm32l552xx.o [1]
  .text                 ro code   0x800'5b08     0x4  startup_stm32l552xx.o [1]
  .text                 ro code   0x800'5b0c     0x4  startup_stm32l552xx.o [1]
  .text                 ro code   0x800'5b10     0x4  startup_stm32l552xx.o [1]
  .text                 ro code   0x800'5b14     0x4  startup_stm32l552xx.o [1]
  .text                 ro code   0x800'5b18     0x4  startup_stm32l552xx.o [1]
  .text                 ro code   0x800'5b1c     0x4  startup_stm32l552xx.o [1]
  .text                 ro code   0x800'5b20     0x4  startup_stm32l552xx.o [1]
  .text                 ro code   0x800'5b24     0x4  startup_stm32l552xx.o [1]
  .text                 ro code   0x800'5b28     0x4  startup_stm32l552xx.o [1]
  .text                 ro code   0x800'5b2c     0x4  startup_stm32l552xx.o [1]
  .text                 ro code   0x800'5b30     0x4  startup_stm32l552xx.o [1]
  .text                 ro code   0x800'5b34     0x4  startup_stm32l552xx.o [1]
  .text                 ro code   0x800'5b38     0x4  startup_stm32l552xx.o [1]
  .text                 ro code   0x800'5b3c     0x4  startup_stm32l552xx.o [1]
  .text                 ro code   0x800'5b40     0x4  startup_stm32l552xx.o [1]
  .text                 ro code   0x800'5b44     0x4  startup_stm32l552xx.o [1]
  .text                 ro code   0x800'5b48     0x4  startup_stm32l552xx.o [1]
  .text                 ro code   0x800'5b4c     0x4  startup_stm32l552xx.o [1]
  .text                 ro code   0x800'5b50     0x4  startup_stm32l552xx.o [1]
  .text                 ro code   0x800'5b54     0x4  startup_stm32l552xx.o [1]
  .text                 ro code   0x800'5b58     0x4  startup_stm32l552xx.o [1]
  .text                 ro code   0x800'5b5c     0x4  startup_stm32l552xx.o [1]
  .text                 ro code   0x800'5b60     0x4  startup_stm32l552xx.o [1]
  .text                 ro code   0x800'5b64     0x4  startup_stm32l552xx.o [1]
  .text                 ro code   0x800'5b68     0x4  startup_stm32l552xx.o [1]
  .text                 ro code   0x800'5b6c     0x4  startup_stm32l552xx.o [1]
  .text                 ro code   0x800'5b70     0x4  startup_stm32l552xx.o [1]
  .text                 ro code   0x800'5b74     0x4  startup_stm32l552xx.o [1]
  .text                 ro code   0x800'5b78     0x4  startup_stm32l552xx.o [1]
  .text                 ro code   0x800'5b7c     0x4  startup_stm32l552xx.o [1]
  .text                 ro code   0x800'5b80     0x4  startup_stm32l552xx.o [1]
  .text                 ro code   0x800'5b84     0x4  startup_stm32l552xx.o [1]
  .text                 ro code   0x800'5b88     0x4  startup_stm32l552xx.o [1]
  .text                 ro code   0x800'5b8c     0x4  startup_stm32l552xx.o [1]
  .text                 ro code   0x800'5b90     0x4  startup_stm32l552xx.o [1]
  .text                 ro code   0x800'5b94     0x4  startup_stm32l552xx.o [1]
  .text                 ro code   0x800'5b98     0x4  startup_stm32l552xx.o [1]
  .text                 ro code   0x800'5b9c     0x4  startup_stm32l552xx.o [1]
  .text                 ro code   0x800'5ba0     0x4  startup_stm32l552xx.o [1]
  .text                 ro code   0x800'5ba4     0x4  startup_stm32l552xx.o [1]
  .text                 ro code   0x800'5ba8     0x4  startup_stm32l552xx.o [1]
  .text                 ro code   0x800'5bac     0x4  startup_stm32l552xx.o [1]
  .text                 ro code   0x800'5bb0     0x4  startup_stm32l552xx.o [1]
  .text                 ro code   0x800'5bb4     0x4  startup_stm32l552xx.o [1]
  .text                 ro code   0x800'5bb8     0x4  startup_stm32l552xx.o [1]
  .text                 ro code   0x800'5bbc     0x4  startup_stm32l552xx.o [1]
  .text                 ro code   0x800'5bc0     0x4  startup_stm32l552xx.o [1]
  .text                 ro code   0x800'5bc4     0x4  startup_stm32l552xx.o [1]
  .text                 ro code   0x800'5bc8     0x4  startup_stm32l552xx.o [1]
  .text                 ro code   0x800'5bcc     0x4  startup_stm32l552xx.o [1]
  .text                 ro code   0x800'5bd0     0x4  startup_stm32l552xx.o [1]
  .text                 ro code   0x800'5bd4     0x4  startup_stm32l552xx.o [1]
  .text                 ro code   0x800'5bd8     0x4  startup_stm32l552xx.o [1]
  .text                 ro code   0x800'5bdc     0x4  startup_stm32l552xx.o [1]
  .text                 ro code   0x800'5be0     0x4  startup_stm32l552xx.o [1]
  .text                 ro code   0x800'5be4     0x4  startup_stm32l552xx.o [1]
  .text                 ro code   0x800'5be8     0x4  startup_stm32l552xx.o [1]
  .text                 ro code   0x800'5bec     0x4  startup_stm32l552xx.o [1]
  .text                 ro code   0x800'5bf0     0x4  startup_stm32l552xx.o [1]
  .text                 ro code   0x800'5bf4     0x4  startup_stm32l552xx.o [1]
  .text                 ro code   0x800'5bf8     0x4  startup_stm32l552xx.o [1]
  .rodata               const     0x800'5bfc     0x0  zero_init3.o [13]
  .rodata               const     0x800'5bfc     0x0  packbits_init_single.o [13]
  Initializer bytes     const     0x800'5bfc    0x42  <for P2-P3-1>
                                - 0x800'5c3e  0x5a4a

"P2-P3", part 1 of 3:                           0x68
  P2-P3-1                        0x2000'0000    0x68  <Init block>
    .data               inited   0x2000'0000    0x18  gpio_api.o [4]
    .data               inited   0x2000'0018    0x24  periodic_conductor.o [6]
    .data               inited   0x2000'003c     0x4  port.o [10]
    .data               inited   0x2000'0040     0xc  stm32l5xx_hal.o [9]
    .data               inited   0x2000'004c    0x10  system_api.o [7]
    .data               inited   0x2000'005c     0x4  system_stm32l5xx.o [8]
    .data               inited   0x2000'0060     0x8  XShttio.o [11]
                               - 0x2000'0068    0x68

"P2-P3", part 2 of 3:                         0x3178
  .bss                  zero     0x2000'0068  0x2020  heap_4.o [10]
  .bss                  zero     0x2000'2088   0x460  tasks.o [10]
  .bss                  zero     0x2000'24e8   0x45c  cmsis_os2.o [10]
  .bss                  zero     0x2000'2944   0x25c  cmsis_os2.o [10]
  .bss                  zero     0x2000'2ba0   0x1d8  dlmalloc.o [11]
  .bss                  zero     0x2000'2d78   0x144  main.o [2]
  .bss                  zero     0x2000'2ebc   0x12c  timers.o [10]
  .bss                  zero     0x2000'2fe8    0x9c  tasks.o [10]
  .bss                  zero     0x2000'3084    0x68  main.o [2]
  .bss                  zero     0x2000'30ec    0x40  queue.o [10]
  .bss                  zero     0x2000'312c    0x24  periodic_driver.o [6]
  .bss                  zero     0x2000'3150    0x24  periodic_driver.o [6]
  .bss                  zero     0x2000'3174    0x24  periodic_driver.o [6]
  .bss                  zero     0x2000'3198    0x24  periodic_driver.o [6]
  .bss                  zero     0x2000'31bc    0x18  dlmalloc.o [11]
  .bss                  zero     0x2000'31d4     0x4  cmsis_os2.o [10]
  .bss                  zero     0x2000'31d8     0x4  periodic_conductor.o [6]
  .bss                  zero     0x2000'31dc     0x4  xgetmemchunk.o [11]
                               - 0x2000'31e0  0x3178

"P2-P3", part 3 of 3:                          0x600
  CSTACK                         0x2000'31e0   0x400  <Block>
    CSTACK              uninit   0x2000'31e0   0x400  <Block tail>
  HEAP                           0x2000'35e0   0x200  <Block>
    HEAP                uninit   0x2000'35e0   0x200  <Block tail>
                               - 0x2000'37e0   0x600

Unused ranges:

         From           To      Size
         ----           --      ----
   0x800'5c3e   0x807'ffff  0x7'a3c2
  0x2000'37e0  0x2002'ffff  0x2'c820


*******************************************************************************
*** INIT TABLE
***

          Address      Size
          -------      ----
Zero (__iar_zero_init3)
    1 destination range, total size 0x3178:
          0x2000'0068  0x3178

Copy/packbits (__iar_packbits_init_single3)
    1 source range, total size 0x42 (63% of destination):
           0x800'5bfc    0x42
    1 destination range, total size 0x68:
          0x2000'0000    0x68



*******************************************************************************
*** MODULE SUMMARY
***

    Module                  ro code  ro data  rw data
    ------                  -------  -------  -------
command line/config:
    -------------------------------------------------
    Total:

D:\Proyectos\STM32\kart\EWARM\kart\Obj\Application\EWARM: [1]
    startup_stm32l552xx.o       928
    -------------------------------------------------
    Total:                      928

D:\Proyectos\STM32\kart\EWARM\kart\Obj\Application\User: [2]
    main.o                    1'086       48      428
    stm32l5xx_hal_msp.o         612
    stm32l5xx_it.o               32
    -------------------------------------------------
    Total:                    1'730       48      428

D:\Proyectos\STM32\kart\EWARM\kart\Obj\Application\dac\src: [3]
    -------------------------------------------------
    Total:

D:\Proyectos\STM32\kart\EWARM\kart\Obj\Application\hdwr\src: [4]
    gpio_api.o                   80       15       24
    -------------------------------------------------
    Total:                       80       15       24

D:\Proyectos\STM32\kart\EWARM\kart\Obj\Application\heartbeat\src: [5]
    heartbeat_api.o              60
    -------------------------------------------------
    Total:                       60

D:\Proyectos\STM32\kart\EWARM\kart\Obj\Application\periodic\src: [6]
    periodic_api.o               36
    periodic_conductor.o        128       35       40
    periodic_driver.o           236               144
    -------------------------------------------------
    Total:                      400       35      184

D:\Proyectos\STM32\kart\EWARM\kart\Obj\Application\system\src: [7]
    system_api.o                 44       22       16
    -------------------------------------------------
    Total:                       44       22       16

D:\Proyectos\STM32\kart\EWARM\kart\Obj\Drivers\CMSIS: [8]
    system_stm32l5xx.o          200       66        4
    -------------------------------------------------
    Total:                      200       66        4

D:\Proyectos\STM32\kart\EWARM\kart\Obj\Drivers\STM32L5xx_HAL_Driver: [9]
    stm32l5xx_hal.o             114        8       12
    stm32l5xx_hal_adc.o       2'022
    stm32l5xx_hal_adc_ex.o      206
    stm32l5xx_hal_cortex.o      200
    stm32l5xx_hal_dma.o         620
    stm32l5xx_hal_gpio.o        472
    stm32l5xx_hal_pwr.o          16
    stm32l5xx_hal_pwr_ex.o      192
    stm32l5xx_hal_rcc.o       2'164
    stm32l5xx_hal_rcc_ex.o    1'444
    stm32l5xx_hal_rtc.o         332
    stm32l5xx_hal_rtc_ex.o       52
    stm32l5xx_hal_spi.o         224
    stm32l5xx_hal_tim.o       1'522
    stm32l5xx_hal_tim_ex.o      148
    -------------------------------------------------
    Total:                    9'728        8       12

D:\Proyectos\STM32\kart\EWARM\kart\Obj\Middlewares\FreeRTOS: [10]
    cmsis_os2.o                 488             1'724
    heap_4.o                    404             8'224
    list.o                      146
    port.o                      404        2        4
    portasm.o                   200
    queue.o                   1'268                64
    tasks.o                   1'888             1'276
    timers.o                    820               300
    -------------------------------------------------
    Total:                    5'618        2   11'592

dl7M_tlf.a: [11]
    XShttio.o                     8        6        8
    abort.o                       6
    dlmalloc.o                4'066               496
    exit.o                        4
    low_level_init.o              4
    xgetmemchunk.o               44                 4
    -------------------------------------------------
    Total:                    4'132        6      508

m7M_tls.a: [12]
    fpinit_M.o                   34
    -------------------------------------------------
    Total:                       34

rt7M_tl.a: [13]
    ABImemclr.o                   6
    ABImemcpy_small.o            24
    ABImemset48.o                58
    ABImemset_small.o            18
    cexit.o                      10
    cmain.o                      30
    cstartup_M.o                 28
    data_init.o                  40
    memset.o                     20
    packbits_init_single.o       58
    zero_init3.o                 56
    -------------------------------------------------
    Total:                      348

shb_l.a: [14]
    exit.o                       20
    iarttio.o                    44
    -------------------------------------------------
    Total:                       64

    Gaps                         12        2
    Linker created                        32    1'536
-----------------------------------------------------
    Grand Total:             23'378      236   14'304


*******************************************************************************
*** ENTRY LIST
***

Entry                       Address    Size  Type      Object
-----                       -------    ----  ----      ------
.iar.init_table$$Base    0x800'599c           --   Gb  - Linker created -
.iar.init_table$$Limit   0x800'59bc           --   Gb  - Linker created -
?main                    0x800'59dd          Code  Gb  cmain.o [13]
ADC1_2_IRQHandler        0x800'59cf     0x6  Code  Gb  stm32l5xx_it.o [2]
AHBPrescTable            0x800'41fc    0x10  Data  Gb  system_stm32l5xx.o [8]
BusFault_Handler         0x800'59c3     0x2  Code  Gb  stm32l5xx_it.o [2]
CSTACK$$Base            0x2000'31e0           --   Gb  - Linker created -
CSTACK$$Limit           0x2000'35e0           --   Gb  - Linker created -
DMA1_Channel1_IRQHandler
                         0x800'59c9     0x6  Code  Gb  stm32l5xx_it.o [2]
DMA_CalcDMAMUXChannelBaseAndMask
                         0x800'34ff    0x3a  Code  Lc  stm32l5xx_hal_dma.o [9]
DMA_CalcDMAMUXRequestGenBaseAndMask
                         0x800'3539    0x1c  Code  Lc  stm32l5xx_hal_dma.o [9]
DebugMon_Handler         0x800'59c7     0x2  Code  Gb  stm32l5xx_it.o [2]
Error_Handler            0x800'3137     0x4  Code  Gb  main.o [2]
HAL_ADCEx_EndOfSamplingCallback
                         0x800'2735     0x2  Code  Gb  stm32l5xx_hal_adc_ex.o [9]
HAL_ADCEx_InjectedConvCpltCallback
                         0x800'2739     0x2  Code  Gb  stm32l5xx_hal_adc_ex.o [9]
HAL_ADCEx_InjectedQueueOverflowCallback
                         0x800'2743     0x2  Code  Gb  stm32l5xx_hal_adc_ex.o [9]
HAL_ADCEx_LevelOutOfWindow2Callback
                         0x800'273d     0x2  Code  Gb  stm32l5xx_hal_adc_ex.o [9]
HAL_ADCEx_LevelOutOfWindow3Callback
                         0x800'273f     0x2  Code  Gb  stm32l5xx_hal_adc_ex.o [9]
HAL_ADCEx_MultiModeConfigChannel
                         0x800'35a5    0xae  Code  Gb  stm32l5xx_hal_adc_ex.o [9]
HAL_ADC_ConfigChannel    0x800'2137   0x2fe  Code  Gb  stm32l5xx_hal_adc.o [9]
HAL_ADC_ConvCpltCallback
                         0x800'2737     0x2  Code  Gb  stm32l5xx_hal_adc.o [9]
HAL_ADC_ErrorCallback    0x800'2741     0x2  Code  Gb  stm32l5xx_hal_adc.o [9]
HAL_ADC_IRQHandler       0x800'1ed9   0x226  Code  Gb  stm32l5xx_hal_adc.o [9]
HAL_ADC_Init             0x800'1d43   0x196  Code  Gb  stm32l5xx_hal_adc.o [9]
HAL_ADC_LevelOutOfWindowCallback
                         0x800'273b     0x2  Code  Gb  stm32l5xx_hal_adc.o [9]
HAL_ADC_MspInit          0x800'250d    0xe4  Code  Gb  stm32l5xx_hal_msp.o [2]
HAL_DMA_ConfigChannelAttributes
                         0x800'34df    0x20  Code  Gb  stm32l5xx_hal_dma.o [9]
HAL_DMA_IRQHandler       0x800'33e5    0xe8  Code  Gb  stm32l5xx_hal_dma.o [9]
HAL_DMA_Init             0x800'3315    0x86  Code  Gb  stm32l5xx_hal_dma.o [9]
HAL_GPIO_Init            0x800'313d   0x196  Code  Gb  stm32l5xx_hal_gpio.o [9]
HAL_GPIO_TogglePin       0x800'32dd    0x10  Code  Gb  stm32l5xx_hal_gpio.o [9]
HAL_GPIO_WritePin        0x800'32d3     0xa  Code  Gb  stm32l5xx_hal_gpio.o [9]
HAL_GetTick              0x800'1b5d     0xc  Code  Gb  stm32l5xx_hal.o [9]
HAL_Init                 0x800'3581    0x22  Code  Gb  stm32l5xx_hal.o [9]
HAL_InitTick             0x800'1b19    0x44  Code  Gb  stm32l5xx_hal.o [9]
HAL_MspInit              0x800'24d1    0x3c  Code  Gb  stm32l5xx_hal_msp.o [2]
HAL_NVIC_EnableIRQ       0x800'1c99    0x16  Code  Gb  stm32l5xx_hal_cortex.o [9]
HAL_NVIC_SetPriority     0x800'1c5d    0x3a  Code  Gb  stm32l5xx_hal_cortex.o [9]
HAL_NVIC_SetPriorityGrouping
                         0x800'1c43    0x1a  Code  Gb  stm32l5xx_hal_cortex.o [9]
HAL_PWREx_ControlVoltageScaling
                         0x800'1b75    0x66  Code  Gb  stm32l5xx_hal_pwr_ex.o [9]
HAL_PWREx_DisableUCPDDeadBattery
                         0x800'1be9     0x2  Code  Gb  stm32l5xx_hal_pwr_ex.o [9]
HAL_PWREx_EnableVddIO2   0x800'1bdb     0xe  Code  Gb  stm32l5xx_hal_pwr_ex.o [9]
HAL_PWREx_GetVoltageRange
                         0x800'1b69     0xc  Code  Gb  stm32l5xx_hal_pwr_ex.o [9]
HAL_PWREx_SMPS_GetEffectiveMode
                         0x800'1bf5    0x1c  Code  Gb  stm32l5xx_hal_pwr_ex.o [9]
HAL_PWR_EnableBkUpAccess
                         0x800'4135     0xc  Code  Gb  stm32l5xx_hal_pwr.o [9]
HAL_RCCEx_PeriphCLKConfig
                         0x800'2759   0x3d6  Code  Gb  stm32l5xx_hal_rcc_ex.o [9]
HAL_RCC_ClockConfig      0x800'17f7   0x18e  Code  Gb  stm32l5xx_hal_rcc.o [9]
HAL_RCC_GetHCLKFreq      0x800'1a47    0x12  Code  Gb  stm32l5xx_hal_rcc.o [9]
HAL_RCC_GetSysClockFreq
                         0x800'19b1    0x96  Code  Gb  stm32l5xx_hal_rcc.o [9]
HAL_RCC_OscConfig        0x800'12a5   0x526  Code  Gb  stm32l5xx_hal_rcc.o [9]
HAL_RTCEx_PrivilegeModeSet
                         0x800'37b5    0x2c  Code  Gb  stm32l5xx_hal_rtc_ex.o [9]
HAL_RTC_Init             0x800'3669    0x86  Code  Gb  stm32l5xx_hal_rtc.o [9]
HAL_RTC_MspInit          0x800'25f1    0x50  Code  Gb  stm32l5xx_hal_msp.o [2]
HAL_RTC_WaitForSynchro   0x800'36ef    0x2e  Code  Gb  stm32l5xx_hal_rtc.o [9]
HAL_SPI_Init             0x800'37e9    0xd4  Code  Gb  stm32l5xx_hal_spi.o [9]
HAL_SPI_MspInit          0x800'2641    0x48  Code  Gb  stm32l5xx_hal_msp.o [2]
HAL_SYSTICK_Config       0x800'1caf    0x28  Code  Gb  stm32l5xx_hal_cortex.o [9]
HAL_TIMEx_MasterConfigSynchronization
                         0x800'3eb9    0x7a  Code  Gb  stm32l5xx_hal_tim_ex.o [9]
HAL_TIM_Base_Init        0x800'38c9    0x1a  Code  Gb  stm32l5xx_hal_tim.o [9]
HAL_TIM_Base_MspInit     0x800'269f    0x22  Code  Gb  stm32l5xx_hal_msp.o [2]
HAL_TIM_ConfigClockSource
                         0x800'3a45    0x90  Code  Gb  stm32l5xx_hal_tim.o [9]
HAL_TIM_MspPostInit      0x800'26c1    0x3a  Code  Gb  stm32l5xx_hal_msp.o [2]
HAL_TIM_PWM_ConfigChannel
                         0x800'3937   0x102  Code  Gb  stm32l5xx_hal_tim.o [9]
HAL_TIM_PWM_Init         0x800'390d    0x1a  Code  Gb  stm32l5xx_hal_tim.o [9]
HAL_TIM_PWM_MspInit      0x800'420d     0x2  Code  Gb  stm32l5xx_hal_tim.o [9]
HEAP$$Base              0x2000'35e0           --   Gb  - Linker created -
HEAP$$Limit             0x2000'37e0           --   Gb  - Linker created -
HardFault_Handler        0x800'59bf     0x2  Code  Gb  stm32l5xx_it.o [2]
KernelState             0x2000'31d4     0x4  Data  Lc  cmsis_os2.o [10]
LL_ADC_GetOffsetChannel
                         0x800'1cf1     0xe  Code  Lc  stm32l5xx_hal_adc.o [9]
LL_ADC_REG_IsTriggerSourceSWStart
                         0x800'1d11     0xe  Code  Lc  stm32l5xx_hal_adc.o [9]
LL_ADC_SetChannelSamplingTime
                         0x800'1d1f    0x24  Code  Lc  stm32l5xx_hal_adc.o [9]
LL_ADC_SetOffsetState    0x800'1cff    0x12  Code  Lc  stm32l5xx_hal_adc.o [9]
MSIRangeTable            0x800'58b4    0x40  Data  Gb  system_stm32l5xx.o [8]
MemManage_Handler        0x800'59c1     0x2  Code  Gb  stm32l5xx_it.o [2]
NMI_Handler              0x800'59bd     0x2  Code  Gb  stm32l5xx_it.o [2]
PendSV_Handler           0x800'4bf5          Code  Gb  portasm.o [10]
RCCEx_PLLSAI1_Config     0x800'2b59    0xd6  Code  Lc  stm32l5xx_hal_rcc_ex.o [9]
RCCEx_PLLSAI2_Config     0x800'2c35    0xa8  Code  Lc  stm32l5xx_hal_rcc_ex.o [9]
RCC_SetFlashLatencyFromMSIRange
                         0x800'1a65    0x78  Code  Lc  stm32l5xx_hal_rcc.o [9]
RTC_EnterInitMode        0x800'371d    0x40  Code  Gb  stm32l5xx_hal_rtc.o [9]
RTC_ExitInitMode         0x800'375d    0x4c  Code  Gb  stm32l5xx_hal_rtc.o [9]
Region$$Table$$Base      0x800'599c           --   Gb  - Linker created -
Region$$Table$$Limit     0x800'59bc           --   Gb  - Linker created -
SVC_Handler              0x800'4c39          Code  Gb  portasm.o [10]
StartDefaultTask         0x800'312d     0xa  Code  Gb  main.o [2]
SysTick_Handler          0x800'3f4d    0x1a  Code  Gb  cmsis_os2.o [10]
SystemClock_Config       0x800'3063    0x84  Code  Gb  main.o [2]
SystemCoreClock         0x2000'005c     0x4  Data  Gb  system_stm32l5xx.o [8]
SystemCoreClockUpdate    0x800'4151    0x8e  Code  Gb  system_stm32l5xx.o [8]
SystemInit               0x800'4145     0xc  Code  Gb  system_stm32l5xx.o [8]
TIM_Base_SetConfig       0x800'3b01    0xac  Code  Gb  stm32l5xx_hal_tim.o [9]
TIM_ETR_SetConfig        0x800'3ea5    0x14  Code  Gb  stm32l5xx_hal_tim.o [9]
TIM_ITRx_SetConfig       0x800'3e59    0x10  Code  Lc  stm32l5xx_hal_tim.o [9]
TIM_OC1_SetConfig        0x800'3bad    0x84  Code  Lc  stm32l5xx_hal_tim.o [9]
TIM_OC2_SetConfig        0x800'3c31    0x74  Code  Gb  stm32l5xx_hal_tim.o [9]
TIM_OC3_SetConfig        0x800'3ca5    0x70  Code  Lc  stm32l5xx_hal_tim.o [9]
TIM_OC4_SetConfig        0x800'3d15    0x4e  Code  Lc  stm32l5xx_hal_tim.o [9]
TIM_OC5_SetConfig        0x800'3d63    0x54  Code  Lc  stm32l5xx_hal_tim.o [9]
TIM_OC6_SetConfig        0x800'3db7    0x4e  Code  Lc  stm32l5xx_hal_tim.o [9]
TIM_TI1_ConfigInputStage
                         0x800'3e13    0x22  Code  Lc  stm32l5xx_hal_tim.o [9]
TIM_TI2_ConfigInputStage
                         0x800'3e35    0x24  Code  Lc  stm32l5xx_hal_tim.o [9]
UsageFault_Handler       0x800'59c5     0x2  Code  Gb  stm32l5xx_it.o [2]
__NVIC_SetPriority       0x800'1c29    0x1a  Code  Lc  stm32l5xx_hal_cortex.o [9]
__Vectors                0x800'0000           --   Gb  startup_stm32l552xx.o [1]
__Vectors_End            0x800'01f4          Data  Gb  startup_stm32l552xx.o [1]
__Vectors_Size {Abs}          0x1f4           --   Gb  startup_stm32l552xx.o [1]
__aeabi_memclr           0x800'1209          Code  Gb  ABImemclr.o [13]
__aeabi_memset4          0x800'4de9          Code  Gb  ABImemset48.o [13]
__aeabi_memset8          0x800'4de9          Code  Gb  ABImemset48.o [13]
__cmain                  0x800'59dd          Code  Gb  cmain.o [13]
__data_GetMemChunk       0x800'11dd    0x2c  Code  Gb  xgetmemchunk.o [11]
__data_GetMemChunk::start
                        0x2000'31dc     0x4  Data  Lc  xgetmemchunk.o [11]
__exit                   0x800'1249    0x14  Code  Gb  exit.o [14]
__iar_Memset4_word       0x800'4df1          Code  Gb  ABImemset48.o [13]
__iar_Memset8_word       0x800'4df1          Code  Gb  ABImemset48.o [13]
__iar_close_ttio         0x800'1271    0x2c  Code  Gb  iarttio.o [14]
__iar_data_init3         0x800'592d    0x28  Code  Gb  data_init.o [13]
__iar_dlcalloc           0x800'1199    0x3e  Code  Gb  dlmalloc.o [11]
__iar_dlmalloc           0x800'027d   0xf16  Code  Gb  dlmalloc.o [11]
__iar_init_vfp           0x800'5979          Code  Gb  fpinit_M.o [12]
__iar_lookup_ttioh       0x800'129d     0x8  Code  Gb  XShttio.o [11]
__iar_packbits_init_single3
                         0x800'120f    0x3a  Code  Gb  packbits_init_single.o [13]
__iar_program_start      0x800'5a11          Code  Gb  cstartup_M.o [13]
__iar_small_Memcpy       0x800'58a1          Code  Gb  ABImemcpy_small.o [13]
__iar_small_Memset       0x800'125d          Code  Gb  ABImemset_small.o [13]
__iar_small_Memset_word
                         0x800'125d          Code  Gb  ABImemset_small.o [13]
__iar_small_memcpy       0x800'589d          Code  Gb  ABImemcpy_small.o [13]
__iar_small_memcpy4      0x800'589d          Code  Gb  ABImemcpy_small.o [13]
__iar_small_memcpy8      0x800'589d          Code  Gb  ABImemcpy_small.o [13]
__iar_small_memset       0x800'125d          Code  Gb  ABImemset_small.o [13]
__iar_ttio_handles      0x2000'0060     0x8  Data  Lc  XShttio.o [11]
__iar_zero_init3         0x800'58f5    0x38  Code  Gb  zero_init3.o [13]
__low_level_init         0x800'59fb     0x4  Code  Gb  low_level_init.o [11]
__vector_table           0x800'0000          Data  Gb  startup_stm32l552xx.o [1]
_call_main               0x800'59e9          Code  Gb  cmain.o [13]
_exit                    0x800'5a05          Code  Gb  cexit.o [13]
_gm_                    0x2000'2ba0   0x1d8  Data  Lc  dlmalloc.o [11]
abort                    0x800'11d7     0x6  Code  Gb  abort.o [11]
cllbck_every_1000_ms    0x2000'3198    0x24  Data  Gb  periodic_driver.o [6]
cllbck_every_100_ms     0x2000'312c    0x24  Data  Gb  periodic_driver.o [6]
cllbck_every_200_ms     0x2000'3150    0x24  Data  Gb  periodic_driver.o [6]
cllbck_every_500_ms     0x2000'3174    0x24  Data  Gb  periodic_driver.o [6]
defaultTaskHandle       0x2000'2eb8     0x4  Data  Gb  main.o [2]
defaultTask_attributes   0x800'5954    0x24  Data  Gb  main.o [2]
exit                     0x800'59ff     0x4  Code  Gb  exit.o [11]
gpio                    0x2000'004c     0x1  Data  Gb  system_api.o [7]
gpio_hal                0x2000'0000    0x18  Data  Gb  gpio_api.o [4]
gpio_off                 0x800'4aed     0xe  Code  Gb  gpio_api.o [4]
gpio_on                  0x800'4add    0x10  Code  Gb  gpio_api.o [4]
gpio_toggle              0x800'4b11    0x16  Code  Gb  gpio_api.o [4]
hadc1                   0x2000'2d78    0x68  Data  Gb  main.o [2]
hdma_adc1               0x2000'3084    0x68  Data  Gb  main.o [2]
heartbeat               0x2000'0050     0xc  Data  Gb  system_api.o [7]
heartbeat_init           0x800'4b57    0x32  Code  Gb  heartbeat_api.o [5]
heartbeat_periodic       0x800'4b51     0x6  Code  Gb  heartbeat_api.o [5]
hrtc                    0x2000'2e44    0x28  Data  Gb  main.o [2]
hspi3                   0x2000'2de0    0x64  Data  Gb  main.o [2]
htim3                   0x2000'2e6c    0x4c  Data  Gb  main.o [2]
init_mparams             0x800'0211    0x2c  Code  Lc  dlmalloc.o [11]
init_top                 0x800'023d    0x34  Code  Lc  dlmalloc.o [11]
main                     0x800'2cfd   0x340  Code  Gb  main.o [2]
memset                   0x800'2745    0x14  Code  Gb  memset.o [13]
mparams                 0x2000'31bc    0x18  Data  Lc  dlmalloc.o [11]
osDelay                  0x800'40e3    0x1a  Code  Gb  cmsis_os2.o [10]
osKernelInitialize       0x800'3f67    0x1a  Code  Gb  cmsis_os2.o [10]
osKernelStart            0x800'3f89    0x2a  Code  Gb  cmsis_os2.o [10]
osThreadFlagsWait        0x800'4051    0x92  Code  Gb  cmsis_os2.o [10]
osThreadNew              0x800'3fbf    0x92  Code  Gb  cmsis_os2.o [10]
periodic_cllbcks_registers
                         0x800'52a5    0x22  Code  Lc  periodic_driver.o [6]
periodic_conductor_init
                         0x800'5283    0x16  Code  Gb  periodic_conductor.o [6]
periodic_driver_enable_function
                         0x800'5341    0x3c  Code  Gb  periodic_driver.o [6]
periodic_driver_every_1000ms
                         0x800'52d3     0x4  Code  Gb  periodic_driver.o [6]
periodic_driver_every_100ms
                         0x800'52c7     0x4  Code  Gb  periodic_driver.o [6]
periodic_driver_every_200ms
                         0x800'52cb     0x4  Code  Gb  periodic_driver.o [6]
periodic_driver_every_500ms
                         0x800'52cf     0x4  Code  Gb  periodic_driver.o [6]
periodic_driver_register
                         0x800'52d9    0x68  Code  Gb  periodic_driver.o [6]
periodic_init            0x800'4b2d     0x4  Code  Gb  periodic_api.o [6]
periodic_register        0x800'4b31    0x14  Code  Gb  periodic_api.o [6]
periodic_start           0x800'4b45     0xc  Code  Gb  periodic_api.o [6]
periodic_task            0x800'5225    0x54  Code  Gb  periodic_conductor.o [6]
periodic_task_attributes
                        0x2000'0018    0x24  Data  Gb  periodic_conductor.o [6]
prvAddCurrentTaskToDelayedList
                         0x800'4907    0x4e  Code  Lc  tasks.o [10]
prvAddNewTaskToReadyList
                         0x800'434b    0xb0  Code  Lc  tasks.o [10]
prvCheckForValidListAndQueue
                         0x800'5199    0x4e  Code  Lc  timers.o [10]
prvCheckForValidListAndQueue{1}{2}{3}{4}::ucStaticTimerQueueStorage
                        0x2000'2f48    0xa0  Data  Lc  timers.o [10]
prvCheckForValidListAndQueue{1}{2}{3}{4}::xStaticTimerQueue
                        0x2000'2ef8    0x50  Data  Lc  timers.o [10]
prvCopyDataFromQueue     0x800'5789    0x28  Code  Lc  queue.o [10]
prvCopyDataToQueue       0x800'5721    0x68  Code  Lc  queue.o [10]
prvDeleteTCB             0x800'47a5    0x2a  Code  Lc  tasks.o [10]
prvIdleTask              0x800'4765    0x40  Code  Lc  tasks.o [10]
prvInitialiseNewQueue    0x800'545b    0x20  Code  Lc  queue.o [10]
prvInitialiseNewTask     0x800'42bd    0x8e  Code  Lc  tasks.o [10]
prvInsertBlockIntoFreeList
                         0x800'4d9d    0x46  Code  Lc  heap_4.o [10]
prvInsertTimerInActiveList
                         0x800'5163    0x34  Code  Lc  timers.o [10]
prvIsQueueEmpty          0x800'5819    0x16  Code  Lc  queue.o [10]
prvResetNextTaskUnblockTime
                         0x800'47cf    0x1a  Code  Lc  tasks.o [10]
prvSampleTimeNow         0x800'50e9    0x7a  Code  Lc  timers.o [10]
prvSampleTimeNow::xLastTime
                        0x2000'2ecc     0x4  Data  Lc  timers.o [10]
prvTaskExitError         0x800'4971    0x22  Code  Lc  port.o [10]
prvTimerTask             0x800'4f65   0x184  Code  Lc  timers.o [10]
prvUnlockQueue           0x800'57b1    0x68  Code  Lc  queue.o [10]
pvPortMalloc             0x800'4c55    0xfe  Code  Gb  heap_4.o [10]
pxCurrentTCB            0x2000'3010     0x4  Data  Gb  tasks.o [10]
pxCurrentTimerList      0x2000'2ebc     0x4  Data  Lc  timers.o [10]
pxDelayedTaskList       0x2000'3014     0x4  Data  Lc  tasks.o [10]
pxEnd                   0x2000'0070     0x4  Data  Lc  heap_4.o [10]
pxOverflowDelayedTaskList
                        0x2000'3018     0x4  Data  Lc  tasks.o [10]
pxOverflowTimerList     0x2000'2ec0     0x4  Data  Lc  timers.o [10]
pxPortInitialiseStack    0x800'4a1d    0x68  Code  Gb  port.o [10]
pxReadyTasksLists       0x2000'2088   0x460  Data  Lc  tasks.o [10]
segment_holding          0x800'01f5    0x1c  Code  Lc  dlmalloc.o [11]
system_init              0x800'4109    0x2c  Code  Gb  system_api.o [7]
tick                    0x2000'31d8     0x4  Data  Gb  periodic_conductor.o [6]
ucHeap                  0x2000'0088  0x2000  Data  Lc  heap_4.o [10]
ulCriticalNesting       0x2000'003c     0x4  Data  Lc  port.o [10]
ulSetInterruptMask       0x800'4bd1          Code  Gb  portasm.o [10]
uwTick                  0x2000'0044     0x4  Data  Gb  stm32l5xx_hal.o [9]
uwTickFreq              0x2000'0040     0x1  Data  Gb  stm32l5xx_hal.o [9]
uwTickPrio              0x2000'0048     0x4  Data  Gb  stm32l5xx_hal.o [9]
uxCurrentNumberOfTasks  0x2000'3034     0x4  Data  Lc  tasks.o [10]
uxDeletedTasksWaitingCleanUp
                        0x2000'301c     0x4  Data  Lc  tasks.o [10]
uxListRemove             0x800'4e8f    0x26  Code  Gb  list.o [10]
uxSchedulerSuspended    0x2000'3058     0x4  Data  Lc  tasks.o [10]
uxTaskNumber            0x2000'3050     0x4  Data  Lc  tasks.o [10]
uxTopReadyPriority      0x2000'303c     0x4  Data  Lc  tasks.o [10]
vApplicationGetIdleTaskMemory
                         0x800'4eb5    0x14  Code  Gb  cmsis_os2.o [10]
vApplicationGetIdleTaskMemory::Idle_Stack
                        0x2000'29a0   0x200  Data  Lc  cmsis_os2.o [10]
vApplicationGetIdleTaskMemory::Idle_TCB
                        0x2000'2944    0x5c  Data  Lc  cmsis_os2.o [10]
vApplicationGetTimerTaskMemory
                         0x800'5391    0x18  Code  Gb  cmsis_os2.o [10]
vApplicationGetTimerTaskMemory::Timer_Stack
                        0x2000'2544   0x400  Data  Lc  cmsis_os2.o [10]
vApplicationGetTimerTaskMemory::Timer_TCB
                        0x2000'24e8    0x5c  Data  Lc  cmsis_os2.o [10]
vClearInterruptMask      0x800'4be7          Code  Gb  portasm.o [10]
vListInitialise          0x800'4e23    0x1a  Code  Gb  list.o [10]
vListInitialiseItem      0x800'4e3d     0x6  Code  Gb  list.o [10]
vListInsert              0x800'4e5d    0x32  Code  Gb  list.o [10]
vListInsertEnd           0x800'4e43    0x1a  Code  Gb  list.o [10]
vPortEnterCritical       0x800'49a9    0x18  Code  Gb  port.o [10]
vPortExitCritical        0x800'49c1    0x22  Code  Gb  port.o [10]
vPortFree                0x800'4d53    0x4a  Code  Gb  heap_4.o [10]
vPortSVCHandler_C        0x800'4a03    0x1a  Code  Gb  port.o [10]
vPortSetupTimerInterrupt
                         0x800'51fd    0x28  Code  Gb  port.o [10]
vPortYield               0x800'4995    0x12  Code  Gb  port.o [10]
vQueueAddToRegistry      0x800'582f    0x20  Code  Gb  queue.o [10]
vQueueWaitForMessageRestricted
                         0x800'5855    0x48  Code  Gb  queue.o [10]
vRaisePrivilege          0x800'4bab          Code  Gb  portasm.o [10]
vRestoreContextOfFirstTask
                         0x800'4b8d          Code  Gb  portasm.o [10]
vStartFirstTask          0x800'4bb9          Code  Gb  portasm.o [10]
vTaskDelay               0x800'43fb    0x30  Code  Gb  tasks.o [10]
vTaskInternalSetTimeOutState
                         0x800'46f1     0xe  Code  Gb  tasks.o [10]
vTaskMissedYield         0x800'475b     0xa  Code  Gb  tasks.o [10]
vTaskPlaceOnEventList    0x800'4643    0x16  Code  Gb  tasks.o [10]
vTaskPlaceOnEventListRestricted
                         0x800'4663    0x26  Code  Gb  tasks.o [10]
vTaskStartScheduler      0x800'4431    0x64  Code  Gb  tasks.o [10]
vTaskSuspendAll          0x800'4495     0xc  Code  Gb  tasks.o [10]
vTaskSwitchContext       0x800'45f7    0x4c  Code  Gb  tasks.o [10]
xActiveTimerList1       0x2000'2ed0    0x14  Data  Lc  timers.o [10]
xActiveTimerList2       0x2000'2ee4    0x14  Data  Lc  timers.o [10]
xBlockAllocatedBit      0x2000'0084     0x4  Data  Lc  heap_4.o [10]
xDelayedTaskList1       0x2000'305c    0x14  Data  Lc  tasks.o [10]
xDelayedTaskList2       0x2000'3070    0x14  Data  Lc  tasks.o [10]
xFreeBytesRemaining     0x2000'0074     0x4  Data  Lc  heap_4.o [10]
xMinimumEverFreeBytesRemaining
                        0x2000'0078     0x4  Data  Lc  heap_4.o [10]
xNextTaskUnblockTime    0x2000'3054     0x4  Data  Lc  tasks.o [10]
xNumOfOverflows         0x2000'304c     0x4  Data  Lc  tasks.o [10]
xNumberOfSuccessfulAllocations
                        0x2000'007c     0x4  Data  Lc  heap_4.o [10]
xNumberOfSuccessfulFrees
                        0x2000'0080     0x4  Data  Lc  heap_4.o [10]
xPendedTicks            0x2000'3044     0x4  Data  Lc  tasks.o [10]
xPendingReadyList       0x2000'2fe8    0x14  Data  Lc  tasks.o [10]
xPortStartScheduler      0x800'4a85    0x46  Code  Gb  port.o [10]
xPortSysTickHandler      0x800'49e3    0x20  Code  Gb  port.o [10]
xQueueGenericCreateStatic
                         0x800'5411    0x4a  Code  Gb  queue.o [10]
xQueueGenericReset       0x800'53a9    0x68  Code  Gb  queue.o [10]
xQueueGenericSend        0x800'547b   0x108  Code  Gb  queue.o [10]
xQueueGenericSendFromISR
                         0x800'5583    0x80  Code  Gb  queue.o [10]
xQueueReceive            0x800'560f    0xe8  Code  Gb  queue.o [10]
xQueueRegistry          0x2000'30ec    0x40  Data  Gb  queue.o [10]
xSchedulerRunning       0x2000'3040     0x4  Data  Lc  tasks.o [10]
xStart                  0x2000'0068     0x8  Data  Lc  heap_4.o [10]
xSuspendedTaskList      0x2000'3020    0x14  Data  Lc  tasks.o [10]
xTaskCheckForTimeOut     0x800'46ff    0x5c  Code  Gb  tasks.o [10]
xTaskCreate              0x800'4261    0x5c  Code  Gb  tasks.o [10]
xTaskCreateStatic        0x800'4211    0x50  Code  Gb  tasks.o [10]
xTaskGetSchedulerState   0x800'47e9    0x18  Code  Gb  tasks.o [10]
xTaskGetTickCount        0x800'4533     0x2  Code  Gb  tasks.o [10]
xTaskIncrementTick       0x800'453d    0xba  Code  Gb  tasks.o [10]
xTaskNotifyWait          0x800'487d    0x78  Code  Gb  tasks.o [10]
xTaskPriorityDisinherit
                         0x800'4807    0x50  Code  Gb  tasks.o [10]
xTaskRemoveFromEventList
                         0x800'4695    0x46  Code  Gb  tasks.o [10]
xTaskResumeAll           0x800'44a1    0x8a  Code  Gb  tasks.o [10]
xTasksWaitingTermination
                        0x2000'2ffc    0x14  Data  Lc  tasks.o [10]
xTickCount              0x2000'3038     0x4  Data  Lc  tasks.o [10]
xTimerCreateTimerTask    0x800'4ec9    0x4e  Code  Gb  timers.o [10]
xTimerGenericCommand     0x800'4f17    0x4e  Code  Gb  timers.o [10]
xTimerQueue             0x2000'2ec4     0x4  Data  Lc  timers.o [10]
xTimerTaskHandle        0x2000'2ec8     0x4  Data  Lc  timers.o [10]
xYieldPending           0x2000'3048     0x4  Data  Lc  tasks.o [10]


[1] = D:\Proyectos\STM32\kart\EWARM\kart\Obj\Application\EWARM
[2] = D:\Proyectos\STM32\kart\EWARM\kart\Obj\Application\User
[3] = D:\Proyectos\STM32\kart\EWARM\kart\Obj\Application\dac\src
[4] = D:\Proyectos\STM32\kart\EWARM\kart\Obj\Application\hdwr\src
[5] = D:\Proyectos\STM32\kart\EWARM\kart\Obj\Application\heartbeat\src
[6] = D:\Proyectos\STM32\kart\EWARM\kart\Obj\Application\periodic\src
[7] = D:\Proyectos\STM32\kart\EWARM\kart\Obj\Application\system\src
[8] = D:\Proyectos\STM32\kart\EWARM\kart\Obj\Drivers\CMSIS
[9] = D:\Proyectos\STM32\kart\EWARM\kart\Obj\Drivers\STM32L5xx_HAL_Driver
[10] = D:\Proyectos\STM32\kart\EWARM\kart\Obj\Middlewares\FreeRTOS
[11] = dl7M_tlf.a
[12] = m7M_tls.a
[13] = rt7M_tl.a
[14] = shb_l.a

  23'378 bytes of readonly  code memory
     236 bytes of readonly  data memory
  14'304 bytes of readwrite data memory

Errors: none
Warnings: none
