###############################################################################
#
# IAR ELF Linker V9.10.2.313/W64 for ARM                  29/Mar/2022  20:10:41
# Copyright 2007-2021 IAR Systems AB.
#
#    Output file  =  D:\Proyectos\STM32\kart\EWARM\kart\Exe\kart.out
#    Map file     =  D:\Proyectos\STM32\kart\EWARM\kart\List\kart.map
#    Command line =
#        -f D:\Proyectos\STM32\kart\EWARM\kart\Exe\kart.out.rsp
#        (D:\Proyectos\STM32\kart\EWARM\kart\Obj\Application\hdwr\src\adc_api.o
#        D:\Proyectos\STM32\kart\EWARM\kart\Obj\Application\User\app_freertos.o
#        D:\Proyectos\STM32\kart\EWARM\kart\Obj\Application\hdwr\src\can_api.o
#        D:\Proyectos\STM32\kart\EWARM\kart\Obj\Middlewares\FreeRTOS\cmsis_os2.o
#        D:\Proyectos\STM32\kart\EWARM\kart\Obj\Middlewares\FreeRTOS\croutine.o
#        D:\Proyectos\STM32\kart\EWARM\kart\Obj\Middlewares\FreeRTOS\event_groups.o
#        D:\Proyectos\STM32\kart\EWARM\kart\Obj\Application\hdwr\src\fifo_api.o
#        D:\Proyectos\STM32\kart\EWARM\kart\Obj\Application\flight_controller\src\flight_controller_api.o
#        D:\Proyectos\STM32\kart\EWARM\kart\Obj\Application\flight_controller\src\flight_controller_conductor.o
#        D:\Proyectos\STM32\kart\EWARM\kart\Obj\Application\flight_controller\src\flight_controller_driver.o
#        D:\Proyectos\STM32\kart\EWARM\kart\Obj\Application\flight_controller\src\flight_controller_hdwr.o
#        D:\Proyectos\STM32\kart\EWARM\kart\Obj\Application\hdwr\src\gpio_api.o
#        D:\Proyectos\STM32\kart\EWARM\kart\Obj\Application\gps\src\gps_api.o
#        D:\Proyectos\STM32\kart\EWARM\kart\Obj\Application\gps\src\gps_conductor.o
#        D:\Proyectos\STM32\kart\EWARM\kart\Obj\Application\gps\src\gps_driver.o
#        D:\Proyectos\STM32\kart\EWARM\kart\Obj\Application\gps\src\gps_hdwr.o
#        D:\Proyectos\STM32\kart\EWARM\kart\Obj\Middlewares\FreeRTOS\heap_4.o
#        D:\Proyectos\STM32\kart\EWARM\kart\Obj\Application\heartbeat\src\heartbeat_api.o
#        D:\Proyectos\STM32\kart\EWARM\kart\Obj\Middlewares\FreeRTOS\list.o
#        D:\Proyectos\STM32\kart\EWARM\kart\Obj\Application\LOG\src\log_api.o
#        D:\Proyectos\STM32\kart\EWARM\kart\Obj\Application\LOG\src\log_conductor.o
#        D:\Proyectos\STM32\kart\EWARM\kart\Obj\Application\LOG\src\log_driver.o
#        D:\Proyectos\STM32\kart\EWARM\kart\Obj\Application\LOG\src\log_hdwr.o
#        D:\Proyectos\STM32\kart\EWARM\kart\Obj\Application\User\main.o
#        D:\Proyectos\STM32\kart\EWARM\kart\Obj\Application\periodic\src\periodic_api.o
#        D:\Proyectos\STM32\kart\EWARM\kart\Obj\Application\periodic\src\periodic_conductor.o
#        D:\Proyectos\STM32\kart\EWARM\kart\Obj\Application\periodic\src\periodic_driver.o
#        D:\Proyectos\STM32\kart\EWARM\kart\Obj\Middlewares\FreeRTOS\port.o
#        D:\Proyectos\STM32\kart\EWARM\kart\Obj\Middlewares\FreeRTOS\portasm.o
#        D:\Proyectos\STM32\kart\EWARM\kart\Obj\Application\hdwr\src\pwm_api.o
#        D:\Proyectos\STM32\kart\EWARM\kart\Obj\Middlewares\FreeRTOS\queue.o
#        D:\Proyectos\STM32\kart\EWARM\kart\Obj\Application\sevcon\src\sevcon_api.o
#        D:\Proyectos\STM32\kart\EWARM\kart\Obj\Application\sevcon\src\sevcon_conductor.o
#        D:\Proyectos\STM32\kart\EWARM\kart\Obj\Application\sevcon\src\sevcon_driver.o
#        D:\Proyectos\STM32\kart\EWARM\kart\Obj\Application\sevcon\src\sevcon_driver_dictionary.o
#        D:\Proyectos\STM32\kart\EWARM\kart\Obj\Application\sevcon\src\sevcon_hdwr.o
#        D:\Proyectos\STM32\kart\EWARM\kart\Obj\Application\hdwr\src\spi_api.o
#        D:\Proyectos\STM32\kart\EWARM\kart\Obj\Application\EWARM\startup_stm32l552xx.o
#        D:\Proyectos\STM32\kart\EWARM\kart\Obj\Drivers\STM32L5xx_HAL_Driver\stm32l5xx_hal.o
#        D:\Proyectos\STM32\kart\EWARM\kart\Obj\Drivers\STM32L5xx_HAL_Driver\stm32l5xx_hal_adc.o
#        D:\Proyectos\STM32\kart\EWARM\kart\Obj\Drivers\STM32L5xx_HAL_Driver\stm32l5xx_hal_adc_ex.o
#        D:\Proyectos\STM32\kart\EWARM\kart\Obj\Drivers\STM32L5xx_HAL_Driver\stm32l5xx_hal_cortex.o
#        D:\Proyectos\STM32\kart\EWARM\kart\Obj\Drivers\STM32L5xx_HAL_Driver\stm32l5xx_hal_dma.o
#        D:\Proyectos\STM32\kart\EWARM\kart\Obj\Drivers\STM32L5xx_HAL_Driver\stm32l5xx_hal_dma_ex.o
#        D:\Proyectos\STM32\kart\EWARM\kart\Obj\Drivers\STM32L5xx_HAL_Driver\stm32l5xx_hal_exti.o
#        D:\Proyectos\STM32\kart\EWARM\kart\Obj\Drivers\STM32L5xx_HAL_Driver\stm32l5xx_hal_fdcan.o
#        D:\Proyectos\STM32\kart\EWARM\kart\Obj\Drivers\STM32L5xx_HAL_Driver\stm32l5xx_hal_flash.o
#        D:\Proyectos\STM32\kart\EWARM\kart\Obj\Drivers\STM32L5xx_HAL_Driver\stm32l5xx_hal_flash_ex.o
#        D:\Proyectos\STM32\kart\EWARM\kart\Obj\Drivers\STM32L5xx_HAL_Driver\stm32l5xx_hal_flash_ramfunc.o
#        D:\Proyectos\STM32\kart\EWARM\kart\Obj\Drivers\STM32L5xx_HAL_Driver\stm32l5xx_hal_gpio.o
#        D:\Proyectos\STM32\kart\EWARM\kart\Obj\Drivers\STM32L5xx_HAL_Driver\stm32l5xx_hal_i2c.o
#        D:\Proyectos\STM32\kart\EWARM\kart\Obj\Drivers\STM32L5xx_HAL_Driver\stm32l5xx_hal_i2c_ex.o
#        D:\Proyectos\STM32\kart\EWARM\kart\Obj\Drivers\STM32L5xx_HAL_Driver\stm32l5xx_hal_icache.o
#        D:\Proyectos\STM32\kart\EWARM\kart\Obj\Application\User\stm32l5xx_hal_msp.o
#        D:\Proyectos\STM32\kart\EWARM\kart\Obj\Drivers\STM32L5xx_HAL_Driver\stm32l5xx_hal_pwr.o
#        D:\Proyectos\STM32\kart\EWARM\kart\Obj\Drivers\STM32L5xx_HAL_Driver\stm32l5xx_hal_pwr_ex.o
#        D:\Proyectos\STM32\kart\EWARM\kart\Obj\Drivers\STM32L5xx_HAL_Driver\stm32l5xx_hal_rcc.o
#        D:\Proyectos\STM32\kart\EWARM\kart\Obj\Drivers\STM32L5xx_HAL_Driver\stm32l5xx_hal_rcc_ex.o
#        D:\Proyectos\STM32\kart\EWARM\kart\Obj\Drivers\STM32L5xx_HAL_Driver\stm32l5xx_hal_rtc.o
#        D:\Proyectos\STM32\kart\EWARM\kart\Obj\Drivers\STM32L5xx_HAL_Driver\stm32l5xx_hal_rtc_ex.o
#        D:\Proyectos\STM32\kart\EWARM\kart\Obj\Drivers\STM32L5xx_HAL_Driver\stm32l5xx_hal_spi.o
#        D:\Proyectos\STM32\kart\EWARM\kart\Obj\Drivers\STM32L5xx_HAL_Driver\stm32l5xx_hal_spi_ex.o
#        D:\Proyectos\STM32\kart\EWARM\kart\Obj\Drivers\STM32L5xx_HAL_Driver\stm32l5xx_hal_tim.o
#        D:\Proyectos\STM32\kart\EWARM\kart\Obj\Drivers\STM32L5xx_HAL_Driver\stm32l5xx_hal_tim_ex.o
#        D:\Proyectos\STM32\kart\EWARM\kart\Obj\Drivers\STM32L5xx_HAL_Driver\stm32l5xx_hal_uart.o
#        D:\Proyectos\STM32\kart\EWARM\kart\Obj\Drivers\STM32L5xx_HAL_Driver\stm32l5xx_hal_uart_ex.o
#        D:\Proyectos\STM32\kart\EWARM\kart\Obj\Application\User\stm32l5xx_it.o
#        D:\Proyectos\STM32\kart\EWARM\kart\Obj\Middlewares\FreeRTOS\stream_buffer.o
#        D:\Proyectos\STM32\kart\EWARM\kart\Obj\Application\system\src\system_api.o
#        D:\Proyectos\STM32\kart\EWARM\kart\Obj\Application\system\src\system_obj.o
#        D:\Proyectos\STM32\kart\EWARM\kart\Obj\Drivers\CMSIS\system_stm32l5xx.o
#        D:\Proyectos\STM32\kart\EWARM\kart\Obj\Middlewares\FreeRTOS\tasks.o
#        D:\Proyectos\STM32\kart\EWARM\kart\Obj\Middlewares\FreeRTOS\timers.o
#        D:\Proyectos\STM32\kart\EWARM\kart\Obj\Application\hdwr\src\uart_api.o
#        --no_out_extension -o D:\Proyectos\STM32\kart\EWARM\kart\Exe\kart.out
#        --redirect _Printf=_PrintfFullNoMb --redirect _Scanf=_ScanfFullNoMb
#        --map D:\Proyectos\STM32\kart\EWARM\kart\List\kart.map --config
#        D:\Proyectos\STM32\kart\EWARM/stm32l552xe_flash.icf --semihosting
#        --entry __iar_program_start --vfe --text_out locale)
#
###############################################################################

*******************************************************************************
*** RUNTIME MODEL ATTRIBUTES
***

CppFlavor       = *
__Heap_Handler  = DLMalloc
__SystemLibrary = DLib
__dlib_version  = 6


*******************************************************************************
*** HEAP SELECTION
***

The advanced heap was selected because the application calls memory
allocation functions outside of system library functions, and there
are calls to deallocation functions in the application.


*******************************************************************************
*** PLACEMENT SUMMARY
***

"A0":  place at address 0x800'0000 { ro section .intvec };
"P1":  place in [from 0x800'0000 to 0x807'ffff] { ro };
define block CSTACK with size = 1K, alignment = 8 { };
define block HEAP with size = 512, alignment = 8 { };
"P2":  place in [from 0x2000'0000 to 0x2002'ffff] {
          rw, block CSTACK, block HEAP };
"P3":  place in [from 0x2000'0000 to 0x2002'ffff] { };
initialize by copy { rw };

  Section               Kind         Address    Size  Object
  -------               ----         -------    ----  ------
"A0":                                          0x1f4
  .intvec               ro code   0x800'0000   0x1f4  startup_stm32l552xx.o [1]
                                - 0x800'01f4   0x1f4

"P1":                                         0x9eb3
  .text                 ro code   0x800'01f4   0xfe2  dlmalloc.o [14]
  .text                 ro code   0x800'11d6     0x6  abort.o [14]
  .text                 ro code   0x800'11dc    0x2c  xgetmemchunk.o [14]
  .text                 ro code   0x800'1208     0x6  ABImemclr.o [16]
  .text                 ro code   0x800'120e     0xa  xsprout.o [14]
  .text                 ro code   0x800'1218    0x14  exit.o [17]
  .text                 ro code   0x800'122c    0x12  ABImemset_small.o [16]
  .rodata               const     0x800'123e     0x2  xlocale_c.o [14]
  .text                 ro code   0x800'1240    0x2c  iarttio.o [17]
  .text                 ro code   0x800'126c     0x8  XShttio.o [14]
  .text                 ro code   0x800'1274   0xf2e  xprintffull_nomb.o [14]
  .rodata               const     0x800'21a2     0x1  xlocale_c.o [14]
  .text                 ro code   0x800'21a4    0x16  strchr.o [16]
  .text                 ro code   0x800'21bc    0x40  xfail_s.o [14]
  .text                 ro code   0x800'21fc    0x36  strlen.o [16]
  .text                 ro code   0x800'2234    0x58  memchr.o [16]
  .text                 ro code   0x800'228c    0x18  ABImemcpy_small.o [16]
  .text                 ro code   0x800'22a4    0x70  frexp.o [15]
  .text                 ro code   0x800'2314    0x34  DblCmpLe.o [15]
  .text                 ro code   0x800'2348    0x34  DblCmpGe.o [15]
  .text                 ro code   0x800'237c   0x13a  ldexp.o [15]
  .text                 ro code   0x800'24b8    0x36  DblToS32.o [15]
  .text                 ro code   0x800'24f0    0x22  S32ToDbl.o [15]
  .text                 ro code   0x800'2514   0x25e  DblAddSub.o [15]
  .text                 ro code   0x800'2774   0x246  DblDiv.o [15]
  .text                 ro code   0x800'29bc    0x22  DblToU32.o [15]
  .text                 ro code   0x800'29e0    0x1c  U32ToDbl.o [15]
  .text                 ro code   0x800'29fc   0x1aa  DblMul.o [15]
  .text                 ro code   0x800'2ba8     0x8  xlocale_c.o [14]
  .text                 ro code   0x800'2bb0   0x106  I64DivMod_small.o [16]
  .text                 ro code   0x800'2cb8     0x2  I64DivZer.o [16]
  .text                 ro code   0x800'2cbc   0xb9c  stm32l5xx_hal_uart.o [12]
  .text                 ro code   0x800'3858   0x394  stm32l5xx_hal_msp.o [3]
  .text                 ro code   0x800'3bec   0x3fc  stm32l5xx_hal_dma.o [12]
  .text                 ro code   0x800'3fe8     0x2  stm32l5xx_hal_uart.o [12]
  .text                 ro code   0x800'3fea     0x2  stm32l5xx_hal_uart.o [12]
  .text                 ro code   0x800'3fec     0x2  stm32l5xx_hal_uart_ex.o [12]
  .text                 ro code   0x800'3ff0   0x10c  uart_api.o [6]
  .text                 ro code   0x800'40fc     0x2  stm32l5xx_hal_uart_ex.o [12]
  .text                 ro code   0x800'40fe     0x2  stm32l5xx_hal_uart_ex.o [12]
  .text                 ro code   0x800'4100   0x89c  stm32l5xx_hal_rcc.o [12]
  .text                 ro code   0x800'499c     0xc  stm32l5xx_hal.o [12]
  .text                 ro code   0x800'49a8    0xe8  stm32l5xx_hal_cortex.o [12]
  .text                 ro code   0x800'4a90    0xb0  stm32l5xx_hal_pwr_ex.o [12]
  .text                 ro code   0x800'4b40    0x14  memset.o [16]
  .text                 ro code   0x800'4b54   0x5a4  stm32l5xx_hal_rcc_ex.o [12]
  .text                 ro code   0x800'50f8   0x552  main.o [3]
  .text                 ro code   0x800'564c   0x1d8  stm32l5xx_hal_gpio.o [12]
  .text                 ro code   0x800'5824   0x2fc  cmsis_os2.o [13]
  .text                 ro code   0x800'5b20    0x40  sprintf.o [14]
  .text                 ro code   0x800'5b60    0x14  log_api.o [2]
  .text                 ro code   0x800'5b74    0x46  fifo_api.o [6]
  .text                 ro code   0x800'5bbc    0x44  stm32l5xx_hal.o [12]
  .text                 ro code   0x800'5c00    0x22  stm32l5xx_hal.o [12]
  .text                 ro code   0x800'5c24   0x7ea  stm32l5xx_hal_adc.o [12]
  .text                 ro code   0x800'6410   0x160  stm32l5xx_hal_adc_ex.o [12]
  .text                 ro code   0x800'6570   0x14c  stm32l5xx_hal_rtc.o [12]
  .text                 ro code   0x800'66bc    0x34  stm32l5xx_hal_rtc_ex.o [12]
  .text                 ro code   0x800'66f0    0xe0  stm32l5xx_hal_spi.o [12]
  .text                 ro code   0x800'67d0   0x740  stm32l5xx_hal_tim.o [12]
  .text                 ro code   0x800'6f10    0x94  stm32l5xx_hal_tim_ex.o [12]
  .text                 ro code   0x800'6fa4   0x558  stm32l5xx_hal_fdcan.o [12]
  .text                 ro code   0x800'74fc    0xf8  stm32l5xx_hal_uart_ex.o [12]
  .text                 ro code   0x800'75f4    0x68  system_api.o [10]
  .text                 ro code   0x800'765c    0x10  stm32l5xx_hal_pwr.o [12]
  .text                 ro code   0x800'766c   0x7d0  tasks.o [13]
  .text                 ro code   0x800'7e3c   0x16c  port.o [13]
  .text                 ro code   0x800'7fa8   0x594  queue.o [13]
  .text                 ro code   0x800'853c    0x64  log_conductor.o [2]
  .text                 ro code   0x800'85a0    0xc8  system_stm32l5xx.o [11]
  .text                 ro code   0x800'8668     0x2  stm32l5xx_hal_adc.o [12]
  .text                 ro code   0x800'866a     0x2  stm32l5xx_hal_adc.o [12]
  .text                 ro code   0x800'866c     0x2  stm32l5xx_hal_adc.o [12]
  .text                 ro code   0x800'866e     0x2  stm32l5xx_hal_tim.o [12]
  .text                 ro code   0x800'8670     0x2  stm32l5xx_hal_fdcan.o [12]
  .text                 ro code   0x800'8672     0x2  stm32l5xx_hal_fdcan.o [12]
  .text                 ro code   0x800'8674     0x2  stm32l5xx_hal_fdcan.o [12]
  .text                 ro code   0x800'8678   0x1cc  can_api.o [6]
  .text                 ro code   0x800'8844     0x2  stm32l5xx_hal_fdcan.o [12]
  .text                 ro code   0x800'8846     0x2  stm32l5xx_hal_fdcan.o [12]
  .text                 ro code   0x800'8848     0x2  stm32l5xx_hal_fdcan.o [12]
  .text                 ro code   0x800'884a     0x2  stm32l5xx_hal_fdcan.o [12]
  .text                 ro code   0x800'884c     0x2  stm32l5xx_hal_fdcan.o [12]
  .text                 ro code   0x800'884e     0x2  stm32l5xx_hal_fdcan.o [12]
  .text                 ro code   0x800'8850    0x50  gpio_api.o [6]
  .text                 ro code   0x800'88a0    0x24  periodic_api.o [8]
  .text                 ro code   0x800'88c4    0x60  heartbeat_api.o [7]
  .text                 ro code   0x800'8924     0xc  sevcon_api.o [9]
  .text                 ro code   0x800'8930    0xbc  adc_api.o [6]
  .text                 ro code   0x800'89ec    0x20  flight_controller_api.o [4]
  privileged_functions  ro code   0x800'8a0c    0xc8  portasm.o [13]
  .text                 ro code   0x800'8ad4   0x194  heap_4.o [13]
  .text                 ro code   0x800'8c68    0x3a  ABImemset48.o [16]
  .text                 ro code   0x800'8ca2    0x92  list.o [13]
  .text                 ro code   0x800'8d34    0x14  cmsis_os2.o [13]
  .text                 ro code   0x800'8d48   0x334  timers.o [13]
  .text                 ro code   0x800'907c    0x28  port.o [13]
  .text                 ro code   0x800'90a4    0x50  log_driver.o [2]
  .text                 ro code   0x800'90f4    0xa0  periodic_conductor.o [8]
  .text                 ro code   0x800'9194    0xec  periodic_driver.o [8]
  .text                 ro code   0x800'9280    0x60  sevcon_conductor.o [9]
  .text                 ro code   0x800'92e0    0x68  DblToFlt.o [15]
  .text                 ro code   0x800'9348    0x48  FltToDbl.o [15]
  .text                 ro code   0x800'9390    0x98  flight_controller_conductor.o [4]
  .text                 ro code   0x800'9428   0x100  flight_controller_driver.o [4]
  .text                 ro code   0x800'9528    0x18  cmsis_os2.o [13]
  .text                 ro code   0x800'9540   0x184  sevcon_driver.o [9]
  .text                 ro code   0x800'96c4    0x6e  sevcon_hdwr.o [9]
  .text                 ro code   0x800'9732     0xa  gps_api.o [5]
  .text                 ro code   0x800'973c    0xbc  flight_controller_hdwr.o [4]
  .text                 ro code   0x800'97f8    0x30  sevcon_driver_dictionary.o [9]
  .text                 ro code   0x800'9828    0x50  gps_conductor.o [5]
  .text                 ro code   0x800'9878   0x1d0  pwm_api.o [6]
  .text                 ro code   0x800'9a48    0xf8  gps_driver.o [5]
  .text                 ro code   0x800'9b40    0xb4  gps_hdwr.o [5]
  .text                 ro code   0x800'9bf4    0x78  lz77_init_single.o [16]
  .rodata               const     0x800'9c6c    0x40  system_stm32l5xx.o [11]
  .text                 ro code   0x800'9cac    0x38  zero_init3.o [16]
  .text                 ro code   0x800'9ce4    0x30  stm32l5xx_it.o [3]
  .text                 ro code   0x800'9d14    0x28  data_init.o [16]
  .rodata               const     0x800'9d3c    0x24  main.o [3]
  .text                 ro code   0x800'9d60    0x22  fpinit_M.o [15]
  .iar.init_table       const     0x800'9d84    0x20  - Linker created -
  .text                 ro code   0x800'9da4    0x1e  cmain.o [16]
  .text                 ro code   0x800'9dc2     0x4  low_level_init.o [14]
  .text                 ro code   0x800'9dc6     0x4  exit.o [14]
  .text                 ro code   0x800'9dcc     0xa  cexit.o [16]
  .text                 ro code   0x800'9dd8    0x1c  cstartup_M.o [16]
  .rodata               const     0x800'9df4    0x14  system_obj.o [10]
  .text                 ro code   0x800'9e08    0x10  startup_stm32l552xx.o [1]
  .rodata               const     0x800'9e18     0xc  main.o [3]
  .rodata               const     0x800'9e24     0xc  periodic_conductor.o [8]
  .rodata               const     0x800'9e30     0xc  system_obj.o [10]
  .rodata               const     0x800'9e3c     0x8  sevcon_conductor.o [9]
  .rodata               const     0x800'9e44     0x8  system_stm32l5xx.o [11]
  .rodata               const     0x800'9e4c     0x4  gps_conductor.o [5]
  .rodata               const     0x800'9e50     0x4  log_conductor.o [2]
  .text                 ro code   0x800'9e54     0x4  startup_stm32l552xx.o [1]
  .text                 ro code   0x800'9e58     0x4  startup_stm32l552xx.o [1]
  .text                 ro code   0x800'9e5c     0x4  startup_stm32l552xx.o [1]
  .text                 ro code   0x800'9e60     0x4  startup_stm32l552xx.o [1]
  .text                 ro code   0x800'9e64     0x4  startup_stm32l552xx.o [1]
  .text                 ro code   0x800'9e68     0x4  startup_stm32l552xx.o [1]
  .text                 ro code   0x800'9e6c     0x4  startup_stm32l552xx.o [1]
  .text                 ro code   0x800'9e70     0x4  startup_stm32l552xx.o [1]
  .text                 ro code   0x800'9e74     0x4  startup_stm32l552xx.o [1]
  .text                 ro code   0x800'9e78     0x4  startup_stm32l552xx.o [1]
  .text                 ro code   0x800'9e7c     0x4  startup_stm32l552xx.o [1]
  .text                 ro code   0x800'9e80     0x4  startup_stm32l552xx.o [1]
  .text                 ro code   0x800'9e84     0x4  startup_stm32l552xx.o [1]
  .text                 ro code   0x800'9e88     0x4  startup_stm32l552xx.o [1]
  .text                 ro code   0x800'9e8c     0x4  startup_stm32l552xx.o [1]
  .text                 ro code   0x800'9e90     0x4  startup_stm32l552xx.o [1]
  .text                 ro code   0x800'9e94     0x4  startup_stm32l552xx.o [1]
  .text                 ro code   0x800'9e98     0x4  startup_stm32l552xx.o [1]
  .text                 ro code   0x800'9e9c     0x4  startup_stm32l552xx.o [1]
  .text                 ro code   0x800'9ea0     0x4  startup_stm32l552xx.o [1]
  .text                 ro code   0x800'9ea4     0x4  startup_stm32l552xx.o [1]
  .text                 ro code   0x800'9ea8     0x4  startup_stm32l552xx.o [1]
  .text                 ro code   0x800'9eac     0x4  startup_stm32l552xx.o [1]
  .text                 ro code   0x800'9eb0     0x4  startup_stm32l552xx.o [1]
  .text                 ro code   0x800'9eb4     0x4  startup_stm32l552xx.o [1]
  .text                 ro code   0x800'9eb8     0x4  startup_stm32l552xx.o [1]
  .text                 ro code   0x800'9ebc     0x4  startup_stm32l552xx.o [1]
  .text                 ro code   0x800'9ec0     0x4  startup_stm32l552xx.o [1]
  .text                 ro code   0x800'9ec4     0x4  startup_stm32l552xx.o [1]
  .text                 ro code   0x800'9ec8     0x4  startup_stm32l552xx.o [1]
  .text                 ro code   0x800'9ecc     0x4  startup_stm32l552xx.o [1]
  .text                 ro code   0x800'9ed0     0x4  startup_stm32l552xx.o [1]
  .text                 ro code   0x800'9ed4     0x4  startup_stm32l552xx.o [1]
  .text                 ro code   0x800'9ed8     0x4  startup_stm32l552xx.o [1]
  .text                 ro code   0x800'9edc     0x4  startup_stm32l552xx.o [1]
  .text                 ro code   0x800'9ee0     0x4  startup_stm32l552xx.o [1]
  .text                 ro code   0x800'9ee4     0x4  startup_stm32l552xx.o [1]
  .text                 ro code   0x800'9ee8     0x4  startup_stm32l552xx.o [1]
  .text                 ro code   0x800'9eec     0x4  startup_stm32l552xx.o [1]
  .text                 ro code   0x800'9ef0     0x4  startup_stm32l552xx.o [1]
  .text                 ro code   0x800'9ef4     0x4  startup_stm32l552xx.o [1]
  .text                 ro code   0x800'9ef8     0x4  startup_stm32l552xx.o [1]
  .text                 ro code   0x800'9efc     0x4  startup_stm32l552xx.o [1]
  .text                 ro code   0x800'9f00     0x4  startup_stm32l552xx.o [1]
  .text                 ro code   0x800'9f04     0x4  startup_stm32l552xx.o [1]
  .text                 ro code   0x800'9f08     0x4  startup_stm32l552xx.o [1]
  .text                 ro code   0x800'9f0c     0x4  startup_stm32l552xx.o [1]
  .text                 ro code   0x800'9f10     0x4  startup_stm32l552xx.o [1]
  .text                 ro code   0x800'9f14     0x4  startup_stm32l552xx.o [1]
  .text                 ro code   0x800'9f18     0x4  startup_stm32l552xx.o [1]
  .text                 ro code   0x800'9f1c     0x4  startup_stm32l552xx.o [1]
  .text                 ro code   0x800'9f20     0x4  startup_stm32l552xx.o [1]
  .text                 ro code   0x800'9f24     0x4  startup_stm32l552xx.o [1]
  .text                 ro code   0x800'9f28     0x4  startup_stm32l552xx.o [1]
  .text                 ro code   0x800'9f2c     0x4  startup_stm32l552xx.o [1]
  .text                 ro code   0x800'9f30     0x4  startup_stm32l552xx.o [1]
  .text                 ro code   0x800'9f34     0x4  startup_stm32l552xx.o [1]
  .text                 ro code   0x800'9f38     0x4  startup_stm32l552xx.o [1]
  .text                 ro code   0x800'9f3c     0x4  startup_stm32l552xx.o [1]
  .text                 ro code   0x800'9f40     0x4  startup_stm32l552xx.o [1]
  .text                 ro code   0x800'9f44     0x4  startup_stm32l552xx.o [1]
  .text                 ro code   0x800'9f48     0x4  startup_stm32l552xx.o [1]
  .text                 ro code   0x800'9f4c     0x4  startup_stm32l552xx.o [1]
  .text                 ro code   0x800'9f50     0x4  startup_stm32l552xx.o [1]
  .text                 ro code   0x800'9f54     0x4  startup_stm32l552xx.o [1]
  .text                 ro code   0x800'9f58     0x4  startup_stm32l552xx.o [1]
  .text                 ro code   0x800'9f5c     0x4  startup_stm32l552xx.o [1]
  .text                 ro code   0x800'9f60     0x4  startup_stm32l552xx.o [1]
  .text                 ro code   0x800'9f64     0x4  startup_stm32l552xx.o [1]
  .text                 ro code   0x800'9f68     0x4  startup_stm32l552xx.o [1]
  .text                 ro code   0x800'9f6c     0x4  startup_stm32l552xx.o [1]
  .text                 ro code   0x800'9f70     0x4  startup_stm32l552xx.o [1]
  .text                 ro code   0x800'9f74     0x4  startup_stm32l552xx.o [1]
  .text                 ro code   0x800'9f78     0x4  startup_stm32l552xx.o [1]
  .text                 ro code   0x800'9f7c     0x4  startup_stm32l552xx.o [1]
  .text                 ro code   0x800'9f80     0x4  startup_stm32l552xx.o [1]
  .text                 ro code   0x800'9f84     0x4  startup_stm32l552xx.o [1]
  .text                 ro code   0x800'9f88     0x4  startup_stm32l552xx.o [1]
  .text                 ro code   0x800'9f8c     0x4  startup_stm32l552xx.o [1]
  .text                 ro code   0x800'9f90     0x4  startup_stm32l552xx.o [1]
  .text                 ro code   0x800'9f94     0x4  startup_stm32l552xx.o [1]
  .text                 ro code   0x800'9f98     0x4  startup_stm32l552xx.o [1]
  .text                 ro code   0x800'9f9c     0x4  startup_stm32l552xx.o [1]
  .text                 ro code   0x800'9fa0     0x4  startup_stm32l552xx.o [1]
  .text                 ro code   0x800'9fa4     0x4  startup_stm32l552xx.o [1]
  .text                 ro code   0x800'9fa8     0x4  startup_stm32l552xx.o [1]
  .text                 ro code   0x800'9fac     0x4  startup_stm32l552xx.o [1]
  .text                 ro code   0x800'9fb0     0x4  startup_stm32l552xx.o [1]
  .text                 ro code   0x800'9fb4     0x4  startup_stm32l552xx.o [1]
  .text                 ro code   0x800'9fb8     0x4  startup_stm32l552xx.o [1]
  .text                 ro code   0x800'9fbc     0x4  startup_stm32l552xx.o [1]
  .text                 ro code   0x800'9fc0     0x4  startup_stm32l552xx.o [1]
  .text                 ro code   0x800'9fc4     0x4  startup_stm32l552xx.o [1]
  .text                 ro code   0x800'9fc8     0x4  startup_stm32l552xx.o [1]
  .text                 ro code   0x800'9fcc     0x4  startup_stm32l552xx.o [1]
  .text                 ro code   0x800'9fd0     0x4  startup_stm32l552xx.o [1]
  .text                 ro code   0x800'9fd4     0x4  startup_stm32l552xx.o [1]
  .text                 ro code   0x800'9fd8     0x4  startup_stm32l552xx.o [1]
  .text                 ro code   0x800'9fdc     0x4  startup_stm32l552xx.o [1]
  .text                 ro code   0x800'9fe0     0x4  startup_stm32l552xx.o [1]
  .text                 ro code   0x800'9fe4     0x4  startup_stm32l552xx.o [1]
  .rodata               const     0x800'9fe8     0x0  zero_init3.o [16]
  .rodata               const     0x800'9fe8     0x0  lz77_init_single.o [16]
  Initializer bytes     const     0x800'9fe8    0xbf  <for P2-P3-1>
                                - 0x800'a0a7  0x9eb3

"P2-P3", part 1 of 3:                          0x219
  P2-P3-1                        0x2000'0000   0x219  <Init block>
    .data               inited   0x2000'0000    0x2c  can_api.o [6]
    .data               inited   0x2000'002c    0x24  flight_controller_conductor.o [4]
    .data               inited   0x2000'0050    0x18  gpio_api.o [6]
    .data               inited   0x2000'0068    0x28  gps_conductor.o [5]
    .data               inited   0x2000'0090    0x28  log_conductor.o [2]
    .data               inited   0x2000'00b8    0x24  periodic_conductor.o [8]
    .data               inited   0x2000'00dc     0x4  port.o [13]
    .data               inited   0x2000'00e0    0x24  sevcon_conductor.o [9]
    .data               inited   0x2000'0104    0x18  sevcon_driver_dictionary.o [9]
    .data               inited   0x2000'011c     0xc  stm32l5xx_hal.o [12]
    .data               inited   0x2000'0128     0xc  system_obj.o [10]
    .data               inited   0x2000'0134    0x3c  system_obj.o [10]
    .data               inited   0x2000'0170    0x10  system_obj.o [10]
    .data               inited   0x2000'0180    0x20  system_obj.o [10]
    .data               inited   0x2000'01a0     0x8  system_obj.o [10]
    .data               inited   0x2000'01a8     0x4  system_stm32l5xx.o [11]
    .data               inited   0x2000'01ac    0x2c  uart_api.o [6]
    .data               inited   0x2000'01d8    0x38  xlocale_c.o [14]
    .data               inited   0x2000'0210     0x8  XShttio.o [14]
    .data               inited   0x2000'0218     0x1  system_api.o [10]
                               - 0x2000'0219   0x219

"P2-P3", part 2 of 3:                         0x3760
  .bss                  zero     0x2000'021c  0x2020  heap_4.o [13]
  .bss                  zero     0x2000'223c   0x48a  log_driver.o [2]
  .bss                  zero     0x2000'26c8   0x460  tasks.o [13]
  .bss                  zero     0x2000'2b28   0x45c  cmsis_os2.o [13]
  .bss                  zero     0x2000'2f84   0x25c  cmsis_os2.o [13]
  .bss                  zero     0x2000'31e0   0x238  main.o [3]
  .bss                  zero     0x2000'3418   0x1d8  dlmalloc.o [14]
  .bss                  zero     0x2000'35f0   0x12c  timers.o [13]
  .bss                  zero     0x2000'371c    0x9c  tasks.o [13]
  .bss                  zero     0x2000'37b8    0x68  main.o [3]
  .bss                  zero     0x2000'3820    0x40  queue.o [13]
  .bss                  zero     0x2000'3860    0x24  periodic_driver.o [8]
  .bss                  zero     0x2000'3884    0x24  periodic_driver.o [8]
  .bss                  zero     0x2000'38a8    0x24  periodic_driver.o [8]
  .bss                  zero     0x2000'38cc    0x24  periodic_driver.o [8]
  .bss                  zero     0x2000'38f0    0x1c  uart_api.o [6]
  .bss                  zero     0x2000'390c    0x18  adc_api.o [6]
  .bss                  zero     0x2000'3924    0x18  dlmalloc.o [14]
  .bss                  zero     0x2000'393c    0x14  gps_hdwr.o [5]
  .bss                  zero     0x2000'3950    0x10  sevcon_hdwr.o [9]
  .bss                  zero     0x2000'3960     0x8  flight_controller_driver.o [4]
  .bss                  zero     0x2000'3968     0x4  can_api.o [6]
  .bss                  zero     0x2000'396c     0x4  cmsis_os2.o [13]
  .bss                  zero     0x2000'3970     0x4  periodic_conductor.o [8]
  .bss                  zero     0x2000'3974     0x4  xfail_s.o [14]
  .bss                  zero     0x2000'3978     0x4  xgetmemchunk.o [14]
                               - 0x2000'397c  0x3760

"P2-P3", part 3 of 3:                          0x600
  CSTACK                         0x2000'3980   0x400  <Block>
    CSTACK              uninit   0x2000'3980   0x400  <Block tail>
  HEAP                           0x2000'3d80   0x200  <Block>
    HEAP                uninit   0x2000'3d80   0x200  <Block tail>
                               - 0x2000'3f80   0x600

Unused ranges:

         From           To      Size
         ----           --      ----
   0x800'a0a7   0x807'ffff  0x7'5f59
  0x2000'0219  0x2000'021b       0x3
  0x2000'397c  0x2000'397f       0x4
  0x2000'3f80  0x2002'ffff  0x2'c080


*******************************************************************************
*** INIT TABLE
***

          Address      Size
          -------      ----
Zero (__iar_zero_init3)
    1 destination range, total size 0x3760:
          0x2000'021c  0x3760

Copy/lz77 (__iar_lz77_init_single3)
    1 source range, total size 0xbf (35% of destination):
           0x800'9fe8    0xbf
    1 destination range, total size 0x219:
          0x2000'0000   0x219



*******************************************************************************
*** MODULE SUMMARY
***

    Module                         ro code  ro data  rw data
    ------                         -------  -------  -------
command line/config:
    --------------------------------------------------------
    Total:

D:\Proyectos\STM32\kart\EWARM\kart\Obj\Application\EWARM: [1]
    startup_stm32l552xx.o              920
    --------------------------------------------------------
    Total:                             920

D:\Proyectos\STM32\kart\EWARM\kart\Obj\Application\LOG\src: [2]
    log_api.o                           20
    log_conductor.o                    100       18       40
    log_driver.o                        80             1'162
    --------------------------------------------------------
    Total:                             200       18    1'202

D:\Proyectos\STM32\kart\EWARM\kart\Obj\Application\User: [3]
    main.o                           1'362       48      672
    stm32l5xx_hal_msp.o                916
    stm32l5xx_it.o                      48
    --------------------------------------------------------
    Total:                           2'326       48      672

D:\Proyectos\STM32\kart\EWARM\kart\Obj\Application\flight_controller\src: [4]
    flight_controller_api.o             32
    flight_controller_conductor.o      152       13       36
    flight_controller_driver.o         256                 8
    flight_controller_hdwr.o           188
    --------------------------------------------------------
    Total:                             628       13       44

D:\Proyectos\STM32\kart\EWARM\kart\Obj\Application\gps\src: [5]
    gps_api.o                           10
    gps_conductor.o                     80       19       40
    gps_driver.o                       248
    gps_hdwr.o                         180                20
    --------------------------------------------------------
    Total:                             518       19       60

D:\Proyectos\STM32\kart\EWARM\kart\Obj\Application\hdwr\src: [6]
    adc_api.o                          188                24
    can_api.o                          460       15       48
    fifo_api.o                          70
    gpio_api.o                          80        8       24
    pwm_api.o                          464
    uart_api.o                         268       15       72
    --------------------------------------------------------
    Total:                           1'530       38      168

D:\Proyectos\STM32\kart\EWARM\kart\Obj\Application\heartbeat\src: [7]
    heartbeat_api.o                     96
    --------------------------------------------------------
    Total:                              96

D:\Proyectos\STM32\kart\EWARM\kart\Obj\Application\periodic\src: [8]
    periodic_api.o                      36
    periodic_conductor.o               160       25       40
    periodic_driver.o                  236               144
    --------------------------------------------------------
    Total:                             432       25      184

D:\Proyectos\STM32\kart\EWARM\kart\Obj\Application\sevcon\src: [9]
    sevcon_api.o                        12
    sevcon_conductor.o                  96       21       36
    sevcon_driver.o                    388
    sevcon_driver_dictionary.o          48        9       24
    sevcon_hdwr.o                      110                16
    --------------------------------------------------------
    Total:                             654       30       76

D:\Proyectos\STM32\kart\EWARM\kart\Obj\Application\system\src: [10]
    system_api.o                       104        1        1
    system_obj.o                                 77      128
    --------------------------------------------------------
    Total:                             104       78      129

D:\Proyectos\STM32\kart\EWARM\kart\Obj\Drivers\CMSIS: [11]
    system_stm32l5xx.o                 200       74        4
    --------------------------------------------------------
    Total:                             200       74        4

D:\Proyectos\STM32\kart\EWARM\kart\Obj\Drivers\STM32L5xx_HAL_Driver: [12]
    stm32l5xx_hal.o                    114        4       12
    stm32l5xx_hal_adc.o              2'032
    stm32l5xx_hal_adc_ex.o             352
    stm32l5xx_hal_cortex.o             232
    stm32l5xx_hal_dma.o              1'020
    stm32l5xx_hal_fdcan.o            1'386
    stm32l5xx_hal_gpio.o               472
    stm32l5xx_hal_pwr.o                 16
    stm32l5xx_hal_pwr_ex.o             176
    stm32l5xx_hal_rcc.o              2'204
    stm32l5xx_hal_rcc_ex.o           1'444
    stm32l5xx_hal_rtc.o                332
    stm32l5xx_hal_rtc_ex.o              52
    stm32l5xx_hal_spi.o                224
    stm32l5xx_hal_tim.o              1'858
    stm32l5xx_hal_tim_ex.o             148
    stm32l5xx_hal_uart.o             2'976
    stm32l5xx_hal_uart_ex.o            254
    --------------------------------------------------------
    Total:                          15'292        4       12

D:\Proyectos\STM32\kart\EWARM\kart\Obj\Middlewares\FreeRTOS: [13]
    cmsis_os2.o                        808             1'724
    heap_4.o                           404             8'224
    list.o                             146
    port.o                             404        1        4
    portasm.o                          200
    queue.o                          1'428                64
    tasks.o                          2'000             1'276
    timers.o                           820               300
    --------------------------------------------------------
    Total:                           6'210        1   11'592

dl7M_tlf.a: [14]
    XShttio.o                            8        3        8
    abort.o                              6
    dlmalloc.o                       4'066               496
    exit.o                               4
    low_level_init.o                     4
    sprintf.o                           64
    xfail_s.o                           64                 4
    xgetmemchunk.o                      44                 4
    xlocale_c.o                          8       23       56
    xprintffull_nomb.o               3'886
    xsprout.o                           10
    --------------------------------------------------------
    Total:                           8'164       26      568

m7M_tls.a: [15]
    DblAddSub.o                        606
    DblCmpGe.o                          52
    DblCmpLe.o                          52
    DblDiv.o                           582
    DblMul.o                           426
    DblToFlt.o                         104
    DblToS32.o                          54
    DblToU32.o                          34
    FltToDbl.o                          72
    S32ToDbl.o                          34
    U32ToDbl.o                          28
    fpinit_M.o                          34
    frexp.o                            112
    ldexp.o                            314
    --------------------------------------------------------
    Total:                           2'504

rt7M_tl.a: [16]
    ABImemclr.o                          6
    ABImemcpy_small.o                   24
    ABImemset48.o                       58
    ABImemset_small.o                   18
    I64DivMod_small.o                  262
    I64DivZer.o                          2
    cexit.o                             10
    cmain.o                             30
    cstartup_M.o                        28
    data_init.o                         40
    lz77_init_single.o                 120
    memchr.o                            88
    memset.o                            20
    strchr.o                            22
    strlen.o                            54
    zero_init3.o                        56
    --------------------------------------------------------
    Total:                             838

shb_l.a: [17]
    exit.o                              20
    iarttio.o                           44
    --------------------------------------------------------
    Total:                              64

    Gaps                                39        2        2
    Linker created                               32    1'536
------------------------------------------------------------
    Grand Total:                    40'719      408   16'249


*******************************************************************************
*** ENTRY LIST
***

Entry                       Address    Size  Type      Object
-----                       -------    ----  ----      ------
.iar.init_table$$Base    0x800'9d84           --   Gb  - Linker created -
.iar.init_table$$Limit   0x800'9da4           --   Gb  - Linker created -
?main                    0x800'9da5          Code  Gb  cmain.o [16]
ADC_DMAConvCplt          0x800'6385    0x6c  Code  Gb  stm32l5xx_hal_adc.o [12]
ADC_DMAError             0x800'63f9    0x16  Code  Gb  stm32l5xx_hal_adc.o [12]
ADC_DMAHalfConvCplt      0x800'63f1     0x6  Code  Gb  stm32l5xx_hal_adc.o [12]
ADC_Disable              0x800'62e3    0x6a  Code  Gb  stm32l5xx_hal_adc.o [12]
ADC_Enable               0x800'6271    0x58  Code  Gb  stm32l5xx_hal_adc.o [12]
AHBPrescTable            0x800'8658    0x10  Data  Gb  system_stm32l5xx.o [11]
APBPrescTable            0x800'9e44     0x8  Data  Gb  system_stm32l5xx.o [11]
BusFault_Handler         0x800'9ceb     0x2  Code  Gb  stm32l5xx_it.o [3]
CSTACK$$Base            0x2000'3980           --   Gb  - Linker created -
CSTACK$$Limit           0x2000'3d80           --   Gb  - Linker created -
DLCtoBytes               0x800'74ec    0x10  Data  Lc  stm32l5xx_hal_fdcan.o [12]
DMA1_Channel1_IRQHandler
                         0x800'9cf1     0x6  Code  Gb  stm32l5xx_it.o [3]
DMA_CalcDMAMUXChannelBaseAndMask
                         0x800'3f69    0x3a  Code  Lc  stm32l5xx_hal_dma.o [12]
DMA_CalcDMAMUXRequestGenBaseAndMask
                         0x800'3fa3    0x1c  Code  Lc  stm32l5xx_hal_dma.o [12]
DMA_SetConfig            0x800'3f31    0x38  Code  Lc  stm32l5xx_hal_dma.o [12]
DebugMon_Handler         0x800'9cef     0x2  Code  Gb  stm32l5xx_it.o [3]
Error_Handler            0x800'5647     0x4  Code  Gb  main.o [3]
FDCAN1_IT0_IRQHandler    0x800'9cf7     0x2  Code  Gb  stm32l5xx_it.o [3]
FDCAN1_IT1_IRQHandler    0x800'9cf9     0x2  Code  Gb  stm32l5xx_it.o [3]
HAL_ADCEx_Calibration_Start
                         0x800'6411    0x8c  Code  Gb  stm32l5xx_hal_adc_ex.o [12]
HAL_ADCEx_MultiModeConfigChannel
                         0x800'64ad    0xae  Code  Gb  stm32l5xx_hal_adc_ex.o [12]
HAL_ADC_ConfigChannel    0x800'5f09   0x2fe  Code  Gb  stm32l5xx_hal_adc.o [12]
HAL_ADC_ConvCpltCallback
                         0x800'8669     0x2  Code  Gb  stm32l5xx_hal_adc.o [12]
HAL_ADC_ConvHalfCpltCallback
                         0x800'866d     0x2  Code  Gb  stm32l5xx_hal_adc.o [12]
HAL_ADC_ErrorCallback    0x800'866b     0x2  Code  Gb  stm32l5xx_hal_adc.o [12]
HAL_ADC_Init             0x800'5c77   0x196  Code  Gb  stm32l5xx_hal_adc.o [12]
HAL_ADC_MspInit          0x800'3895   0x100  Code  Gb  stm32l5xx_hal_msp.o [3]
HAL_ADC_Start_DMA        0x800'5e0d    0xd8  Code  Gb  stm32l5xx_hal_adc.o [12]
HAL_DMA_Abort            0x800'3d3b    0x66  Code  Gb  stm32l5xx_hal_dma.o [12]
HAL_DMA_Abort_IT         0x800'3da1    0x6c  Code  Gb  stm32l5xx_hal_dma.o [12]
HAL_DMA_ConfigChannelAttributes
                         0x800'3f11    0x20  Code  Gb  stm32l5xx_hal_dma.o [12]
HAL_DMA_IRQHandler       0x800'3e17    0xe8  Code  Gb  stm32l5xx_hal_dma.o [12]
HAL_DMA_Init             0x800'3bed    0x86  Code  Gb  stm32l5xx_hal_dma.o [12]
HAL_DMA_Start_IT         0x800'3cbd    0x7e  Code  Gb  stm32l5xx_hal_dma.o [12]
HAL_FDCAN_ActivateNotification
                         0x800'7295    0xe8  Code  Gb  stm32l5xx_hal_fdcan.o [12]
HAL_FDCAN_ErrorCallback
                         0x800'884f     0x2  Code  Gb  stm32l5xx_hal_fdcan.o [12]
HAL_FDCAN_ErrorStatusCallback
                         0x800'884d     0x2  Code  Gb  stm32l5xx_hal_fdcan.o [12]
HAL_FDCAN_GetRxMessage   0x800'71bf    0xd6  Code  Gb  stm32l5xx_hal_fdcan.o [12]
HAL_FDCAN_HighPriorityMessageCallback
                         0x800'8671     0x2  Code  Gb  stm32l5xx_hal_fdcan.o [12]
HAL_FDCAN_IRQHandler     0x800'7389   0x162  Code  Gb  stm32l5xx_hal_fdcan.o [12]
HAL_FDCAN_Init           0x800'6fa5   0x1be  Code  Gb  stm32l5xx_hal_fdcan.o [12]
HAL_FDCAN_MspInit        0x800'39a3    0x70  Code  Gb  stm32l5xx_hal_msp.o [3]
HAL_FDCAN_RxFifo0Callback
                         0x800'8815     0x4  Code  Gb  can_api.o [6]
HAL_FDCAN_RxFifo1Callback
                         0x800'8819     0x4  Code  Gb  can_api.o [6]
HAL_FDCAN_Start          0x800'719f    0x20  Code  Gb  stm32l5xx_hal_fdcan.o [12]
HAL_FDCAN_TimeoutOccurredCallback
                         0x800'884b     0x2  Code  Gb  stm32l5xx_hal_fdcan.o [12]
HAL_FDCAN_TimestampWraparoundCallback
                         0x800'8849     0x2  Code  Gb  stm32l5xx_hal_fdcan.o [12]
HAL_FDCAN_TxBufferAbortCallback
                         0x800'8673     0x2  Code  Gb  stm32l5xx_hal_fdcan.o [12]
HAL_FDCAN_TxBufferCompleteCallback
                         0x800'8847     0x2  Code  Gb  stm32l5xx_hal_fdcan.o [12]
HAL_FDCAN_TxEventFifoCallback
                         0x800'8675     0x2  Code  Gb  stm32l5xx_hal_fdcan.o [12]
HAL_FDCAN_TxFifoEmptyCallback
                         0x800'8845     0x2  Code  Gb  stm32l5xx_hal_fdcan.o [12]
HAL_GPIO_Init            0x800'564d   0x196  Code  Gb  stm32l5xx_hal_gpio.o [12]
HAL_GPIO_TogglePin       0x800'57ed    0x10  Code  Gb  stm32l5xx_hal_gpio.o [12]
HAL_GPIO_WritePin        0x800'57e3     0xa  Code  Gb  stm32l5xx_hal_gpio.o [12]
HAL_GetTick              0x800'499d     0xc  Code  Gb  stm32l5xx_hal.o [12]
HAL_Init                 0x800'5c01    0x22  Code  Gb  stm32l5xx_hal.o [12]
HAL_InitTick             0x800'5bbd    0x44  Code  Gb  stm32l5xx_hal.o [12]
HAL_MspInit              0x800'3859    0x3c  Code  Gb  stm32l5xx_hal_msp.o [3]
HAL_NVIC_DisableIRQ      0x800'4a2f    0x1e  Code  Gb  stm32l5xx_hal_cortex.o [12]
HAL_NVIC_EnableIRQ       0x800'4a19    0x16  Code  Gb  stm32l5xx_hal_cortex.o [12]
HAL_NVIC_SetPriority     0x800'49dd    0x3a  Code  Gb  stm32l5xx_hal_cortex.o [12]
HAL_NVIC_SetPriorityGrouping
                         0x800'49c3    0x1a  Code  Gb  stm32l5xx_hal_cortex.o [12]
HAL_PWREx_ControlVoltageScaling
                         0x800'4a9d    0x66  Code  Gb  stm32l5xx_hal_pwr_ex.o [12]
HAL_PWREx_DisableUCPDDeadBattery
                         0x800'4b03     0x2  Code  Gb  stm32l5xx_hal_pwr_ex.o [12]
HAL_PWREx_GetVoltageRange
                         0x800'4a91     0xc  Code  Gb  stm32l5xx_hal_pwr_ex.o [12]
HAL_PWREx_SMPS_GetEffectiveMode
                         0x800'4b0f    0x1c  Code  Gb  stm32l5xx_hal_pwr_ex.o [12]
HAL_PWR_EnableBkUpAccess
                         0x800'765d     0xc  Code  Gb  stm32l5xx_hal_pwr.o [12]
HAL_RCCEx_PeriphCLKConfig
                         0x800'4b55   0x3d6  Code  Gb  stm32l5xx_hal_rcc_ex.o [12]
HAL_RCC_ClockConfig      0x800'4653   0x18e  Code  Gb  stm32l5xx_hal_rcc.o [12]
HAL_RCC_GetHCLKFreq      0x800'48a3    0x12  Code  Gb  stm32l5xx_hal_rcc.o [12]
HAL_RCC_GetPCLK1Freq     0x800'48b5     0xe  Code  Gb  stm32l5xx_hal_rcc.o [12]
HAL_RCC_GetPCLK2Freq     0x800'48c9    0x10  Code  Gb  stm32l5xx_hal_rcc.o [12]
HAL_RCC_GetSysClockFreq
                         0x800'480d    0x96  Code  Gb  stm32l5xx_hal_rcc.o [12]
HAL_RCC_OscConfig        0x800'4101   0x526  Code  Gb  stm32l5xx_hal_rcc.o [12]
HAL_RTCEx_PrivilegeModeSet
                         0x800'66bd    0x2c  Code  Gb  stm32l5xx_hal_rtc_ex.o [12]
HAL_RTC_Init             0x800'6571    0x86  Code  Gb  stm32l5xx_hal_rtc.o [12]
HAL_RTC_MspInit          0x800'3a39    0x50  Code  Gb  stm32l5xx_hal_msp.o [3]
HAL_RTC_WaitForSynchro   0x800'65f7    0x2e  Code  Gb  stm32l5xx_hal_rtc.o [12]
HAL_SPI_Init             0x800'66f1    0xd4  Code  Gb  stm32l5xx_hal_spi.o [12]
HAL_SPI_MspInit          0x800'3a89    0x4c  Code  Gb  stm32l5xx_hal_msp.o [3]
HAL_SYSTICK_Config       0x800'4a4d    0x28  Code  Gb  stm32l5xx_hal_cortex.o [12]
HAL_TIMEx_MasterConfigSynchronization
                         0x800'6f11    0x7a  Code  Gb  stm32l5xx_hal_tim_ex.o [12]
HAL_TIM_Base_Init        0x800'67d1    0x1a  Code  Gb  stm32l5xx_hal_tim.o [12]
HAL_TIM_Base_MspInit     0x800'3add    0x22  Code  Gb  stm32l5xx_hal_msp.o [3]
HAL_TIM_ConfigClockSource
                         0x800'6a81    0x90  Code  Gb  stm32l5xx_hal_tim.o [12]
HAL_TIM_MspPostInit      0x800'3aff    0x3a  Code  Gb  stm32l5xx_hal_msp.o [3]
HAL_TIM_PWM_ConfigChannel
                         0x800'6973   0x102  Code  Gb  stm32l5xx_hal_tim.o [12]
HAL_TIM_PWM_Init         0x800'6815    0x1a  Code  Gb  stm32l5xx_hal_tim.o [12]
HAL_TIM_PWM_MspInit      0x800'866f     0x2  Code  Gb  stm32l5xx_hal_tim.o [12]
HAL_TIM_PWM_Start        0x800'682f    0xc4  Code  Gb  stm32l5xx_hal_tim.o [12]
HAL_UARTEx_DisableFifoMode
                         0x800'74fd    0x3c  Code  Gb  stm32l5xx_hal_uart_ex.o [12]
HAL_UARTEx_RxEventCallback
                         0x800'3feb     0x2  Code  Gb  stm32l5xx_hal_uart.o [12]
HAL_UARTEx_RxFifoFullCallback
                         0x800'40ff     0x2  Code  Gb  stm32l5xx_hal_uart_ex.o [12]
HAL_UARTEx_SetRxFifoThreshold
                         0x800'754f    0x14  Code  Gb  stm32l5xx_hal_uart_ex.o [12]
HAL_UARTEx_SetTxFifoThreshold
                         0x800'7539    0x16  Code  Gb  stm32l5xx_hal_uart_ex.o [12]
HAL_UARTEx_TxFifoEmptyCallback
                         0x800'40fd     0x2  Code  Gb  stm32l5xx_hal_uart_ex.o [12]
HAL_UARTEx_WakeupCallback
                         0x800'3fed     0x2  Code  Gb  stm32l5xx_hal_uart_ex.o [12]
HAL_UART_ErrorCallback   0x800'3fe9     0x2  Code  Gb  stm32l5xx_hal_uart.o [12]
HAL_UART_IRQHandler      0x800'2d9f   0x27c  Code  Gb  stm32l5xx_hal_uart.o [12]
HAL_UART_Init            0x800'2cbd    0x30  Code  Gb  stm32l5xx_hal_uart.o [12]
HAL_UART_MspInit         0x800'3b45    0x5e  Code  Gb  stm32l5xx_hal_msp.o [3]
HAL_UART_Receive_IT      0x800'2d3d    0x2c  Code  Gb  stm32l5xx_hal_uart.o [12]
HAL_UART_RxCpltCallback
                         0x800'409b    0x22  Code  Gb  uart_api.o [6]
HAL_UART_TxCpltCallback
                         0x800'40d1     0x2  Code  Gb  uart_api.o [6]
HEAP$$Base              0x2000'3d80           --   Gb  - Linker created -
HEAP$$Limit             0x2000'3f80           --   Gb  - Linker created -
HardFault_Handler        0x800'9ce7     0x2  Code  Gb  stm32l5xx_it.o [3]
KernelState             0x2000'396c     0x4  Data  Lc  cmsis_os2.o [13]
LL_ADC_GetOffsetChannel
                         0x800'5c25     0xe  Code  Lc  stm32l5xx_hal_adc.o [12]
LL_ADC_REG_IsTriggerSourceSWStart
                         0x800'5c45     0xe  Code  Lc  stm32l5xx_hal_adc.o [12]
LL_ADC_SetChannelSamplingTime
                         0x800'5c53    0x24  Code  Lc  stm32l5xx_hal_adc.o [12]
LL_ADC_SetOffsetState    0x800'5c33    0x12  Code  Lc  stm32l5xx_hal_adc.o [12]
MSIRangeTable            0x800'9c6c    0x40  Data  Gb  system_stm32l5xx.o [11]
MX_DMA_Init              0x800'55b1    0x3c  Code  Lc  main.o [3]
MemManage_Handler        0x800'9ce9     0x2  Code  Gb  stm32l5xx_it.o [3]
NMI_Handler              0x800'9ce5     0x2  Code  Gb  stm32l5xx_it.o [3]
PendSV_Handler           0x800'8a75          Code  Gb  portasm.o [13]
RCCEx_PLLSAI1_Config     0x800'4f55    0xd6  Code  Lc  stm32l5xx_hal_rcc_ex.o [12]
RCCEx_PLLSAI2_Config     0x800'5031    0xa8  Code  Lc  stm32l5xx_hal_rcc_ex.o [12]
RCC_SetFlashLatencyFromMSIRange
                         0x800'48e5    0x78  Code  Lc  stm32l5xx_hal_rcc.o [12]
RTC_EnterInitMode        0x800'6625    0x40  Code  Gb  stm32l5xx_hal_rtc.o [12]
RTC_ExitInitMode         0x800'6665    0x4c  Code  Gb  stm32l5xx_hal_rtc.o [12]
Region$$Table$$Base      0x800'9d84           --   Gb  - Linker created -
Region$$Table$$Limit     0x800'9da4           --   Gb  - Linker created -
SVC_Handler              0x800'8ab9          Code  Gb  portasm.o [13]
StartDefaultTask         0x800'563d     0xa  Code  Gb  main.o [3]
SysTick_Handler          0x800'5825    0x1a  Code  Gb  cmsis_os2.o [13]
SystemClock_Config       0x800'5523    0x84  Code  Gb  main.o [3]
SystemCoreClock         0x2000'01a8     0x4  Data  Gb  system_stm32l5xx.o [11]
SystemCoreClockUpdate    0x800'85ad    0x8e  Code  Gb  system_stm32l5xx.o [11]
SystemInit               0x800'85a1     0xc  Code  Gb  system_stm32l5xx.o [11]
TIM_Base_SetConfig       0x800'6b3d    0xac  Code  Gb  stm32l5xx_hal_tim.o [12]
TIM_CCxChannelCmd        0x800'6ef5    0x1c  Code  Gb  stm32l5xx_hal_tim.o [12]
TIM_ETR_SetConfig        0x800'6ee1    0x14  Code  Gb  stm32l5xx_hal_tim.o [12]
TIM_ITRx_SetConfig       0x800'6e95    0x10  Code  Lc  stm32l5xx_hal_tim.o [12]
TIM_OC1_SetConfig        0x800'6be9    0x84  Code  Lc  stm32l5xx_hal_tim.o [12]
TIM_OC2_SetConfig        0x800'6c6d    0x74  Code  Gb  stm32l5xx_hal_tim.o [12]
TIM_OC3_SetConfig        0x800'6ce1    0x70  Code  Lc  stm32l5xx_hal_tim.o [12]
TIM_OC4_SetConfig        0x800'6d51    0x4e  Code  Lc  stm32l5xx_hal_tim.o [12]
TIM_OC5_SetConfig        0x800'6d9f    0x54  Code  Lc  stm32l5xx_hal_tim.o [12]
TIM_OC6_SetConfig        0x800'6df3    0x4e  Code  Lc  stm32l5xx_hal_tim.o [12]
TIM_TI1_ConfigInputStage
                         0x800'6e4f    0x22  Code  Lc  stm32l5xx_hal_tim.o [12]
TIM_TI2_ConfigInputStage
                         0x800'6e71    0x24  Code  Lc  stm32l5xx_hal_tim.o [12]
UARTEx_SetNbDataToProcess
                         0x800'75a5    0x3e  Code  Lc  stm32l5xx_hal_uart_ex.o [12]
UARTEx_SetNbDataToProcess::denominator
                         0x800'75ec     0x8  Data  Lc  stm32l5xx_hal_uart_ex.o [12]
UARTEx_SetNbDataToProcess::numerator
                         0x800'75e4     0x8  Data  Lc  stm32l5xx_hal_uart_ex.o [12]
UARTPrescTable           0x800'3840    0x18  Data  Gb  stm32l5xx_hal_uart.o [12]
UART_AdvFeatureConfig    0x800'32bb    0xc6  Code  Gb  stm32l5xx_hal_uart.o [12]
UART_CheckIdleState      0x800'3381    0x5c  Code  Gb  stm32l5xx_hal_uart.o [12]
UART_DMAAbortOnError     0x800'356d    0x10  Code  Lc  stm32l5xx_hal_uart.o [12]
UART_EndRxTransfer       0x800'352f    0x34  Code  Lc  stm32l5xx_hal_uart.o [12]
UART_RxISR_16BIT         0x800'35a5    0x28  Code  Lc  stm32l5xx_hal_uart.o [12]
UART_RxISR_16BIT_FIFOEN
                         0x800'36c5    0x92  Code  Lc  stm32l5xx_hal_uart.o [12]
UART_RxISR_8BIT          0x800'357d    0x28  Code  Lc  stm32l5xx_hal_uart.o [12]
UART_RxISR_8BIT_FIFOEN   0x800'3629    0x92  Code  Lc  stm32l5xx_hal_uart.o [12]
UART_SetConfig           0x800'301d   0x286  Code  Gb  stm32l5xx_hal_uart.o [12]
UART_Start_Receive_IT    0x800'3465    0xca  Code  Gb  stm32l5xx_hal_uart.o [12]
UART_WaitOnFlagUntilTimeout
                         0x800'33dd    0x6a  Code  Gb  stm32l5xx_hal_uart.o [12]
USART3_IRQHandler        0x800'9d01     0x6  Code  Gb  stm32l5xx_it.o [3]
UsageFault_Handler       0x800'9ced     0x2  Code  Gb  stm32l5xx_it.o [3]
_LitobFullNoMb           0x800'1fa9   0x10c  Code  Lc  xprintffull_nomb.o [14]
_Locale_lconv           0x2000'01d8    0x38  Data  Lc  xlocale_c.o [14]
_PrintfFullNoMb          0x800'1275   0xd06  Code  Gb  xprintffull_nomb.o [14]
_PutcharFullNoMb         0x800'210d    0x20  Code  Lc  xprintffull_nomb.o [14]
_PutcharsFullNoMb        0x800'212d    0x2e  Code  Lc  xprintffull_nomb.o [14]
_SProut                  0x800'120f     0xa  Code  Gb  xsprout.o [14]
__NVIC_SetPriority       0x800'49a9    0x1a  Code  Lc  stm32l5xx_hal_cortex.o [12]
__Vectors                0x800'0000           --   Gb  startup_stm32l552xx.o [1]
__Vectors_End            0x800'01f4          Data  Gb  startup_stm32l552xx.o [1]
__Vectors_Size {Abs}          0x1f4           --   Gb  startup_stm32l552xx.o [1]
__aeabi_cdcmple          0x800'2315          Code  Gb  DblCmpLe.o [15]
__aeabi_cdrcmple         0x800'2349          Code  Gb  DblCmpGe.o [15]
__aeabi_d2f              0x800'92e1          Code  Gb  DblToFlt.o [15]
__aeabi_d2iz             0x800'24b9          Code  Gb  DblToS32.o [15]
__aeabi_d2uiz            0x800'29bd          Code  Gb  DblToU32.o [15]
__aeabi_dadd             0x800'2515          Code  Gb  DblAddSub.o [15]
__aeabi_ddiv             0x800'2775          Code  Gb  DblDiv.o [15]
__aeabi_dmul             0x800'29fd          Code  Gb  DblMul.o [15]
__aeabi_dsub             0x800'2691          Code  Gb  DblAddSub.o [15]
__aeabi_f2d              0x800'9349          Code  Gb  FltToDbl.o [15]
__aeabi_i2d              0x800'24f1          Code  Gb  S32ToDbl.o [15]
__aeabi_ldiv0            0x800'2cb9          Code  Gb  I64DivZer.o [16]
__aeabi_memclr           0x800'1209          Code  Gb  ABImemclr.o [16]
__aeabi_memset4          0x800'8c69          Code  Gb  ABImemset48.o [16]
__aeabi_memset8          0x800'8c69          Code  Gb  ABImemset48.o [16]
__aeabi_ui2d             0x800'29e1          Code  Gb  U32ToDbl.o [15]
__cmain                  0x800'9da5          Code  Gb  cmain.o [16]
__data_GetMemChunk       0x800'11dd    0x2c  Code  Gb  xgetmemchunk.o [14]
__data_GetMemChunk::start
                        0x2000'3978     0x4  Data  Lc  xgetmemchunk.o [14]
__exit                   0x800'1219    0x14  Code  Gb  exit.o [17]
__iar_Fail_s             0x800'21bd    0x1c  Code  Gb  xfail_s.o [14]
__iar_Memchr             0x800'2235          Code  Gb  memchr.o [16]
__iar_Memset4_word       0x800'8c71          Code  Gb  ABImemset48.o [16]
__iar_Memset8_word       0x800'8c71          Code  Gb  ABImemset48.o [16]
__iar_Strchr             0x800'21a5          Code  Gb  strchr.o [16]
__iar_close_ttio         0x800'1241    0x2c  Code  Gb  iarttio.o [17]
__iar_data_init3         0x800'9d15    0x28  Code  Gb  data_init.o [16]
__iar_dlcalloc           0x800'1199    0x3e  Code  Gb  dlmalloc.o [14]
__iar_dlmalloc           0x800'027d   0xf16  Code  Gb  dlmalloc.o [14]
__iar_frexp              0x800'22b1          Code  Gb  frexp.o [15]
__iar_frexpl             0x800'22b1          Code  Gb  frexp.o [15]
__iar_init_vfp           0x800'9d61          Code  Gb  fpinit_M.o [15]
__iar_ldexp64            0x800'237d          Code  Gb  ldexp.o [15]
__iar_lookup_ttioh       0x800'126d     0x8  Code  Gb  XShttio.o [14]
__iar_lz77_init_single3
                         0x800'9bf5    0x78  Code  Gb  lz77_init_single.o [16]
__iar_program_start      0x800'9dd9          Code  Gb  cstartup_M.o [16]
__iar_scalbln64          0x800'237d          Code  Gb  ldexp.o [15]
__iar_scalbn64           0x800'237d          Code  Gb  ldexp.o [15]
__iar_small_Memcpy       0x800'2291          Code  Gb  ABImemcpy_small.o [16]
__iar_small_Memset       0x800'122d          Code  Gb  ABImemset_small.o [16]
__iar_small_Memset_word
                         0x800'122d          Code  Gb  ABImemset_small.o [16]
__iar_small_memcpy       0x800'228d          Code  Gb  ABImemcpy_small.o [16]
__iar_small_memcpy4      0x800'228d          Code  Gb  ABImemcpy_small.o [16]
__iar_small_memcpy8      0x800'228d          Code  Gb  ABImemcpy_small.o [16]
__iar_small_memset       0x800'122d          Code  Gb  ABImemset_small.o [16]
__iar_small_uldivmod     0x800'2bb1          Code  Gb  I64DivMod_small.o [16]
__iar_softfp___iar_frexp64
                         0x800'22a5          Code  Gb  frexp.o [15]
__iar_softfp_frexp       0x800'22a5          Code  Gb  frexp.o [15]
__iar_softfp_frexpl      0x800'22a5          Code  Gb  frexp.o [15]
__iar_ttio_handles      0x2000'0210     0x8  Data  Lc  XShttio.o [14]
__iar_zero_init3         0x800'9cad    0x38  Code  Gb  zero_init3.o [16]
__low_level_init         0x800'9dc3     0x4  Code  Gb  low_level_init.o [14]
__vector_table           0x800'0000          Data  Gb  startup_stm32l552xx.o [1]
_call_main               0x800'9db1          Code  Gb  cmain.o [16]
_exit                    0x800'9dcd          Code  Gb  cexit.o [16]
_gm_                    0x2000'3418   0x1d8  Data  Lc  dlmalloc.o [14]
abort                    0x800'11d7     0x6  Code  Gb  abort.o [14]
adc1_dma                0x2000'3910    0x14  Data  Gb  adc_api.o [6]
adc_get_value            0x800'8965    0x5e  Code  Gb  adc_api.o [6]
adc_init                 0x800'8931    0x34  Code  Gb  adc_api.o [6]
can_cfg                 0x2000'0170    0x10  Data  Gb  system_obj.o [10]
can_create               0x800'86c9    0x92  Code  Gb  can_api.o [6]
can_enqueue_new_message
                         0x800'8685    0x44  Code  Gb  can_api.o [6]
can_fifo_subscribe      0x2000'3968     0x4  Data  Gb  can_api.o [6]
can_suscribe_rx_fifo     0x800'8765    0x1e  Code  Gb  can_api.o [6]
can_task                 0x800'8679     0xc  Code  Gb  can_api.o [6]
can_task_attributes     0x2000'0008    0x24  Data  Gb  can_api.o [6]
canopen_get_data         0x800'87b9    0x5c  Code  Gb  can_api.o [6]
canopen_get_index        0x800'8795    0x14  Code  Gb  can_api.o [6]
canopen_get_subindex     0x800'87a9     0xa  Code  Gb  can_api.o [6]
checksum                 0x800'9a49    0x40  Code  Gb  gps_driver.o [5]
cllbck_every_1000_ms    0x2000'38cc    0x24  Data  Gb  periodic_driver.o [8]
cllbck_every_100_ms     0x2000'3860    0x24  Data  Gb  periodic_driver.o [8]
cllbck_every_200_ms     0x2000'3884    0x24  Data  Gb  periodic_driver.o [8]
cllbck_every_500_ms     0x2000'38a8    0x24  Data  Gb  periodic_driver.o [8]
configurated            0x2000'390c     0x1  Data  Gb  adc_api.o [6]
convert_string_to_float
                         0x800'9add    0x1c  Code  Lc  gps_driver.o [5]
decrease_max_percent_working
                        0x2000'3960     0x8  Data  Gb  flight_controller_driver.o [4]
defaultTaskHandle       0x2000'3414     0x4  Data  Gb  main.o [3]
defaultTask_attributes   0x800'9d3c    0x24  Data  Gb  main.o [3]
dictionary_canopen      0x2000'0104    0x18  Data  Lc  sevcon_driver_dictionary.o [9]
exit                     0x800'9dc7     0x4  Code  Gb  exit.o [14]
fifo_create_queue        0x800'5b75     0xe  Code  Gb  fifo_api.o [6]
fifo_dequeue_msg         0x800'5b9b    0x18  Code  Gb  fifo_api.o [6]
fifo_enqueue_msg         0x800'5b83    0x18  Code  Gb  fifo_api.o [6]
flight_controller_cfg   0x2000'0134    0x3c  Data  Gb  system_obj.o [10]
flight_controller_conductor_init
                         0x800'93c5    0x4e  Code  Gb  flight_controller_conductor.o [4]
flight_controller_conductor_resume_thread
                         0x800'941d     0x2  Code  Gb  flight_controller_conductor.o [4]
flight_controller_decrease
                         0x800'89f9     0xa  Code  Gb  flight_controller_api.o [4]
flight_controller_driver_decrease
                         0x800'94d5    0x1a  Code  Gb  flight_controller_driver.o [4]
flight_controller_driver_increase
                         0x800'94ef    0x14  Code  Gb  flight_controller_driver.o [4]
flight_controller_driver_init
                         0x800'9433    0x1c  Code  Gb  flight_controller_driver.o [4]
flight_controller_driver_log_init
                         0x800'94b5    0x20  Code  Gb  flight_controller_driver.o [4]
flight_controller_driver_periodic
                         0x800'9429     0xa  Code  Lc  flight_controller_driver.o [4]
flight_controller_driver_start_periodic
                         0x800'944f     0xe  Code  Gb  flight_controller_driver.o [4]
flight_controller_driver_update_dac
                         0x800'945d    0x58  Code  Gb  flight_controller_driver.o [4]
flight_controller_hdwr_check_adc
                         0x800'976d    0x52  Code  Gb  flight_controller_hdwr.o [4]
flight_controller_hdwr_init
                         0x800'973d    0x30  Code  Gb  flight_controller_hdwr.o [4]
flight_controller_hdwr_set_dac
                         0x800'97f5     0x4  Code  Gb  flight_controller_hdwr.o [4]
flight_controller_hdwr_start
                         0x800'97c5    0x30  Code  Gb  flight_controller_hdwr.o [4]
flight_controller_increase
                         0x800'8a03     0xa  Code  Gb  flight_controller_api.o [4]
flight_controller_init   0x800'89ed     0xc  Code  Gb  flight_controller_api.o [4]
flight_controller_task_attributes
                        0x2000'002c    0x24  Data  Gb  flight_controller_conductor.o [4]
fligth_controller_thread
                         0x800'9391    0x32  Code  Lc  flight_controller_conductor.o [4]
get_lenght_fields_lenght
                         0x800'9b41    0x5c  Code  Gb  gps_hdwr.o [5]
gpio                    0x2000'0218     0x1  Data  Gb  system_api.o [10]
gpio_hal                0x2000'0050    0x18  Data  Gb  gpio_api.o [6]
gpio_off                 0x800'8861     0xe  Code  Gb  gpio_api.o [6]
gpio_on                  0x800'8851    0x10  Code  Gb  gpio_api.o [6]
gpio_toggle              0x800'8885    0x16  Code  Gb  gpio_api.o [6]
gps                     0x2000'008c     0x4  Data  Gb  gps_conductor.o [5]
gps_conductor_init       0x800'9833    0x3e  Code  Gb  gps_conductor.o [5]
gps_driver_get_msg       0x800'9b17    0x18  Code  Gb  gps_driver.o [5]
gps_driver_log_init      0x800'9af9    0x1e  Code  Gb  gps_driver.o [5]
gps_hdwr_get_msg         0x800'9bdd    0x14  Code  Gb  gps_hdwr.o [5]
gps_hdwr_init            0x800'9b9d    0x40  Code  Gb  gps_hdwr.o [5]
gps_init                 0x800'9733     0xa  Code  Gb  gps_api.o [5]
gps_proccess_message     0x800'9a89    0x54  Code  Gb  gps_driver.o [5]
gps_task                 0x800'9829     0xa  Code  Gb  gps_conductor.o [5]
gps_task_attributes     0x2000'0068    0x24  Data  Gb  gps_conductor.o [5]
hadc1                   0x2000'31e0    0x68  Data  Gb  main.o [3]
hdma_adc1               0x2000'37b8    0x68  Data  Gb  main.o [3]
heartbeat               0x2000'0128     0xc  Data  Gb  system_obj.o [10]
heartbeat_init           0x800'88cd    0x4a  Code  Gb  heartbeat_api.o [7]
heartbeat_periodic       0x800'88c5     0x6  Code  Gb  heartbeat_api.o [7]
hfdcan1                 0x2000'3248    0x64  Data  Gb  main.o [3]
hrtc                    0x2000'33a0    0x28  Data  Gb  main.o [3]
hspi3                   0x2000'32ac    0x64  Data  Gb  main.o [3]
htim3                   0x2000'33c8    0x4c  Data  Gb  main.o [3]
huart3                  0x2000'3310    0x90  Data  Gb  main.o [3]
id_msg_rx               0x2000'26c4     0x2  Data  Gb  log_driver.o [2]
init_mparams             0x800'0211    0x2c  Code  Lc  dlmalloc.o [14]
init_top                 0x800'023d    0x34  Code  Lc  dlmalloc.o [14]
ldexp                    0x800'237d          Code  Gb  ldexp.o [15]
ldexpl                   0x800'237d          Code  Gb  ldexp.o [15]
localeconv               0x800'2ba9     0x4  Code  Gb  xlocale_c.o [14]
log_conductor_init       0x800'854d    0x2c  Code  Gb  log_conductor.o [2]
log_conductor_new_msg    0x800'8579    0x18  Code  Gb  log_conductor.o [2]
log_driver_create_new_message
                         0x800'90a5    0x50  Code  Gb  log_driver.o [2]
log_init                 0x800'5b61     0x4  Code  Gb  log_api.o [2]
log_msg                 0x2000'223c   0x488  Data  Gb  log_driver.o [2]
log_new_msg              0x800'5b65    0x10  Code  Gb  log_api.o [2]
log_task                 0x800'853d    0x10  Code  Gb  log_conductor.o [2]
log_task_attributes     0x2000'0090    0x24  Data  Gb  log_conductor.o [2]
main                     0x800'50f9   0x3f2  Code  Gb  main.o [3]
memchr                   0x800'2235          Code  Gb  memchr.o [16]
memset                   0x800'4b41    0x14  Code  Gb  memset.o [16]
mparams                 0x2000'3924    0x18  Data  Lc  dlmalloc.o [14]
msg                     0x2000'393c    0x14  Data  Gb  gps_hdwr.o [5]
msg_servcon             0x2000'3950    0x10  Data  Gb  sevcon_hdwr.o [9]
name_thread_can         0x2000'0000     0x8  Data  Gb  can_api.o [6]
name_thread_uart        0x2000'01ac     0x8  Data  Gb  uart_api.o [6]
osDelay                  0x800'59db    0x1a  Code  Gb  cmsis_os2.o [13]
osKernelInitialize       0x800'583f    0x1a  Code  Gb  cmsis_os2.o [13]
osKernelStart            0x800'5861    0x2a  Code  Gb  cmsis_os2.o [13]
osMessageQueueGet        0x800'5ac1    0x4e  Code  Gb  cmsis_os2.o [13]
osMessageQueueNew        0x800'5a11    0x60  Code  Gb  cmsis_os2.o [13]
osMessageQueuePut        0x800'5a71    0x50  Code  Gb  cmsis_os2.o [13]
osThreadFlagsWait        0x800'5949    0x92  Code  Gb  cmsis_os2.o [13]
osThreadNew              0x800'5897    0x92  Code  Gb  cmsis_os2.o [13]
osThreadResume           0x800'5929    0x20  Code  Gb  cmsis_os2.o [13]
periodic_cllbcks_registers
                         0x800'9195    0x22  Code  Lc  periodic_driver.o [8]
periodic_conductor_init
                         0x800'9155    0x2a  Code  Gb  periodic_conductor.o [8]
periodic_driver_enable_function
                         0x800'9231    0x3c  Code  Gb  periodic_driver.o [8]
periodic_driver_every_1000ms
                         0x800'91c3     0x4  Code  Gb  periodic_driver.o [8]
periodic_driver_every_100ms
                         0x800'91b7     0x4  Code  Gb  periodic_driver.o [8]
periodic_driver_every_200ms
                         0x800'91bb     0x4  Code  Gb  periodic_driver.o [8]
periodic_driver_every_500ms
                         0x800'91bf     0x4  Code  Gb  periodic_driver.o [8]
periodic_driver_register
                         0x800'91c9    0x68  Code  Gb  periodic_driver.o [8]
periodic_init            0x800'88a1     0x4  Code  Gb  periodic_api.o [8]
periodic_register        0x800'88a5    0x14  Code  Gb  periodic_api.o [8]
periodic_start           0x800'88b9     0xc  Code  Gb  periodic_api.o [8]
periodic_task            0x800'90f5    0x54  Code  Gb  periodic_conductor.o [8]
periodic_task_attributes
                        0x2000'00b8    0x24  Data  Gb  periodic_conductor.o [8]
prvAddCurrentTaskToDelayedList
                         0x800'7dd3    0x4e  Code  Lc  tasks.o [13]
prvAddNewTaskToReadyList
                         0x800'77a7    0xb0  Code  Lc  tasks.o [13]
prvCheckForValidListAndQueue
                         0x800'9019    0x4e  Code  Lc  timers.o [13]
prvCheckForValidListAndQueue{1}{2}{3}{4}::ucStaticTimerQueueStorage
                        0x2000'367c    0xa0  Data  Lc  timers.o [13]
prvCheckForValidListAndQueue{1}{2}{3}{4}::xStaticTimerQueue
                        0x2000'362c    0x50  Data  Lc  timers.o [13]
prvCopyDataFromQueue     0x800'8429    0x28  Code  Lc  queue.o [13]
prvCopyDataToQueue       0x800'83c1    0x68  Code  Lc  queue.o [13]
prvDeleteTCB             0x800'7c71    0x2a  Code  Lc  tasks.o [13]
prvIdleTask              0x800'7c31    0x40  Code  Lc  tasks.o [13]
prvInitialiseNewQueue    0x800'8093    0x20  Code  Lc  queue.o [13]
prvInitialiseNewTask     0x800'7719    0x8e  Code  Lc  tasks.o [13]
prvInsertBlockIntoFreeList
                         0x800'8c1d    0x46  Code  Lc  heap_4.o [13]
prvInsertTimerInActiveList
                         0x800'8fe3    0x34  Code  Lc  timers.o [13]
prvIsQueueEmpty          0x800'84b9    0x16  Code  Lc  queue.o [13]
prvResetNextTaskUnblockTime
                         0x800'7c9b    0x1a  Code  Lc  tasks.o [13]
prvSampleTimeNow         0x800'8f69    0x7a  Code  Lc  timers.o [13]
prvSampleTimeNow::xLastTime
                        0x2000'3600     0x4  Data  Lc  timers.o [13]
prvTaskExitError         0x800'7e3d    0x22  Code  Lc  port.o [13]
prvTaskIsTaskSuspended   0x800'788d    0x28  Code  Lc  tasks.o [13]
prvTimerTask             0x800'8de5   0x184  Code  Lc  timers.o [13]
prvUnlockQueue           0x800'8451    0x68  Code  Lc  queue.o [13]
pvPortMalloc             0x800'8ad5    0xfe  Code  Gb  heap_4.o [13]
pwm_check_channel        0x800'98bd    0x20  Code  Gb  pwm_api.o [6]
pwm_create               0x800'98dd    0xa6  Code  Gb  pwm_api.o [6]
pwm_get_handle_hal       0x800'9879    0x44  Code  Gb  pwm_api.o [6]
pwm_set_new_duty         0x800'9995    0x78  Code  Gb  pwm_api.o [6]
pwm_start                0x800'9983    0x12  Code  Gb  pwm_api.o [6]
pxCurrentTCB            0x2000'3744     0x4  Data  Gb  tasks.o [13]
pxCurrentTimerList      0x2000'35f0     0x4  Data  Lc  timers.o [13]
pxDelayedTaskList       0x2000'3748     0x4  Data  Lc  tasks.o [13]
pxEnd                   0x2000'0224     0x4  Data  Lc  heap_4.o [13]
pxOverflowDelayedTaskList
                        0x2000'374c     0x4  Data  Lc  tasks.o [13]
pxOverflowTimerList     0x2000'35f4     0x4  Data  Lc  timers.o [13]
pxPortInitialiseStack    0x800'7ee9    0x68  Code  Gb  port.o [13]
pxReadyTasksLists       0x2000'26c8   0x460  Data  Lc  tasks.o [13]
scalbln                  0x800'237d          Code  Gb  ldexp.o [15]
scalblnl                 0x800'237d          Code  Gb  ldexp.o [15]
scalbn                   0x800'237d          Code  Gb  ldexp.o [15]
scalbnl                  0x800'237d          Code  Gb  ldexp.o [15]
scale                    0x800'20b5    0x46  Code  Lc  xprintffull_nomb.o [14]
sec_hand                0x2000'3974     0x4  Data  Lc  xfail_s.o [14]
segment_holding          0x800'01f5    0x1c  Code  Lc  dlmalloc.o [14]
sevcon_cfg              0x2000'0180    0x20  Data  Gb  system_obj.o [10]
sevcon_conductor_init    0x800'928b    0x4e  Code  Gb  sevcon_conductor.o [9]
sevcon_dictionary_found_id
                         0x800'97f9    0x30  Code  Gb  sevcon_driver_dictionary.o [9]
sevcon_driver_get_msg    0x800'969b    0x18  Code  Gb  sevcon_driver.o [9]
sevcon_driver_log_init   0x800'967d    0x1e  Code  Gb  sevcon_driver.o [9]
sevcon_hdwr_get_data     0x800'9701     0x4  Code  Gb  sevcon_hdwr.o [9]
sevcon_hdwr_get_index    0x800'96f9     0x4  Code  Gb  sevcon_hdwr.o [9]
sevcon_hdwr_get_msg      0x800'96e1    0x14  Code  Gb  sevcon_hdwr.o [9]
sevcon_hdwr_get_num_sevcon
                         0x800'9705     0xa  Code  Gb  sevcon_hdwr.o [9]
sevcon_hdwr_get_opposite_motor
                         0x800'9711    0x22  Code  Gb  sevcon_hdwr.o [9]
sevcon_hdwr_get_subindex
                         0x800'96fd     0x4  Code  Gb  sevcon_hdwr.o [9]
sevcon_hdwr_init         0x800'96c5    0x1c  Code  Gb  sevcon_hdwr.o [9]
sevcon_init              0x800'8925     0xc  Code  Gb  sevcon_api.o [9]
sevcon_proccess_message
                         0x800'9541   0x132  Code  Gb  sevcon_driver.o [9]
sevcon_task              0x800'9281     0xa  Code  Gb  sevcon_conductor.o [9]
sevcon_task_attributes  0x2000'00e0    0x24  Data  Gb  sevcon_conductor.o [9]
sprintf                  0x800'5b21    0x40  Code  Gb  sprintf.o [14]
strchr                   0x800'21a5          Code  Gb  strchr.o [16]
strlen                   0x800'21fd          Code  Gb  strlen.o [16]
system_init              0x800'75f5    0x68  Code  Gb  system_api.o [10]
thread_id               0x2000'00b4     0x4  Data  Gb  log_conductor.o [2]
tick                    0x2000'3970     0x4  Data  Gb  periodic_conductor.o [8]
uart_cfg                0x2000'01a0     0x8  Data  Gb  system_obj.o [10]
uart_create              0x800'3ffd    0x5a  Code  Gb  uart_api.o [6]
uart_fifo_size          0x2000'38f0     0x2  Data  Gb  uart_api.o [6]
uart_fifo_subscribe     0x2000'38f4     0x4  Data  Gb  uart_api.o [6]
uart_rx                 0x2000'38f8    0x14  Data  Gb  uart_api.o [6]
uart_suscribe_rx_fifo    0x800'4061    0x3a  Code  Gb  uart_api.o [6]
uart_task                0x800'3ff1     0xc  Code  Gb  uart_api.o [6]
uart_task_attributes    0x2000'01b4    0x24  Data  Gb  uart_api.o [6]
ucHeap                  0x2000'023c  0x2000  Data  Lc  heap_4.o [13]
ulCriticalNesting       0x2000'00dc     0x4  Data  Lc  port.o [13]
ulSetInterruptMask       0x800'8a51          Code  Gb  portasm.o [13]
uwTick                  0x2000'0120     0x4  Data  Gb  stm32l5xx_hal.o [12]
uwTickFreq              0x2000'011c     0x1  Data  Gb  stm32l5xx_hal.o [12]
uwTickPrio              0x2000'0124     0x4  Data  Gb  stm32l5xx_hal.o [12]
uxCurrentNumberOfTasks  0x2000'3768     0x4  Data  Lc  tasks.o [13]
uxDeletedTasksWaitingCleanUp
                        0x2000'3750     0x4  Data  Lc  tasks.o [13]
uxListRemove             0x800'8d0f    0x26  Code  Gb  list.o [13]
uxSchedulerSuspended    0x2000'378c     0x4  Data  Lc  tasks.o [13]
uxTaskNumber            0x2000'3784     0x4  Data  Lc  tasks.o [13]
uxTopReadyPriority      0x2000'3770     0x4  Data  Lc  tasks.o [13]
vApplicationGetIdleTaskMemory
                         0x800'8d35    0x14  Code  Gb  cmsis_os2.o [13]
vApplicationGetIdleTaskMemory::Idle_Stack
                        0x2000'2fe0   0x200  Data  Lc  cmsis_os2.o [13]
vApplicationGetIdleTaskMemory::Idle_TCB
                        0x2000'2f84    0x5c  Data  Lc  cmsis_os2.o [13]
vApplicationGetTimerTaskMemory
                         0x800'9529    0x18  Code  Gb  cmsis_os2.o [13]
vApplicationGetTimerTaskMemory::Timer_Stack
                        0x2000'2b84   0x400  Data  Lc  cmsis_os2.o [13]
vApplicationGetTimerTaskMemory::Timer_TCB
                        0x2000'2b28    0x5c  Data  Lc  cmsis_os2.o [13]
vClearInterruptMask      0x800'8a67          Code  Gb  portasm.o [13]
vListInitialise          0x800'8ca3    0x1a  Code  Gb  list.o [13]
vListInitialiseItem      0x800'8cbd     0x6  Code  Gb  list.o [13]
vListInsert              0x800'8cdd    0x32  Code  Gb  list.o [13]
vListInsertEnd           0x800'8cc3    0x1a  Code  Gb  list.o [13]
vPortEnterCritical       0x800'7e75    0x18  Code  Gb  port.o [13]
vPortExitCritical        0x800'7e8d    0x22  Code  Gb  port.o [13]
vPortFree                0x800'8bd3    0x4a  Code  Gb  heap_4.o [13]
vPortSVCHandler_C        0x800'7ecf    0x1a  Code  Gb  port.o [13]
vPortSetupTimerInterrupt
                         0x800'907d    0x28  Code  Gb  port.o [13]
vPortYield               0x800'7e61    0x12  Code  Gb  port.o [13]
vQueueAddToRegistry      0x800'84cf    0x20  Code  Gb  queue.o [13]
vQueueWaitForMessageRestricted
                         0x800'84f5    0x48  Code  Gb  queue.o [13]
vRaisePrivilege          0x800'8a2b          Code  Gb  portasm.o [13]
vRestoreContextOfFirstTask
                         0x800'8a0d          Code  Gb  portasm.o [13]
vStartFirstTask          0x800'8a39          Code  Gb  portasm.o [13]
vTaskDelay               0x800'7857    0x30  Code  Gb  tasks.o [13]
vTaskInternalSetTimeOutState
                         0x800'7bbd     0xe  Code  Gb  tasks.o [13]
vTaskMissedYield         0x800'7c27     0xa  Code  Gb  tasks.o [13]
vTaskPlaceOnEventList    0x800'7b0f    0x16  Code  Gb  tasks.o [13]
vTaskPlaceOnEventListRestricted
                         0x800'7b2f    0x26  Code  Gb  tasks.o [13]
vTaskResume              0x800'78b5    0x46  Code  Gb  tasks.o [13]
vTaskStartScheduler      0x800'78fb    0x64  Code  Gb  tasks.o [13]
vTaskSuspendAll          0x800'7961     0xc  Code  Gb  tasks.o [13]
vTaskSwitchContext       0x800'7ac3    0x4c  Code  Gb  tasks.o [13]
xActiveTimerList1       0x2000'3604    0x14  Data  Lc  timers.o [13]
xActiveTimerList2       0x2000'3618    0x14  Data  Lc  timers.o [13]
xBlockAllocatedBit      0x2000'0238     0x4  Data  Lc  heap_4.o [13]
xDelayedTaskList1       0x2000'3790    0x14  Data  Lc  tasks.o [13]
xDelayedTaskList2       0x2000'37a4    0x14  Data  Lc  tasks.o [13]
xFreeBytesRemaining     0x2000'0228     0x4  Data  Lc  heap_4.o [13]
xMinimumEverFreeBytesRemaining
                        0x2000'022c     0x4  Data  Lc  heap_4.o [13]
xNextTaskUnblockTime    0x2000'3788     0x4  Data  Lc  tasks.o [13]
xNumOfOverflows         0x2000'3780     0x4  Data  Lc  tasks.o [13]
xNumberOfSuccessfulAllocations
                        0x2000'0230     0x4  Data  Lc  heap_4.o [13]
xNumberOfSuccessfulFrees
                        0x2000'0234     0x4  Data  Lc  heap_4.o [13]
xPendedTicks            0x2000'3778     0x4  Data  Lc  tasks.o [13]
xPendingReadyList       0x2000'371c    0x14  Data  Lc  tasks.o [13]
xPortStartScheduler      0x800'7f51    0x46  Code  Gb  port.o [13]
xPortSysTickHandler      0x800'7eaf    0x20  Code  Gb  port.o [13]
xQueueGenericCreate      0x800'805b    0x38  Code  Gb  queue.o [13]
xQueueGenericCreateStatic
                         0x800'8011    0x4a  Code  Gb  queue.o [13]
xQueueGenericReset       0x800'7fa9    0x68  Code  Gb  queue.o [13]
xQueueGenericSend        0x800'80b3   0x108  Code  Gb  queue.o [13]
xQueueGenericSendFromISR
                         0x800'81bb    0x80  Code  Gb  queue.o [13]
xQueueReceive            0x800'8247    0xe8  Code  Gb  queue.o [13]
xQueueReceiveFromISR     0x800'8359    0x68  Code  Gb  queue.o [13]
xQueueRegistry          0x2000'3820    0x40  Data  Gb  queue.o [13]
xSchedulerRunning       0x2000'3774     0x4  Data  Lc  tasks.o [13]
xStart                  0x2000'021c     0x8  Data  Lc  heap_4.o [13]
xSuspendedTaskList      0x2000'3754    0x14  Data  Lc  tasks.o [13]
xTaskCheckForTimeOut     0x800'7bcb    0x5c  Code  Gb  tasks.o [13]
xTaskCreate              0x800'76bd    0x5c  Code  Gb  tasks.o [13]
xTaskCreateStatic        0x800'766d    0x50  Code  Gb  tasks.o [13]
xTaskGetSchedulerState   0x800'7cb5    0x18  Code  Gb  tasks.o [13]
xTaskGetTickCount        0x800'79ff     0x2  Code  Gb  tasks.o [13]
xTaskIncrementTick       0x800'7a09    0xba  Code  Gb  tasks.o [13]
xTaskNotifyWait          0x800'7d49    0x78  Code  Gb  tasks.o [13]
xTaskPriorityDisinherit
                         0x800'7cd3    0x50  Code  Gb  tasks.o [13]
xTaskRemoveFromEventList
                         0x800'7b61    0x46  Code  Gb  tasks.o [13]
xTaskResumeAll           0x800'796d    0x8a  Code  Gb  tasks.o [13]
xTasksWaitingTermination
                        0x2000'3730    0x14  Data  Lc  tasks.o [13]
xTickCount              0x2000'376c     0x4  Data  Lc  tasks.o [13]
xTimerCreateTimerTask    0x800'8d49    0x4e  Code  Gb  timers.o [13]
xTimerGenericCommand     0x800'8d97    0x4e  Code  Gb  timers.o [13]
xTimerQueue             0x2000'35f8     0x4  Data  Lc  timers.o [13]
xTimerTaskHandle        0x2000'35fc     0x4  Data  Lc  timers.o [13]
xYieldPending           0x2000'377c     0x4  Data  Lc  tasks.o [13]


[1] = D:\Proyectos\STM32\kart\EWARM\kart\Obj\Application\EWARM
[2] = D:\Proyectos\STM32\kart\EWARM\kart\Obj\Application\LOG\src
[3] = D:\Proyectos\STM32\kart\EWARM\kart\Obj\Application\User
[4] = D:\Proyectos\STM32\kart\EWARM\kart\Obj\Application\flight_controller\src
[5] = D:\Proyectos\STM32\kart\EWARM\kart\Obj\Application\gps\src
[6] = D:\Proyectos\STM32\kart\EWARM\kart\Obj\Application\hdwr\src
[7] = D:\Proyectos\STM32\kart\EWARM\kart\Obj\Application\heartbeat\src
[8] = D:\Proyectos\STM32\kart\EWARM\kart\Obj\Application\periodic\src
[9] = D:\Proyectos\STM32\kart\EWARM\kart\Obj\Application\sevcon\src
[10] = D:\Proyectos\STM32\kart\EWARM\kart\Obj\Application\system\src
[11] = D:\Proyectos\STM32\kart\EWARM\kart\Obj\Drivers\CMSIS
[12] = D:\Proyectos\STM32\kart\EWARM\kart\Obj\Drivers\STM32L5xx_HAL_Driver
[13] = D:\Proyectos\STM32\kart\EWARM\kart\Obj\Middlewares\FreeRTOS
[14] = dl7M_tlf.a
[15] = m7M_tls.a
[16] = rt7M_tl.a
[17] = shb_l.a

  40'719 bytes of readonly  code memory
     408 bytes of readonly  data memory
  16'249 bytes of readwrite data memory

Errors: none
Warnings: none
