###############################################################################
#
# IAR ELF Linker V9.10.2.313/W64 for ARM                  14/Mar/2022  22:26:04
# Copyright 2007-2021 IAR Systems AB.
#
#    Output file  =  D:\Proyectos\STM32\kart\EWARM\kart\Exe\kart.out
#    Map file     =  D:\Proyectos\STM32\kart\EWARM\kart\List\kart.map
#    Command line =
#        -f D:\Proyectos\STM32\kart\EWARM\kart\Exe\kart.out.rsp
#        (D:\Proyectos\STM32\kart\EWARM\kart\Obj\Application\hdwr\src\adc_api.o
#        D:\Proyectos\STM32\kart\EWARM\kart\Obj\Application\User\app_freertos.o
#        D:\Proyectos\STM32\kart\EWARM\kart\Obj\Application\hdwr\src\can_api.o
#        D:\Proyectos\STM32\kart\EWARM\kart\Obj\Middlewares\FreeRTOS\cmsis_os2.o
#        D:\Proyectos\STM32\kart\EWARM\kart\Obj\Middlewares\FreeRTOS\croutine.o
#        D:\Proyectos\STM32\kart\EWARM\kart\Obj\Middlewares\FreeRTOS\event_groups.o
#        D:\Proyectos\STM32\kart\EWARM\kart\Obj\Application\hdwr\src\fifo_api.o
#        D:\Proyectos\STM32\kart\EWARM\kart\Obj\Application\flight_controller\src\flight_controller_api.o
#        D:\Proyectos\STM32\kart\EWARM\kart\Obj\Application\flight_controller\src\flight_controller_conductor.o
#        D:\Proyectos\STM32\kart\EWARM\kart\Obj\Application\flight_controller\src\flight_controller_driver.o
#        D:\Proyectos\STM32\kart\EWARM\kart\Obj\Application\flight_controller\src\flight_controller_hdwr.o
#        D:\Proyectos\STM32\kart\EWARM\kart\Obj\Application\hdwr\src\gpio_api.o
#        D:\Proyectos\STM32\kart\EWARM\kart\Obj\Middlewares\FreeRTOS\heap_4.o
#        D:\Proyectos\STM32\kart\EWARM\kart\Obj\Application\heartbeat\src\heartbeat_api.o
#        D:\Proyectos\STM32\kart\EWARM\kart\Obj\Middlewares\FreeRTOS\list.o
#        D:\Proyectos\STM32\kart\EWARM\kart\Obj\Application\LOG\src\log_api.o
#        D:\Proyectos\STM32\kart\EWARM\kart\Obj\Application\LOG\src\log_conductor.o
#        D:\Proyectos\STM32\kart\EWARM\kart\Obj\Application\LOG\src\log_driver.o
#        D:\Proyectos\STM32\kart\EWARM\kart\Obj\Application\LOG\src\log_hdwr.o
#        D:\Proyectos\STM32\kart\EWARM\kart\Obj\Application\User\main.o
#        D:\Proyectos\STM32\kart\EWARM\kart\Obj\Application\periodic\src\periodic_api.o
#        D:\Proyectos\STM32\kart\EWARM\kart\Obj\Application\periodic\src\periodic_conductor.o
#        D:\Proyectos\STM32\kart\EWARM\kart\Obj\Application\periodic\src\periodic_driver.o
#        D:\Proyectos\STM32\kart\EWARM\kart\Obj\Middlewares\FreeRTOS\port.o
#        D:\Proyectos\STM32\kart\EWARM\kart\Obj\Middlewares\FreeRTOS\portasm.o
#        D:\Proyectos\STM32\kart\EWARM\kart\Obj\Application\hdwr\src\pwm_api.o
#        D:\Proyectos\STM32\kart\EWARM\kart\Obj\Middlewares\FreeRTOS\queue.o
#        D:\Proyectos\STM32\kart\EWARM\kart\Obj\Application\sevcon\src\sevcon_api.o
#        D:\Proyectos\STM32\kart\EWARM\kart\Obj\Application\sevcon\src\sevcon_conductor.o
#        D:\Proyectos\STM32\kart\EWARM\kart\Obj\Application\sevcon\src\sevcon_driver.o
#        D:\Proyectos\STM32\kart\EWARM\kart\Obj\Application\sevcon\src\sevcon_driver_dictionary.o
#        D:\Proyectos\STM32\kart\EWARM\kart\Obj\Application\sevcon\src\sevcon_hdwr.o
#        D:\Proyectos\STM32\kart\EWARM\kart\Obj\Application\hdwr\src\spi_api.o
#        D:\Proyectos\STM32\kart\EWARM\kart\Obj\Application\EWARM\startup_stm32l552xx.o
#        D:\Proyectos\STM32\kart\EWARM\kart\Obj\Drivers\STM32L5xx_HAL_Driver\stm32l5xx_hal.o
#        D:\Proyectos\STM32\kart\EWARM\kart\Obj\Drivers\STM32L5xx_HAL_Driver\stm32l5xx_hal_adc.o
#        D:\Proyectos\STM32\kart\EWARM\kart\Obj\Drivers\STM32L5xx_HAL_Driver\stm32l5xx_hal_adc_ex.o
#        D:\Proyectos\STM32\kart\EWARM\kart\Obj\Drivers\STM32L5xx_HAL_Driver\stm32l5xx_hal_cortex.o
#        D:\Proyectos\STM32\kart\EWARM\kart\Obj\Drivers\STM32L5xx_HAL_Driver\stm32l5xx_hal_dma.o
#        D:\Proyectos\STM32\kart\EWARM\kart\Obj\Drivers\STM32L5xx_HAL_Driver\stm32l5xx_hal_dma_ex.o
#        D:\Proyectos\STM32\kart\EWARM\kart\Obj\Drivers\STM32L5xx_HAL_Driver\stm32l5xx_hal_exti.o
#        D:\Proyectos\STM32\kart\EWARM\kart\Obj\Drivers\STM32L5xx_HAL_Driver\stm32l5xx_hal_fdcan.o
#        D:\Proyectos\STM32\kart\EWARM\kart\Obj\Drivers\STM32L5xx_HAL_Driver\stm32l5xx_hal_flash.o
#        D:\Proyectos\STM32\kart\EWARM\kart\Obj\Drivers\STM32L5xx_HAL_Driver\stm32l5xx_hal_flash_ex.o
#        D:\Proyectos\STM32\kart\EWARM\kart\Obj\Drivers\STM32L5xx_HAL_Driver\stm32l5xx_hal_flash_ramfunc.o
#        D:\Proyectos\STM32\kart\EWARM\kart\Obj\Drivers\STM32L5xx_HAL_Driver\stm32l5xx_hal_gpio.o
#        D:\Proyectos\STM32\kart\EWARM\kart\Obj\Drivers\STM32L5xx_HAL_Driver\stm32l5xx_hal_i2c.o
#        D:\Proyectos\STM32\kart\EWARM\kart\Obj\Drivers\STM32L5xx_HAL_Driver\stm32l5xx_hal_i2c_ex.o
#        D:\Proyectos\STM32\kart\EWARM\kart\Obj\Drivers\STM32L5xx_HAL_Driver\stm32l5xx_hal_icache.o
#        D:\Proyectos\STM32\kart\EWARM\kart\Obj\Application\User\stm32l5xx_hal_msp.o
#        D:\Proyectos\STM32\kart\EWARM\kart\Obj\Drivers\STM32L5xx_HAL_Driver\stm32l5xx_hal_pwr.o
#        D:\Proyectos\STM32\kart\EWARM\kart\Obj\Drivers\STM32L5xx_HAL_Driver\stm32l5xx_hal_pwr_ex.o
#        D:\Proyectos\STM32\kart\EWARM\kart\Obj\Drivers\STM32L5xx_HAL_Driver\stm32l5xx_hal_rcc.o
#        D:\Proyectos\STM32\kart\EWARM\kart\Obj\Drivers\STM32L5xx_HAL_Driver\stm32l5xx_hal_rcc_ex.o
#        D:\Proyectos\STM32\kart\EWARM\kart\Obj\Drivers\STM32L5xx_HAL_Driver\stm32l5xx_hal_rtc.o
#        D:\Proyectos\STM32\kart\EWARM\kart\Obj\Drivers\STM32L5xx_HAL_Driver\stm32l5xx_hal_rtc_ex.o
#        D:\Proyectos\STM32\kart\EWARM\kart\Obj\Drivers\STM32L5xx_HAL_Driver\stm32l5xx_hal_spi.o
#        D:\Proyectos\STM32\kart\EWARM\kart\Obj\Drivers\STM32L5xx_HAL_Driver\stm32l5xx_hal_spi_ex.o
#        D:\Proyectos\STM32\kart\EWARM\kart\Obj\Drivers\STM32L5xx_HAL_Driver\stm32l5xx_hal_tim.o
#        D:\Proyectos\STM32\kart\EWARM\kart\Obj\Drivers\STM32L5xx_HAL_Driver\stm32l5xx_hal_tim_ex.o
#        D:\Proyectos\STM32\kart\EWARM\kart\Obj\Drivers\STM32L5xx_HAL_Driver\stm32l5xx_hal_uart.o
#        D:\Proyectos\STM32\kart\EWARM\kart\Obj\Drivers\STM32L5xx_HAL_Driver\stm32l5xx_hal_uart_ex.o
#        D:\Proyectos\STM32\kart\EWARM\kart\Obj\Application\User\stm32l5xx_it.o
#        D:\Proyectos\STM32\kart\EWARM\kart\Obj\Middlewares\FreeRTOS\stream_buffer.o
#        D:\Proyectos\STM32\kart\EWARM\kart\Obj\Application\system\src\system_api.o
#        D:\Proyectos\STM32\kart\EWARM\kart\Obj\Application\system\src\system_obj.o
#        D:\Proyectos\STM32\kart\EWARM\kart\Obj\Drivers\CMSIS\system_stm32l5xx.o
#        D:\Proyectos\STM32\kart\EWARM\kart\Obj\Middlewares\FreeRTOS\tasks.o
#        D:\Proyectos\STM32\kart\EWARM\kart\Obj\Middlewares\FreeRTOS\timers.o
#        D:\Proyectos\STM32\kart\EWARM\kart\Obj\Application\hdwr\src\uart_api.o
#        --no_out_extension -o D:\Proyectos\STM32\kart\EWARM\kart\Exe\kart.out
#        --redirect _Printf=_PrintfFullNoMb --redirect _Scanf=_ScanfFullNoMb
#        --map D:\Proyectos\STM32\kart\EWARM\kart\List\kart.map --config
#        D:\Proyectos\STM32\kart\EWARM/stm32l552xe_flash.icf --semihosting
#        --entry __iar_program_start --vfe --text_out locale)
#
###############################################################################

*******************************************************************************
*** RUNTIME MODEL ATTRIBUTES
***

CppFlavor       = *
__Heap_Handler  = DLMalloc
__SystemLibrary = DLib
__dlib_version  = 6


*******************************************************************************
*** HEAP SELECTION
***

The advanced heap was selected because the application calls memory
allocation functions outside of system library functions, and there
are calls to deallocation functions in the application.


*******************************************************************************
*** PLACEMENT SUMMARY
***

"A0":  place at address 0x800'0000 { ro section .intvec };
"P1":  place in [from 0x800'0000 to 0x807'ffff] { ro };
define block CSTACK with size = 1K, alignment = 8 { };
define block HEAP with size = 512, alignment = 8 { };
"P2":  place in [from 0x2000'0000 to 0x2002'ffff] {
          rw, block CSTACK, block HEAP };
"P3":  place in [from 0x2000'0000 to 0x2002'ffff] { };
initialize by copy { rw };

  Section               Kind         Address    Size  Object
  -------               ----         -------    ----  ------
"A0":                                          0x1f4
  .intvec               ro code   0x800'0000   0x1f4  startup_stm32l552xx.o [1]
                                - 0x800'01f4   0x1f4

"P1":                                         0x9edb
  .text                 ro code   0x800'01f4  0x1514  dlmalloc.o [13]
  .text                 ro code   0x800'1708     0x6  abort.o [13]
  .text                 ro code   0x800'170e     0xa  xsprout.o [13]
  .text                 ro code   0x800'1718    0x2c  xgetmemchunk.o [13]
  .text                 ro code   0x800'1744     0x6  ABImemclr.o [15]
  .rodata               const     0x800'174a     0x2  xlocale_c.o [13]
  .text                 ro code   0x800'174c    0x14  exit.o [16]
  .text                 ro code   0x800'1760    0x12  ABImemset_small.o [15]
  .rodata               const     0x800'1772     0x1  xlocale_c.o [13]
  .text                 ro code   0x800'1774    0x7c  iarttio.o [16]
  .text                 ro code   0x800'17f0     0x8  XShttio.o [13]
  .text                 ro code   0x800'17f8   0xf2e  xprintffull_nomb.o [13]
  .text                 ro code   0x800'2728    0x16  strchr.o [15]
  .text                 ro code   0x800'2740    0x40  xfail_s.o [13]
  .text                 ro code   0x800'2780    0x36  strlen.o [15]
  .text                 ro code   0x800'27b8    0x58  memchr.o [15]
  .text                 ro code   0x800'2810    0x18  ABImemcpy_small.o [15]
  .text                 ro code   0x800'2828    0x70  frexp.o [14]
  .text                 ro code   0x800'2898    0x34  DblCmpLe.o [14]
  .text                 ro code   0x800'28cc    0x34  DblCmpGe.o [14]
  .text                 ro code   0x800'2900   0x13a  ldexp.o [14]
  .text                 ro code   0x800'2a3c    0x36  DblToS32.o [14]
  .text                 ro code   0x800'2a74    0x22  S32ToDbl.o [14]
  .text                 ro code   0x800'2a98   0x25e  DblAddSub.o [14]
  .text                 ro code   0x800'2cf8   0x246  DblDiv.o [14]
  .text                 ro code   0x800'2f40    0x22  DblToU32.o [14]
  .text                 ro code   0x800'2f64    0x1c  U32ToDbl.o [14]
  .text                 ro code   0x800'2f80   0x1aa  DblMul.o [14]
  .text                 ro code   0x800'312c     0x8  xlocale_c.o [13]
  .text                 ro code   0x800'3134   0x106  I64DivMod_small.o [15]
  .text                 ro code   0x800'323c     0x2  I64DivZer.o [15]
  .text                 ro code   0x800'3240   0x89c  stm32l5xx_hal_rcc.o [11]
  .text                 ro code   0x800'3adc    0x44  stm32l5xx_hal.o [11]
  .text                 ro code   0x800'3b20     0xc  stm32l5xx_hal.o [11]
  .text                 ro code   0x800'3b2c    0xb0  stm32l5xx_hal_pwr_ex.o [11]
  .text                 ro code   0x800'3bdc    0xc8  stm32l5xx_hal_cortex.o [11]
  .text                 ro code   0x800'3ca4   0x7e8  stm32l5xx_hal_uart.o [11]
  .text                 ro code   0x800'448c   0x358  stm32l5xx_hal_msp.o [3]
  .text                 ro code   0x800'47e4   0x33c  stm32l5xx_hal_dma.o [11]
  .text                 ro code   0x800'4b20     0x2  stm32l5xx_hal_uart.o [11]
  .text                 ro code   0x800'4b22     0x2  stm32l5xx_hal_uart.o [11]
  .text                 ro code   0x800'4b24     0x2  stm32l5xx_hal_uart_ex.o [11]
  .text                 ro code   0x800'4b28    0xcc  uart_api.o [5]
  .text                 ro code   0x800'4bf4     0x2  stm32l5xx_hal_uart_ex.o [11]
  .text                 ro code   0x800'4bf6     0x2  stm32l5xx_hal_uart_ex.o [11]
  .text                 ro code   0x800'4bf8   0x5a4  stm32l5xx_hal_rcc_ex.o [11]
  .text                 ro code   0x800'519c   0x552  main.o [3]
  .text                 ro code   0x800'56f0   0x1d8  stm32l5xx_hal_gpio.o [11]
  .text                 ro code   0x800'58c8    0x14  memset.o [15]
  .text                 ro code   0x800'58dc   0x30c  cmsis_os2.o [12]
  .text                 ro code   0x800'5be8    0x40  sprintf.o [13]
  .text                 ro code   0x800'5c28    0x14  log_api.o [2]
  .text                 ro code   0x800'5c3c    0x28  printf.o [13]
  .text                 ro code   0x800'5c64    0x22  stm32l5xx_hal.o [11]
  .text                 ro code   0x800'5c88   0x594  stm32l5xx_hal_adc.o [11]
  .text                 ro code   0x800'621c    0xc4  stm32l5xx_hal_adc_ex.o [11]
  .text                 ro code   0x800'62e0   0x14c  stm32l5xx_hal_rtc.o [11]
  .text                 ro code   0x800'642c    0x34  stm32l5xx_hal_rtc_ex.o [11]
  .text                 ro code   0x800'6460    0xe0  stm32l5xx_hal_spi.o [11]
  .text                 ro code   0x800'6540   0x740  stm32l5xx_hal_tim.o [11]
  .text                 ro code   0x800'6c80    0x94  stm32l5xx_hal_tim_ex.o [11]
  .text                 ro code   0x800'6d14   0x558  stm32l5xx_hal_fdcan.o [11]
  .text                 ro code   0x800'726c    0xf8  stm32l5xx_hal_uart_ex.o [11]
  .text                 ro code   0x800'7364    0x78  system_api.o [9]
  .text                 ro code   0x800'73dc    0x10  stm32l5xx_hal_pwr.o [11]
  .text                 ro code   0x800'73ec   0x7d4  tasks.o [12]
  .text                 ro code   0x800'7bc0   0x16c  port.o [12]
  .text                 ro code   0x800'7d2c   0x594  queue.o [12]
  .text                 ro code   0x800'82c0    0x64  log_conductor.o [2]
  .text                 ro code   0x800'8324    0xc8  system_stm32l5xx.o [10]
  .text                 ro code   0x800'83ec     0x2  stm32l5xx_hal_tim.o [11]
  .text                 ro code   0x800'83ee     0x2  stm32l5xx_hal_fdcan.o [11]
  .text                 ro code   0x800'83f0     0x2  stm32l5xx_hal_fdcan.o [11]
  .text                 ro code   0x800'83f2     0x2  stm32l5xx_hal_fdcan.o [11]
  .text                 ro code   0x800'83f4   0x1c4  can_api.o [5]
  .text                 ro code   0x800'85b8     0x2  stm32l5xx_hal_fdcan.o [11]
  .text                 ro code   0x800'85ba     0x2  stm32l5xx_hal_fdcan.o [11]
  .text                 ro code   0x800'85bc     0x2  stm32l5xx_hal_fdcan.o [11]
  .text                 ro code   0x800'85be     0x2  stm32l5xx_hal_fdcan.o [11]
  .text                 ro code   0x800'85c0     0x2  stm32l5xx_hal_fdcan.o [11]
  .text                 ro code   0x800'85c2     0x2  stm32l5xx_hal_fdcan.o [11]
  .text                 ro code   0x800'85c4    0x50  gpio_api.o [5]
  .text                 ro code   0x800'8614    0x24  periodic_api.o [7]
  .text                 ro code   0x800'8638    0x60  heartbeat_api.o [6]
  .text                 ro code   0x800'8698     0xc  sevcon_api.o [8]
  .text                 ro code   0x800'86a4     0xc  flight_controller_api.o [4]
  privileged_functions  ro code   0x800'86b0    0xc8  portasm.o [12]
  .text                 ro code   0x800'8778   0x194  heap_4.o [12]
  .text                 ro code   0x800'890c    0x3a  ABImemset48.o [15]
  .text                 ro code   0x800'8946    0x92  list.o [12]
  .text                 ro code   0x800'89d8    0x14  cmsis_os2.o [12]
  .text                 ro code   0x800'89ec   0x334  timers.o [12]
  .text                 ro code   0x800'8d20    0x28  port.o [12]
  .text                 ro code   0x800'8d48    0xc4  log_driver.o [2]
  .text                 ro code   0x800'8e0c    0x46  fifo_api.o [5]
  .text                 ro code   0x800'8e54    0xa0  periodic_conductor.o [7]
  .text                 ro code   0x800'8ef4    0xec  periodic_driver.o [7]
  .text                 ro code   0x800'8fe0    0x4c  sevcon_conductor.o [8]
  .text                 ro code   0x800'902c    0x94  flight_controller_conductor.o [4]
  .text                 ro code   0x800'90c0    0x18  cmsis_os2.o [12]
  .text                 ro code   0x800'90d8    0xe0  sevcon_driver.o [8]
  .text                 ro code   0x800'91b8    0x6e  sevcon_hdwr.o [8]
  .text                 ro code   0x800'9228    0x68  flight_controller_driver.o [4]
  .text                 ro code   0x800'9290    0x8a  flight_controller_hdwr.o [4]
  .text                 ro code   0x800'931c    0x30  sevcon_driver_dictionary.o [8]
  .text                 ro code   0x800'934c   0x15e  pwm_api.o [5]
  .text                 ro code   0x800'94ac    0x84  adc_api.o [5]
  .text                 ro code   0x800'9530    0x48  FltToDbl.o [14]
  .text                 ro code   0x800'9578    0x68  DblToFlt.o [14]
  .text                 ro code   0x800'95e0    0xd8  xfspos.o [13]
  .text                 ro code   0x800'96b8    0xac  fflush.o [13]
  .text                 ro code   0x800'9764     0xc  xfgpos.o [13]
  .text                 ro code   0x800'9770    0x4e  lseek.o [16]
  .text                 ro code   0x800'97be    0x10  write.o [16]
  .text                 ro code   0x800'97d0    0xcc  XShHandles.o [13]
  .text                 ro code   0x800'989c    0x1e  dwrite.o [16]
  .text                 ro code   0x800'98ba    0x20  iarwstd.o [16]
  .text                 ro code   0x800'98da    0x22  iarwrite.o [16]
  .text                 ro code   0x800'98fc    0xb4  xfwprep.o [13]
  .text                 ro code   0x800'99b0    0x24  fseek.o [13]
  .text                 ro code   0x800'99d4    0x9c  xfofind.o [13]
  .text                 ro code   0x800'9a70     0x4  heaptramp0.o [13]
  .text                 ro code   0x800'9a74    0x7e  fclose.o [13]
  .text                 ro code   0x800'9af2    0x18  close.o [16]
  .text                 ro code   0x800'9b0a    0x14  remove.o [16]
  .text                 ro code   0x800'9b1e    0x78  lz77_init_single.o [15]
  .text                 ro code   0x800'9b96    0x54  fputc.o [13]
  .rodata               const     0x800'9bec    0x40  system_stm32l5xx.o [10]
  .text                 ro code   0x800'9c2c    0x40  xcloseall.o [13]
  .text                 ro code   0x800'9c6c    0x38  zero_init3.o [15]
  .text                 ro code   0x800'9ca4    0x30  stm32l5xx_it.o [3]
  .text                 ro code   0x800'9cd4    0x28  data_init.o [15]
  .rodata               const     0x800'9cfc    0x24  main.o [3]
  .text                 ro code   0x800'9d20    0x22  fpinit_M.o [14]
  .iar.init_table       const     0x800'9d44    0x20  - Linker created -
  .text                 ro code   0x800'9d64    0x1e  cmain.o [15]
  .text                 ro code   0x800'9d82     0x4  low_level_init.o [13]
  .text                 ro code   0x800'9d86     0x4  exit.o [13]
  .text                 ro code   0x800'9d8c     0xe  cexit.o [15]
  .text                 ro code   0x800'9d9c    0x1c  cstartup_M.o [15]
  .text                 ro code   0x800'9db8    0x16  xprout.o [13]
  .text                 ro code   0x800'9dd0     0xc  putchar.o [13]
  .rodata               const     0x800'9ddc    0x14  system_obj.o [9]
  .text                 ro code   0x800'9df0    0x10  startup_stm32l552xx.o [1]
  .rodata               const     0x800'9e00     0xc  main.o [3]
  .rodata               const     0x800'9e0c     0xc  periodic_conductor.o [7]
  .rodata               const     0x800'9e18     0xc  system_obj.o [9]
  .rodata               const     0x800'9e24     0x8  sevcon_conductor.o [8]
  .rodata               const     0x800'9e2c     0x8  system_stm32l5xx.o [10]
  .rodata               const     0x800'9e34     0x4  log_conductor.o [2]
  .text                 ro code   0x800'9e38     0x4  startup_stm32l552xx.o [1]
  .text                 ro code   0x800'9e3c     0x4  startup_stm32l552xx.o [1]
  .text                 ro code   0x800'9e40     0x4  startup_stm32l552xx.o [1]
  .text                 ro code   0x800'9e44     0x4  startup_stm32l552xx.o [1]
  .text                 ro code   0x800'9e48     0x4  startup_stm32l552xx.o [1]
  .text                 ro code   0x800'9e4c     0x4  startup_stm32l552xx.o [1]
  .text                 ro code   0x800'9e50     0x4  startup_stm32l552xx.o [1]
  .text                 ro code   0x800'9e54     0x4  startup_stm32l552xx.o [1]
  .text                 ro code   0x800'9e58     0x4  startup_stm32l552xx.o [1]
  .text                 ro code   0x800'9e5c     0x4  startup_stm32l552xx.o [1]
  .text                 ro code   0x800'9e60     0x4  startup_stm32l552xx.o [1]
  .text                 ro code   0x800'9e64     0x4  startup_stm32l552xx.o [1]
  .text                 ro code   0x800'9e68     0x4  startup_stm32l552xx.o [1]
  .text                 ro code   0x800'9e6c     0x4  startup_stm32l552xx.o [1]
  .text                 ro code   0x800'9e70     0x4  startup_stm32l552xx.o [1]
  .text                 ro code   0x800'9e74     0x4  startup_stm32l552xx.o [1]
  .text                 ro code   0x800'9e78     0x4  startup_stm32l552xx.o [1]
  .text                 ro code   0x800'9e7c     0x4  startup_stm32l552xx.o [1]
  .text                 ro code   0x800'9e80     0x4  startup_stm32l552xx.o [1]
  .text                 ro code   0x800'9e84     0x4  startup_stm32l552xx.o [1]
  .text                 ro code   0x800'9e88     0x4  startup_stm32l552xx.o [1]
  .text                 ro code   0x800'9e8c     0x4  startup_stm32l552xx.o [1]
  .text                 ro code   0x800'9e90     0x4  startup_stm32l552xx.o [1]
  .text                 ro code   0x800'9e94     0x4  startup_stm32l552xx.o [1]
  .text                 ro code   0x800'9e98     0x4  startup_stm32l552xx.o [1]
  .text                 ro code   0x800'9e9c     0x4  startup_stm32l552xx.o [1]
  .text                 ro code   0x800'9ea0     0x4  startup_stm32l552xx.o [1]
  .text                 ro code   0x800'9ea4     0x4  startup_stm32l552xx.o [1]
  .text                 ro code   0x800'9ea8     0x4  startup_stm32l552xx.o [1]
  .text                 ro code   0x800'9eac     0x4  startup_stm32l552xx.o [1]
  .text                 ro code   0x800'9eb0     0x4  startup_stm32l552xx.o [1]
  .text                 ro code   0x800'9eb4     0x4  startup_stm32l552xx.o [1]
  .text                 ro code   0x800'9eb8     0x4  startup_stm32l552xx.o [1]
  .text                 ro code   0x800'9ebc     0x4  startup_stm32l552xx.o [1]
  .text                 ro code   0x800'9ec0     0x4  startup_stm32l552xx.o [1]
  .text                 ro code   0x800'9ec4     0x4  startup_stm32l552xx.o [1]
  .text                 ro code   0x800'9ec8     0x4  startup_stm32l552xx.o [1]
  .text                 ro code   0x800'9ecc     0x4  startup_stm32l552xx.o [1]
  .text                 ro code   0x800'9ed0     0x4  startup_stm32l552xx.o [1]
  .text                 ro code   0x800'9ed4     0x4  startup_stm32l552xx.o [1]
  .text                 ro code   0x800'9ed8     0x4  startup_stm32l552xx.o [1]
  .text                 ro code   0x800'9edc     0x4  startup_stm32l552xx.o [1]
  .text                 ro code   0x800'9ee0     0x4  startup_stm32l552xx.o [1]
  .text                 ro code   0x800'9ee4     0x4  startup_stm32l552xx.o [1]
  .text                 ro code   0x800'9ee8     0x4  startup_stm32l552xx.o [1]
  .text                 ro code   0x800'9eec     0x4  startup_stm32l552xx.o [1]
  .text                 ro code   0x800'9ef0     0x4  startup_stm32l552xx.o [1]
  .text                 ro code   0x800'9ef4     0x4  startup_stm32l552xx.o [1]
  .text                 ro code   0x800'9ef8     0x4  startup_stm32l552xx.o [1]
  .text                 ro code   0x800'9efc     0x4  startup_stm32l552xx.o [1]
  .text                 ro code   0x800'9f00     0x4  startup_stm32l552xx.o [1]
  .text                 ro code   0x800'9f04     0x4  startup_stm32l552xx.o [1]
  .text                 ro code   0x800'9f08     0x4  startup_stm32l552xx.o [1]
  .text                 ro code   0x800'9f0c     0x4  startup_stm32l552xx.o [1]
  .text                 ro code   0x800'9f10     0x4  startup_stm32l552xx.o [1]
  .text                 ro code   0x800'9f14     0x4  startup_stm32l552xx.o [1]
  .text                 ro code   0x800'9f18     0x4  startup_stm32l552xx.o [1]
  .text                 ro code   0x800'9f1c     0x4  startup_stm32l552xx.o [1]
  .text                 ro code   0x800'9f20     0x4  startup_stm32l552xx.o [1]
  .text                 ro code   0x800'9f24     0x4  startup_stm32l552xx.o [1]
  .text                 ro code   0x800'9f28     0x4  startup_stm32l552xx.o [1]
  .text                 ro code   0x800'9f2c     0x4  startup_stm32l552xx.o [1]
  .text                 ro code   0x800'9f30     0x4  startup_stm32l552xx.o [1]
  .text                 ro code   0x800'9f34     0x4  startup_stm32l552xx.o [1]
  .text                 ro code   0x800'9f38     0x4  startup_stm32l552xx.o [1]
  .text                 ro code   0x800'9f3c     0x4  startup_stm32l552xx.o [1]
  .text                 ro code   0x800'9f40     0x4  startup_stm32l552xx.o [1]
  .text                 ro code   0x800'9f44     0x4  startup_stm32l552xx.o [1]
  .text                 ro code   0x800'9f48     0x4  startup_stm32l552xx.o [1]
  .text                 ro code   0x800'9f4c     0x4  startup_stm32l552xx.o [1]
  .text                 ro code   0x800'9f50     0x4  startup_stm32l552xx.o [1]
  .text                 ro code   0x800'9f54     0x4  startup_stm32l552xx.o [1]
  .text                 ro code   0x800'9f58     0x4  startup_stm32l552xx.o [1]
  .text                 ro code   0x800'9f5c     0x4  startup_stm32l552xx.o [1]
  .text                 ro code   0x800'9f60     0x4  startup_stm32l552xx.o [1]
  .text                 ro code   0x800'9f64     0x4  startup_stm32l552xx.o [1]
  .text                 ro code   0x800'9f68     0x4  startup_stm32l552xx.o [1]
  .text                 ro code   0x800'9f6c     0x4  startup_stm32l552xx.o [1]
  .text                 ro code   0x800'9f70     0x4  startup_stm32l552xx.o [1]
  .text                 ro code   0x800'9f74     0x4  startup_stm32l552xx.o [1]
  .text                 ro code   0x800'9f78     0x4  startup_stm32l552xx.o [1]
  .text                 ro code   0x800'9f7c     0x4  startup_stm32l552xx.o [1]
  .text                 ro code   0x800'9f80     0x4  startup_stm32l552xx.o [1]
  .text                 ro code   0x800'9f84     0x4  startup_stm32l552xx.o [1]
  .text                 ro code   0x800'9f88     0x4  startup_stm32l552xx.o [1]
  .text                 ro code   0x800'9f8c     0x4  startup_stm32l552xx.o [1]
  .text                 ro code   0x800'9f90     0x4  startup_stm32l552xx.o [1]
  .text                 ro code   0x800'9f94     0x4  startup_stm32l552xx.o [1]
  .text                 ro code   0x800'9f98     0x4  startup_stm32l552xx.o [1]
  .text                 ro code   0x800'9f9c     0x4  startup_stm32l552xx.o [1]
  .text                 ro code   0x800'9fa0     0x4  startup_stm32l552xx.o [1]
  .text                 ro code   0x800'9fa4     0x4  startup_stm32l552xx.o [1]
  .text                 ro code   0x800'9fa8     0x4  startup_stm32l552xx.o [1]
  .text                 ro code   0x800'9fac     0x4  startup_stm32l552xx.o [1]
  .text                 ro code   0x800'9fb0     0x4  startup_stm32l552xx.o [1]
  .text                 ro code   0x800'9fb4     0x4  startup_stm32l552xx.o [1]
  .text                 ro code   0x800'9fb8     0x4  startup_stm32l552xx.o [1]
  .text                 ro code   0x800'9fbc     0x4  startup_stm32l552xx.o [1]
  .text                 ro code   0x800'9fc0     0x4  startup_stm32l552xx.o [1]
  .text                 ro code   0x800'9fc4     0x4  startup_stm32l552xx.o [1]
  .text                 ro code   0x800'9fc8     0x4  startup_stm32l552xx.o [1]
  .text                 ro code   0x800'9fcc     0x0  cstart_closeall.o [15]
  .rodata               const     0x800'9fcc     0x0  zero_init3.o [15]
  .rodata               const     0x800'9fcc     0x0  lz77_init_single.o [15]
  Initializer bytes     const     0x800'9fcc   0x103  <for P2-P3-1>
                                - 0x800'a0cf  0x9edb

"P2-P3", part 1 of 3:                          0x2d1
  P2-P3-1                        0x2000'0000   0x2d1  <Init block>
    .data               inited   0x2000'0000    0x2c  can_api.o [5]
    .data               inited   0x2000'002c    0x24  flight_controller_conductor.o [4]
    .data               inited   0x2000'0050    0x18  gpio_api.o [5]
    .data               inited   0x2000'0068    0x28  log_conductor.o [2]
    .data               inited   0x2000'0090    0x24  periodic_conductor.o [7]
    .data               inited   0x2000'00b4     0x4  port.o [12]
    .data               inited   0x2000'00b8    0x24  sevcon_conductor.o [8]
    .data               inited   0x2000'00dc    0x18  sevcon_driver_dictionary.o [8]
    .data               inited   0x2000'00f4     0xc  stm32l5xx_hal.o [11]
    .data               inited   0x2000'0100     0xc  system_obj.o [9]
    .data               inited   0x2000'010c    0x3c  system_obj.o [9]
    .data               inited   0x2000'0148    0x10  system_obj.o [9]
    .data               inited   0x2000'0158     0x8  system_obj.o [9]
    .data               inited   0x2000'0160     0x8  system_obj.o [9]
    .data               inited   0x2000'0168     0x4  system_stm32l5xx.o [10]
    .data               inited   0x2000'016c    0x2c  uart_api.o [5]
    .data               inited   0x2000'0198    0x38  xlocale_c.o [13]
    .data               inited   0x2000'01d0    0x48  xfiles.o [13]
    .data               inited   0x2000'0218    0x48  xfiles.o [13]
    .data               inited   0x2000'0260    0x48  xfiles.o [13]
    .data               inited   0x2000'02a8    0x20  xfiles.o [13]
    .data               inited   0x2000'02c8     0x8  XShttio.o [13]
    .data               inited   0x2000'02d0     0x1  system_api.o [9]
                               - 0x2000'02d1   0x2d1

"P2-P3", part 2 of 3:                         0x3848
  .bss                  zero     0x2000'02d4  0x2020  heap_4.o [12]
  .bss                  zero     0x2000'22f4   0x48a  log_driver.o [2]
  .bss                  zero     0x2000'277e     0x1  uart_api.o [5]
  .bss                  zero     0x2000'2780   0x460  tasks.o [12]
  .bss                  zero     0x2000'2be0   0x45c  cmsis_os2.o [12]
  .bss                  zero     0x2000'303c   0x25c  cmsis_os2.o [12]
  .bss                  zero     0x2000'3298   0x238  main.o [3]
  .bss                  zero     0x2000'34d0   0x1d8  dlmalloc.o [13]
  .bss                  zero     0x2000'36a8   0x12c  timers.o [12]
  .bss                  zero     0x2000'37d4    0x9c  tasks.o [12]
  .bss                  zero     0x2000'3870    0x80  XShHandles.o [13]
  .bss                  zero     0x2000'38f0    0x68  main.o [3]
  .bss                  zero     0x2000'3958    0x50  xfiles.o [13]
  .bss                  zero     0x2000'39a8    0x50  xfiles.o [13]
  .bss                  zero     0x2000'39f8    0x40  queue.o [12]
  .bss                  zero     0x2000'3a38    0x24  periodic_driver.o [7]
  .bss                  zero     0x2000'3a5c    0x24  periodic_driver.o [7]
  .bss                  zero     0x2000'3a80    0x24  periodic_driver.o [7]
  .bss                  zero     0x2000'3aa4    0x24  periodic_driver.o [7]
  .bss                  zero     0x2000'3ac8    0x18  adc_api.o [5]
  .bss                  zero     0x2000'3ae0    0x18  dlmalloc.o [13]
  .bss                  zero     0x2000'3af8    0x10  sevcon_hdwr.o [8]
  .bss                  zero     0x2000'3b08     0x4  can_api.o [5]
  .bss                  zero     0x2000'3b0c     0x4  cmsis_os2.o [12]
  .bss                  zero     0x2000'3b10     0x4  periodic_conductor.o [7]
  .bss                  zero     0x2000'3b14     0x4  xfail_s.o [13]
  .bss                  zero     0x2000'3b18     0x4  xgetmemchunk.o [13]
                               - 0x2000'3b1c  0x3848

"P2-P3", part 3 of 3:                          0x600
  CSTACK                         0x2000'3b20   0x400  <Block>
    CSTACK              uninit   0x2000'3b20   0x400  <Block tail>
  HEAP                           0x2000'3f20   0x200  <Block>
    HEAP                uninit   0x2000'3f20   0x200  <Block tail>
                               - 0x2000'4120   0x600

Unused ranges:

         From           To      Size
         ----           --      ----
   0x800'a0cf   0x807'ffff  0x7'5f31
  0x2000'02d1  0x2000'02d3       0x3
  0x2000'3b1c  0x2000'3b1f       0x4
  0x2000'4120  0x2002'ffff  0x2'bee0


*******************************************************************************
*** INIT TABLE
***

          Address      Size
          -------      ----
Zero (__iar_zero_init3)
    1 destination range, total size 0x3848:
          0x2000'02d4  0x3848

Copy/lz77 (__iar_lz77_init_single3)
    1 source range, total size 0x103 (35% of destination):
           0x800'9fcc   0x103
    1 destination range, total size 0x2d1:
          0x2000'0000   0x2d1



*******************************************************************************
*** MODULE SUMMARY
***

    Module                         ro code  ro data  rw data
    ------                         -------  -------  -------
command line/config:
    --------------------------------------------------------
    Total:

D:\Proyectos\STM32\kart\EWARM\kart\Obj\Application\EWARM: [1]
    startup_stm32l552xx.o              920
    --------------------------------------------------------
    Total:                             920

D:\Proyectos\STM32\kart\EWARM\kart\Obj\Application\LOG\src: [2]
    log_api.o                           20
    log_conductor.o                    100       18       40
    log_driver.o                       196             1'162
    --------------------------------------------------------
    Total:                             316       18    1'202

D:\Proyectos\STM32\kart\EWARM\kart\Obj\Application\User: [3]
    main.o                           1'362       48      672
    stm32l5xx_hal_msp.o                856
    stm32l5xx_it.o                      48
    --------------------------------------------------------
    Total:                           2'266       48      672

D:\Proyectos\STM32\kart\EWARM\kart\Obj\Application\flight_controller\src: [4]
    flight_controller_api.o             12
    flight_controller_conductor.o      148       13       36
    flight_controller_driver.o         104
    flight_controller_hdwr.o           138
    --------------------------------------------------------
    Total:                             402       13       36

D:\Proyectos\STM32\kart\EWARM\kart\Obj\Application\hdwr\src: [5]
    adc_api.o                          132                24
    can_api.o                          452       15       48
    fifo_api.o                          70
    gpio_api.o                          80        9       24
    pwm_api.o                          350
    uart_api.o                         204       16       45
    --------------------------------------------------------
    Total:                           1'288       40      141

D:\Proyectos\STM32\kart\EWARM\kart\Obj\Application\heartbeat\src: [6]
    heartbeat_api.o                     96
    --------------------------------------------------------
    Total:                              96

D:\Proyectos\STM32\kart\EWARM\kart\Obj\Application\periodic\src: [7]
    periodic_api.o                      36
    periodic_conductor.o               160       25       40
    periodic_driver.o                  236               144
    --------------------------------------------------------
    Total:                             432       25      184

D:\Proyectos\STM32\kart\EWARM\kart\Obj\Application\sevcon\src: [8]
    sevcon_api.o                        12
    sevcon_conductor.o                  76       21       36
    sevcon_driver.o                    224
    sevcon_driver_dictionary.o          48        8       24
    sevcon_hdwr.o                      110                16
    --------------------------------------------------------
    Total:                             470       29       76

D:\Proyectos\STM32\kart\EWARM\kart\Obj\Application\system\src: [9]
    system_api.o                       120        1        1
    system_obj.o                                 70      104
    --------------------------------------------------------
    Total:                             120       71      105

D:\Proyectos\STM32\kart\EWARM\kart\Obj\Drivers\CMSIS: [10]
    system_stm32l5xx.o                 200       73        4
    --------------------------------------------------------
    Total:                             200       73        4

D:\Proyectos\STM32\kart\EWARM\kart\Obj\Drivers\STM32L5xx_HAL_Driver: [11]
    stm32l5xx_hal.o                    114        4       12
    stm32l5xx_hal_adc.o              1'428
    stm32l5xx_hal_adc_ex.o             196
    stm32l5xx_hal_cortex.o             200
    stm32l5xx_hal_dma.o                828
    stm32l5xx_hal_fdcan.o            1'386
    stm32l5xx_hal_gpio.o               472
    stm32l5xx_hal_pwr.o                 16
    stm32l5xx_hal_pwr_ex.o             176
    stm32l5xx_hal_rcc.o              2'204
    stm32l5xx_hal_rcc_ex.o           1'444
    stm32l5xx_hal_rtc.o                332
    stm32l5xx_hal_rtc_ex.o              52
    stm32l5xx_hal_spi.o                224
    stm32l5xx_hal_tim.o              1'858
    stm32l5xx_hal_tim_ex.o             148
    stm32l5xx_hal_uart.o             2'028
    stm32l5xx_hal_uart_ex.o            254
    --------------------------------------------------------
    Total:                          13'360        4       12

D:\Proyectos\STM32\kart\EWARM\kart\Obj\Middlewares\FreeRTOS: [12]
    cmsis_os2.o                        824             1'724
    heap_4.o                           404             8'224
    list.o                             146
    port.o                             404        2        4
    portasm.o                          200
    queue.o                          1'428                64
    tasks.o                          2'004             1'276
    timers.o                           820               300
    --------------------------------------------------------
    Total:                           6'230        2   11'592

dl7M_tlf.a: [13]
    XShHandles.o                       204               128
    XShttio.o                            8        3        8
    abort.o                              6
    dlmalloc.o                       5'396               496
    exit.o                               4
    fclose.o                           126
    fflush.o                           172
    fputc.o                             84
    fseek.o                             36
    heaptramp0.o                         4
    low_level_init.o                     4
    printf.o                            40
    putchar.o                           12
    sprintf.o                           64
    xcloseall.o                         64
    xfail_s.o                           64                 4
    xfgpos.o                            12
    xfiles.o                                     89      408
    xfofind.o                          156
    xfspos.o                           216
    xfwprep.o                          180
    xgetmemchunk.o                      44                 4
    xlocale_c.o                          8       23       56
    xprintffull_nomb.o               3'886
    xprout.o                            22
    xsprout.o                           10
    --------------------------------------------------------
    Total:                          10'822      115    1'104

m7M_tls.a: [14]
    DblAddSub.o                        606
    DblCmpGe.o                          52
    DblCmpLe.o                          52
    DblDiv.o                           582
    DblMul.o                           426
    DblToFlt.o                         104
    DblToS32.o                          54
    DblToU32.o                          34
    FltToDbl.o                          72
    S32ToDbl.o                          34
    U32ToDbl.o                          28
    fpinit_M.o                          34
    frexp.o                            112
    ldexp.o                            314
    --------------------------------------------------------
    Total:                           2'504

rt7M_tl.a: [15]
    ABImemclr.o                          6
    ABImemcpy_small.o                   24
    ABImemset48.o                       58
    ABImemset_small.o                   18
    I64DivMod_small.o                  262
    I64DivZer.o                          2
    cexit.o                             14
    cmain.o                             30
    cstart_closeall.o
    cstartup_M.o                        28
    data_init.o                         40
    lz77_init_single.o                 120
    memchr.o                            88
    memset.o                            20
    strchr.o                            22
    strlen.o                            54
    zero_init3.o                        56
    --------------------------------------------------------
    Total:                             842

shb_l.a: [16]
    close.o                             24
    dwrite.o                            30
    exit.o                              20
    iarttio.o                          124
    iarwrite.o                          34
    iarwstd.o                           32
    lseek.o                             78
    remove.o                            20
    write.o                             16
    --------------------------------------------------------
    Total:                             378

    Gaps                                47        4        1
    Linker created                               32    1'536
------------------------------------------------------------
    Grand Total:                    40'693      474   16'665


*******************************************************************************
*** ENTRY LIST
***

Entry                       Address    Size  Type      Object
-----                       -------    ----  ----      ------
.iar.init_table$$Base    0x800'9d44           --   Gb  - Linker created -
.iar.init_table$$Limit   0x800'9d64           --   Gb  - Linker created -
?main                    0x800'9d65          Code  Gb  cmain.o [15]
AHBPrescTable            0x800'83dc    0x10  Data  Gb  system_stm32l5xx.o [10]
APBPrescTable            0x800'9e2c     0x8  Data  Gb  system_stm32l5xx.o [10]
BusFault_Handler         0x800'9cab     0x2  Code  Gb  stm32l5xx_it.o [3]
CSTACK$$Base            0x2000'3b20           --   Gb  - Linker created -
CSTACK$$Limit           0x2000'3f20           --   Gb  - Linker created -
DLCtoBytes               0x800'725c    0x10  Data  Lc  stm32l5xx_hal_fdcan.o [11]
DMA1_Channel1_IRQHandler
                         0x800'9cb1     0x6  Code  Gb  stm32l5xx_it.o [3]
DMA_CalcDMAMUXChannelBaseAndMask
                         0x800'4aa1    0x3a  Code  Lc  stm32l5xx_hal_dma.o [11]
DMA_CalcDMAMUXRequestGenBaseAndMask
                         0x800'4adb    0x1c  Code  Lc  stm32l5xx_hal_dma.o [11]
DebugMon_Handler         0x800'9caf     0x2  Code  Gb  stm32l5xx_it.o [3]
Error_Handler            0x800'56eb     0x4  Code  Gb  main.o [3]
FDCAN1_IT0_IRQHandler    0x800'9cb7     0x2  Code  Gb  stm32l5xx_it.o [3]
FDCAN1_IT1_IRQHandler    0x800'9cb9     0x2  Code  Gb  stm32l5xx_it.o [3]
HAL_ADCEx_MultiModeConfigChannel
                         0x800'621d    0xae  Code  Gb  stm32l5xx_hal_adc_ex.o [11]
HAL_ADC_ConfigChannel    0x800'5e89   0x2fe  Code  Gb  stm32l5xx_hal_adc.o [11]
HAL_ADC_Init             0x800'5ccd   0x196  Code  Gb  stm32l5xx_hal_adc.o [11]
HAL_ADC_MspInit          0x800'44c9    0xd4  Code  Gb  stm32l5xx_hal_msp.o [3]
HAL_DMA_Abort            0x800'48b5    0x66  Code  Gb  stm32l5xx_hal_dma.o [11]
HAL_DMA_Abort_IT         0x800'491b    0x6c  Code  Gb  stm32l5xx_hal_dma.o [11]
HAL_DMA_ConfigChannelAttributes
                         0x800'4a81    0x20  Code  Gb  stm32l5xx_hal_dma.o [11]
HAL_DMA_IRQHandler       0x800'4987    0xe8  Code  Gb  stm32l5xx_hal_dma.o [11]
HAL_DMA_Init             0x800'47e5    0x86  Code  Gb  stm32l5xx_hal_dma.o [11]
HAL_FDCAN_ActivateNotification
                         0x800'7005    0xe8  Code  Gb  stm32l5xx_hal_fdcan.o [11]
HAL_FDCAN_ErrorCallback
                         0x800'85c3     0x2  Code  Gb  stm32l5xx_hal_fdcan.o [11]
HAL_FDCAN_ErrorStatusCallback
                         0x800'85c1     0x2  Code  Gb  stm32l5xx_hal_fdcan.o [11]
HAL_FDCAN_GetRxMessage   0x800'6f2f    0xd6  Code  Gb  stm32l5xx_hal_fdcan.o [11]
HAL_FDCAN_HighPriorityMessageCallback
                         0x800'83ef     0x2  Code  Gb  stm32l5xx_hal_fdcan.o [11]
HAL_FDCAN_IRQHandler     0x800'70f9   0x162  Code  Gb  stm32l5xx_hal_fdcan.o [11]
HAL_FDCAN_Init           0x800'6d15   0x1be  Code  Gb  stm32l5xx_hal_fdcan.o [11]
HAL_FDCAN_MspInit        0x800'459d    0x70  Code  Gb  stm32l5xx_hal_msp.o [3]
HAL_FDCAN_RxFifo0Callback
                         0x800'858d     0x4  Code  Gb  can_api.o [5]
HAL_FDCAN_RxFifo1Callback
                         0x800'8591     0x4  Code  Gb  can_api.o [5]
HAL_FDCAN_Start          0x800'6f0f    0x20  Code  Gb  stm32l5xx_hal_fdcan.o [11]
HAL_FDCAN_TimeoutOccurredCallback
                         0x800'85bf     0x2  Code  Gb  stm32l5xx_hal_fdcan.o [11]
HAL_FDCAN_TimestampWraparoundCallback
                         0x800'85bd     0x2  Code  Gb  stm32l5xx_hal_fdcan.o [11]
HAL_FDCAN_TxBufferAbortCallback
                         0x800'83f1     0x2  Code  Gb  stm32l5xx_hal_fdcan.o [11]
HAL_FDCAN_TxBufferCompleteCallback
                         0x800'85bb     0x2  Code  Gb  stm32l5xx_hal_fdcan.o [11]
HAL_FDCAN_TxEventFifoCallback
                         0x800'83f3     0x2  Code  Gb  stm32l5xx_hal_fdcan.o [11]
HAL_FDCAN_TxFifoEmptyCallback
                         0x800'85b9     0x2  Code  Gb  stm32l5xx_hal_fdcan.o [11]
HAL_GPIO_Init            0x800'56f1   0x196  Code  Gb  stm32l5xx_hal_gpio.o [11]
HAL_GPIO_TogglePin       0x800'5891    0x10  Code  Gb  stm32l5xx_hal_gpio.o [11]
HAL_GPIO_WritePin        0x800'5887     0xa  Code  Gb  stm32l5xx_hal_gpio.o [11]
HAL_GetTick              0x800'3b21     0xc  Code  Gb  stm32l5xx_hal.o [11]
HAL_Init                 0x800'5c65    0x22  Code  Gb  stm32l5xx_hal.o [11]
HAL_InitTick             0x800'3add    0x44  Code  Gb  stm32l5xx_hal.o [11]
HAL_MspInit              0x800'448d    0x3c  Code  Gb  stm32l5xx_hal_msp.o [3]
HAL_NVIC_EnableIRQ       0x800'3c4d    0x16  Code  Gb  stm32l5xx_hal_cortex.o [11]
HAL_NVIC_SetPriority     0x800'3c11    0x3a  Code  Gb  stm32l5xx_hal_cortex.o [11]
HAL_NVIC_SetPriorityGrouping
                         0x800'3bf7    0x1a  Code  Gb  stm32l5xx_hal_cortex.o [11]
HAL_PWREx_ControlVoltageScaling
                         0x800'3b39    0x66  Code  Gb  stm32l5xx_hal_pwr_ex.o [11]
HAL_PWREx_DisableUCPDDeadBattery
                         0x800'3b9f     0x2  Code  Gb  stm32l5xx_hal_pwr_ex.o [11]
HAL_PWREx_GetVoltageRange
                         0x800'3b2d     0xc  Code  Gb  stm32l5xx_hal_pwr_ex.o [11]
HAL_PWREx_SMPS_GetEffectiveMode
                         0x800'3bab    0x1c  Code  Gb  stm32l5xx_hal_pwr_ex.o [11]
HAL_PWR_EnableBkUpAccess
                         0x800'73dd     0xc  Code  Gb  stm32l5xx_hal_pwr.o [11]
HAL_RCCEx_PeriphCLKConfig
                         0x800'4bf9   0x3d6  Code  Gb  stm32l5xx_hal_rcc_ex.o [11]
HAL_RCC_ClockConfig      0x800'3793   0x18e  Code  Gb  stm32l5xx_hal_rcc.o [11]
HAL_RCC_GetHCLKFreq      0x800'39e3    0x12  Code  Gb  stm32l5xx_hal_rcc.o [11]
HAL_RCC_GetPCLK1Freq     0x800'39f5     0xe  Code  Gb  stm32l5xx_hal_rcc.o [11]
HAL_RCC_GetPCLK2Freq     0x800'3a09    0x10  Code  Gb  stm32l5xx_hal_rcc.o [11]
HAL_RCC_GetSysClockFreq
                         0x800'394d    0x96  Code  Gb  stm32l5xx_hal_rcc.o [11]
HAL_RCC_OscConfig        0x800'3241   0x526  Code  Gb  stm32l5xx_hal_rcc.o [11]
HAL_RTCEx_PrivilegeModeSet
                         0x800'642d    0x2c  Code  Gb  stm32l5xx_hal_rtc_ex.o [11]
HAL_RTC_Init             0x800'62e1    0x86  Code  Gb  stm32l5xx_hal_rtc.o [11]
HAL_RTC_MspInit          0x800'4633    0x50  Code  Gb  stm32l5xx_hal_msp.o [3]
HAL_RTC_WaitForSynchro   0x800'6367    0x2e  Code  Gb  stm32l5xx_hal_rtc.o [11]
HAL_SPI_Init             0x800'6461    0xd4  Code  Gb  stm32l5xx_hal_spi.o [11]
HAL_SPI_MspInit          0x800'4683    0x46  Code  Gb  stm32l5xx_hal_msp.o [3]
HAL_SYSTICK_Config       0x800'3c63    0x28  Code  Gb  stm32l5xx_hal_cortex.o [11]
HAL_TIMEx_MasterConfigSynchronization
                         0x800'6c81    0x7a  Code  Gb  stm32l5xx_hal_tim_ex.o [11]
HAL_TIM_Base_Init        0x800'6541    0x1a  Code  Gb  stm32l5xx_hal_tim.o [11]
HAL_TIM_Base_MspInit     0x800'46e7    0x22  Code  Gb  stm32l5xx_hal_msp.o [3]
HAL_TIM_ConfigClockSource
                         0x800'67f1    0x90  Code  Gb  stm32l5xx_hal_tim.o [11]
HAL_TIM_MspPostInit      0x800'4709    0x3a  Code  Gb  stm32l5xx_hal_msp.o [3]
HAL_TIM_PWM_ConfigChannel
                         0x800'66e3   0x102  Code  Gb  stm32l5xx_hal_tim.o [11]
HAL_TIM_PWM_Init         0x800'6585    0x1a  Code  Gb  stm32l5xx_hal_tim.o [11]
HAL_TIM_PWM_MspInit      0x800'83ed     0x2  Code  Gb  stm32l5xx_hal_tim.o [11]
HAL_TIM_PWM_Start        0x800'659f    0xc4  Code  Gb  stm32l5xx_hal_tim.o [11]
HAL_UARTEx_DisableFifoMode
                         0x800'726d    0x3c  Code  Gb  stm32l5xx_hal_uart_ex.o [11]
HAL_UARTEx_RxEventCallback
                         0x800'4b23     0x2  Code  Gb  stm32l5xx_hal_uart.o [11]
HAL_UARTEx_RxFifoFullCallback
                         0x800'4bf7     0x2  Code  Gb  stm32l5xx_hal_uart_ex.o [11]
HAL_UARTEx_SetRxFifoThreshold
                         0x800'72bf    0x14  Code  Gb  stm32l5xx_hal_uart_ex.o [11]
HAL_UARTEx_SetTxFifoThreshold
                         0x800'72a9    0x16  Code  Gb  stm32l5xx_hal_uart_ex.o [11]
HAL_UARTEx_TxFifoEmptyCallback
                         0x800'4bf5     0x2  Code  Gb  stm32l5xx_hal_uart_ex.o [11]
HAL_UARTEx_WakeupCallback
                         0x800'4b25     0x2  Code  Gb  stm32l5xx_hal_uart_ex.o [11]
HAL_UART_ErrorCallback   0x800'4b21     0x2  Code  Gb  stm32l5xx_hal_uart.o [11]
HAL_UART_IRQHandler      0x800'3d37   0x27c  Code  Gb  stm32l5xx_hal_uart.o [11]
HAL_UART_Init            0x800'3ca5    0x30  Code  Gb  stm32l5xx_hal_uart.o [11]
HAL_UART_MspInit         0x800'4743    0x5e  Code  Gb  stm32l5xx_hal_msp.o [3]
HAL_UART_TxCpltCallback
                         0x800'4b99    0x12  Code  Gb  uart_api.o [5]
HEAP$$Base              0x2000'3f20           --   Gb  - Linker created -
HEAP$$Limit             0x2000'4120           --   Gb  - Linker created -
HardFault_Handler        0x800'9ca7     0x2  Code  Gb  stm32l5xx_it.o [3]
KernelState             0x2000'3b0c     0x4  Data  Lc  cmsis_os2.o [12]
LL_ADC_GetOffsetChannel
                         0x800'5c89     0xe  Code  Lc  stm32l5xx_hal_adc.o [11]
LL_ADC_SetChannelSamplingTime
                         0x800'5ca9    0x24  Code  Lc  stm32l5xx_hal_adc.o [11]
LL_ADC_SetOffsetState    0x800'5c97    0x12  Code  Lc  stm32l5xx_hal_adc.o [11]
MSIRangeTable            0x800'9bec    0x40  Data  Gb  system_stm32l5xx.o [10]
MX_DMA_Init              0x800'5655    0x3c  Code  Lc  main.o [3]
MemManage_Handler        0x800'9ca9     0x2  Code  Gb  stm32l5xx_it.o [3]
NMI_Handler              0x800'9ca5     0x2  Code  Gb  stm32l5xx_it.o [3]
PendSV_Handler           0x800'8719          Code  Gb  portasm.o [12]
RCCEx_PLLSAI1_Config     0x800'4ff9    0xd6  Code  Lc  stm32l5xx_hal_rcc_ex.o [11]
RCCEx_PLLSAI2_Config     0x800'50d5    0xa8  Code  Lc  stm32l5xx_hal_rcc_ex.o [11]
RCC_SetFlashLatencyFromMSIRange
                         0x800'3a25    0x78  Code  Lc  stm32l5xx_hal_rcc.o [11]
RTC_EnterInitMode        0x800'6395    0x40  Code  Gb  stm32l5xx_hal_rtc.o [11]
RTC_ExitInitMode         0x800'63d5    0x4c  Code  Gb  stm32l5xx_hal_rtc.o [11]
Region$$Table$$Base      0x800'9d44           --   Gb  - Linker created -
Region$$Table$$Limit     0x800'9d64           --   Gb  - Linker created -
SVC_Handler              0x800'875d          Code  Gb  portasm.o [12]
StartDefaultTask         0x800'56e1     0xa  Code  Gb  main.o [3]
SysTick_Handler          0x800'58dd    0x1a  Code  Gb  cmsis_os2.o [12]
SystemClock_Config       0x800'55c7    0x84  Code  Gb  main.o [3]
SystemCoreClock         0x2000'0168     0x4  Data  Gb  system_stm32l5xx.o [10]
SystemCoreClockUpdate    0x800'8331    0x8e  Code  Gb  system_stm32l5xx.o [10]
SystemInit               0x800'8325     0xc  Code  Gb  system_stm32l5xx.o [10]
TIM_Base_SetConfig       0x800'68ad    0xac  Code  Gb  stm32l5xx_hal_tim.o [11]
TIM_CCxChannelCmd        0x800'6c65    0x1c  Code  Gb  stm32l5xx_hal_tim.o [11]
TIM_ETR_SetConfig        0x800'6c51    0x14  Code  Gb  stm32l5xx_hal_tim.o [11]
TIM_ITRx_SetConfig       0x800'6c05    0x10  Code  Lc  stm32l5xx_hal_tim.o [11]
TIM_OC1_SetConfig        0x800'6959    0x84  Code  Lc  stm32l5xx_hal_tim.o [11]
TIM_OC2_SetConfig        0x800'69dd    0x74  Code  Gb  stm32l5xx_hal_tim.o [11]
TIM_OC3_SetConfig        0x800'6a51    0x70  Code  Lc  stm32l5xx_hal_tim.o [11]
TIM_OC4_SetConfig        0x800'6ac1    0x4e  Code  Lc  stm32l5xx_hal_tim.o [11]
TIM_OC5_SetConfig        0x800'6b0f    0x54  Code  Lc  stm32l5xx_hal_tim.o [11]
TIM_OC6_SetConfig        0x800'6b63    0x4e  Code  Lc  stm32l5xx_hal_tim.o [11]
TIM_TI1_ConfigInputStage
                         0x800'6bbf    0x22  Code  Lc  stm32l5xx_hal_tim.o [11]
TIM_TI2_ConfigInputStage
                         0x800'6be1    0x24  Code  Lc  stm32l5xx_hal_tim.o [11]
UARTEx_SetNbDataToProcess
                         0x800'7315    0x3e  Code  Lc  stm32l5xx_hal_uart_ex.o [11]
UARTEx_SetNbDataToProcess::denominator
                         0x800'735c     0x8  Data  Lc  stm32l5xx_hal_uart_ex.o [11]
UARTEx_SetNbDataToProcess::numerator
                         0x800'7354     0x8  Data  Lc  stm32l5xx_hal_uart_ex.o [11]
UARTPrescTable           0x800'4474    0x18  Data  Gb  stm32l5xx_hal_uart.o [11]
UART_AdvFeatureConfig    0x800'4253    0xc6  Code  Gb  stm32l5xx_hal_uart.o [11]
UART_CheckIdleState      0x800'4319    0x5c  Code  Gb  stm32l5xx_hal_uart.o [11]
UART_DMAAbortOnError     0x800'4439    0x10  Code  Lc  stm32l5xx_hal_uart.o [11]
UART_EndRxTransfer       0x800'43fd    0x34  Code  Lc  stm32l5xx_hal_uart.o [11]
UART_SetConfig           0x800'3fb5   0x286  Code  Gb  stm32l5xx_hal_uart.o [11]
UART_WaitOnFlagUntilTimeout
                         0x800'4375    0x6a  Code  Gb  stm32l5xx_hal_uart.o [11]
USART3_IRQHandler        0x800'9cc1     0x6  Code  Gb  stm32l5xx_it.o [3]
UsageFault_Handler       0x800'9cad     0x2  Code  Gb  stm32l5xx_it.o [3]
_Close_all               0x800'9c2d    0x40  Code  Gb  xcloseall.o [13]
_Files                  0x2000'02a8    0x20  Data  Gb  xfiles.o [13]
_Fofree                  0x800'99d5    0x96  Code  Gb  xfofind.o [13]
_Fspos                   0x800'95e1    0xd8  Code  Gb  xfspos.o [13]
_Fwprep                  0x800'98fd    0xb4  Code  Gb  xfwprep.o [13]
_LitobFullNoMb           0x800'252d   0x10c  Code  Lc  xprintffull_nomb.o [13]
_Locale_lconv           0x2000'0198    0x38  Data  Lc  xlocale_c.o [13]
_Nnl                     0x800'9765     0xc  Code  Gb  xfgpos.o [13]
_PrintfFullNoMb          0x800'17f9   0xd06  Code  Gb  xprintffull_nomb.o [13]
_Prout                   0x800'9db9    0x16  Code  Gb  xprout.o [13]
_PutcharFullNoMb         0x800'2691    0x20  Code  Lc  xprintffull_nomb.o [13]
_PutcharsFullNoMb        0x800'26b1    0x2e  Code  Lc  xprintffull_nomb.o [13]
_SProut                  0x800'170f     0xa  Code  Gb  xsprout.o [13]
__NVIC_SetPriority       0x800'3bdd    0x1a  Code  Lc  stm32l5xx_hal_cortex.o [11]
__Vectors                0x800'0000           --   Gb  startup_stm32l552xx.o [1]
__Vectors_End            0x800'01f4          Data  Gb  startup_stm32l552xx.o [1]
__Vectors_Size {Abs}          0x1f4           --   Gb  startup_stm32l552xx.o [1]
__aeabi_cdcmple          0x800'2899          Code  Gb  DblCmpLe.o [14]
__aeabi_cdrcmple         0x800'28cd          Code  Gb  DblCmpGe.o [14]
__aeabi_d2f              0x800'9579          Code  Gb  DblToFlt.o [14]
__aeabi_d2iz             0x800'2a3d          Code  Gb  DblToS32.o [14]
__aeabi_d2uiz            0x800'2f41          Code  Gb  DblToU32.o [14]
__aeabi_dadd             0x800'2a99          Code  Gb  DblAddSub.o [14]
__aeabi_ddiv             0x800'2cf9          Code  Gb  DblDiv.o [14]
__aeabi_dmul             0x800'2f81          Code  Gb  DblMul.o [14]
__aeabi_dsub             0x800'2c15          Code  Gb  DblAddSub.o [14]
__aeabi_f2d              0x800'9531          Code  Gb  FltToDbl.o [14]
__aeabi_i2d              0x800'2a75          Code  Gb  S32ToDbl.o [14]
__aeabi_ldiv0            0x800'323d          Code  Gb  I64DivZer.o [15]
__aeabi_memclr           0x800'1745          Code  Gb  ABImemclr.o [15]
__aeabi_memset4          0x800'890d          Code  Gb  ABImemset48.o [15]
__aeabi_memset8          0x800'890d          Code  Gb  ABImemset48.o [15]
__aeabi_ui2d             0x800'2f65          Code  Gb  U32ToDbl.o [14]
__cexit_closeall         0x800'9d8f          Code  Gb  cexit.o [15]
__close                  0x800'9af3    0x18  Code  Gb  close.o [16]
__cmain                  0x800'9d65          Code  Gb  cmain.o [15]
__cstart_closeall        0x800'9fcc          Data  Gb  cstart_closeall.o [15]
__data_GetMemChunk       0x800'1719    0x2c  Code  Gb  xgetmemchunk.o [13]
__data_GetMemChunk::start
                        0x2000'3b18     0x4  Data  Lc  xgetmemchunk.o [13]
__dwrite                 0x800'989d    0x1e  Code  Gb  dwrite.o [16]
__exit                   0x800'174d    0x14  Code  Gb  exit.o [16]
__iar_Fail_s             0x800'2741    0x1c  Code  Gb  xfail_s.o [13]
__iar_Memchr             0x800'27b9          Code  Gb  memchr.o [15]
__iar_Memset4_word       0x800'8915          Code  Gb  ABImemset48.o [15]
__iar_Memset8_word       0x800'8915          Code  Gb  ABImemset48.o [15]
__iar_Stderr            0x2000'0260    0x48  Data  Gb  xfiles.o [13]
__iar_Stdin             0x2000'01d0    0x48  Data  Gb  xfiles.o [13]
__iar_Stdout            0x2000'0218    0x48  Data  Gb  xfiles.o [13]
__iar_Strchr             0x800'2729          Code  Gb  strchr.o [15]
__iar_close_ttio         0x800'1775    0x2c  Code  Gb  iarttio.o [16]
__iar_data_init3         0x800'9cd5    0x28  Code  Gb  data_init.o [15]
__iar_dlcalloc           0x800'16c5    0x3e  Code  Gb  dlmalloc.o [13]
__iar_dlfree             0x800'1193   0x52c  Code  Gb  dlmalloc.o [13]
__iar_dlmalloc           0x800'027d   0xf16  Code  Gb  dlmalloc.o [13]
__iar_frexp              0x800'2835          Code  Gb  frexp.o [14]
__iar_frexpl             0x800'2835          Code  Gb  frexp.o [14]
__iar_get_ttio           0x800'17a1    0x4c  Code  Gb  iarttio.o [16]
__iar_init_vfp           0x800'9d21          Code  Gb  fpinit_M.o [14]
__iar_ldexp64            0x800'2901          Code  Gb  ldexp.o [14]
__iar_lookup_ttioh       0x800'17f1     0x8  Code  Gb  XShttio.o [13]
__iar_lz77_init_single3
                         0x800'9b1f    0x78  Code  Gb  lz77_init_single.o [15]
__iar_program_start      0x800'9d9d          Code  Gb  cstartup_M.o [15]
__iar_scalbln64          0x800'2901          Code  Gb  ldexp.o [14]
__iar_scalbn64           0x800'2901          Code  Gb  ldexp.o [14]
__iar_sh_Discard         0x800'97d1    0x42  Code  Gb  XShHandles.o [13]
__iar_sh_Move            0x800'9813    0x46  Code  Gb  XShHandles.o [13]
__iar_sh_Pos             0x800'9859    0x40  Code  Gb  XShHandles.o [13]
__iar_sh_stdout          0x800'98bb    0x20  Code  Gb  iarwstd.o [16]
__iar_sh_write           0x800'98db    0x22  Code  Gb  iarwrite.o [16]
__iar_small_Memcpy       0x800'2815          Code  Gb  ABImemcpy_small.o [15]
__iar_small_Memset       0x800'1761          Code  Gb  ABImemset_small.o [15]
__iar_small_Memset_word
                         0x800'1761          Code  Gb  ABImemset_small.o [15]
__iar_small_memcpy       0x800'2811          Code  Gb  ABImemcpy_small.o [15]
__iar_small_memcpy4      0x800'2811          Code  Gb  ABImemcpy_small.o [15]
__iar_small_memcpy8      0x800'2811          Code  Gb  ABImemcpy_small.o [15]
__iar_small_memset       0x800'1761          Code  Gb  ABImemset_small.o [15]
__iar_small_uldivmod     0x800'3135          Code  Gb  I64DivMod_small.o [15]
__iar_softfp___iar_frexp64
                         0x800'2829          Code  Gb  frexp.o [14]
__iar_softfp_frexp       0x800'2829          Code  Gb  frexp.o [14]
__iar_softfp_frexpl      0x800'2829          Code  Gb  frexp.o [14]
__iar_ttio_handles      0x2000'02c8     0x8  Data  Lc  XShttio.o [13]
__iar_zero_init3         0x800'9c6d    0x38  Code  Gb  zero_init3.o [15]
__low_level_init         0x800'9d83     0x4  Code  Gb  low_level_init.o [13]
__lseek                  0x800'9771    0x4e  Code  Gb  lseek.o [16]
__vector_table           0x800'0000          Data  Gb  startup_stm32l552xx.o [1]
__write                  0x800'97bf    0x10  Code  Gb  write.o [16]
_call_main               0x800'9d71          Code  Gb  cmain.o [15]
_exit                    0x800'9d8d          Code  Gb  cexit.o [15]
_gm_                    0x2000'34d0   0x1d8  Data  Lc  dlmalloc.o [13]
abort                    0x800'1709     0x6  Code  Gb  abort.o [13]
adc1_dma                0x2000'3acc    0x14  Data  Gb  adc_api.o [5]
adc_get_value            0x800'94ad    0x5e  Code  Gb  adc_api.o [5]
can_cfg                 0x2000'0148    0x10  Data  Gb  system_obj.o [9]
can_create               0x800'8445    0x8e  Code  Gb  can_api.o [5]
can_enqueue_new_message
                         0x800'8401    0x44  Code  Gb  can_api.o [5]
can_fifo_subscribe      0x2000'3b08     0x4  Data  Gb  can_api.o [5]
can_suscribe_rx_fifo     0x800'84dd    0x1e  Code  Gb  can_api.o [5]
can_task                 0x800'83f5     0xc  Code  Gb  can_api.o [5]
can_task_attributes     0x2000'0008    0x24  Data  Gb  can_api.o [5]
canopen_get_data         0x800'8531    0x5c  Code  Gb  can_api.o [5]
canopen_get_index        0x800'850d    0x14  Code  Gb  can_api.o [5]
canopen_get_subindex     0x800'8521     0xa  Code  Gb  can_api.o [5]
cllbck_every_1000_ms    0x2000'3aa4    0x24  Data  Gb  periodic_driver.o [7]
cllbck_every_100_ms     0x2000'3a38    0x24  Data  Gb  periodic_driver.o [7]
cllbck_every_200_ms     0x2000'3a5c    0x24  Data  Gb  periodic_driver.o [7]
cllbck_every_500_ms     0x2000'3a80    0x24  Data  Gb  periodic_driver.o [7]
configurated            0x2000'3ac8     0x1  Data  Gb  adc_api.o [5]
defaultTaskHandle       0x2000'34cc     0x4  Data  Gb  main.o [3]
defaultTask_attributes   0x800'9cfc    0x24  Data  Gb  main.o [3]
dictionary_canopen      0x2000'00dc    0x18  Data  Lc  sevcon_driver_dictionary.o [8]
ebuf                    0x2000'3958    0x50  Data  Lc  xfiles.o [13]
exit                     0x800'9d87     0x4  Code  Gb  exit.o [13]
fclose                   0x800'9a75    0x7e  Code  Gb  fclose.o [13]
fflush                   0x800'972d    0x34  Code  Gb  fflush.o [13]
fflushOne                0x800'96b9    0x74  Code  Lc  fflush.o [13]
fifo_create_queue        0x800'8e0d     0xe  Code  Gb  fifo_api.o [5]
fifo_dequeue_msg         0x800'8e33    0x18  Code  Gb  fifo_api.o [5]
fifo_enqueue_msg         0x800'8e1b    0x18  Code  Gb  fifo_api.o [5]
flight_controller_cfg   0x2000'010c    0x3c  Data  Gb  system_obj.o [9]
flight_controller_conductor_init
                         0x800'9055    0x4e  Code  Gb  flight_controller_conductor.o [4]
flight_controller_conductor_resume_thread
                         0x800'90ad     0xc  Code  Gb  flight_controller_conductor.o [4]
flight_controller_driver_init
                         0x800'9233    0x1c  Code  Gb  flight_controller_driver.o [4]
flight_controller_driver_log_init
                         0x800'9261    0x20  Code  Gb  flight_controller_driver.o [4]
flight_controller_driver_periodic
                         0x800'9229     0xa  Code  Lc  flight_controller_driver.o [4]
flight_controller_driver_start_periodic
                         0x800'924f     0xe  Code  Gb  flight_controller_driver.o [4]
flight_controller_hdwr_check_adc
                         0x800'92c1    0x34  Code  Gb  flight_controller_hdwr.o [4]
flight_controller_hdwr_init
                         0x800'9291    0x30  Code  Gb  flight_controller_hdwr.o [4]
flight_controller_hdwr_start
                         0x800'92f5    0x26  Code  Gb  flight_controller_hdwr.o [4]
flight_controller_init   0x800'86a5     0xc  Code  Gb  flight_controller_api.o [4]
flight_controller_task_attributes
                        0x2000'002c    0x24  Data  Gb  flight_controller_conductor.o [4]
fligth_controller_thread
                         0x800'902d    0x26  Code  Lc  flight_controller_conductor.o [4]
fputc                    0x800'9b97    0x54  Code  Gb  fputc.o [13]
free                     0x800'9a71     0x4  Code  Gb  heaptramp0.o [13]
fseek                    0x800'99b1    0x24  Code  Gb  fseek.o [13]
gpio                    0x2000'02d0     0x1  Data  Gb  system_api.o [9]
gpio_hal                0x2000'0050    0x18  Data  Gb  gpio_api.o [5]
gpio_off                 0x800'85d5     0xe  Code  Gb  gpio_api.o [5]
gpio_on                  0x800'85c5    0x10  Code  Gb  gpio_api.o [5]
gpio_toggle              0x800'85f9    0x16  Code  Gb  gpio_api.o [5]
hadc1                   0x2000'3298    0x68  Data  Gb  main.o [3]
hdma_adc1               0x2000'38f0    0x68  Data  Gb  main.o [3]
heartbeat               0x2000'0100     0xc  Data  Gb  system_obj.o [9]
heartbeat_init           0x800'8641    0x4a  Code  Gb  heartbeat_api.o [6]
heartbeat_periodic       0x800'8639     0x6  Code  Gb  heartbeat_api.o [6]
hfdcan1                 0x2000'3300    0x64  Data  Gb  main.o [3]
hrtc                    0x2000'3458    0x28  Data  Gb  main.o [3]
hspi3                   0x2000'3364    0x64  Data  Gb  main.o [3]
htim3                   0x2000'3480    0x4c  Data  Gb  main.o [3]
huart3                  0x2000'33c8    0x90  Data  Gb  main.o [3]
id_msg_rx               0x2000'277c     0x2  Data  Gb  log_driver.o [2]
init_mparams             0x800'0211    0x2c  Code  Lc  dlmalloc.o [13]
init_top                 0x800'023d    0x34  Code  Lc  dlmalloc.o [13]
ldexp                    0x800'2901          Code  Gb  ldexp.o [14]
ldexpl                   0x800'2901          Code  Gb  ldexp.o [14]
localeconv               0x800'312d     0x4  Code  Gb  xlocale_c.o [13]
log_conductor_init       0x800'82d1    0x2c  Code  Gb  log_conductor.o [2]
log_conductor_new_msg    0x800'82fd    0x18  Code  Gb  log_conductor.o [2]
log_driver_create_new_message
                         0x800'8d49    0x82  Code  Gb  log_driver.o [2]
log_init                 0x800'5c29     0x4  Code  Gb  log_api.o [2]
log_msg                 0x2000'22f4   0x488  Data  Gb  log_driver.o [2]
log_new_msg              0x800'5c2d    0x10  Code  Gb  log_api.o [2]
log_task                 0x800'82c1    0x10  Code  Gb  log_conductor.o [2]
log_task_attributes     0x2000'0068    0x24  Data  Gb  log_conductor.o [2]
main                     0x800'519d   0x3f2  Code  Gb  main.o [3]
memchr                   0x800'27b9          Code  Gb  memchr.o [15]
memset                   0x800'58c9    0x14  Code  Gb  memset.o [15]
mparams                 0x2000'3ae0    0x18  Data  Lc  dlmalloc.o [13]
msg_servcon             0x2000'3af8    0x10  Data  Gb  sevcon_hdwr.o [8]
name_thread_can         0x2000'0000     0x8  Data  Gb  can_api.o [5]
name_thread_uart        0x2000'016c     0x8  Data  Gb  uart_api.o [5]
obuf                    0x2000'39a8    0x50  Data  Lc  xfiles.o [13]
osDelay                  0x800'5aa3    0x1a  Code  Gb  cmsis_os2.o [12]
osKernelGetTickCount     0x800'594f    0x10  Code  Gb  cmsis_os2.o [12]
osKernelInitialize       0x800'58f7    0x1a  Code  Gb  cmsis_os2.o [12]
osKernelStart            0x800'5919    0x2a  Code  Gb  cmsis_os2.o [12]
osMessageQueueGet        0x800'5b89    0x4e  Code  Gb  cmsis_os2.o [12]
osMessageQueueNew        0x800'5ad9    0x60  Code  Gb  cmsis_os2.o [12]
osMessageQueuePut        0x800'5b39    0x50  Code  Gb  cmsis_os2.o [12]
osThreadFlagsWait        0x800'5a11    0x92  Code  Gb  cmsis_os2.o [12]
osThreadNew              0x800'595f    0x92  Code  Gb  cmsis_os2.o [12]
osThreadResume           0x800'59f1    0x20  Code  Gb  cmsis_os2.o [12]
periodic_cllbcks_registers
                         0x800'8ef5    0x22  Code  Lc  periodic_driver.o [7]
periodic_conductor_init
                         0x800'8eb5    0x2a  Code  Gb  periodic_conductor.o [7]
periodic_driver_enable_function
                         0x800'8f91    0x3c  Code  Gb  periodic_driver.o [7]
periodic_driver_every_1000ms
                         0x800'8f23     0x4  Code  Gb  periodic_driver.o [7]
periodic_driver_every_100ms
                         0x800'8f17     0x4  Code  Gb  periodic_driver.o [7]
periodic_driver_every_200ms
                         0x800'8f1b     0x4  Code  Gb  periodic_driver.o [7]
periodic_driver_every_500ms
                         0x800'8f1f     0x4  Code  Gb  periodic_driver.o [7]
periodic_driver_register
                         0x800'8f29    0x68  Code  Gb  periodic_driver.o [7]
periodic_init            0x800'8615     0x4  Code  Gb  periodic_api.o [7]
periodic_register        0x800'8619    0x14  Code  Gb  periodic_api.o [7]
periodic_start           0x800'862d     0xc  Code  Gb  periodic_api.o [7]
periodic_task            0x800'8e55    0x54  Code  Gb  periodic_conductor.o [7]
periodic_task_attributes
                        0x2000'0090    0x24  Data  Gb  periodic_conductor.o [7]
printf                   0x800'5c3d    0x28  Code  Gb  printf.o [13]
prvAddCurrentTaskToDelayedList
                         0x800'7b57    0x4e  Code  Lc  tasks.o [12]
prvAddNewTaskToReadyList
                         0x800'7527    0xb0  Code  Lc  tasks.o [12]
prvCheckForValidListAndQueue
                         0x800'8cbd    0x4e  Code  Lc  timers.o [12]
prvCheckForValidListAndQueue{1}{2}{3}{4}::ucStaticTimerQueueStorage
                        0x2000'3734    0xa0  Data  Lc  timers.o [12]
prvCheckForValidListAndQueue{1}{2}{3}{4}::xStaticTimerQueue
                        0x2000'36e4    0x50  Data  Lc  timers.o [12]
prvCopyDataFromQueue     0x800'81ad    0x28  Code  Lc  queue.o [12]
prvCopyDataToQueue       0x800'8145    0x68  Code  Lc  queue.o [12]
prvDeleteTCB             0x800'79f5    0x2a  Code  Lc  tasks.o [12]
prvIdleTask              0x800'79b5    0x40  Code  Lc  tasks.o [12]
prvInitialiseNewQueue    0x800'7e17    0x20  Code  Lc  queue.o [12]
prvInitialiseNewTask     0x800'7499    0x8e  Code  Lc  tasks.o [12]
prvInsertBlockIntoFreeList
                         0x800'88c1    0x46  Code  Lc  heap_4.o [12]
prvInsertTimerInActiveList
                         0x800'8c87    0x34  Code  Lc  timers.o [12]
prvIsQueueEmpty          0x800'823d    0x16  Code  Lc  queue.o [12]
prvResetNextTaskUnblockTime
                         0x800'7a1f    0x1a  Code  Lc  tasks.o [12]
prvSampleTimeNow         0x800'8c0d    0x7a  Code  Lc  timers.o [12]
prvSampleTimeNow::xLastTime
                        0x2000'36b8     0x4  Data  Lc  timers.o [12]
prvTaskExitError         0x800'7bc1    0x22  Code  Lc  port.o [12]
prvTaskIsTaskSuspended   0x800'760d    0x28  Code  Lc  tasks.o [12]
prvTimerTask             0x800'8a89   0x184  Code  Lc  timers.o [12]
prvUnlockQueue           0x800'81d5    0x68  Code  Lc  queue.o [12]
putchar                  0x800'9dd1     0xc  Code  Gb  putchar.o [13]
pvPortMalloc             0x800'8779    0xfe  Code  Gb  heap_4.o [12]
pwm_check_channel        0x800'9391    0x20  Code  Gb  pwm_api.o [5]
pwm_create               0x800'93b1    0xb2  Code  Gb  pwm_api.o [5]
pwm_get_handle_hal       0x800'934d    0x44  Code  Gb  pwm_api.o [5]
pwm_start                0x800'9499    0x12  Code  Gb  pwm_api.o [5]
pxCurrentTCB            0x2000'37fc     0x4  Data  Gb  tasks.o [12]
pxCurrentTimerList      0x2000'36a8     0x4  Data  Lc  timers.o [12]
pxDelayedTaskList       0x2000'3800     0x4  Data  Lc  tasks.o [12]
pxEnd                   0x2000'02dc     0x4  Data  Lc  heap_4.o [12]
pxOverflowDelayedTaskList
                        0x2000'3804     0x4  Data  Lc  tasks.o [12]
pxOverflowTimerList     0x2000'36ac     0x4  Data  Lc  timers.o [12]
pxPortInitialiseStack    0x800'7c6d    0x68  Code  Gb  port.o [12]
pxReadyTasksLists       0x2000'2780   0x460  Data  Lc  tasks.o [12]
remove                   0x800'9b0b    0x14  Code  Gb  remove.o [16]
sFileInfo               0x2000'3870    0x80  Data  Lc  XShHandles.o [13]
scalbln                  0x800'2901          Code  Gb  ldexp.o [14]
scalblnl                 0x800'2901          Code  Gb  ldexp.o [14]
scalbn                   0x800'2901          Code  Gb  ldexp.o [14]
scalbnl                  0x800'2901          Code  Gb  ldexp.o [14]
scale                    0x800'2639    0x46  Code  Lc  xprintffull_nomb.o [13]
sec_hand                0x2000'3b14     0x4  Data  Lc  xfail_s.o [13]
segment_holding          0x800'01f5    0x1c  Code  Lc  dlmalloc.o [13]
sevcon_cfg              0x2000'0158     0x8  Data  Gb  system_obj.o [9]
sevcon_conductor_init    0x800'8feb    0x3a  Code  Gb  sevcon_conductor.o [8]
sevcon_dictionary_found_id
                         0x800'931d    0x30  Code  Gb  sevcon_driver_dictionary.o [8]
sevcon_driver_get_msg    0x800'917f    0x18  Code  Gb  sevcon_driver.o [8]
sevcon_driver_log_init   0x800'9161    0x1e  Code  Gb  sevcon_driver.o [8]
sevcon_hdwr_get_data     0x800'91f5     0x4  Code  Gb  sevcon_hdwr.o [8]
sevcon_hdwr_get_index    0x800'91ed     0x4  Code  Gb  sevcon_hdwr.o [8]
sevcon_hdwr_get_msg      0x800'91d5    0x14  Code  Gb  sevcon_hdwr.o [8]
sevcon_hdwr_get_num_sevcon
                         0x800'91f9     0xa  Code  Gb  sevcon_hdwr.o [8]
sevcon_hdwr_get_opposite_motor
                         0x800'9205    0x22  Code  Gb  sevcon_hdwr.o [8]
sevcon_hdwr_get_subindex
                         0x800'91f1     0x4  Code  Gb  sevcon_hdwr.o [8]
sevcon_hdwr_init         0x800'91b9    0x1c  Code  Gb  sevcon_hdwr.o [8]
sevcon_init              0x800'8699     0xc  Code  Gb  sevcon_api.o [8]
sevcon_proccess_message
                         0x800'90d9    0x86  Code  Gb  sevcon_driver.o [8]
sevcon_task              0x800'8fe1     0xa  Code  Gb  sevcon_conductor.o [8]
sevcon_task_attributes  0x2000'00b8    0x24  Data  Gb  sevcon_conductor.o [8]
sprintf                  0x800'5be9    0x40  Code  Gb  sprintf.o [13]
strchr                   0x800'2729          Code  Gb  strchr.o [15]
strlen                   0x800'2781          Code  Gb  strlen.o [15]
system_init              0x800'7365    0x78  Code  Gb  system_api.o [9]
thread_id               0x2000'008c     0x4  Data  Gb  log_conductor.o [2]
tick                    0x2000'3b10     0x4  Data  Gb  periodic_conductor.o [7]
tx_completed            0x2000'277e     0x1  Data  Gb  uart_api.o [5]
uart_cfg                0x2000'0160     0x8  Data  Gb  system_obj.o [9]
uart_create              0x800'4b35    0x5a  Code  Gb  uart_api.o [5]
uart_task                0x800'4b29     0xc  Code  Gb  uart_api.o [5]
uart_task_attributes    0x2000'0174    0x24  Data  Gb  uart_api.o [5]
ucHeap                  0x2000'02f4  0x2000  Data  Lc  heap_4.o [12]
ulCriticalNesting       0x2000'00b4     0x4  Data  Lc  port.o [12]
ulSetInterruptMask       0x800'86f5          Code  Gb  portasm.o [12]
uwTick                  0x2000'00f8     0x4  Data  Gb  stm32l5xx_hal.o [11]
uwTickFreq              0x2000'00f4     0x1  Data  Gb  stm32l5xx_hal.o [11]
uwTickPrio              0x2000'00fc     0x4  Data  Gb  stm32l5xx_hal.o [11]
uxCurrentNumberOfTasks  0x2000'3820     0x4  Data  Lc  tasks.o [12]
uxDeletedTasksWaitingCleanUp
                        0x2000'3808     0x4  Data  Lc  tasks.o [12]
uxListRemove             0x800'89b3    0x26  Code  Gb  list.o [12]
uxSchedulerSuspended    0x2000'3844     0x4  Data  Lc  tasks.o [12]
uxTaskNumber            0x2000'383c     0x4  Data  Lc  tasks.o [12]
uxTopReadyPriority      0x2000'3828     0x4  Data  Lc  tasks.o [12]
vApplicationGetIdleTaskMemory
                         0x800'89d9    0x14  Code  Gb  cmsis_os2.o [12]
vApplicationGetIdleTaskMemory::Idle_Stack
                        0x2000'3098   0x200  Data  Lc  cmsis_os2.o [12]
vApplicationGetIdleTaskMemory::Idle_TCB
                        0x2000'303c    0x5c  Data  Lc  cmsis_os2.o [12]
vApplicationGetTimerTaskMemory
                         0x800'90c1    0x18  Code  Gb  cmsis_os2.o [12]
vApplicationGetTimerTaskMemory::Timer_Stack
                        0x2000'2c3c   0x400  Data  Lc  cmsis_os2.o [12]
vApplicationGetTimerTaskMemory::Timer_TCB
                        0x2000'2be0    0x5c  Data  Lc  cmsis_os2.o [12]
vClearInterruptMask      0x800'870b          Code  Gb  portasm.o [12]
vListInitialise          0x800'8947    0x1a  Code  Gb  list.o [12]
vListInitialiseItem      0x800'8961     0x6  Code  Gb  list.o [12]
vListInsert              0x800'8981    0x32  Code  Gb  list.o [12]
vListInsertEnd           0x800'8967    0x1a  Code  Gb  list.o [12]
vPortEnterCritical       0x800'7bf9    0x18  Code  Gb  port.o [12]
vPortExitCritical        0x800'7c11    0x22  Code  Gb  port.o [12]
vPortFree                0x800'8877    0x4a  Code  Gb  heap_4.o [12]
vPortSVCHandler_C        0x800'7c53    0x1a  Code  Gb  port.o [12]
vPortSetupTimerInterrupt
                         0x800'8d21    0x28  Code  Gb  port.o [12]
vPortYield               0x800'7be5    0x12  Code  Gb  port.o [12]
vQueueAddToRegistry      0x800'8253    0x20  Code  Gb  queue.o [12]
vQueueWaitForMessageRestricted
                         0x800'8279    0x48  Code  Gb  queue.o [12]
vRaisePrivilege          0x800'86cf          Code  Gb  portasm.o [12]
vRestoreContextOfFirstTask
                         0x800'86b1          Code  Gb  portasm.o [12]
vStartFirstTask          0x800'86dd          Code  Gb  portasm.o [12]
vTaskDelay               0x800'75d7    0x30  Code  Gb  tasks.o [12]
vTaskInternalSetTimeOutState
                         0x800'793f     0xe  Code  Gb  tasks.o [12]
vTaskMissedYield         0x800'79a9     0xa  Code  Gb  tasks.o [12]
vTaskPlaceOnEventList    0x800'7891    0x16  Code  Gb  tasks.o [12]
vTaskPlaceOnEventListRestricted
                         0x800'78b1    0x26  Code  Gb  tasks.o [12]
vTaskResume              0x800'7635    0x46  Code  Gb  tasks.o [12]
vTaskStartScheduler      0x800'767b    0x64  Code  Gb  tasks.o [12]
vTaskSuspendAll          0x800'76e1     0xc  Code  Gb  tasks.o [12]
vTaskSwitchContext       0x800'7845    0x4c  Code  Gb  tasks.o [12]
xActiveTimerList1       0x2000'36bc    0x14  Data  Lc  timers.o [12]
xActiveTimerList2       0x2000'36d0    0x14  Data  Lc  timers.o [12]
xBlockAllocatedBit      0x2000'02f0     0x4  Data  Lc  heap_4.o [12]
xDelayedTaskList1       0x2000'3848    0x14  Data  Lc  tasks.o [12]
xDelayedTaskList2       0x2000'385c    0x14  Data  Lc  tasks.o [12]
xFreeBytesRemaining     0x2000'02e0     0x4  Data  Lc  heap_4.o [12]
xMinimumEverFreeBytesRemaining
                        0x2000'02e4     0x4  Data  Lc  heap_4.o [12]
xNextTaskUnblockTime    0x2000'3840     0x4  Data  Lc  tasks.o [12]
xNumOfOverflows         0x2000'3838     0x4  Data  Lc  tasks.o [12]
xNumberOfSuccessfulAllocations
                        0x2000'02e8     0x4  Data  Lc  heap_4.o [12]
xNumberOfSuccessfulFrees
                        0x2000'02ec     0x4  Data  Lc  heap_4.o [12]
xPendedTicks            0x2000'3830     0x4  Data  Lc  tasks.o [12]
xPendingReadyList       0x2000'37d4    0x14  Data  Lc  tasks.o [12]
xPortStartScheduler      0x800'7cd5    0x46  Code  Gb  port.o [12]
xPortSysTickHandler      0x800'7c33    0x20  Code  Gb  port.o [12]
xQueueGenericCreate      0x800'7ddf    0x38  Code  Gb  queue.o [12]
xQueueGenericCreateStatic
                         0x800'7d95    0x4a  Code  Gb  queue.o [12]
xQueueGenericReset       0x800'7d2d    0x68  Code  Gb  queue.o [12]
xQueueGenericSend        0x800'7e37   0x108  Code  Gb  queue.o [12]
xQueueGenericSendFromISR
                         0x800'7f3f    0x80  Code  Gb  queue.o [12]
xQueueReceive            0x800'7fcb    0xe8  Code  Gb  queue.o [12]
xQueueReceiveFromISR     0x800'80dd    0x68  Code  Gb  queue.o [12]
xQueueRegistry          0x2000'39f8    0x40  Data  Gb  queue.o [12]
xSchedulerRunning       0x2000'382c     0x4  Data  Lc  tasks.o [12]
xStart                  0x2000'02d4     0x8  Data  Lc  heap_4.o [12]
xSuspendedTaskList      0x2000'380c    0x14  Data  Lc  tasks.o [12]
xTaskCheckForTimeOut     0x800'794d    0x5c  Code  Gb  tasks.o [12]
xTaskCreate              0x800'743d    0x5c  Code  Gb  tasks.o [12]
xTaskCreateStatic        0x800'73ed    0x50  Code  Gb  tasks.o [12]
xTaskGetSchedulerState   0x800'7a39    0x18  Code  Gb  tasks.o [12]
xTaskGetTickCount        0x800'777f     0x2  Code  Gb  tasks.o [12]
xTaskGetTickCountFromISR
                         0x800'7781     0x2  Code  Gb  tasks.o [12]
xTaskIncrementTick       0x800'778b    0xba  Code  Gb  tasks.o [12]
xTaskNotifyWait          0x800'7acd    0x78  Code  Gb  tasks.o [12]
xTaskPriorityDisinherit
                         0x800'7a57    0x50  Code  Gb  tasks.o [12]
xTaskRemoveFromEventList
                         0x800'78e3    0x46  Code  Gb  tasks.o [12]
xTaskResumeAll           0x800'76ed    0x8a  Code  Gb  tasks.o [12]
xTasksWaitingTermination
                        0x2000'37e8    0x14  Data  Lc  tasks.o [12]
xTickCount              0x2000'3824     0x4  Data  Lc  tasks.o [12]
xTimerCreateTimerTask    0x800'89ed    0x4e  Code  Gb  timers.o [12]
xTimerGenericCommand     0x800'8a3b    0x4e  Code  Gb  timers.o [12]
xTimerQueue             0x2000'36b0     0x4  Data  Lc  timers.o [12]
xTimerTaskHandle        0x2000'36b4     0x4  Data  Lc  timers.o [12]
xYieldPending           0x2000'3834     0x4  Data  Lc  tasks.o [12]


[1] = D:\Proyectos\STM32\kart\EWARM\kart\Obj\Application\EWARM
[2] = D:\Proyectos\STM32\kart\EWARM\kart\Obj\Application\LOG\src
[3] = D:\Proyectos\STM32\kart\EWARM\kart\Obj\Application\User
[4] = D:\Proyectos\STM32\kart\EWARM\kart\Obj\Application\flight_controller\src
[5] = D:\Proyectos\STM32\kart\EWARM\kart\Obj\Application\hdwr\src
[6] = D:\Proyectos\STM32\kart\EWARM\kart\Obj\Application\heartbeat\src
[7] = D:\Proyectos\STM32\kart\EWARM\kart\Obj\Application\periodic\src
[8] = D:\Proyectos\STM32\kart\EWARM\kart\Obj\Application\sevcon\src
[9] = D:\Proyectos\STM32\kart\EWARM\kart\Obj\Application\system\src
[10] = D:\Proyectos\STM32\kart\EWARM\kart\Obj\Drivers\CMSIS
[11] = D:\Proyectos\STM32\kart\EWARM\kart\Obj\Drivers\STM32L5xx_HAL_Driver
[12] = D:\Proyectos\STM32\kart\EWARM\kart\Obj\Middlewares\FreeRTOS
[13] = dl7M_tlf.a
[14] = m7M_tls.a
[15] = rt7M_tl.a
[16] = shb_l.a

  40'693 bytes of readonly  code memory
     474 bytes of readonly  data memory
  16'665 bytes of readwrite data memory

Errors: none
Warnings: none
