###############################################################################
#
# IAR ELF Linker V9.10.2.313/W64 for ARM                  07/Feb/2022  22:09:10
# Copyright 2007-2021 IAR Systems AB.
#
#    Output file  =  D:\Proyectos\STM32\kart\EWARM\kart\Exe\kart.out
#    Map file     =  D:\Proyectos\STM32\kart\EWARM\kart\List\kart.map
#    Command line =
#        -f D:\Proyectos\STM32\kart\EWARM\kart\Exe\kart.out.rsp
#        (D:\Proyectos\STM32\kart\EWARM\kart\Obj\Application\User\app_freertos.o
#        D:\Proyectos\STM32\kart\EWARM\kart\Obj\Middlewares\FreeRTOS\cmsis_os2.o
#        D:\Proyectos\STM32\kart\EWARM\kart\Obj\Middlewares\FreeRTOS\croutine.o
#        D:\Proyectos\STM32\kart\EWARM\kart\Obj\Application\dac\src\dac_api.o
#        D:\Proyectos\STM32\kart\EWARM\kart\Obj\Application\dac\src\dac_thread.o
#        D:\Proyectos\STM32\kart\EWARM\kart\Obj\Middlewares\FreeRTOS\event_groups.o
#        D:\Proyectos\STM32\kart\EWARM\kart\Obj\Application\hdwr\src\fifo_api.o
#        D:\Proyectos\STM32\kart\EWARM\kart\Obj\Application\hdwr\src\gpio_api.o
#        D:\Proyectos\STM32\kart\EWARM\kart\Obj\Middlewares\FreeRTOS\heap_4.o
#        D:\Proyectos\STM32\kart\EWARM\kart\Obj\Application\heartbeat\src\heartbeat_api.o
#        D:\Proyectos\STM32\kart\EWARM\kart\Obj\Middlewares\FreeRTOS\list.o
#        D:\Proyectos\STM32\kart\EWARM\kart\Obj\Application\User\main.o
#        D:\Proyectos\STM32\kart\EWARM\kart\Obj\Application\periodic\src\periodic_api.o
#        D:\Proyectos\STM32\kart\EWARM\kart\Obj\Application\periodic\src\periodic_conductor.o
#        D:\Proyectos\STM32\kart\EWARM\kart\Obj\Application\periodic\src\periodic_driver.o
#        D:\Proyectos\STM32\kart\EWARM\kart\Obj\Middlewares\FreeRTOS\port.o
#        D:\Proyectos\STM32\kart\EWARM\kart\Obj\Middlewares\FreeRTOS\portasm.o
#        D:\Proyectos\STM32\kart\EWARM\kart\Obj\Application\hdwr\src\pwm_api.o
#        D:\Proyectos\STM32\kart\EWARM\kart\Obj\Middlewares\FreeRTOS\queue.o
#        D:\Proyectos\STM32\kart\EWARM\kart\Obj\Application\hdwr\src\spi_api.o
#        D:\Proyectos\STM32\kart\EWARM\kart\Obj\Application\EWARM\startup_stm32l552xx.o
#        D:\Proyectos\STM32\kart\EWARM\kart\Obj\Drivers\STM32L5xx_HAL_Driver\stm32l5xx_hal.o
#        D:\Proyectos\STM32\kart\EWARM\kart\Obj\Drivers\STM32L5xx_HAL_Driver\stm32l5xx_hal_adc.o
#        D:\Proyectos\STM32\kart\EWARM\kart\Obj\Drivers\STM32L5xx_HAL_Driver\stm32l5xx_hal_adc_ex.o
#        D:\Proyectos\STM32\kart\EWARM\kart\Obj\Drivers\STM32L5xx_HAL_Driver\stm32l5xx_hal_cortex.o
#        D:\Proyectos\STM32\kart\EWARM\kart\Obj\Drivers\STM32L5xx_HAL_Driver\stm32l5xx_hal_dma.o
#        D:\Proyectos\STM32\kart\EWARM\kart\Obj\Drivers\STM32L5xx_HAL_Driver\stm32l5xx_hal_dma_ex.o
#        D:\Proyectos\STM32\kart\EWARM\kart\Obj\Drivers\STM32L5xx_HAL_Driver\stm32l5xx_hal_exti.o
#        D:\Proyectos\STM32\kart\EWARM\kart\Obj\Drivers\STM32L5xx_HAL_Driver\stm32l5xx_hal_flash.o
#        D:\Proyectos\STM32\kart\EWARM\kart\Obj\Drivers\STM32L5xx_HAL_Driver\stm32l5xx_hal_flash_ex.o
#        D:\Proyectos\STM32\kart\EWARM\kart\Obj\Drivers\STM32L5xx_HAL_Driver\stm32l5xx_hal_flash_ramfunc.o
#        D:\Proyectos\STM32\kart\EWARM\kart\Obj\Drivers\STM32L5xx_HAL_Driver\stm32l5xx_hal_gpio.o
#        D:\Proyectos\STM32\kart\EWARM\kart\Obj\Drivers\STM32L5xx_HAL_Driver\stm32l5xx_hal_i2c.o
#        D:\Proyectos\STM32\kart\EWARM\kart\Obj\Drivers\STM32L5xx_HAL_Driver\stm32l5xx_hal_i2c_ex.o
#        D:\Proyectos\STM32\kart\EWARM\kart\Obj\Drivers\STM32L5xx_HAL_Driver\stm32l5xx_hal_icache.o
#        D:\Proyectos\STM32\kart\EWARM\kart\Obj\Application\User\stm32l5xx_hal_msp.o
#        D:\Proyectos\STM32\kart\EWARM\kart\Obj\Drivers\STM32L5xx_HAL_Driver\stm32l5xx_hal_pwr.o
#        D:\Proyectos\STM32\kart\EWARM\kart\Obj\Drivers\STM32L5xx_HAL_Driver\stm32l5xx_hal_pwr_ex.o
#        D:\Proyectos\STM32\kart\EWARM\kart\Obj\Drivers\STM32L5xx_HAL_Driver\stm32l5xx_hal_rcc.o
#        D:\Proyectos\STM32\kart\EWARM\kart\Obj\Drivers\STM32L5xx_HAL_Driver\stm32l5xx_hal_rcc_ex.o
#        D:\Proyectos\STM32\kart\EWARM\kart\Obj\Drivers\STM32L5xx_HAL_Driver\stm32l5xx_hal_rtc.o
#        D:\Proyectos\STM32\kart\EWARM\kart\Obj\Drivers\STM32L5xx_HAL_Driver\stm32l5xx_hal_rtc_ex.o
#        D:\Proyectos\STM32\kart\EWARM\kart\Obj\Drivers\STM32L5xx_HAL_Driver\stm32l5xx_hal_spi.o
#        D:\Proyectos\STM32\kart\EWARM\kart\Obj\Drivers\STM32L5xx_HAL_Driver\stm32l5xx_hal_spi_ex.o
#        D:\Proyectos\STM32\kart\EWARM\kart\Obj\Drivers\STM32L5xx_HAL_Driver\stm32l5xx_hal_tim.o
#        D:\Proyectos\STM32\kart\EWARM\kart\Obj\Drivers\STM32L5xx_HAL_Driver\stm32l5xx_hal_tim_ex.o
#        D:\Proyectos\STM32\kart\EWARM\kart\Obj\Application\User\stm32l5xx_it.o
#        D:\Proyectos\STM32\kart\EWARM\kart\Obj\Middlewares\FreeRTOS\stream_buffer.o
#        D:\Proyectos\STM32\kart\EWARM\kart\Obj\Application\system\src\system_api.o
#        D:\Proyectos\STM32\kart\EWARM\kart\Obj\Drivers\CMSIS\system_stm32l5xx.o
#        D:\Proyectos\STM32\kart\EWARM\kart\Obj\Middlewares\FreeRTOS\tasks.o
#        D:\Proyectos\STM32\kart\EWARM\kart\Obj\Middlewares\FreeRTOS\timers.o
#        --no_out_extension -o D:\Proyectos\STM32\kart\EWARM\kart\Exe\kart.out
#        --redirect _Printf=_PrintfFullNoMb --redirect _Scanf=_ScanfFullNoMb
#        --map D:\Proyectos\STM32\kart\EWARM\kart\List\kart.map --config
#        D:\Proyectos\STM32\kart\EWARM/stm32l552xe_flash.icf --semihosting
#        --entry __iar_program_start --vfe --text_out locale)
#
###############################################################################

*******************************************************************************
*** RUNTIME MODEL ATTRIBUTES
***

CppFlavor       = *
__Heap_Handler  = DLMalloc
__SystemLibrary = DLib
__dlib_version  = 6


*******************************************************************************
*** HEAP SELECTION
***

The advanced heap was selected because the application calls memory
allocation functions outside of system library functions, and there
are calls to deallocation functions in the application.


*******************************************************************************
*** PLACEMENT SUMMARY
***

"A0":  place at address 0x800'0000 { ro section .intvec };
"P1":  place in [from 0x800'0000 to 0x807'ffff] { ro };
define block CSTACK with size = 1K, alignment = 8 { };
define block HEAP with size = 512, alignment = 8 { };
"P2":  place in [from 0x2000'0000 to 0x2002'ffff] {
          rw, block CSTACK, block HEAP };
"P3":  place in [from 0x2000'0000 to 0x2002'ffff] { };
initialize by copy { rw };

  Section               Kind         Address    Size  Object
  -------               ----         -------    ----  ------
"A0":                                          0x1f4
  .intvec               ro code   0x800'0000   0x1f4  startup_stm32l552xx.o [1]
                                - 0x800'01f4   0x1f4

"P1":                                         0x5496
  .text                 ro code   0x800'01f4   0xfe2  dlmalloc.o [11]
  .text                 ro code   0x800'11d6     0x6  abort.o [11]
  .text                 ro code   0x800'11dc    0x2c  xgetmemchunk.o [11]
  .text                 ro code   0x800'1208     0x6  ABImemclr.o [13]
  .text                 ro code   0x800'120e    0x3a  packbits_init_single.o [13]
  .text                 ro code   0x800'1248    0x14  exit.o [14]
  .text                 ro code   0x800'125c    0x12  ABImemset_small.o [13]
  .text                 ro code   0x800'1270    0x2c  iarttio.o [14]
  .text                 ro code   0x800'129c     0x8  XShttio.o [11]
  .text                 ro code   0x800'12a4   0x874  stm32l5xx_hal_rcc.o [9]
  .text                 ro code   0x800'1b18    0x44  stm32l5xx_hal.o [9]
  .text                 ro code   0x800'1b5c     0xc  stm32l5xx_hal.o [9]
  .text                 ro code   0x800'1b68    0xc0  stm32l5xx_hal_pwr_ex.o [9]
  .text                 ro code   0x800'1c28    0xac  stm32l5xx_hal_cortex.o [9]
  .text                 ro code   0x800'1cd4   0x760  tasks.o [10]
  privileged_functions  ro code   0x800'2434    0xc8  portasm.o [10]
  .text                 ro code   0x800'24fc   0x194  heap_4.o [10]
  .text                 ro code   0x800'2690    0x3a  ABImemset48.o [13]
  .text                 ro code   0x800'26ca    0x92  list.o [10]
  .text                 ro code   0x800'275c   0x16c  port.o [10]
  .text                 ro code   0x800'28c8    0x14  cmsis_os2.o [10]
  .text                 ro code   0x800'28dc   0x334  timers.o [10]
  .text                 ro code   0x800'2c10    0x28  port.o [10]
  .text                 ro code   0x800'2c38    0x18  cmsis_os2.o [10]
  .text                 ro code   0x800'2c50   0x4f4  queue.o [10]
  .text                 ro code   0x800'3144    0x18  ABImemcpy_small.o [13]
  .text                 ro code   0x800'315c   0x5f0  stm32l5xx_hal_tim.o [9]
  .text                 ro code   0x800'374c   0x1dc  stm32l5xx_hal_msp.o [2]
  .text                 ro code   0x800'3928     0x2  stm32l5xx_hal_tim.o [9]
  .text                 ro code   0x800'392a    0x14  memset.o [13]
  .text                 ro code   0x800'3940   0x5a4  stm32l5xx_hal_rcc_ex.o [9]
  .text                 ro code   0x800'3ee4   0x402  main.o [2]
  .text                 ro code   0x800'42e8   0x1d8  stm32l5xx_hal_gpio.o [9]
  .text                 ro code   0x800'44c0    0x22  stm32l5xx_hal.o [9]
  .text                 ro code   0x800'44e4   0x594  stm32l5xx_hal_adc.o [9]
  .text                 ro code   0x800'4a78    0xc4  stm32l5xx_hal_adc_ex.o [9]
  .text                 ro code   0x800'4b3c   0x14c  stm32l5xx_hal_rtc.o [9]
  .text                 ro code   0x800'4c88    0x34  stm32l5xx_hal_rtc_ex.o [9]
  .text                 ro code   0x800'4cbc    0xe0  stm32l5xx_hal_spi.o [9]
  .text                 ro code   0x800'4d9c    0x94  stm32l5xx_hal_tim_ex.o [9]
  .text                 ro code   0x800'4e30   0x1bc  cmsis_os2.o [10]
  .text                 ro code   0x800'4fec    0x2c  system_api.o [7]
  .text                 ro code   0x800'5018    0x10  stm32l5xx_hal_pwr.o [9]
  .text                 ro code   0x800'5028    0xc8  system_stm32l5xx.o [8]
  .text                 ro code   0x800'50f0    0x50  gpio_api.o [4]
  .text                 ro code   0x800'5140    0x24  periodic_api.o [6]
  .text                 ro code   0x800'5164    0x3c  heartbeat_api.o [5]
  .text                 ro code   0x800'51a0    0x80  periodic_conductor.o [6]
  .text                 ro code   0x800'5220    0xec  periodic_driver.o [6]
  .rodata               const     0x800'530c    0x40  system_stm32l5xx.o [8]
  .text                 ro code   0x800'534c    0x38  zero_init3.o [13]
  .text                 ro code   0x800'5384    0x28  data_init.o [13]
  .rodata               const     0x800'53ac    0x24  main.o [2]
  .text                 ro code   0x800'53d0    0x22  fpinit_M.o [12]
  .iar.init_table       const     0x800'53f4    0x20  - Linker created -
  .text                 ro code   0x800'5414    0x1e  cmain.o [13]
  .text                 ro code   0x800'5432     0x4  low_level_init.o [11]
  .text                 ro code   0x800'5436     0x4  exit.o [11]
  .text                 ro code   0x800'543c     0xa  cexit.o [13]
  .text                 ro code   0x800'5448    0x1c  cstartup_M.o [13]
  .text                 ro code   0x800'5464    0x10  startup_stm32l552xx.o [1]
  .rodata               const     0x800'5474     0xc  main.o [2]
  .rodata               const     0x800'5480     0xc  periodic_conductor.o [6]
  .rodata               const     0x800'548c     0xc  system_api.o [7]
  .text                 ro code   0x800'5498     0xc  stm32l5xx_it.o [2]
  .text                 ro code   0x800'54a4     0x4  startup_stm32l552xx.o [1]
  .text                 ro code   0x800'54a8     0x4  startup_stm32l552xx.o [1]
  .text                 ro code   0x800'54ac     0x4  startup_stm32l552xx.o [1]
  .text                 ro code   0x800'54b0     0x4  startup_stm32l552xx.o [1]
  .text                 ro code   0x800'54b4     0x4  startup_stm32l552xx.o [1]
  .text                 ro code   0x800'54b8     0x4  startup_stm32l552xx.o [1]
  .text                 ro code   0x800'54bc     0x4  startup_stm32l552xx.o [1]
  .text                 ro code   0x800'54c0     0x4  startup_stm32l552xx.o [1]
  .text                 ro code   0x800'54c4     0x4  startup_stm32l552xx.o [1]
  .text                 ro code   0x800'54c8     0x4  startup_stm32l552xx.o [1]
  .text                 ro code   0x800'54cc     0x4  startup_stm32l552xx.o [1]
  .text                 ro code   0x800'54d0     0x4  startup_stm32l552xx.o [1]
  .text                 ro code   0x800'54d4     0x4  startup_stm32l552xx.o [1]
  .text                 ro code   0x800'54d8     0x4  startup_stm32l552xx.o [1]
  .text                 ro code   0x800'54dc     0x4  startup_stm32l552xx.o [1]
  .text                 ro code   0x800'54e0     0x4  startup_stm32l552xx.o [1]
  .text                 ro code   0x800'54e4     0x4  startup_stm32l552xx.o [1]
  .text                 ro code   0x800'54e8     0x4  startup_stm32l552xx.o [1]
  .text                 ro code   0x800'54ec     0x4  startup_stm32l552xx.o [1]
  .text                 ro code   0x800'54f0     0x4  startup_stm32l552xx.o [1]
  .text                 ro code   0x800'54f4     0x4  startup_stm32l552xx.o [1]
  .text                 ro code   0x800'54f8     0x4  startup_stm32l552xx.o [1]
  .text                 ro code   0x800'54fc     0x4  startup_stm32l552xx.o [1]
  .text                 ro code   0x800'5500     0x4  startup_stm32l552xx.o [1]
  .text                 ro code   0x800'5504     0x4  startup_stm32l552xx.o [1]
  .text                 ro code   0x800'5508     0x4  startup_stm32l552xx.o [1]
  .text                 ro code   0x800'550c     0x4  startup_stm32l552xx.o [1]
  .text                 ro code   0x800'5510     0x4  startup_stm32l552xx.o [1]
  .text                 ro code   0x800'5514     0x4  startup_stm32l552xx.o [1]
  .text                 ro code   0x800'5518     0x4  startup_stm32l552xx.o [1]
  .text                 ro code   0x800'551c     0x4  startup_stm32l552xx.o [1]
  .text                 ro code   0x800'5520     0x4  startup_stm32l552xx.o [1]
  .text                 ro code   0x800'5524     0x4  startup_stm32l552xx.o [1]
  .text                 ro code   0x800'5528     0x4  startup_stm32l552xx.o [1]
  .text                 ro code   0x800'552c     0x4  startup_stm32l552xx.o [1]
  .text                 ro code   0x800'5530     0x4  startup_stm32l552xx.o [1]
  .text                 ro code   0x800'5534     0x4  startup_stm32l552xx.o [1]
  .text                 ro code   0x800'5538     0x4  startup_stm32l552xx.o [1]
  .text                 ro code   0x800'553c     0x4  startup_stm32l552xx.o [1]
  .text                 ro code   0x800'5540     0x4  startup_stm32l552xx.o [1]
  .text                 ro code   0x800'5544     0x4  startup_stm32l552xx.o [1]
  .text                 ro code   0x800'5548     0x4  startup_stm32l552xx.o [1]
  .text                 ro code   0x800'554c     0x4  startup_stm32l552xx.o [1]
  .text                 ro code   0x800'5550     0x4  startup_stm32l552xx.o [1]
  .text                 ro code   0x800'5554     0x4  startup_stm32l552xx.o [1]
  .text                 ro code   0x800'5558     0x4  startup_stm32l552xx.o [1]
  .text                 ro code   0x800'555c     0x4  startup_stm32l552xx.o [1]
  .text                 ro code   0x800'5560     0x4  startup_stm32l552xx.o [1]
  .text                 ro code   0x800'5564     0x4  startup_stm32l552xx.o [1]
  .text                 ro code   0x800'5568     0x4  startup_stm32l552xx.o [1]
  .text                 ro code   0x800'556c     0x4  startup_stm32l552xx.o [1]
  .text                 ro code   0x800'5570     0x4  startup_stm32l552xx.o [1]
  .text                 ro code   0x800'5574     0x4  startup_stm32l552xx.o [1]
  .text                 ro code   0x800'5578     0x4  startup_stm32l552xx.o [1]
  .text                 ro code   0x800'557c     0x4  startup_stm32l552xx.o [1]
  .text                 ro code   0x800'5580     0x4  startup_stm32l552xx.o [1]
  .text                 ro code   0x800'5584     0x4  startup_stm32l552xx.o [1]
  .text                 ro code   0x800'5588     0x4  startup_stm32l552xx.o [1]
  .text                 ro code   0x800'558c     0x4  startup_stm32l552xx.o [1]
  .text                 ro code   0x800'5590     0x4  startup_stm32l552xx.o [1]
  .text                 ro code   0x800'5594     0x4  startup_stm32l552xx.o [1]
  .text                 ro code   0x800'5598     0x4  startup_stm32l552xx.o [1]
  .text                 ro code   0x800'559c     0x4  startup_stm32l552xx.o [1]
  .text                 ro code   0x800'55a0     0x4  startup_stm32l552xx.o [1]
  .text                 ro code   0x800'55a4     0x4  startup_stm32l552xx.o [1]
  .text                 ro code   0x800'55a8     0x4  startup_stm32l552xx.o [1]
  .text                 ro code   0x800'55ac     0x4  startup_stm32l552xx.o [1]
  .text                 ro code   0x800'55b0     0x4  startup_stm32l552xx.o [1]
  .text                 ro code   0x800'55b4     0x4  startup_stm32l552xx.o [1]
  .text                 ro code   0x800'55b8     0x4  startup_stm32l552xx.o [1]
  .text                 ro code   0x800'55bc     0x4  startup_stm32l552xx.o [1]
  .text                 ro code   0x800'55c0     0x4  startup_stm32l552xx.o [1]
  .text                 ro code   0x800'55c4     0x4  startup_stm32l552xx.o [1]
  .text                 ro code   0x800'55c8     0x4  startup_stm32l552xx.o [1]
  .text                 ro code   0x800'55cc     0x4  startup_stm32l552xx.o [1]
  .text                 ro code   0x800'55d0     0x4  startup_stm32l552xx.o [1]
  .text                 ro code   0x800'55d4     0x4  startup_stm32l552xx.o [1]
  .text                 ro code   0x800'55d8     0x4  startup_stm32l552xx.o [1]
  .text                 ro code   0x800'55dc     0x4  startup_stm32l552xx.o [1]
  .text                 ro code   0x800'55e0     0x4  startup_stm32l552xx.o [1]
  .text                 ro code   0x800'55e4     0x4  startup_stm32l552xx.o [1]
  .text                 ro code   0x800'55e8     0x4  startup_stm32l552xx.o [1]
  .text                 ro code   0x800'55ec     0x4  startup_stm32l552xx.o [1]
  .text                 ro code   0x800'55f0     0x4  startup_stm32l552xx.o [1]
  .text                 ro code   0x800'55f4     0x4  startup_stm32l552xx.o [1]
  .text                 ro code   0x800'55f8     0x4  startup_stm32l552xx.o [1]
  .text                 ro code   0x800'55fc     0x4  startup_stm32l552xx.o [1]
  .text                 ro code   0x800'5600     0x4  startup_stm32l552xx.o [1]
  .text                 ro code   0x800'5604     0x4  startup_stm32l552xx.o [1]
  .text                 ro code   0x800'5608     0x4  startup_stm32l552xx.o [1]
  .text                 ro code   0x800'560c     0x4  startup_stm32l552xx.o [1]
  .text                 ro code   0x800'5610     0x4  startup_stm32l552xx.o [1]
  .text                 ro code   0x800'5614     0x4  startup_stm32l552xx.o [1]
  .text                 ro code   0x800'5618     0x4  startup_stm32l552xx.o [1]
  .text                 ro code   0x800'561c     0x4  startup_stm32l552xx.o [1]
  .text                 ro code   0x800'5620     0x4  startup_stm32l552xx.o [1]
  .text                 ro code   0x800'5624     0x4  startup_stm32l552xx.o [1]
  .text                 ro code   0x800'5628     0x4  startup_stm32l552xx.o [1]
  .text                 ro code   0x800'562c     0x4  startup_stm32l552xx.o [1]
  .text                 ro code   0x800'5630     0x4  startup_stm32l552xx.o [1]
  .text                 ro code   0x800'5634     0x4  startup_stm32l552xx.o [1]
  .text                 ro code   0x800'5638     0x4  startup_stm32l552xx.o [1]
  .text                 ro code   0x800'563c     0x4  startup_stm32l552xx.o [1]
  .text                 ro code   0x800'5640     0x4  startup_stm32l552xx.o [1]
  .text                 ro code   0x800'5644     0x4  startup_stm32l552xx.o [1]
  .rodata               const     0x800'5648     0x0  zero_init3.o [13]
  .rodata               const     0x800'5648     0x0  packbits_init_single.o [13]
  Initializer bytes     const     0x800'5648    0x42  <for P2-P3-1>
                                - 0x800'568a  0x5496

"P2-P3", part 1 of 3:                           0x68
  P2-P3-1                        0x2000'0000    0x68  <Init block>
    .data               inited   0x2000'0000    0x18  gpio_api.o [4]
    .data               inited   0x2000'0018    0x24  periodic_conductor.o [6]
    .data               inited   0x2000'003c     0x4  port.o [10]
    .data               inited   0x2000'0040     0xc  stm32l5xx_hal.o [9]
    .data               inited   0x2000'004c    0x10  system_api.o [7]
    .data               inited   0x2000'005c     0x4  system_stm32l5xx.o [8]
    .data               inited   0x2000'0060     0x8  XShttio.o [11]
                               - 0x2000'0068    0x68

"P2-P3", part 2 of 3:                         0x3110
  .bss                  zero     0x2000'0068  0x2020  heap_4.o [10]
  .bss                  zero     0x2000'2088   0x460  tasks.o [10]
  .bss                  zero     0x2000'24e8   0x45c  cmsis_os2.o [10]
  .bss                  zero     0x2000'2944   0x25c  cmsis_os2.o [10]
  .bss                  zero     0x2000'2ba0   0x1d8  dlmalloc.o [11]
  .bss                  zero     0x2000'2d78   0x144  main.o [2]
  .bss                  zero     0x2000'2ebc   0x12c  timers.o [10]
  .bss                  zero     0x2000'2fe8    0x9c  tasks.o [10]
  .bss                  zero     0x2000'3084    0x40  queue.o [10]
  .bss                  zero     0x2000'30c4    0x24  periodic_driver.o [6]
  .bss                  zero     0x2000'30e8    0x24  periodic_driver.o [6]
  .bss                  zero     0x2000'310c    0x24  periodic_driver.o [6]
  .bss                  zero     0x2000'3130    0x24  periodic_driver.o [6]
  .bss                  zero     0x2000'3154    0x18  dlmalloc.o [11]
  .bss                  zero     0x2000'316c     0x4  cmsis_os2.o [10]
  .bss                  zero     0x2000'3170     0x4  periodic_conductor.o [6]
  .bss                  zero     0x2000'3174     0x4  xgetmemchunk.o [11]
                               - 0x2000'3178  0x3110

"P2-P3", part 3 of 3:                          0x600
  CSTACK                         0x2000'3178   0x400  <Block>
    CSTACK              uninit   0x2000'3178   0x400  <Block tail>
  HEAP                           0x2000'3578   0x200  <Block>
    HEAP                uninit   0x2000'3578   0x200  <Block tail>
                               - 0x2000'3778   0x600

Unused ranges:

         From           To      Size
         ----           --      ----
   0x800'568a   0x807'ffff  0x7'a976
  0x2000'3778  0x2002'ffff  0x2'c888


*******************************************************************************
*** INIT TABLE
***

          Address      Size
          -------      ----
Zero (__iar_zero_init3)
    1 destination range, total size 0x3110:
          0x2000'0068  0x3110

Copy/packbits (__iar_packbits_init_single3)
    1 source range, total size 0x42 (63% of destination):
           0x800'5648    0x42
    1 destination range, total size 0x68:
          0x2000'0000    0x68



*******************************************************************************
*** MODULE SUMMARY
***

    Module                  ro code  ro data  rw data
    ------                  -------  -------  -------
command line/config:
    -------------------------------------------------
    Total:

D:\Proyectos\STM32\kart\EWARM\kart\Obj\Application\EWARM: [1]
    startup_stm32l552xx.o       936
    -------------------------------------------------
    Total:                      936

D:\Proyectos\STM32\kart\EWARM\kart\Obj\Application\User: [2]
    main.o                    1'026       48      324
    stm32l5xx_hal_msp.o         476
    stm32l5xx_it.o               12
    -------------------------------------------------
    Total:                    1'514       48      324

D:\Proyectos\STM32\kart\EWARM\kart\Obj\Application\dac\src: [3]
    -------------------------------------------------
    Total:

D:\Proyectos\STM32\kart\EWARM\kart\Obj\Application\hdwr\src: [4]
    gpio_api.o                   80       15       24
    -------------------------------------------------
    Total:                       80       15       24

D:\Proyectos\STM32\kart\EWARM\kart\Obj\Application\heartbeat\src: [5]
    heartbeat_api.o              60
    -------------------------------------------------
    Total:                       60

D:\Proyectos\STM32\kart\EWARM\kart\Obj\Application\periodic\src: [6]
    periodic_api.o               36
    periodic_conductor.o        128       35       40
    periodic_driver.o           236               144
    -------------------------------------------------
    Total:                      400       35      184

D:\Proyectos\STM32\kart\EWARM\kart\Obj\Application\system\src: [7]
    system_api.o                 44       22       16
    -------------------------------------------------
    Total:                       44       22       16

D:\Proyectos\STM32\kart\EWARM\kart\Obj\Drivers\CMSIS: [8]
    system_stm32l5xx.o          200       66        4
    -------------------------------------------------
    Total:                      200       66        4

D:\Proyectos\STM32\kart\EWARM\kart\Obj\Drivers\STM32L5xx_HAL_Driver: [9]
    stm32l5xx_hal.o             114        8       12
    stm32l5xx_hal_adc.o       1'428
    stm32l5xx_hal_adc_ex.o      196
    stm32l5xx_hal_cortex.o      172
    stm32l5xx_hal_gpio.o        472
    stm32l5xx_hal_pwr.o          16
    stm32l5xx_hal_pwr_ex.o      192
    stm32l5xx_hal_rcc.o       2'164
    stm32l5xx_hal_rcc_ex.o    1'444
    stm32l5xx_hal_rtc.o         332
    stm32l5xx_hal_rtc_ex.o       52
    stm32l5xx_hal_spi.o         224
    stm32l5xx_hal_tim.o       1'522
    stm32l5xx_hal_tim_ex.o      148
    -------------------------------------------------
    Total:                    8'476        8       12

D:\Proyectos\STM32\kart\EWARM\kart\Obj\Middlewares\FreeRTOS: [10]
    cmsis_os2.o                 488             1'724
    heap_4.o                    404             8'224
    list.o                      146
    port.o                      404        2        4
    portasm.o                   200
    queue.o                   1'268                64
    tasks.o                   1'888             1'276
    timers.o                    820               300
    -------------------------------------------------
    Total:                    5'618        2   11'592

dl7M_tlf.a: [11]
    XShttio.o                     8        6        8
    abort.o                       6
    dlmalloc.o                4'066               496
    exit.o                        4
    low_level_init.o              4
    xgetmemchunk.o               44                 4
    -------------------------------------------------
    Total:                    4'132        6      508

m7M_tls.a: [12]
    fpinit_M.o                   34
    -------------------------------------------------
    Total:                       34

rt7M_tl.a: [13]
    ABImemclr.o                   6
    ABImemcpy_small.o            24
    ABImemset48.o                58
    ABImemset_small.o            18
    cexit.o                      10
    cmain.o                      30
    cstartup_M.o                 28
    data_init.o                  40
    memset.o                     20
    packbits_init_single.o       58
    zero_init3.o                 56
    -------------------------------------------------
    Total:                      348

shb_l.a: [14]
    exit.o                       20
    iarttio.o                    44
    -------------------------------------------------
    Total:                       64

    Gaps                         12        2
    Linker created                        32    1'536
-----------------------------------------------------
    Grand Total:             21'918      236   14'200


*******************************************************************************
*** ENTRY LIST
***

Entry                       Address    Size  Type      Object
-----                       -------    ----  ----      ------
.iar.init_table$$Base    0x800'53f4           --   Gb  - Linker created -
.iar.init_table$$Limit   0x800'5414           --   Gb  - Linker created -
?main                    0x800'5415          Code  Gb  cmain.o [13]
AHBPrescTable            0x800'50e0    0x10  Data  Gb  system_stm32l5xx.o [8]
BusFault_Handler         0x800'549f     0x2  Code  Gb  stm32l5xx_it.o [2]
CSTACK$$Base            0x2000'3178           --   Gb  - Linker created -
CSTACK$$Limit           0x2000'3578           --   Gb  - Linker created -
DebugMon_Handler         0x800'54a3     0x2  Code  Gb  stm32l5xx_it.o [2]
Error_Handler            0x800'42e3     0x4  Code  Gb  main.o [2]
HAL_ADCEx_MultiModeConfigChannel
                         0x800'4a79    0xae  Code  Gb  stm32l5xx_hal_adc_ex.o [9]
HAL_ADC_ConfigChannel    0x800'46e5   0x2fe  Code  Gb  stm32l5xx_hal_adc.o [9]
HAL_ADC_Init             0x800'4529   0x196  Code  Gb  stm32l5xx_hal_adc.o [9]
HAL_ADC_MspInit          0x800'3789    0x60  Code  Gb  stm32l5xx_hal_msp.o [2]
HAL_GPIO_Init            0x800'42e9   0x196  Code  Gb  stm32l5xx_hal_gpio.o [9]
HAL_GPIO_TogglePin       0x800'4489    0x10  Code  Gb  stm32l5xx_hal_gpio.o [9]
HAL_GPIO_WritePin        0x800'447f     0xa  Code  Gb  stm32l5xx_hal_gpio.o [9]
HAL_GetTick              0x800'1b5d     0xc  Code  Gb  stm32l5xx_hal.o [9]
HAL_Init                 0x800'44c1    0x22  Code  Gb  stm32l5xx_hal.o [9]
HAL_InitTick             0x800'1b19    0x44  Code  Gb  stm32l5xx_hal.o [9]
HAL_MspInit              0x800'374d    0x3c  Code  Gb  stm32l5xx_hal_msp.o [2]
HAL_NVIC_SetPriority     0x800'1c5d    0x3a  Code  Gb  stm32l5xx_hal_cortex.o [9]
HAL_NVIC_SetPriorityGrouping
                         0x800'1c43    0x1a  Code  Gb  stm32l5xx_hal_cortex.o [9]
HAL_PWREx_ControlVoltageScaling
                         0x800'1b75    0x66  Code  Gb  stm32l5xx_hal_pwr_ex.o [9]
HAL_PWREx_DisableUCPDDeadBattery
                         0x800'1be9     0x2  Code  Gb  stm32l5xx_hal_pwr_ex.o [9]
HAL_PWREx_EnableVddIO2   0x800'1bdb     0xe  Code  Gb  stm32l5xx_hal_pwr_ex.o [9]
HAL_PWREx_GetVoltageRange
                         0x800'1b69     0xc  Code  Gb  stm32l5xx_hal_pwr_ex.o [9]
HAL_PWREx_SMPS_GetEffectiveMode
                         0x800'1bf5    0x1c  Code  Gb  stm32l5xx_hal_pwr_ex.o [9]
HAL_PWR_EnableBkUpAccess
                         0x800'5019     0xc  Code  Gb  stm32l5xx_hal_pwr.o [9]
HAL_RCCEx_PeriphCLKConfig
                         0x800'3941   0x3d6  Code  Gb  stm32l5xx_hal_rcc_ex.o [9]
HAL_RCC_ClockConfig      0x800'17f7   0x18e  Code  Gb  stm32l5xx_hal_rcc.o [9]
HAL_RCC_GetHCLKFreq      0x800'1a47    0x12  Code  Gb  stm32l5xx_hal_rcc.o [9]
HAL_RCC_GetSysClockFreq
                         0x800'19b1    0x96  Code  Gb  stm32l5xx_hal_rcc.o [9]
HAL_RCC_OscConfig        0x800'12a5   0x526  Code  Gb  stm32l5xx_hal_rcc.o [9]
HAL_RTCEx_PrivilegeModeSet
                         0x800'4c89    0x2c  Code  Gb  stm32l5xx_hal_rtc_ex.o [9]
HAL_RTC_Init             0x800'4b3d    0x86  Code  Gb  stm32l5xx_hal_rtc.o [9]
HAL_RTC_MspInit          0x800'37e9    0x50  Code  Gb  stm32l5xx_hal_msp.o [2]
HAL_RTC_WaitForSynchro   0x800'4bc3    0x2e  Code  Gb  stm32l5xx_hal_rtc.o [9]
HAL_SPI_Init             0x800'4cbd    0xd4  Code  Gb  stm32l5xx_hal_spi.o [9]
HAL_SPI_MspInit          0x800'3839    0x46  Code  Gb  stm32l5xx_hal_msp.o [2]
HAL_SYSTICK_Config       0x800'1c99    0x28  Code  Gb  stm32l5xx_hal_cortex.o [9]
HAL_TIMEx_MasterConfigSynchronization
                         0x800'4d9d    0x7a  Code  Gb  stm32l5xx_hal_tim_ex.o [9]
HAL_TIM_Base_Init        0x800'315d    0x1a  Code  Gb  stm32l5xx_hal_tim.o [9]
HAL_TIM_Base_MspInit     0x800'38a5    0x22  Code  Gb  stm32l5xx_hal_msp.o [2]
HAL_TIM_ConfigClockSource
                         0x800'32d9    0x90  Code  Gb  stm32l5xx_hal_tim.o [9]
HAL_TIM_MspPostInit      0x800'38c7    0x42  Code  Gb  stm32l5xx_hal_msp.o [2]
HAL_TIM_PWM_ConfigChannel
                         0x800'31cb   0x102  Code  Gb  stm32l5xx_hal_tim.o [9]
HAL_TIM_PWM_Init         0x800'31a1    0x1a  Code  Gb  stm32l5xx_hal_tim.o [9]
HAL_TIM_PWM_MspInit      0x800'3929     0x2  Code  Gb  stm32l5xx_hal_tim.o [9]
HEAP$$Base              0x2000'3578           --   Gb  - Linker created -
HEAP$$Limit             0x2000'3778           --   Gb  - Linker created -
HardFault_Handler        0x800'549b     0x2  Code  Gb  stm32l5xx_it.o [2]
KernelState             0x2000'316c     0x4  Data  Lc  cmsis_os2.o [10]
LL_ADC_GetOffsetChannel
                         0x800'44e5     0xe  Code  Lc  stm32l5xx_hal_adc.o [9]
LL_ADC_SetChannelSamplingTime
                         0x800'4505    0x24  Code  Lc  stm32l5xx_hal_adc.o [9]
LL_ADC_SetOffsetState    0x800'44f3    0x12  Code  Lc  stm32l5xx_hal_adc.o [9]
MSIRangeTable            0x800'530c    0x40  Data  Gb  system_stm32l5xx.o [8]
MemManage_Handler        0x800'549d     0x2  Code  Gb  stm32l5xx_it.o [2]
NMI_Handler              0x800'5499     0x2  Code  Gb  stm32l5xx_it.o [2]
PendSV_Handler           0x800'249d          Code  Gb  portasm.o [10]
RCCEx_PLLSAI1_Config     0x800'3d41    0xd6  Code  Lc  stm32l5xx_hal_rcc_ex.o [9]
RCCEx_PLLSAI2_Config     0x800'3e1d    0xa8  Code  Lc  stm32l5xx_hal_rcc_ex.o [9]
RCC_SetFlashLatencyFromMSIRange
                         0x800'1a65    0x78  Code  Lc  stm32l5xx_hal_rcc.o [9]
RTC_EnterInitMode        0x800'4bf1    0x40  Code  Gb  stm32l5xx_hal_rtc.o [9]
RTC_ExitInitMode         0x800'4c31    0x4c  Code  Gb  stm32l5xx_hal_rtc.o [9]
Region$$Table$$Base      0x800'53f4           --   Gb  - Linker created -
Region$$Table$$Limit     0x800'5414           --   Gb  - Linker created -
SVC_Handler              0x800'24e1          Code  Gb  portasm.o [10]
StartDefaultTask         0x800'42d9     0xa  Code  Gb  main.o [2]
SysTick_Handler          0x800'4e31    0x1a  Code  Gb  cmsis_os2.o [10]
SystemClock_Config       0x800'420f    0x84  Code  Gb  main.o [2]
SystemCoreClock         0x2000'005c     0x4  Data  Gb  system_stm32l5xx.o [8]
SystemCoreClockUpdate    0x800'5035    0x8e  Code  Gb  system_stm32l5xx.o [8]
SystemInit               0x800'5029     0xc  Code  Gb  system_stm32l5xx.o [8]
TIM_Base_SetConfig       0x800'3395    0xac  Code  Gb  stm32l5xx_hal_tim.o [9]
TIM_ETR_SetConfig        0x800'3739    0x14  Code  Gb  stm32l5xx_hal_tim.o [9]
TIM_ITRx_SetConfig       0x800'36ed    0x10  Code  Lc  stm32l5xx_hal_tim.o [9]
TIM_OC1_SetConfig        0x800'3441    0x84  Code  Lc  stm32l5xx_hal_tim.o [9]
TIM_OC2_SetConfig        0x800'34c5    0x74  Code  Gb  stm32l5xx_hal_tim.o [9]
TIM_OC3_SetConfig        0x800'3539    0x70  Code  Lc  stm32l5xx_hal_tim.o [9]
TIM_OC4_SetConfig        0x800'35a9    0x4e  Code  Lc  stm32l5xx_hal_tim.o [9]
TIM_OC5_SetConfig        0x800'35f7    0x54  Code  Lc  stm32l5xx_hal_tim.o [9]
TIM_OC6_SetConfig        0x800'364b    0x4e  Code  Lc  stm32l5xx_hal_tim.o [9]
TIM_TI1_ConfigInputStage
                         0x800'36a7    0x22  Code  Lc  stm32l5xx_hal_tim.o [9]
TIM_TI2_ConfigInputStage
                         0x800'36c9    0x24  Code  Lc  stm32l5xx_hal_tim.o [9]
UsageFault_Handler       0x800'54a1     0x2  Code  Gb  stm32l5xx_it.o [2]
__NVIC_SetPriority       0x800'1c29    0x1a  Code  Lc  stm32l5xx_hal_cortex.o [9]
__Vectors                0x800'0000           --   Gb  startup_stm32l552xx.o [1]
__Vectors_End            0x800'01f4          Data  Gb  startup_stm32l552xx.o [1]
__Vectors_Size {Abs}          0x1f4           --   Gb  startup_stm32l552xx.o [1]
__aeabi_memclr           0x800'1209          Code  Gb  ABImemclr.o [13]
__aeabi_memset4          0x800'2691          Code  Gb  ABImemset48.o [13]
__aeabi_memset8          0x800'2691          Code  Gb  ABImemset48.o [13]
__cmain                  0x800'5415          Code  Gb  cmain.o [13]
__data_GetMemChunk       0x800'11dd    0x2c  Code  Gb  xgetmemchunk.o [11]
__data_GetMemChunk::start
                        0x2000'3174     0x4  Data  Lc  xgetmemchunk.o [11]
__exit                   0x800'1249    0x14  Code  Gb  exit.o [14]
__iar_Memset4_word       0x800'2699          Code  Gb  ABImemset48.o [13]
__iar_Memset8_word       0x800'2699          Code  Gb  ABImemset48.o [13]
__iar_close_ttio         0x800'1271    0x2c  Code  Gb  iarttio.o [14]
__iar_data_init3         0x800'5385    0x28  Code  Gb  data_init.o [13]
__iar_dlcalloc           0x800'1199    0x3e  Code  Gb  dlmalloc.o [11]
__iar_dlmalloc           0x800'027d   0xf16  Code  Gb  dlmalloc.o [11]
__iar_init_vfp           0x800'53d1          Code  Gb  fpinit_M.o [12]
__iar_lookup_ttioh       0x800'129d     0x8  Code  Gb  XShttio.o [11]
__iar_packbits_init_single3
                         0x800'120f    0x3a  Code  Gb  packbits_init_single.o [13]
__iar_program_start      0x800'5449          Code  Gb  cstartup_M.o [13]
__iar_small_Memcpy       0x800'3149          Code  Gb  ABImemcpy_small.o [13]
__iar_small_Memset       0x800'125d          Code  Gb  ABImemset_small.o [13]
__iar_small_Memset_word
                         0x800'125d          Code  Gb  ABImemset_small.o [13]
__iar_small_memcpy       0x800'3145          Code  Gb  ABImemcpy_small.o [13]
__iar_small_memcpy4      0x800'3145          Code  Gb  ABImemcpy_small.o [13]
__iar_small_memcpy8      0x800'3145          Code  Gb  ABImemcpy_small.o [13]
__iar_small_memset       0x800'125d          Code  Gb  ABImemset_small.o [13]
__iar_ttio_handles      0x2000'0060     0x8  Data  Lc  XShttio.o [11]
__iar_zero_init3         0x800'534d    0x38  Code  Gb  zero_init3.o [13]
__low_level_init         0x800'5433     0x4  Code  Gb  low_level_init.o [11]
__vector_table           0x800'0000          Data  Gb  startup_stm32l552xx.o [1]
_call_main               0x800'5421          Code  Gb  cmain.o [13]
_exit                    0x800'543d          Code  Gb  cexit.o [13]
_gm_                    0x2000'2ba0   0x1d8  Data  Lc  dlmalloc.o [11]
abort                    0x800'11d7     0x6  Code  Gb  abort.o [11]
cllbck_every_1000_ms    0x2000'3130    0x24  Data  Gb  periodic_driver.o [6]
cllbck_every_100_ms     0x2000'30c4    0x24  Data  Gb  periodic_driver.o [6]
cllbck_every_200_ms     0x2000'30e8    0x24  Data  Gb  periodic_driver.o [6]
cllbck_every_500_ms     0x2000'310c    0x24  Data  Gb  periodic_driver.o [6]
defaultTaskHandle       0x2000'2eb8     0x4  Data  Gb  main.o [2]
defaultTask_attributes   0x800'53ac    0x24  Data  Gb  main.o [2]
exit                     0x800'5437     0x4  Code  Gb  exit.o [11]
gpio                    0x2000'004c     0x1  Data  Gb  system_api.o [7]
gpio_hal                0x2000'0000    0x18  Data  Gb  gpio_api.o [4]
gpio_off                 0x800'5101     0xe  Code  Gb  gpio_api.o [4]
gpio_on                  0x800'50f1    0x10  Code  Gb  gpio_api.o [4]
gpio_toggle              0x800'5125    0x16  Code  Gb  gpio_api.o [4]
hadc1                   0x2000'2d78    0x68  Data  Gb  main.o [2]
heartbeat               0x2000'0050     0xc  Data  Gb  system_api.o [7]
heartbeat_init           0x800'516b    0x32  Code  Gb  heartbeat_api.o [5]
heartbeat_periodic       0x800'5165     0x6  Code  Gb  heartbeat_api.o [5]
hrtc                    0x2000'2e44    0x28  Data  Gb  main.o [2]
hspi3                   0x2000'2de0    0x64  Data  Gb  main.o [2]
htim3                   0x2000'2e6c    0x4c  Data  Gb  main.o [2]
init_mparams             0x800'0211    0x2c  Code  Lc  dlmalloc.o [11]
init_top                 0x800'023d    0x34  Code  Lc  dlmalloc.o [11]
main                     0x800'3ee5   0x30c  Code  Gb  main.o [2]
memset                   0x800'392b    0x14  Code  Gb  memset.o [13]
mparams                 0x2000'3154    0x18  Data  Lc  dlmalloc.o [11]
osDelay                  0x800'4fc7    0x1a  Code  Gb  cmsis_os2.o [10]
osKernelInitialize       0x800'4e4b    0x1a  Code  Gb  cmsis_os2.o [10]
osKernelStart            0x800'4e6d    0x2a  Code  Gb  cmsis_os2.o [10]
osThreadFlagsWait        0x800'4f35    0x92  Code  Gb  cmsis_os2.o [10]
osThreadNew              0x800'4ea3    0x92  Code  Gb  cmsis_os2.o [10]
periodic_cllbcks_registers
                         0x800'5221    0x22  Code  Lc  periodic_driver.o [6]
periodic_conductor_init
                         0x800'51ff    0x16  Code  Gb  periodic_conductor.o [6]
periodic_driver_enable_function
                         0x800'52bd    0x3c  Code  Gb  periodic_driver.o [6]
periodic_driver_every_1000ms
                         0x800'524f     0x4  Code  Gb  periodic_driver.o [6]
periodic_driver_every_100ms
                         0x800'5243     0x4  Code  Gb  periodic_driver.o [6]
periodic_driver_every_200ms
                         0x800'5247     0x4  Code  Gb  periodic_driver.o [6]
periodic_driver_every_500ms
                         0x800'524b     0x4  Code  Gb  periodic_driver.o [6]
periodic_driver_register
                         0x800'5255    0x68  Code  Gb  periodic_driver.o [6]
periodic_init            0x800'5141     0x4  Code  Gb  periodic_api.o [6]
periodic_register        0x800'5145    0x14  Code  Gb  periodic_api.o [6]
periodic_start           0x800'5159     0xc  Code  Gb  periodic_api.o [6]
periodic_task            0x800'51a1    0x54  Code  Gb  periodic_conductor.o [6]
periodic_task_attributes
                        0x2000'0018    0x24  Data  Gb  periodic_conductor.o [6]
prvAddCurrentTaskToDelayedList
                         0x800'23cb    0x4e  Code  Lc  tasks.o [10]
prvAddNewTaskToReadyList
                         0x800'1e0f    0xb0  Code  Lc  tasks.o [10]
prvCheckForValidListAndQueue
                         0x800'2bad    0x4e  Code  Lc  timers.o [10]
prvCheckForValidListAndQueue{1}{2}{3}{4}::ucStaticTimerQueueStorage
                        0x2000'2f48    0xa0  Data  Lc  timers.o [10]
prvCheckForValidListAndQueue{1}{2}{3}{4}::xStaticTimerQueue
                        0x2000'2ef8    0x50  Data  Lc  timers.o [10]
prvCopyDataFromQueue     0x800'3031    0x28  Code  Lc  queue.o [10]
prvCopyDataToQueue       0x800'2fc9    0x68  Code  Lc  queue.o [10]
prvDeleteTCB             0x800'2269    0x2a  Code  Lc  tasks.o [10]
prvIdleTask              0x800'2229    0x40  Code  Lc  tasks.o [10]
prvInitialiseNewQueue    0x800'2d03    0x20  Code  Lc  queue.o [10]
prvInitialiseNewTask     0x800'1d81    0x8e  Code  Lc  tasks.o [10]
prvInsertBlockIntoFreeList
                         0x800'2645    0x46  Code  Lc  heap_4.o [10]
prvInsertTimerInActiveList
                         0x800'2b77    0x34  Code  Lc  timers.o [10]
prvIsQueueEmpty          0x800'30c1    0x16  Code  Lc  queue.o [10]
prvResetNextTaskUnblockTime
                         0x800'2293    0x1a  Code  Lc  tasks.o [10]
prvSampleTimeNow         0x800'2afd    0x7a  Code  Lc  timers.o [10]
prvSampleTimeNow::xLastTime
                        0x2000'2ecc     0x4  Data  Lc  timers.o [10]
prvTaskExitError         0x800'275d    0x22  Code  Lc  port.o [10]
prvTimerTask             0x800'2979   0x184  Code  Lc  timers.o [10]
prvUnlockQueue           0x800'3059    0x68  Code  Lc  queue.o [10]
pvPortMalloc             0x800'24fd    0xfe  Code  Gb  heap_4.o [10]
pxCurrentTCB            0x2000'3010     0x4  Data  Gb  tasks.o [10]
pxCurrentTimerList      0x2000'2ebc     0x4  Data  Lc  timers.o [10]
pxDelayedTaskList       0x2000'3014     0x4  Data  Lc  tasks.o [10]
pxEnd                   0x2000'0070     0x4  Data  Lc  heap_4.o [10]
pxOverflowDelayedTaskList
                        0x2000'3018     0x4  Data  Lc  tasks.o [10]
pxOverflowTimerList     0x2000'2ec0     0x4  Data  Lc  timers.o [10]
pxPortInitialiseStack    0x800'2809    0x68  Code  Gb  port.o [10]
pxReadyTasksLists       0x2000'2088   0x460  Data  Lc  tasks.o [10]
segment_holding          0x800'01f5    0x1c  Code  Lc  dlmalloc.o [11]
system_init              0x800'4fed    0x2c  Code  Gb  system_api.o [7]
tick                    0x2000'3170     0x4  Data  Gb  periodic_conductor.o [6]
ucHeap                  0x2000'0088  0x2000  Data  Lc  heap_4.o [10]
ulCriticalNesting       0x2000'003c     0x4  Data  Lc  port.o [10]
ulSetInterruptMask       0x800'2479          Code  Gb  portasm.o [10]
uwTick                  0x2000'0044     0x4  Data  Gb  stm32l5xx_hal.o [9]
uwTickFreq              0x2000'0040     0x1  Data  Gb  stm32l5xx_hal.o [9]
uwTickPrio              0x2000'0048     0x4  Data  Gb  stm32l5xx_hal.o [9]
uxCurrentNumberOfTasks  0x2000'3034     0x4  Data  Lc  tasks.o [10]
uxDeletedTasksWaitingCleanUp
                        0x2000'301c     0x4  Data  Lc  tasks.o [10]
uxListRemove             0x800'2737    0x26  Code  Gb  list.o [10]
uxSchedulerSuspended    0x2000'3058     0x4  Data  Lc  tasks.o [10]
uxTaskNumber            0x2000'3050     0x4  Data  Lc  tasks.o [10]
uxTopReadyPriority      0x2000'303c     0x4  Data  Lc  tasks.o [10]
vApplicationGetIdleTaskMemory
                         0x800'28c9    0x14  Code  Gb  cmsis_os2.o [10]
vApplicationGetIdleTaskMemory::Idle_Stack
                        0x2000'29a0   0x200  Data  Lc  cmsis_os2.o [10]
vApplicationGetIdleTaskMemory::Idle_TCB
                        0x2000'2944    0x5c  Data  Lc  cmsis_os2.o [10]
vApplicationGetTimerTaskMemory
                         0x800'2c39    0x18  Code  Gb  cmsis_os2.o [10]
vApplicationGetTimerTaskMemory::Timer_Stack
                        0x2000'2544   0x400  Data  Lc  cmsis_os2.o [10]
vApplicationGetTimerTaskMemory::Timer_TCB
                        0x2000'24e8    0x5c  Data  Lc  cmsis_os2.o [10]
vClearInterruptMask      0x800'248f          Code  Gb  portasm.o [10]
vListInitialise          0x800'26cb    0x1a  Code  Gb  list.o [10]
vListInitialiseItem      0x800'26e5     0x6  Code  Gb  list.o [10]
vListInsert              0x800'2705    0x32  Code  Gb  list.o [10]
vListInsertEnd           0x800'26eb    0x1a  Code  Gb  list.o [10]
vPortEnterCritical       0x800'2795    0x18  Code  Gb  port.o [10]
vPortExitCritical        0x800'27ad    0x22  Code  Gb  port.o [10]
vPortFree                0x800'25fb    0x4a  Code  Gb  heap_4.o [10]
vPortSVCHandler_C        0x800'27ef    0x1a  Code  Gb  port.o [10]
vPortSetupTimerInterrupt
                         0x800'2c11    0x28  Code  Gb  port.o [10]
vPortYield               0x800'2781    0x12  Code  Gb  port.o [10]
vQueueAddToRegistry      0x800'30d7    0x20  Code  Gb  queue.o [10]
vQueueWaitForMessageRestricted
                         0x800'30fd    0x48  Code  Gb  queue.o [10]
vRaisePrivilege          0x800'2453          Code  Gb  portasm.o [10]
vRestoreContextOfFirstTask
                         0x800'2435          Code  Gb  portasm.o [10]
vStartFirstTask          0x800'2461          Code  Gb  portasm.o [10]
vTaskDelay               0x800'1ebf    0x30  Code  Gb  tasks.o [10]
vTaskInternalSetTimeOutState
                         0x800'21b5     0xe  Code  Gb  tasks.o [10]
vTaskMissedYield         0x800'221f     0xa  Code  Gb  tasks.o [10]
vTaskPlaceOnEventList    0x800'2107    0x16  Code  Gb  tasks.o [10]
vTaskPlaceOnEventListRestricted
                         0x800'2127    0x26  Code  Gb  tasks.o [10]
vTaskStartScheduler      0x800'1ef5    0x64  Code  Gb  tasks.o [10]
vTaskSuspendAll          0x800'1f59     0xc  Code  Gb  tasks.o [10]
vTaskSwitchContext       0x800'20bb    0x4c  Code  Gb  tasks.o [10]
xActiveTimerList1       0x2000'2ed0    0x14  Data  Lc  timers.o [10]
xActiveTimerList2       0x2000'2ee4    0x14  Data  Lc  timers.o [10]
xBlockAllocatedBit      0x2000'0084     0x4  Data  Lc  heap_4.o [10]
xDelayedTaskList1       0x2000'305c    0x14  Data  Lc  tasks.o [10]
xDelayedTaskList2       0x2000'3070    0x14  Data  Lc  tasks.o [10]
xFreeBytesRemaining     0x2000'0074     0x4  Data  Lc  heap_4.o [10]
xMinimumEverFreeBytesRemaining
                        0x2000'0078     0x4  Data  Lc  heap_4.o [10]
xNextTaskUnblockTime    0x2000'3054     0x4  Data  Lc  tasks.o [10]
xNumOfOverflows         0x2000'304c     0x4  Data  Lc  tasks.o [10]
xNumberOfSuccessfulAllocations
                        0x2000'007c     0x4  Data  Lc  heap_4.o [10]
xNumberOfSuccessfulFrees
                        0x2000'0080     0x4  Data  Lc  heap_4.o [10]
xPendedTicks            0x2000'3044     0x4  Data  Lc  tasks.o [10]
xPendingReadyList       0x2000'2fe8    0x14  Data  Lc  tasks.o [10]
xPortStartScheduler      0x800'2871    0x46  Code  Gb  port.o [10]
xPortSysTickHandler      0x800'27cf    0x20  Code  Gb  port.o [10]
xQueueGenericCreateStatic
                         0x800'2cb9    0x4a  Code  Gb  queue.o [10]
xQueueGenericReset       0x800'2c51    0x68  Code  Gb  queue.o [10]
xQueueGenericSend        0x800'2d23   0x108  Code  Gb  queue.o [10]
xQueueGenericSendFromISR
                         0x800'2e2b    0x80  Code  Gb  queue.o [10]
xQueueReceive            0x800'2eb7    0xe8  Code  Gb  queue.o [10]
xQueueRegistry          0x2000'3084    0x40  Data  Gb  queue.o [10]
xSchedulerRunning       0x2000'3040     0x4  Data  Lc  tasks.o [10]
xStart                  0x2000'0068     0x8  Data  Lc  heap_4.o [10]
xSuspendedTaskList      0x2000'3020    0x14  Data  Lc  tasks.o [10]
xTaskCheckForTimeOut     0x800'21c3    0x5c  Code  Gb  tasks.o [10]
xTaskCreate              0x800'1d25    0x5c  Code  Gb  tasks.o [10]
xTaskCreateStatic        0x800'1cd5    0x50  Code  Gb  tasks.o [10]
xTaskGetSchedulerState   0x800'22ad    0x18  Code  Gb  tasks.o [10]
xTaskGetTickCount        0x800'1ff7     0x2  Code  Gb  tasks.o [10]
xTaskIncrementTick       0x800'2001    0xba  Code  Gb  tasks.o [10]
xTaskNotifyWait          0x800'2341    0x78  Code  Gb  tasks.o [10]
xTaskPriorityDisinherit
                         0x800'22cb    0x50  Code  Gb  tasks.o [10]
xTaskRemoveFromEventList
                         0x800'2159    0x46  Code  Gb  tasks.o [10]
xTaskResumeAll           0x800'1f65    0x8a  Code  Gb  tasks.o [10]
xTasksWaitingTermination
                        0x2000'2ffc    0x14  Data  Lc  tasks.o [10]
xTickCount              0x2000'3038     0x4  Data  Lc  tasks.o [10]
xTimerCreateTimerTask    0x800'28dd    0x4e  Code  Gb  timers.o [10]
xTimerGenericCommand     0x800'292b    0x4e  Code  Gb  timers.o [10]
xTimerQueue             0x2000'2ec4     0x4  Data  Lc  timers.o [10]
xTimerTaskHandle        0x2000'2ec8     0x4  Data  Lc  timers.o [10]
xYieldPending           0x2000'3048     0x4  Data  Lc  tasks.o [10]


[1] = D:\Proyectos\STM32\kart\EWARM\kart\Obj\Application\EWARM
[2] = D:\Proyectos\STM32\kart\EWARM\kart\Obj\Application\User
[3] = D:\Proyectos\STM32\kart\EWARM\kart\Obj\Application\dac\src
[4] = D:\Proyectos\STM32\kart\EWARM\kart\Obj\Application\hdwr\src
[5] = D:\Proyectos\STM32\kart\EWARM\kart\Obj\Application\heartbeat\src
[6] = D:\Proyectos\STM32\kart\EWARM\kart\Obj\Application\periodic\src
[7] = D:\Proyectos\STM32\kart\EWARM\kart\Obj\Application\system\src
[8] = D:\Proyectos\STM32\kart\EWARM\kart\Obj\Drivers\CMSIS
[9] = D:\Proyectos\STM32\kart\EWARM\kart\Obj\Drivers\STM32L5xx_HAL_Driver
[10] = D:\Proyectos\STM32\kart\EWARM\kart\Obj\Middlewares\FreeRTOS
[11] = dl7M_tlf.a
[12] = m7M_tls.a
[13] = rt7M_tl.a
[14] = shb_l.a

  21'918 bytes of readonly  code memory
     236 bytes of readonly  data memory
  14'200 bytes of readwrite data memory

Errors: none
Warnings: none
