###############################################################################
#
# IAR ELF Linker V9.10.2.313/W64 for ARM                  23/Feb/2022  19:52:53
# Copyright 2007-2021 IAR Systems AB.
#
#    Output file  =  D:\Proyectos\STM32\kart\EWARM\kart\Exe\kart.out
#    Map file     =  D:\Proyectos\STM32\kart\EWARM\kart\List\kart.map
#    Command line =
#        -f D:\Proyectos\STM32\kart\EWARM\kart\Exe\kart.out.rsp
#        (D:\Proyectos\STM32\kart\EWARM\kart\Obj\Application\hdwr\src\adc_api.o
#        D:\Proyectos\STM32\kart\EWARM\kart\Obj\Application\User\app_freertos.o
#        D:\Proyectos\STM32\kart\EWARM\kart\Obj\Middlewares\FreeRTOS\cmsis_os2.o
#        D:\Proyectos\STM32\kart\EWARM\kart\Obj\Middlewares\FreeRTOS\croutine.o
#        D:\Proyectos\STM32\kart\EWARM\kart\Obj\Middlewares\FreeRTOS\event_groups.o
#        D:\Proyectos\STM32\kart\EWARM\kart\Obj\Application\hdwr\src\fifo_api.o
#        D:\Proyectos\STM32\kart\EWARM\kart\Obj\Application\flight_controller\src\flight_controller_api.o
#        D:\Proyectos\STM32\kart\EWARM\kart\Obj\Application\flight_controller\src\flight_controller_conductor.o
#        D:\Proyectos\STM32\kart\EWARM\kart\Obj\Application\flight_controller\src\flight_controller_driver.o
#        D:\Proyectos\STM32\kart\EWARM\kart\Obj\Application\flight_controller\src\flight_controller_hdwr.o
#        D:\Proyectos\STM32\kart\EWARM\kart\Obj\Application\hdwr\src\gpio_api.o
#        D:\Proyectos\STM32\kart\EWARM\kart\Obj\Middlewares\FreeRTOS\heap_4.o
#        D:\Proyectos\STM32\kart\EWARM\kart\Obj\Application\heartbeat\src\heartbeat_api.o
#        D:\Proyectos\STM32\kart\EWARM\kart\Obj\Middlewares\FreeRTOS\list.o
#        D:\Proyectos\STM32\kart\EWARM\kart\Obj\Application\User\main.o
#        D:\Proyectos\STM32\kart\EWARM\kart\Obj\Application\periodic\src\periodic_api.o
#        D:\Proyectos\STM32\kart\EWARM\kart\Obj\Application\periodic\src\periodic_conductor.o
#        D:\Proyectos\STM32\kart\EWARM\kart\Obj\Application\periodic\src\periodic_driver.o
#        D:\Proyectos\STM32\kart\EWARM\kart\Obj\Middlewares\FreeRTOS\port.o
#        D:\Proyectos\STM32\kart\EWARM\kart\Obj\Middlewares\FreeRTOS\portasm.o
#        D:\Proyectos\STM32\kart\EWARM\kart\Obj\Application\hdwr\src\pwm_api.o
#        D:\Proyectos\STM32\kart\EWARM\kart\Obj\Middlewares\FreeRTOS\queue.o
#        D:\Proyectos\STM32\kart\EWARM\kart\Obj\Application\hdwr\src\spi_api.o
#        D:\Proyectos\STM32\kart\EWARM\kart\Obj\Application\EWARM\startup_stm32l552xx.o
#        D:\Proyectos\STM32\kart\EWARM\kart\Obj\Drivers\STM32L5xx_HAL_Driver\stm32l5xx_hal.o
#        D:\Proyectos\STM32\kart\EWARM\kart\Obj\Drivers\STM32L5xx_HAL_Driver\stm32l5xx_hal_adc.o
#        D:\Proyectos\STM32\kart\EWARM\kart\Obj\Drivers\STM32L5xx_HAL_Driver\stm32l5xx_hal_adc_ex.o
#        D:\Proyectos\STM32\kart\EWARM\kart\Obj\Drivers\STM32L5xx_HAL_Driver\stm32l5xx_hal_cortex.o
#        D:\Proyectos\STM32\kart\EWARM\kart\Obj\Drivers\STM32L5xx_HAL_Driver\stm32l5xx_hal_dma.o
#        D:\Proyectos\STM32\kart\EWARM\kart\Obj\Drivers\STM32L5xx_HAL_Driver\stm32l5xx_hal_dma_ex.o
#        D:\Proyectos\STM32\kart\EWARM\kart\Obj\Drivers\STM32L5xx_HAL_Driver\stm32l5xx_hal_exti.o
#        D:\Proyectos\STM32\kart\EWARM\kart\Obj\Drivers\STM32L5xx_HAL_Driver\stm32l5xx_hal_flash.o
#        D:\Proyectos\STM32\kart\EWARM\kart\Obj\Drivers\STM32L5xx_HAL_Driver\stm32l5xx_hal_flash_ex.o
#        D:\Proyectos\STM32\kart\EWARM\kart\Obj\Drivers\STM32L5xx_HAL_Driver\stm32l5xx_hal_flash_ramfunc.o
#        D:\Proyectos\STM32\kart\EWARM\kart\Obj\Drivers\STM32L5xx_HAL_Driver\stm32l5xx_hal_gpio.o
#        D:\Proyectos\STM32\kart\EWARM\kart\Obj\Drivers\STM32L5xx_HAL_Driver\stm32l5xx_hal_i2c.o
#        D:\Proyectos\STM32\kart\EWARM\kart\Obj\Drivers\STM32L5xx_HAL_Driver\stm32l5xx_hal_i2c_ex.o
#        D:\Proyectos\STM32\kart\EWARM\kart\Obj\Drivers\STM32L5xx_HAL_Driver\stm32l5xx_hal_icache.o
#        D:\Proyectos\STM32\kart\EWARM\kart\Obj\Application\User\stm32l5xx_hal_msp.o
#        D:\Proyectos\STM32\kart\EWARM\kart\Obj\Drivers\STM32L5xx_HAL_Driver\stm32l5xx_hal_pwr.o
#        D:\Proyectos\STM32\kart\EWARM\kart\Obj\Drivers\STM32L5xx_HAL_Driver\stm32l5xx_hal_pwr_ex.o
#        D:\Proyectos\STM32\kart\EWARM\kart\Obj\Drivers\STM32L5xx_HAL_Driver\stm32l5xx_hal_rcc.o
#        D:\Proyectos\STM32\kart\EWARM\kart\Obj\Drivers\STM32L5xx_HAL_Driver\stm32l5xx_hal_rcc_ex.o
#        D:\Proyectos\STM32\kart\EWARM\kart\Obj\Drivers\STM32L5xx_HAL_Driver\stm32l5xx_hal_rtc.o
#        D:\Proyectos\STM32\kart\EWARM\kart\Obj\Drivers\STM32L5xx_HAL_Driver\stm32l5xx_hal_rtc_ex.o
#        D:\Proyectos\STM32\kart\EWARM\kart\Obj\Drivers\STM32L5xx_HAL_Driver\stm32l5xx_hal_spi.o
#        D:\Proyectos\STM32\kart\EWARM\kart\Obj\Drivers\STM32L5xx_HAL_Driver\stm32l5xx_hal_spi_ex.o
#        D:\Proyectos\STM32\kart\EWARM\kart\Obj\Drivers\STM32L5xx_HAL_Driver\stm32l5xx_hal_tim.o
#        D:\Proyectos\STM32\kart\EWARM\kart\Obj\Drivers\STM32L5xx_HAL_Driver\stm32l5xx_hal_tim_ex.o
#        D:\Proyectos\STM32\kart\EWARM\kart\Obj\Application\User\stm32l5xx_it.o
#        D:\Proyectos\STM32\kart\EWARM\kart\Obj\Middlewares\FreeRTOS\stream_buffer.o
#        D:\Proyectos\STM32\kart\EWARM\kart\Obj\Application\system\src\system_api.o
#        D:\Proyectos\STM32\kart\EWARM\kart\Obj\Application\system\src\system_obj.o
#        D:\Proyectos\STM32\kart\EWARM\kart\Obj\Drivers\CMSIS\system_stm32l5xx.o
#        D:\Proyectos\STM32\kart\EWARM\kart\Obj\Middlewares\FreeRTOS\tasks.o
#        D:\Proyectos\STM32\kart\EWARM\kart\Obj\Middlewares\FreeRTOS\timers.o
#        --no_out_extension -o D:\Proyectos\STM32\kart\EWARM\kart\Exe\kart.out
#        --redirect _Printf=_PrintfFullNoMb --redirect _Scanf=_ScanfFullNoMb
#        --map D:\Proyectos\STM32\kart\EWARM\kart\List\kart.map --config
#        D:\Proyectos\STM32\kart\EWARM/stm32l552xe_flash.icf --semihosting
#        --entry __iar_program_start --vfe --text_out locale)
#
###############################################################################

*******************************************************************************
*** RUNTIME MODEL ATTRIBUTES
***

CppFlavor       = *
__Heap_Handler  = DLMalloc
__SystemLibrary = DLib
__dlib_version  = 6


*******************************************************************************
*** HEAP SELECTION
***

The advanced heap was selected because the application calls memory
allocation functions outside of system library functions, and there
are calls to deallocation functions in the application.


*******************************************************************************
*** PLACEMENT SUMMARY
***

"A0":  place at address 0x800'0000 { ro section .intvec };
"P1":  place in [from 0x800'0000 to 0x807'ffff] { ro };
define block CSTACK with size = 1K, alignment = 8 { };
define block HEAP with size = 512, alignment = 8 { };
"P2":  place in [from 0x2000'0000 to 0x2002'ffff] {
          rw, block CSTACK, block HEAP };
"P3":  place in [from 0x2000'0000 to 0x2002'ffff] { };
initialize by copy { rw };

  Section               Kind         Address    Size  Object
  -------               ----         -------    ----  ------
"A0":                                          0x1f4
  .intvec               ro code   0x800'0000   0x1f4  startup_stm32l552xx.o [1]
                                - 0x800'01f4   0x1f4

"P1":                                         0x64f8
  .text                 ro code   0x800'01f4   0xfe2  dlmalloc.o [11]
  .text                 ro code   0x800'11d6     0x6  abort.o [11]
  .text                 ro code   0x800'11dc    0x2c  xgetmemchunk.o [11]
  .text                 ro code   0x800'1208     0x6  ABImemclr.o [13]
  .text                 ro code   0x800'120e    0x3a  packbits_init_single.o [13]
  .text                 ro code   0x800'1248    0x14  exit.o [14]
  .text                 ro code   0x800'125c    0x12  ABImemset_small.o [13]
  .text                 ro code   0x800'1270    0x2c  iarttio.o [14]
  .text                 ro code   0x800'129c     0x8  XShttio.o [11]
  .text                 ro code   0x800'12a4   0x874  stm32l5xx_hal_rcc.o [9]
  .text                 ro code   0x800'1b18    0x44  stm32l5xx_hal.o [9]
  .text                 ro code   0x800'1b5c     0xc  stm32l5xx_hal.o [9]
  .text                 ro code   0x800'1b68    0xc0  stm32l5xx_hal_pwr_ex.o [9]
  .text                 ro code   0x800'1c28    0xc8  stm32l5xx_hal_cortex.o [9]
  .text                 ro code   0x800'1cf0   0x7d0  tasks.o [10]
  privileged_functions  ro code   0x800'24c0    0xc8  portasm.o [10]
  .text                 ro code   0x800'2588   0x194  heap_4.o [10]
  .text                 ro code   0x800'271c    0x3a  ABImemset48.o [13]
  .text                 ro code   0x800'2756    0x92  list.o [10]
  .text                 ro code   0x800'27e8   0x16c  port.o [10]
  .text                 ro code   0x800'2954    0x14  cmsis_os2.o [10]
  .text                 ro code   0x800'2968   0x334  timers.o [10]
  .text                 ro code   0x800'2c9c    0x28  port.o [10]
  .text                 ro code   0x800'2cc4    0x18  cmsis_os2.o [10]
  .text                 ro code   0x800'2cdc   0x4f4  queue.o [10]
  .text                 ro code   0x800'31d0    0x18  ABImemcpy_small.o [13]
  .text                 ro code   0x800'31e8   0x740  stm32l5xx_hal_tim.o [9]
  .text                 ro code   0x800'3928   0x254  stm32l5xx_hal_msp.o [2]
  .text                 ro code   0x800'3b7c     0x2  stm32l5xx_hal_tim.o [9]
  .text                 ro code   0x800'3b7e    0x14  memset.o [13]
  .text                 ro code   0x800'3b94   0x5a4  stm32l5xx_hal_rcc_ex.o [9]
  .text                 ro code   0x800'4138   0x4ae  main.o [2]
  .text                 ro code   0x800'45e8   0x1d8  stm32l5xx_hal_gpio.o [9]
  .text                 ro code   0x800'47c0   0x26c  stm32l5xx_hal_dma.o [9]
  .text                 ro code   0x800'4a2c    0x22  stm32l5xx_hal.o [9]
  .text                 ro code   0x800'4a50   0x594  stm32l5xx_hal_adc.o [9]
  .text                 ro code   0x800'4fe4    0xc4  stm32l5xx_hal_adc_ex.o [9]
  .text                 ro code   0x800'50a8   0x14c  stm32l5xx_hal_rtc.o [9]
  .text                 ro code   0x800'51f4    0x34  stm32l5xx_hal_rtc_ex.o [9]
  .text                 ro code   0x800'5228    0xe0  stm32l5xx_hal_spi.o [9]
  .text                 ro code   0x800'5308    0x94  stm32l5xx_hal_tim_ex.o [9]
  .text                 ro code   0x800'539c   0x1dc  cmsis_os2.o [10]
  .text                 ro code   0x800'5578    0x3c  system_api.o [7]
  .text                 ro code   0x800'55b4    0x10  stm32l5xx_hal_pwr.o [9]
  .text                 ro code   0x800'55c4    0xc8  system_stm32l5xx.o [8]
  .text                 ro code   0x800'568c    0x50  gpio_api.o [4]
  .text                 ro code   0x800'56dc    0x24  periodic_api.o [6]
  .text                 ro code   0x800'5700    0x3c  heartbeat_api.o [5]
  .text                 ro code   0x800'573c     0xc  flight_controller_api.o [3]
  .text                 ro code   0x800'5748    0x80  periodic_conductor.o [6]
  .text                 ro code   0x800'57c8    0xec  periodic_driver.o [6]
  .text                 ro code   0x800'58b4    0x8c  flight_controller_conductor.o [3]
  .text                 ro code   0x800'5940    0x38  flight_controller_driver.o [3]
  .text                 ro code   0x800'5978    0x8a  flight_controller_hdwr.o [3]
  .text                 ro code   0x800'5a04   0x15e  pwm_api.o [4]
  .text                 ro code   0x800'5b64    0x84  adc_api.o [4]
  .text                 ro code   0x800'5be8    0x48  FltToDbl.o [12]
  .text                 ro code   0x800'5c30   0x246  DblDiv.o [12]
  .text                 ro code   0x800'5e78    0x22  DblToU32.o [12]
  .text                 ro code   0x800'5e9c    0x1c  U32ToDbl.o [12]
  .text                 ro code   0x800'5eb8   0x1aa  DblMul.o [12]
  .text                 ro code   0x800'6064    0x68  DblToFlt.o [12]
  .text                 ro code   0x800'60cc   0x24e  DblAddSub.o [12]
  .rodata               const     0x800'631c    0x40  system_stm32l5xx.o [8]
  .text                 ro code   0x800'635c    0x38  zero_init3.o [13]
  .text                 ro code   0x800'6394    0x28  data_init.o [13]
  .rodata               const     0x800'63bc    0x24  main.o [2]
  .text                 ro code   0x800'63e0    0x22  fpinit_M.o [12]
  .iar.init_table       const     0x800'6404    0x20  - Linker created -
  .text                 ro code   0x800'6424    0x1e  cmain.o [13]
  .text                 ro code   0x800'6442     0x4  low_level_init.o [11]
  .text                 ro code   0x800'6446     0x4  exit.o [11]
  .text                 ro code   0x800'644c     0xa  cexit.o [13]
  .text                 ro code   0x800'6458    0x1c  cstartup_M.o [13]
  .text                 ro code   0x800'6474    0x18  stm32l5xx_it.o [2]
  .rodata               const     0x800'648c    0x14  system_obj.o [7]
  .text                 ro code   0x800'64a0    0x10  startup_stm32l552xx.o [1]
  .rodata               const     0x800'64b0     0xc  main.o [2]
  .rodata               const     0x800'64bc     0xc  periodic_conductor.o [6]
  .rodata               const     0x800'64c8     0xc  system_obj.o [7]
  .text                 ro code   0x800'64d4     0x4  startup_stm32l552xx.o [1]
  .text                 ro code   0x800'64d8     0x4  startup_stm32l552xx.o [1]
  .text                 ro code   0x800'64dc     0x4  startup_stm32l552xx.o [1]
  .text                 ro code   0x800'64e0     0x4  startup_stm32l552xx.o [1]
  .text                 ro code   0x800'64e4     0x4  startup_stm32l552xx.o [1]
  .text                 ro code   0x800'64e8     0x4  startup_stm32l552xx.o [1]
  .text                 ro code   0x800'64ec     0x4  startup_stm32l552xx.o [1]
  .text                 ro code   0x800'64f0     0x4  startup_stm32l552xx.o [1]
  .text                 ro code   0x800'64f4     0x4  startup_stm32l552xx.o [1]
  .text                 ro code   0x800'64f8     0x4  startup_stm32l552xx.o [1]
  .text                 ro code   0x800'64fc     0x4  startup_stm32l552xx.o [1]
  .text                 ro code   0x800'6500     0x4  startup_stm32l552xx.o [1]
  .text                 ro code   0x800'6504     0x4  startup_stm32l552xx.o [1]
  .text                 ro code   0x800'6508     0x4  startup_stm32l552xx.o [1]
  .text                 ro code   0x800'650c     0x4  startup_stm32l552xx.o [1]
  .text                 ro code   0x800'6510     0x4  startup_stm32l552xx.o [1]
  .text                 ro code   0x800'6514     0x4  startup_stm32l552xx.o [1]
  .text                 ro code   0x800'6518     0x4  startup_stm32l552xx.o [1]
  .text                 ro code   0x800'651c     0x4  startup_stm32l552xx.o [1]
  .text                 ro code   0x800'6520     0x4  startup_stm32l552xx.o [1]
  .text                 ro code   0x800'6524     0x4  startup_stm32l552xx.o [1]
  .text                 ro code   0x800'6528     0x4  startup_stm32l552xx.o [1]
  .text                 ro code   0x800'652c     0x4  startup_stm32l552xx.o [1]
  .text                 ro code   0x800'6530     0x4  startup_stm32l552xx.o [1]
  .text                 ro code   0x800'6534     0x4  startup_stm32l552xx.o [1]
  .text                 ro code   0x800'6538     0x4  startup_stm32l552xx.o [1]
  .text                 ro code   0x800'653c     0x4  startup_stm32l552xx.o [1]
  .text                 ro code   0x800'6540     0x4  startup_stm32l552xx.o [1]
  .text                 ro code   0x800'6544     0x4  startup_stm32l552xx.o [1]
  .text                 ro code   0x800'6548     0x4  startup_stm32l552xx.o [1]
  .text                 ro code   0x800'654c     0x4  startup_stm32l552xx.o [1]
  .text                 ro code   0x800'6550     0x4  startup_stm32l552xx.o [1]
  .text                 ro code   0x800'6554     0x4  startup_stm32l552xx.o [1]
  .text                 ro code   0x800'6558     0x4  startup_stm32l552xx.o [1]
  .text                 ro code   0x800'655c     0x4  startup_stm32l552xx.o [1]
  .text                 ro code   0x800'6560     0x4  startup_stm32l552xx.o [1]
  .text                 ro code   0x800'6564     0x4  startup_stm32l552xx.o [1]
  .text                 ro code   0x800'6568     0x4  startup_stm32l552xx.o [1]
  .text                 ro code   0x800'656c     0x4  startup_stm32l552xx.o [1]
  .text                 ro code   0x800'6570     0x4  startup_stm32l552xx.o [1]
  .text                 ro code   0x800'6574     0x4  startup_stm32l552xx.o [1]
  .text                 ro code   0x800'6578     0x4  startup_stm32l552xx.o [1]
  .text                 ro code   0x800'657c     0x4  startup_stm32l552xx.o [1]
  .text                 ro code   0x800'6580     0x4  startup_stm32l552xx.o [1]
  .text                 ro code   0x800'6584     0x4  startup_stm32l552xx.o [1]
  .text                 ro code   0x800'6588     0x4  startup_stm32l552xx.o [1]
  .text                 ro code   0x800'658c     0x4  startup_stm32l552xx.o [1]
  .text                 ro code   0x800'6590     0x4  startup_stm32l552xx.o [1]
  .text                 ro code   0x800'6594     0x4  startup_stm32l552xx.o [1]
  .text                 ro code   0x800'6598     0x4  startup_stm32l552xx.o [1]
  .text                 ro code   0x800'659c     0x4  startup_stm32l552xx.o [1]
  .text                 ro code   0x800'65a0     0x4  startup_stm32l552xx.o [1]
  .text                 ro code   0x800'65a4     0x4  startup_stm32l552xx.o [1]
  .text                 ro code   0x800'65a8     0x4  startup_stm32l552xx.o [1]
  .text                 ro code   0x800'65ac     0x4  startup_stm32l552xx.o [1]
  .text                 ro code   0x800'65b0     0x4  startup_stm32l552xx.o [1]
  .text                 ro code   0x800'65b4     0x4  startup_stm32l552xx.o [1]
  .text                 ro code   0x800'65b8     0x4  startup_stm32l552xx.o [1]
  .text                 ro code   0x800'65bc     0x4  startup_stm32l552xx.o [1]
  .text                 ro code   0x800'65c0     0x4  startup_stm32l552xx.o [1]
  .text                 ro code   0x800'65c4     0x4  startup_stm32l552xx.o [1]
  .text                 ro code   0x800'65c8     0x4  startup_stm32l552xx.o [1]
  .text                 ro code   0x800'65cc     0x4  startup_stm32l552xx.o [1]
  .text                 ro code   0x800'65d0     0x4  startup_stm32l552xx.o [1]
  .text                 ro code   0x800'65d4     0x4  startup_stm32l552xx.o [1]
  .text                 ro code   0x800'65d8     0x4  startup_stm32l552xx.o [1]
  .text                 ro code   0x800'65dc     0x4  startup_stm32l552xx.o [1]
  .text                 ro code   0x800'65e0     0x4  startup_stm32l552xx.o [1]
  .text                 ro code   0x800'65e4     0x4  startup_stm32l552xx.o [1]
  .text                 ro code   0x800'65e8     0x4  startup_stm32l552xx.o [1]
  .text                 ro code   0x800'65ec     0x4  startup_stm32l552xx.o [1]
  .text                 ro code   0x800'65f0     0x4  startup_stm32l552xx.o [1]
  .text                 ro code   0x800'65f4     0x4  startup_stm32l552xx.o [1]
  .text                 ro code   0x800'65f8     0x4  startup_stm32l552xx.o [1]
  .text                 ro code   0x800'65fc     0x4  startup_stm32l552xx.o [1]
  .text                 ro code   0x800'6600     0x4  startup_stm32l552xx.o [1]
  .text                 ro code   0x800'6604     0x4  startup_stm32l552xx.o [1]
  .text                 ro code   0x800'6608     0x4  startup_stm32l552xx.o [1]
  .text                 ro code   0x800'660c     0x4  startup_stm32l552xx.o [1]
  .text                 ro code   0x800'6610     0x4  startup_stm32l552xx.o [1]
  .text                 ro code   0x800'6614     0x4  startup_stm32l552xx.o [1]
  .text                 ro code   0x800'6618     0x4  startup_stm32l552xx.o [1]
  .text                 ro code   0x800'661c     0x4  startup_stm32l552xx.o [1]
  .text                 ro code   0x800'6620     0x4  startup_stm32l552xx.o [1]
  .text                 ro code   0x800'6624     0x4  startup_stm32l552xx.o [1]
  .text                 ro code   0x800'6628     0x4  startup_stm32l552xx.o [1]
  .text                 ro code   0x800'662c     0x4  startup_stm32l552xx.o [1]
  .text                 ro code   0x800'6630     0x4  startup_stm32l552xx.o [1]
  .text                 ro code   0x800'6634     0x4  startup_stm32l552xx.o [1]
  .text                 ro code   0x800'6638     0x4  startup_stm32l552xx.o [1]
  .text                 ro code   0x800'663c     0x4  startup_stm32l552xx.o [1]
  .text                 ro code   0x800'6640     0x4  startup_stm32l552xx.o [1]
  .text                 ro code   0x800'6644     0x4  startup_stm32l552xx.o [1]
  .text                 ro code   0x800'6648     0x4  startup_stm32l552xx.o [1]
  .text                 ro code   0x800'664c     0x4  startup_stm32l552xx.o [1]
  .text                 ro code   0x800'6650     0x4  startup_stm32l552xx.o [1]
  .text                 ro code   0x800'6654     0x4  startup_stm32l552xx.o [1]
  .text                 ro code   0x800'6658     0x4  startup_stm32l552xx.o [1]
  .text                 ro code   0x800'665c     0x4  startup_stm32l552xx.o [1]
  .text                 ro code   0x800'6660     0x4  startup_stm32l552xx.o [1]
  .text                 ro code   0x800'6664     0x4  startup_stm32l552xx.o [1]
  .text                 ro code   0x800'6668     0x4  startup_stm32l552xx.o [1]
  .text                 ro code   0x800'666c     0x4  startup_stm32l552xx.o [1]
  .text                 ro code   0x800'6670     0x4  startup_stm32l552xx.o [1]
  .rodata               const     0x800'6674     0x0  zero_init3.o [13]
  .rodata               const     0x800'6674     0x0  packbits_init_single.o [13]
  Initializer bytes     const     0x800'6674    0x78  <for P2-P3-1>
                                - 0x800'66ec  0x64f8

"P2-P3", part 1 of 3:                           0xc4
  P2-P3-1                        0x2000'0000    0xc4  <Init block>
    .data               inited   0x2000'0000    0x24  flight_controller_conductor.o [3]
    .data               inited   0x2000'0024    0x18  gpio_api.o [4]
    .data               inited   0x2000'003c    0x24  periodic_conductor.o [6]
    .data               inited   0x2000'0060     0x4  port.o [10]
    .data               inited   0x2000'0064     0xc  stm32l5xx_hal.o [9]
    .data               inited   0x2000'0070     0xc  system_obj.o [7]
    .data               inited   0x2000'007c    0x3c  system_obj.o [7]
    .data               inited   0x2000'00b8     0x4  system_stm32l5xx.o [8]
    .data               inited   0x2000'00bc     0x8  XShttio.o [11]
                               - 0x2000'00c4    0xc4

"P2-P3", part 2 of 3:                         0x3194
  .bss                  zero     0x2000'00c4  0x2020  heap_4.o [10]
  .bss                  zero     0x2000'20e4   0x460  tasks.o [10]
  .bss                  zero     0x2000'2544   0x45c  cmsis_os2.o [10]
  .bss                  zero     0x2000'29a0   0x25c  cmsis_os2.o [10]
  .bss                  zero     0x2000'2bfc   0x1d8  dlmalloc.o [11]
  .bss                  zero     0x2000'2dd4   0x144  main.o [2]
  .bss                  zero     0x2000'2f18   0x12c  timers.o [10]
  .bss                  zero     0x2000'3044    0x9c  tasks.o [10]
  .bss                  zero     0x2000'30e0    0x68  main.o [2]
  .bss                  zero     0x2000'3148    0x40  queue.o [10]
  .bss                  zero     0x2000'3188    0x24  periodic_driver.o [6]
  .bss                  zero     0x2000'31ac    0x24  periodic_driver.o [6]
  .bss                  zero     0x2000'31d0    0x24  periodic_driver.o [6]
  .bss                  zero     0x2000'31f4    0x24  periodic_driver.o [6]
  .bss                  zero     0x2000'3218    0x18  adc_api.o [4]
  .bss                  zero     0x2000'3230    0x18  dlmalloc.o [11]
  .bss                  zero     0x2000'3248     0x4  cmsis_os2.o [10]
  .bss                  zero     0x2000'324c     0x4  periodic_conductor.o [6]
  .bss                  zero     0x2000'3250     0x4  xgetmemchunk.o [11]
  .bss                  zero     0x2000'3254     0x1  system_api.o [7]
                               - 0x2000'3255  0x3191

"P2-P3", part 3 of 3:                          0x600
  CSTACK                         0x2000'3258   0x400  <Block>
    CSTACK              uninit   0x2000'3258   0x400  <Block tail>
  HEAP                           0x2000'3658   0x200  <Block>
    HEAP                uninit   0x2000'3658   0x200  <Block tail>
                               - 0x2000'3858   0x600

Unused ranges:

         From           To      Size
         ----           --      ----
   0x800'66ec   0x807'ffff  0x7'9914
  0x2000'3858  0x2002'ffff  0x2'c7a8


*******************************************************************************
*** INIT TABLE
***

          Address      Size
          -------      ----
Zero (__iar_zero_init3)
    1 destination range, total size 0x3191:
          0x2000'00c4  0x3191

Copy/packbits (__iar_packbits_init_single3)
    1 source range, total size 0x78 (61% of destination):
           0x800'6674    0x78
    1 destination range, total size 0xc4:
          0x2000'0000    0xc4



*******************************************************************************
*** MODULE SUMMARY
***

    Module                         ro code  ro data  rw data
    ------                         -------  -------  -------
command line/config:
    --------------------------------------------------------
    Total:

D:\Proyectos\STM32\kart\EWARM\kart\Obj\Application\EWARM: [1]
    startup_stm32l552xx.o              932
    --------------------------------------------------------
    Total:                             932

D:\Proyectos\STM32\kart\EWARM\kart\Obj\Application\User: [2]
    main.o                           1'198       48      428
    stm32l5xx_hal_msp.o                596
    stm32l5xx_it.o                      24
    --------------------------------------------------------
    Total:                           1'818       48      428

D:\Proyectos\STM32\kart\EWARM\kart\Obj\Application\flight_controller\src: [3]
    flight_controller_api.o             12
    flight_controller_conductor.o      140       22       36
    flight_controller_driver.o          56
    flight_controller_hdwr.o           138
    --------------------------------------------------------
    Total:                             346       22       36

D:\Proyectos\STM32\kart\EWARM\kart\Obj\Application\hdwr\src: [4]
    adc_api.o                          132                24
    gpio_api.o                          80       14       24
    pwm_api.o                          350
    --------------------------------------------------------
    Total:                             562       14       48

D:\Proyectos\STM32\kart\EWARM\kart\Obj\Application\heartbeat\src: [5]
    heartbeat_api.o                     60
    --------------------------------------------------------
    Total:                              60

D:\Proyectos\STM32\kart\EWARM\kart\Obj\Application\periodic\src: [6]
    periodic_api.o                      36
    periodic_conductor.o               128       34       40
    periodic_driver.o                  236               144
    --------------------------------------------------------
    Total:                             400       34      184

D:\Proyectos\STM32\kart\EWARM\kart\Obj\Application\system\src: [7]
    system_api.o                        60                 1
    system_obj.o                                 76       72
    --------------------------------------------------------
    Total:                              60       76       73

D:\Proyectos\STM32\kart\EWARM\kart\Obj\Drivers\CMSIS: [8]
    system_stm32l5xx.o                 200       67        4
    --------------------------------------------------------
    Total:                             200       67        4

D:\Proyectos\STM32\kart\EWARM\kart\Obj\Drivers\STM32L5xx_HAL_Driver: [9]
    stm32l5xx_hal.o                    114        7       12
    stm32l5xx_hal_adc.o              1'428
    stm32l5xx_hal_adc_ex.o             196
    stm32l5xx_hal_cortex.o             200
    stm32l5xx_hal_dma.o                620
    stm32l5xx_hal_gpio.o               472
    stm32l5xx_hal_pwr.o                 16
    stm32l5xx_hal_pwr_ex.o             192
    stm32l5xx_hal_rcc.o              2'164
    stm32l5xx_hal_rcc_ex.o           1'444
    stm32l5xx_hal_rtc.o                332
    stm32l5xx_hal_rtc_ex.o              52
    stm32l5xx_hal_spi.o                224
    stm32l5xx_hal_tim.o              1'858
    stm32l5xx_hal_tim_ex.o             148
    --------------------------------------------------------
    Total:                           9'460        7       12

D:\Proyectos\STM32\kart\EWARM\kart\Obj\Middlewares\FreeRTOS: [10]
    cmsis_os2.o                        520             1'724
    heap_4.o                           404             8'224
    list.o                             146
    port.o                             404        3        4
    portasm.o                          200
    queue.o                          1'268                64
    tasks.o                          2'000             1'276
    timers.o                           820               300
    --------------------------------------------------------
    Total:                           5'762        3   11'592

dl7M_tlf.a: [11]
    XShttio.o                            8        5        8
    abort.o                              6
    dlmalloc.o                       4'066               496
    exit.o                               4
    low_level_init.o                     4
    xgetmemchunk.o                      44                 4
    --------------------------------------------------------
    Total:                           4'132        5      508

m7M_tls.a: [12]
    DblAddSub.o                        590
    DblDiv.o                           582
    DblMul.o                           426
    DblToFlt.o                         104
    DblToU32.o                          34
    FltToDbl.o                          72
    U32ToDbl.o                          28
    fpinit_M.o                          34
    --------------------------------------------------------
    Total:                           1'870

rt7M_tl.a: [13]
    ABImemclr.o                          6
    ABImemcpy_small.o                   24
    ABImemset48.o                       58
    ABImemset_small.o                   18
    cexit.o                             10
    cmain.o                             30
    cstartup_M.o                        28
    data_init.o                         40
    memset.o                            20
    packbits_init_single.o              58
    zero_init3.o                        56
    --------------------------------------------------------
    Total:                             348

shb_l.a: [14]
    exit.o                              20
    iarttio.o                           44
    --------------------------------------------------------
    Total:                              64

    Gaps                                22        4
    Linker created                               32    1'536
------------------------------------------------------------
    Grand Total:                    26'036      312   14'421


*******************************************************************************
*** ENTRY LIST
***

Entry                       Address    Size  Type      Object
-----                       -------    ----  ----      ------
.iar.init_table$$Base    0x800'6404           --   Gb  - Linker created -
.iar.init_table$$Limit   0x800'6424           --   Gb  - Linker created -
?main                    0x800'6425          Code  Gb  cmain.o [13]
AHBPrescTable            0x800'567c    0x10  Data  Gb  system_stm32l5xx.o [8]
BusFault_Handler         0x800'647b     0x2  Code  Gb  stm32l5xx_it.o [2]
CSTACK$$Base            0x2000'3258           --   Gb  - Linker created -
CSTACK$$Limit           0x2000'3658           --   Gb  - Linker created -
DMA1_Channel1_IRQHandler
                         0x800'6481     0x6  Code  Gb  stm32l5xx_it.o [2]
DMA_CalcDMAMUXChannelBaseAndMask
                         0x800'49ab    0x3a  Code  Lc  stm32l5xx_hal_dma.o [9]
DMA_CalcDMAMUXRequestGenBaseAndMask
                         0x800'49e5    0x1c  Code  Lc  stm32l5xx_hal_dma.o [9]
DebugMon_Handler         0x800'647f     0x2  Code  Gb  stm32l5xx_it.o [2]
Error_Handler            0x800'45e3     0x4  Code  Gb  main.o [2]
HAL_ADCEx_MultiModeConfigChannel
                         0x800'4fe5    0xae  Code  Gb  stm32l5xx_hal_adc_ex.o [9]
HAL_ADC_ConfigChannel    0x800'4c51   0x2fe  Code  Gb  stm32l5xx_hal_adc.o [9]
HAL_ADC_Init             0x800'4a95   0x196  Code  Gb  stm32l5xx_hal_adc.o [9]
HAL_ADC_MspInit          0x800'3965    0xd4  Code  Gb  stm32l5xx_hal_msp.o [2]
HAL_DMA_ConfigChannelAttributes
                         0x800'498b    0x20  Code  Gb  stm32l5xx_hal_dma.o [9]
HAL_DMA_IRQHandler       0x800'4891    0xe8  Code  Gb  stm32l5xx_hal_dma.o [9]
HAL_DMA_Init             0x800'47c1    0x86  Code  Gb  stm32l5xx_hal_dma.o [9]
HAL_GPIO_Init            0x800'45e9   0x196  Code  Gb  stm32l5xx_hal_gpio.o [9]
HAL_GPIO_TogglePin       0x800'4789    0x10  Code  Gb  stm32l5xx_hal_gpio.o [9]
HAL_GPIO_WritePin        0x800'477f     0xa  Code  Gb  stm32l5xx_hal_gpio.o [9]
HAL_GetTick              0x800'1b5d     0xc  Code  Gb  stm32l5xx_hal.o [9]
HAL_Init                 0x800'4a2d    0x22  Code  Gb  stm32l5xx_hal.o [9]
HAL_InitTick             0x800'1b19    0x44  Code  Gb  stm32l5xx_hal.o [9]
HAL_MspInit              0x800'3929    0x3c  Code  Gb  stm32l5xx_hal_msp.o [2]
HAL_NVIC_EnableIRQ       0x800'1c99    0x16  Code  Gb  stm32l5xx_hal_cortex.o [9]
HAL_NVIC_SetPriority     0x800'1c5d    0x3a  Code  Gb  stm32l5xx_hal_cortex.o [9]
HAL_NVIC_SetPriorityGrouping
                         0x800'1c43    0x1a  Code  Gb  stm32l5xx_hal_cortex.o [9]
HAL_PWREx_ControlVoltageScaling
                         0x800'1b75    0x66  Code  Gb  stm32l5xx_hal_pwr_ex.o [9]
HAL_PWREx_DisableUCPDDeadBattery
                         0x800'1be9     0x2  Code  Gb  stm32l5xx_hal_pwr_ex.o [9]
HAL_PWREx_EnableVddIO2   0x800'1bdb     0xe  Code  Gb  stm32l5xx_hal_pwr_ex.o [9]
HAL_PWREx_GetVoltageRange
                         0x800'1b69     0xc  Code  Gb  stm32l5xx_hal_pwr_ex.o [9]
HAL_PWREx_SMPS_GetEffectiveMode
                         0x800'1bf5    0x1c  Code  Gb  stm32l5xx_hal_pwr_ex.o [9]
HAL_PWR_EnableBkUpAccess
                         0x800'55b5     0xc  Code  Gb  stm32l5xx_hal_pwr.o [9]
HAL_RCCEx_PeriphCLKConfig
                         0x800'3b95   0x3d6  Code  Gb  stm32l5xx_hal_rcc_ex.o [9]
HAL_RCC_ClockConfig      0x800'17f7   0x18e  Code  Gb  stm32l5xx_hal_rcc.o [9]
HAL_RCC_GetHCLKFreq      0x800'1a47    0x12  Code  Gb  stm32l5xx_hal_rcc.o [9]
HAL_RCC_GetSysClockFreq
                         0x800'19b1    0x96  Code  Gb  stm32l5xx_hal_rcc.o [9]
HAL_RCC_OscConfig        0x800'12a5   0x526  Code  Gb  stm32l5xx_hal_rcc.o [9]
HAL_RTCEx_PrivilegeModeSet
                         0x800'51f5    0x2c  Code  Gb  stm32l5xx_hal_rtc_ex.o [9]
HAL_RTC_Init             0x800'50a9    0x86  Code  Gb  stm32l5xx_hal_rtc.o [9]
HAL_RTC_MspInit          0x800'3a39    0x50  Code  Gb  stm32l5xx_hal_msp.o [2]
HAL_RTC_WaitForSynchro   0x800'512f    0x2e  Code  Gb  stm32l5xx_hal_rtc.o [9]
HAL_SPI_Init             0x800'5229    0xd4  Code  Gb  stm32l5xx_hal_spi.o [9]
HAL_SPI_MspInit          0x800'3a89    0x48  Code  Gb  stm32l5xx_hal_msp.o [2]
HAL_SYSTICK_Config       0x800'1caf    0x28  Code  Gb  stm32l5xx_hal_cortex.o [9]
HAL_TIMEx_MasterConfigSynchronization
                         0x800'5309    0x7a  Code  Gb  stm32l5xx_hal_tim_ex.o [9]
HAL_TIM_Base_Init        0x800'31e9    0x1a  Code  Gb  stm32l5xx_hal_tim.o [9]
HAL_TIM_Base_MspInit     0x800'3ae7    0x22  Code  Gb  stm32l5xx_hal_msp.o [2]
HAL_TIM_ConfigClockSource
                         0x800'3499    0x90  Code  Gb  stm32l5xx_hal_tim.o [9]
HAL_TIM_MspPostInit      0x800'3b09    0x3a  Code  Gb  stm32l5xx_hal_msp.o [2]
HAL_TIM_PWM_ConfigChannel
                         0x800'338b   0x102  Code  Gb  stm32l5xx_hal_tim.o [9]
HAL_TIM_PWM_Init         0x800'322d    0x1a  Code  Gb  stm32l5xx_hal_tim.o [9]
HAL_TIM_PWM_MspInit      0x800'3b7d     0x2  Code  Gb  stm32l5xx_hal_tim.o [9]
HAL_TIM_PWM_Start        0x800'3247    0xc4  Code  Gb  stm32l5xx_hal_tim.o [9]
HEAP$$Base              0x2000'3658           --   Gb  - Linker created -
HEAP$$Limit             0x2000'3858           --   Gb  - Linker created -
HardFault_Handler        0x800'6477     0x2  Code  Gb  stm32l5xx_it.o [2]
KernelState             0x2000'3248     0x4  Data  Lc  cmsis_os2.o [10]
LL_ADC_GetOffsetChannel
                         0x800'4a51     0xe  Code  Lc  stm32l5xx_hal_adc.o [9]
LL_ADC_SetChannelSamplingTime
                         0x800'4a71    0x24  Code  Lc  stm32l5xx_hal_adc.o [9]
LL_ADC_SetOffsetState    0x800'4a5f    0x12  Code  Lc  stm32l5xx_hal_adc.o [9]
MSIRangeTable            0x800'631c    0x40  Data  Gb  system_stm32l5xx.o [8]
MX_DMA_Init              0x800'454f    0x3c  Code  Lc  main.o [2]
MemManage_Handler        0x800'6479     0x2  Code  Gb  stm32l5xx_it.o [2]
NMI_Handler              0x800'6475     0x2  Code  Gb  stm32l5xx_it.o [2]
PendSV_Handler           0x800'2529          Code  Gb  portasm.o [10]
RCCEx_PLLSAI1_Config     0x800'3f95    0xd6  Code  Lc  stm32l5xx_hal_rcc_ex.o [9]
RCCEx_PLLSAI2_Config     0x800'4071    0xa8  Code  Lc  stm32l5xx_hal_rcc_ex.o [9]
RCC_SetFlashLatencyFromMSIRange
                         0x800'1a65    0x78  Code  Lc  stm32l5xx_hal_rcc.o [9]
RTC_EnterInitMode        0x800'515d    0x40  Code  Gb  stm32l5xx_hal_rtc.o [9]
RTC_ExitInitMode         0x800'519d    0x4c  Code  Gb  stm32l5xx_hal_rtc.o [9]
Region$$Table$$Base      0x800'6404           --   Gb  - Linker created -
Region$$Table$$Limit     0x800'6424           --   Gb  - Linker created -
SVC_Handler              0x800'256d          Code  Gb  portasm.o [10]
StartDefaultTask         0x800'45d9     0xa  Code  Gb  main.o [2]
SysTick_Handler          0x800'539d    0x1a  Code  Gb  cmsis_os2.o [10]
SystemClock_Config       0x800'44c1    0x84  Code  Gb  main.o [2]
SystemCoreClock         0x2000'00b8     0x4  Data  Gb  system_stm32l5xx.o [8]
SystemCoreClockUpdate    0x800'55d1    0x8e  Code  Gb  system_stm32l5xx.o [8]
SystemInit               0x800'55c5     0xc  Code  Gb  system_stm32l5xx.o [8]
TIM_Base_SetConfig       0x800'3555    0xac  Code  Gb  stm32l5xx_hal_tim.o [9]
TIM_CCxChannelCmd        0x800'390d    0x1c  Code  Gb  stm32l5xx_hal_tim.o [9]
TIM_ETR_SetConfig        0x800'38f9    0x14  Code  Gb  stm32l5xx_hal_tim.o [9]
TIM_ITRx_SetConfig       0x800'38ad    0x10  Code  Lc  stm32l5xx_hal_tim.o [9]
TIM_OC1_SetConfig        0x800'3601    0x84  Code  Lc  stm32l5xx_hal_tim.o [9]
TIM_OC2_SetConfig        0x800'3685    0x74  Code  Gb  stm32l5xx_hal_tim.o [9]
TIM_OC3_SetConfig        0x800'36f9    0x70  Code  Lc  stm32l5xx_hal_tim.o [9]
TIM_OC4_SetConfig        0x800'3769    0x4e  Code  Lc  stm32l5xx_hal_tim.o [9]
TIM_OC5_SetConfig        0x800'37b7    0x54  Code  Lc  stm32l5xx_hal_tim.o [9]
TIM_OC6_SetConfig        0x800'380b    0x4e  Code  Lc  stm32l5xx_hal_tim.o [9]
TIM_TI1_ConfigInputStage
                         0x800'3867    0x22  Code  Lc  stm32l5xx_hal_tim.o [9]
TIM_TI2_ConfigInputStage
                         0x800'3889    0x24  Code  Lc  stm32l5xx_hal_tim.o [9]
UsageFault_Handler       0x800'647d     0x2  Code  Gb  stm32l5xx_it.o [2]
__NVIC_SetPriority       0x800'1c29    0x1a  Code  Lc  stm32l5xx_hal_cortex.o [9]
__Vectors                0x800'0000           --   Gb  startup_stm32l552xx.o [1]
__Vectors_End            0x800'01f4          Data  Gb  startup_stm32l552xx.o [1]
__Vectors_Size {Abs}          0x1f4           --   Gb  startup_stm32l552xx.o [1]
__aeabi_d2f              0x800'6065          Code  Gb  DblToFlt.o [12]
__aeabi_d2uiz            0x800'5e79          Code  Gb  DblToU32.o [12]
__aeabi_dadd             0x800'60cd          Code  Gb  DblAddSub.o [12]
__aeabi_ddiv             0x800'5c31          Code  Gb  DblDiv.o [12]
__aeabi_dmul             0x800'5eb9          Code  Gb  DblMul.o [12]
__aeabi_f2d              0x800'5be9          Code  Gb  FltToDbl.o [12]
__aeabi_memclr           0x800'1209          Code  Gb  ABImemclr.o [13]
__aeabi_memset4          0x800'271d          Code  Gb  ABImemset48.o [13]
__aeabi_memset8          0x800'271d          Code  Gb  ABImemset48.o [13]
__aeabi_ui2d             0x800'5e9d          Code  Gb  U32ToDbl.o [12]
__cmain                  0x800'6425          Code  Gb  cmain.o [13]
__data_GetMemChunk       0x800'11dd    0x2c  Code  Gb  xgetmemchunk.o [11]
__data_GetMemChunk::start
                        0x2000'3250     0x4  Data  Lc  xgetmemchunk.o [11]
__exit                   0x800'1249    0x14  Code  Gb  exit.o [14]
__iar_Memset4_word       0x800'2725          Code  Gb  ABImemset48.o [13]
__iar_Memset8_word       0x800'2725          Code  Gb  ABImemset48.o [13]
__iar_close_ttio         0x800'1271    0x2c  Code  Gb  iarttio.o [14]
__iar_data_init3         0x800'6395    0x28  Code  Gb  data_init.o [13]
__iar_dlcalloc           0x800'1199    0x3e  Code  Gb  dlmalloc.o [11]
__iar_dlmalloc           0x800'027d   0xf16  Code  Gb  dlmalloc.o [11]
__iar_init_vfp           0x800'63e1          Code  Gb  fpinit_M.o [12]
__iar_lookup_ttioh       0x800'129d     0x8  Code  Gb  XShttio.o [11]
__iar_packbits_init_single3
                         0x800'120f    0x3a  Code  Gb  packbits_init_single.o [13]
__iar_program_start      0x800'6459          Code  Gb  cstartup_M.o [13]
__iar_small_Memcpy       0x800'31d5          Code  Gb  ABImemcpy_small.o [13]
__iar_small_Memset       0x800'125d          Code  Gb  ABImemset_small.o [13]
__iar_small_Memset_word
                         0x800'125d          Code  Gb  ABImemset_small.o [13]
__iar_small_memcpy       0x800'31d1          Code  Gb  ABImemcpy_small.o [13]
__iar_small_memcpy4      0x800'31d1          Code  Gb  ABImemcpy_small.o [13]
__iar_small_memcpy8      0x800'31d1          Code  Gb  ABImemcpy_small.o [13]
__iar_small_memset       0x800'125d          Code  Gb  ABImemset_small.o [13]
__iar_ttio_handles      0x2000'00bc     0x8  Data  Lc  XShttio.o [11]
__iar_zero_init3         0x800'635d    0x38  Code  Gb  zero_init3.o [13]
__low_level_init         0x800'6443     0x4  Code  Gb  low_level_init.o [11]
__vector_table           0x800'0000          Data  Gb  startup_stm32l552xx.o [1]
_call_main               0x800'6431          Code  Gb  cmain.o [13]
_exit                    0x800'644d          Code  Gb  cexit.o [13]
_gm_                    0x2000'2bfc   0x1d8  Data  Lc  dlmalloc.o [11]
abort                    0x800'11d7     0x6  Code  Gb  abort.o [11]
adc1_dma                0x2000'321c    0x14  Data  Gb  adc_api.o [4]
adc_get_value            0x800'5b65    0x5e  Code  Gb  adc_api.o [4]
cllbck_every_1000_ms    0x2000'31f4    0x24  Data  Gb  periodic_driver.o [6]
cllbck_every_100_ms     0x2000'3188    0x24  Data  Gb  periodic_driver.o [6]
cllbck_every_200_ms     0x2000'31ac    0x24  Data  Gb  periodic_driver.o [6]
cllbck_every_500_ms     0x2000'31d0    0x24  Data  Gb  periodic_driver.o [6]
configurated            0x2000'3218     0x1  Data  Gb  adc_api.o [4]
defaultTaskHandle       0x2000'2f14     0x4  Data  Gb  main.o [2]
defaultTask_attributes   0x800'63bc    0x24  Data  Gb  main.o [2]
exit                     0x800'6447     0x4  Code  Gb  exit.o [11]
flight_controller_cfg   0x2000'007c    0x3c  Data  Gb  system_obj.o [7]
flight_controller_conductor_init
                         0x800'58dd    0x46  Code  Gb  flight_controller_conductor.o [3]
flight_controller_conductor_resume_thread
                         0x800'592d     0xc  Code  Gb  flight_controller_conductor.o [3]
flight_controller_driver_init
                         0x800'594b    0x1c  Code  Gb  flight_controller_driver.o [3]
flight_controller_driver_periodic
                         0x800'5941     0xa  Code  Lc  flight_controller_driver.o [3]
flight_controller_driver_start_periodic
                         0x800'5967     0xe  Code  Gb  flight_controller_driver.o [3]
flight_controller_hdwr_check_adc
                         0x800'59a9    0x34  Code  Gb  flight_controller_hdwr.o [3]
flight_controller_hdwr_init
                         0x800'5979    0x30  Code  Gb  flight_controller_hdwr.o [3]
flight_controller_hdwr_start
                         0x800'59dd    0x26  Code  Gb  flight_controller_hdwr.o [3]
flight_controller_init   0x800'573d     0xc  Code  Gb  flight_controller_api.o [3]
flight_controller_task_attributes
                        0x2000'0000    0x24  Data  Gb  flight_controller_conductor.o [3]
fligth_controller_thread
                         0x800'58b5    0x26  Code  Lc  flight_controller_conductor.o [3]
gpio                    0x2000'3254     0x1  Data  Gb  system_api.o [7]
gpio_hal                0x2000'0024    0x18  Data  Gb  gpio_api.o [4]
gpio_off                 0x800'569d     0xe  Code  Gb  gpio_api.o [4]
gpio_on                  0x800'568d    0x10  Code  Gb  gpio_api.o [4]
gpio_toggle              0x800'56c1    0x16  Code  Gb  gpio_api.o [4]
hadc1                   0x2000'2dd4    0x68  Data  Gb  main.o [2]
hdma_adc1               0x2000'30e0    0x68  Data  Gb  main.o [2]
heartbeat               0x2000'0070     0xc  Data  Gb  system_obj.o [7]
heartbeat_init           0x800'5707    0x32  Code  Gb  heartbeat_api.o [5]
heartbeat_periodic       0x800'5701     0x6  Code  Gb  heartbeat_api.o [5]
hrtc                    0x2000'2ea0    0x28  Data  Gb  main.o [2]
hspi3                   0x2000'2e3c    0x64  Data  Gb  main.o [2]
htim3                   0x2000'2ec8    0x4c  Data  Gb  main.o [2]
init_mparams             0x800'0211    0x2c  Code  Lc  dlmalloc.o [11]
init_top                 0x800'023d    0x34  Code  Lc  dlmalloc.o [11]
main                     0x800'4139   0x350  Code  Gb  main.o [2]
memset                   0x800'3b7f    0x14  Code  Gb  memset.o [13]
mparams                 0x2000'3230    0x18  Data  Lc  dlmalloc.o [11]
osDelay                  0x800'5553    0x1a  Code  Gb  cmsis_os2.o [10]
osKernelInitialize       0x800'53b7    0x1a  Code  Gb  cmsis_os2.o [10]
osKernelStart            0x800'53d9    0x2a  Code  Gb  cmsis_os2.o [10]
osThreadFlagsWait        0x800'54c1    0x92  Code  Gb  cmsis_os2.o [10]
osThreadNew              0x800'540f    0x92  Code  Gb  cmsis_os2.o [10]
osThreadResume           0x800'54a1    0x20  Code  Gb  cmsis_os2.o [10]
periodic_cllbcks_registers
                         0x800'57c9    0x22  Code  Lc  periodic_driver.o [6]
periodic_conductor_init
                         0x800'57a7    0x16  Code  Gb  periodic_conductor.o [6]
periodic_driver_enable_function
                         0x800'5865    0x3c  Code  Gb  periodic_driver.o [6]
periodic_driver_every_1000ms
                         0x800'57f7     0x4  Code  Gb  periodic_driver.o [6]
periodic_driver_every_100ms
                         0x800'57eb     0x4  Code  Gb  periodic_driver.o [6]
periodic_driver_every_200ms
                         0x800'57ef     0x4  Code  Gb  periodic_driver.o [6]
periodic_driver_every_500ms
                         0x800'57f3     0x4  Code  Gb  periodic_driver.o [6]
periodic_driver_register
                         0x800'57fd    0x68  Code  Gb  periodic_driver.o [6]
periodic_init            0x800'56dd     0x4  Code  Gb  periodic_api.o [6]
periodic_register        0x800'56e1    0x14  Code  Gb  periodic_api.o [6]
periodic_start           0x800'56f5     0xc  Code  Gb  periodic_api.o [6]
periodic_task            0x800'5749    0x54  Code  Gb  periodic_conductor.o [6]
periodic_task_attributes
                        0x2000'003c    0x24  Data  Gb  periodic_conductor.o [6]
prvAddCurrentTaskToDelayedList
                         0x800'2457    0x4e  Code  Lc  tasks.o [10]
prvAddNewTaskToReadyList
                         0x800'1e2b    0xb0  Code  Lc  tasks.o [10]
prvCheckForValidListAndQueue
                         0x800'2c39    0x4e  Code  Lc  timers.o [10]
prvCheckForValidListAndQueue{1}{2}{3}{4}::ucStaticTimerQueueStorage
                        0x2000'2fa4    0xa0  Data  Lc  timers.o [10]
prvCheckForValidListAndQueue{1}{2}{3}{4}::xStaticTimerQueue
                        0x2000'2f54    0x50  Data  Lc  timers.o [10]
prvCopyDataFromQueue     0x800'30bd    0x28  Code  Lc  queue.o [10]
prvCopyDataToQueue       0x800'3055    0x68  Code  Lc  queue.o [10]
prvDeleteTCB             0x800'22f5    0x2a  Code  Lc  tasks.o [10]
prvIdleTask              0x800'22b5    0x40  Code  Lc  tasks.o [10]
prvInitialiseNewQueue    0x800'2d8f    0x20  Code  Lc  queue.o [10]
prvInitialiseNewTask     0x800'1d9d    0x8e  Code  Lc  tasks.o [10]
prvInsertBlockIntoFreeList
                         0x800'26d1    0x46  Code  Lc  heap_4.o [10]
prvInsertTimerInActiveList
                         0x800'2c03    0x34  Code  Lc  timers.o [10]
prvIsQueueEmpty          0x800'314d    0x16  Code  Lc  queue.o [10]
prvResetNextTaskUnblockTime
                         0x800'231f    0x1a  Code  Lc  tasks.o [10]
prvSampleTimeNow         0x800'2b89    0x7a  Code  Lc  timers.o [10]
prvSampleTimeNow::xLastTime
                        0x2000'2f28     0x4  Data  Lc  timers.o [10]
prvTaskExitError         0x800'27e9    0x22  Code  Lc  port.o [10]
prvTaskIsTaskSuspended   0x800'1f11    0x28  Code  Lc  tasks.o [10]
prvTimerTask             0x800'2a05   0x184  Code  Lc  timers.o [10]
prvUnlockQueue           0x800'30e5    0x68  Code  Lc  queue.o [10]
pvPortMalloc             0x800'2589    0xfe  Code  Gb  heap_4.o [10]
pwm_check_channel        0x800'5a49    0x20  Code  Gb  pwm_api.o [4]
pwm_create               0x800'5a69    0xb2  Code  Gb  pwm_api.o [4]
pwm_get_handle_hal       0x800'5a05    0x44  Code  Gb  pwm_api.o [4]
pwm_start                0x800'5b51    0x12  Code  Gb  pwm_api.o [4]
pxCurrentTCB            0x2000'306c     0x4  Data  Gb  tasks.o [10]
pxCurrentTimerList      0x2000'2f18     0x4  Data  Lc  timers.o [10]
pxDelayedTaskList       0x2000'3070     0x4  Data  Lc  tasks.o [10]
pxEnd                   0x2000'00cc     0x4  Data  Lc  heap_4.o [10]
pxOverflowDelayedTaskList
                        0x2000'3074     0x4  Data  Lc  tasks.o [10]
pxOverflowTimerList     0x2000'2f1c     0x4  Data  Lc  timers.o [10]
pxPortInitialiseStack    0x800'2895    0x68  Code  Gb  port.o [10]
pxReadyTasksLists       0x2000'20e4   0x460  Data  Lc  tasks.o [10]
segment_holding          0x800'01f5    0x1c  Code  Lc  dlmalloc.o [11]
system_init              0x800'5579    0x3c  Code  Gb  system_api.o [7]
tick                    0x2000'324c     0x4  Data  Gb  periodic_conductor.o [6]
ucHeap                  0x2000'00e4  0x2000  Data  Lc  heap_4.o [10]
ulCriticalNesting       0x2000'0060     0x4  Data  Lc  port.o [10]
ulSetInterruptMask       0x800'2505          Code  Gb  portasm.o [10]
uwTick                  0x2000'0068     0x4  Data  Gb  stm32l5xx_hal.o [9]
uwTickFreq              0x2000'0064     0x1  Data  Gb  stm32l5xx_hal.o [9]
uwTickPrio              0x2000'006c     0x4  Data  Gb  stm32l5xx_hal.o [9]
uxCurrentNumberOfTasks  0x2000'3090     0x4  Data  Lc  tasks.o [10]
uxDeletedTasksWaitingCleanUp
                        0x2000'3078     0x4  Data  Lc  tasks.o [10]
uxListRemove             0x800'27c3    0x26  Code  Gb  list.o [10]
uxSchedulerSuspended    0x2000'30b4     0x4  Data  Lc  tasks.o [10]
uxTaskNumber            0x2000'30ac     0x4  Data  Lc  tasks.o [10]
uxTopReadyPriority      0x2000'3098     0x4  Data  Lc  tasks.o [10]
vApplicationGetIdleTaskMemory
                         0x800'2955    0x14  Code  Gb  cmsis_os2.o [10]
vApplicationGetIdleTaskMemory::Idle_Stack
                        0x2000'29fc   0x200  Data  Lc  cmsis_os2.o [10]
vApplicationGetIdleTaskMemory::Idle_TCB
                        0x2000'29a0    0x5c  Data  Lc  cmsis_os2.o [10]
vApplicationGetTimerTaskMemory
                         0x800'2cc5    0x18  Code  Gb  cmsis_os2.o [10]
vApplicationGetTimerTaskMemory::Timer_Stack
                        0x2000'25a0   0x400  Data  Lc  cmsis_os2.o [10]
vApplicationGetTimerTaskMemory::Timer_TCB
                        0x2000'2544    0x5c  Data  Lc  cmsis_os2.o [10]
vClearInterruptMask      0x800'251b          Code  Gb  portasm.o [10]
vListInitialise          0x800'2757    0x1a  Code  Gb  list.o [10]
vListInitialiseItem      0x800'2771     0x6  Code  Gb  list.o [10]
vListInsert              0x800'2791    0x32  Code  Gb  list.o [10]
vListInsertEnd           0x800'2777    0x1a  Code  Gb  list.o [10]
vPortEnterCritical       0x800'2821    0x18  Code  Gb  port.o [10]
vPortExitCritical        0x800'2839    0x22  Code  Gb  port.o [10]
vPortFree                0x800'2687    0x4a  Code  Gb  heap_4.o [10]
vPortSVCHandler_C        0x800'287b    0x1a  Code  Gb  port.o [10]
vPortSetupTimerInterrupt
                         0x800'2c9d    0x28  Code  Gb  port.o [10]
vPortYield               0x800'280d    0x12  Code  Gb  port.o [10]
vQueueAddToRegistry      0x800'3163    0x20  Code  Gb  queue.o [10]
vQueueWaitForMessageRestricted
                         0x800'3189    0x48  Code  Gb  queue.o [10]
vRaisePrivilege          0x800'24df          Code  Gb  portasm.o [10]
vRestoreContextOfFirstTask
                         0x800'24c1          Code  Gb  portasm.o [10]
vStartFirstTask          0x800'24ed          Code  Gb  portasm.o [10]
vTaskDelay               0x800'1edb    0x30  Code  Gb  tasks.o [10]
vTaskInternalSetTimeOutState
                         0x800'2241     0xe  Code  Gb  tasks.o [10]
vTaskMissedYield         0x800'22ab     0xa  Code  Gb  tasks.o [10]
vTaskPlaceOnEventList    0x800'2193    0x16  Code  Gb  tasks.o [10]
vTaskPlaceOnEventListRestricted
                         0x800'21b3    0x26  Code  Gb  tasks.o [10]
vTaskResume              0x800'1f39    0x46  Code  Gb  tasks.o [10]
vTaskStartScheduler      0x800'1f7f    0x64  Code  Gb  tasks.o [10]
vTaskSuspendAll          0x800'1fe5     0xc  Code  Gb  tasks.o [10]
vTaskSwitchContext       0x800'2147    0x4c  Code  Gb  tasks.o [10]
xActiveTimerList1       0x2000'2f2c    0x14  Data  Lc  timers.o [10]
xActiveTimerList2       0x2000'2f40    0x14  Data  Lc  timers.o [10]
xBlockAllocatedBit      0x2000'00e0     0x4  Data  Lc  heap_4.o [10]
xDelayedTaskList1       0x2000'30b8    0x14  Data  Lc  tasks.o [10]
xDelayedTaskList2       0x2000'30cc    0x14  Data  Lc  tasks.o [10]
xFreeBytesRemaining     0x2000'00d0     0x4  Data  Lc  heap_4.o [10]
xMinimumEverFreeBytesRemaining
                        0x2000'00d4     0x4  Data  Lc  heap_4.o [10]
xNextTaskUnblockTime    0x2000'30b0     0x4  Data  Lc  tasks.o [10]
xNumOfOverflows         0x2000'30a8     0x4  Data  Lc  tasks.o [10]
xNumberOfSuccessfulAllocations
                        0x2000'00d8     0x4  Data  Lc  heap_4.o [10]
xNumberOfSuccessfulFrees
                        0x2000'00dc     0x4  Data  Lc  heap_4.o [10]
xPendedTicks            0x2000'30a0     0x4  Data  Lc  tasks.o [10]
xPendingReadyList       0x2000'3044    0x14  Data  Lc  tasks.o [10]
xPortStartScheduler      0x800'28fd    0x46  Code  Gb  port.o [10]
xPortSysTickHandler      0x800'285b    0x20  Code  Gb  port.o [10]
xQueueGenericCreateStatic
                         0x800'2d45    0x4a  Code  Gb  queue.o [10]
xQueueGenericReset       0x800'2cdd    0x68  Code  Gb  queue.o [10]
xQueueGenericSend        0x800'2daf   0x108  Code  Gb  queue.o [10]
xQueueGenericSendFromISR
                         0x800'2eb7    0x80  Code  Gb  queue.o [10]
xQueueReceive            0x800'2f43    0xe8  Code  Gb  queue.o [10]
xQueueRegistry          0x2000'3148    0x40  Data  Gb  queue.o [10]
xSchedulerRunning       0x2000'309c     0x4  Data  Lc  tasks.o [10]
xStart                  0x2000'00c4     0x8  Data  Lc  heap_4.o [10]
xSuspendedTaskList      0x2000'307c    0x14  Data  Lc  tasks.o [10]
xTaskCheckForTimeOut     0x800'224f    0x5c  Code  Gb  tasks.o [10]
xTaskCreate              0x800'1d41    0x5c  Code  Gb  tasks.o [10]
xTaskCreateStatic        0x800'1cf1    0x50  Code  Gb  tasks.o [10]
xTaskGetSchedulerState   0x800'2339    0x18  Code  Gb  tasks.o [10]
xTaskGetTickCount        0x800'2083     0x2  Code  Gb  tasks.o [10]
xTaskIncrementTick       0x800'208d    0xba  Code  Gb  tasks.o [10]
xTaskNotifyWait          0x800'23cd    0x78  Code  Gb  tasks.o [10]
xTaskPriorityDisinherit
                         0x800'2357    0x50  Code  Gb  tasks.o [10]
xTaskRemoveFromEventList
                         0x800'21e5    0x46  Code  Gb  tasks.o [10]
xTaskResumeAll           0x800'1ff1    0x8a  Code  Gb  tasks.o [10]
xTasksWaitingTermination
                        0x2000'3058    0x14  Data  Lc  tasks.o [10]
xTickCount              0x2000'3094     0x4  Data  Lc  tasks.o [10]
xTimerCreateTimerTask    0x800'2969    0x4e  Code  Gb  timers.o [10]
xTimerGenericCommand     0x800'29b7    0x4e  Code  Gb  timers.o [10]
xTimerQueue             0x2000'2f20     0x4  Data  Lc  timers.o [10]
xTimerTaskHandle        0x2000'2f24     0x4  Data  Lc  timers.o [10]
xYieldPending           0x2000'30a4     0x4  Data  Lc  tasks.o [10]


[1] = D:\Proyectos\STM32\kart\EWARM\kart\Obj\Application\EWARM
[2] = D:\Proyectos\STM32\kart\EWARM\kart\Obj\Application\User
[3] = D:\Proyectos\STM32\kart\EWARM\kart\Obj\Application\flight_controller\src
[4] = D:\Proyectos\STM32\kart\EWARM\kart\Obj\Application\hdwr\src
[5] = D:\Proyectos\STM32\kart\EWARM\kart\Obj\Application\heartbeat\src
[6] = D:\Proyectos\STM32\kart\EWARM\kart\Obj\Application\periodic\src
[7] = D:\Proyectos\STM32\kart\EWARM\kart\Obj\Application\system\src
[8] = D:\Proyectos\STM32\kart\EWARM\kart\Obj\Drivers\CMSIS
[9] = D:\Proyectos\STM32\kart\EWARM\kart\Obj\Drivers\STM32L5xx_HAL_Driver
[10] = D:\Proyectos\STM32\kart\EWARM\kart\Obj\Middlewares\FreeRTOS
[11] = dl7M_tlf.a
[12] = m7M_tls.a
[13] = rt7M_tl.a
[14] = shb_l.a

  26'036 bytes of readonly  code memory
     312 bytes of readonly  data memory
  14'421 bytes of readwrite data memory

Errors: none
Warnings: none
