###############################################################################
#
# IAR ELF Linker V9.10.2.313/W64 for ARM                  03/Apr/2022  16:53:48
# Copyright 2007-2021 IAR Systems AB.
#
#    Output file  =  D:\Proyectos\STM32\kart\EWARM\kart\Exe\kart.out
#    Map file     =  D:\Proyectos\STM32\kart\EWARM\kart\List\kart.map
#    Command line =
#        -f D:\Proyectos\STM32\kart\EWARM\kart\Exe\kart.out.rsp
#        (D:\Proyectos\STM32\kart\EWARM\kart\Obj\Application\hdwr\src\adc_api.o
#        D:\Proyectos\STM32\kart\EWARM\kart\Obj\Application\User\app_freertos.o
#        D:\Proyectos\STM32\kart\EWARM\kart\Obj\Application\hdwr\src\can_api.o
#        D:\Proyectos\STM32\kart\EWARM\kart\Obj\Middlewares\FreeRTOS\cmsis_os2.o
#        D:\Proyectos\STM32\kart\EWARM\kart\Obj\Middlewares\FreeRTOS\croutine.o
#        D:\Proyectos\STM32\kart\EWARM\kart\Obj\Middlewares\FreeRTOS\event_groups.o
#        D:\Proyectos\STM32\kart\EWARM\kart\Obj\Application\hdwr\src\fifo_api.o
#        D:\Proyectos\STM32\kart\EWARM\kart\Obj\Application\flight_controller\src\flight_controller_api.o
#        D:\Proyectos\STM32\kart\EWARM\kart\Obj\Application\flight_controller\src\flight_controller_conductor.o
#        D:\Proyectos\STM32\kart\EWARM\kart\Obj\Application\flight_controller\src\flight_controller_driver.o
#        D:\Proyectos\STM32\kart\EWARM\kart\Obj\Application\flight_controller\src\flight_controller_hdwr.o
#        D:\Proyectos\STM32\kart\EWARM\kart\Obj\Application\hdwr\src\gpio_api.o
#        D:\Proyectos\STM32\kart\EWARM\kart\Obj\Application\gps\src\gps_api.o
#        D:\Proyectos\STM32\kart\EWARM\kart\Obj\Application\gps\src\gps_conductor.o
#        D:\Proyectos\STM32\kart\EWARM\kart\Obj\Application\gps\src\gps_driver.o
#        D:\Proyectos\STM32\kart\EWARM\kart\Obj\Application\gps\src\gps_hdwr.o
#        D:\Proyectos\STM32\kart\EWARM\kart\Obj\Middlewares\FreeRTOS\heap_4.o
#        D:\Proyectos\STM32\kart\EWARM\kart\Obj\Application\heartbeat\src\heartbeat_api.o
#        D:\Proyectos\STM32\kart\EWARM\kart\Obj\Middlewares\FreeRTOS\list.o
#        D:\Proyectos\STM32\kart\EWARM\kart\Obj\Application\LOG\src\log_api.o
#        D:\Proyectos\STM32\kart\EWARM\kart\Obj\Application\LOG\src\log_conductor.o
#        D:\Proyectos\STM32\kart\EWARM\kart\Obj\Application\LOG\src\log_driver.o
#        D:\Proyectos\STM32\kart\EWARM\kart\Obj\Application\LOG\src\log_hdwr.o
#        D:\Proyectos\STM32\kart\EWARM\kart\Obj\Application\User\main.o
#        D:\Proyectos\STM32\kart\EWARM\kart\Obj\Application\periodic\src\periodic_api.o
#        D:\Proyectos\STM32\kart\EWARM\kart\Obj\Application\periodic\src\periodic_conductor.o
#        D:\Proyectos\STM32\kart\EWARM\kart\Obj\Application\periodic\src\periodic_driver.o
#        D:\Proyectos\STM32\kart\EWARM\kart\Obj\Middlewares\FreeRTOS\port.o
#        D:\Proyectos\STM32\kart\EWARM\kart\Obj\Middlewares\FreeRTOS\portasm.o
#        D:\Proyectos\STM32\kart\EWARM\kart\Obj\Application\hdwr\src\pwm_api.o
#        D:\Proyectos\STM32\kart\EWARM\kart\Obj\Middlewares\FreeRTOS\queue.o
#        D:\Proyectos\STM32\kart\EWARM\kart\Obj\Application\sevcon\src\sevcon_api.o
#        D:\Proyectos\STM32\kart\EWARM\kart\Obj\Application\sevcon\src\sevcon_conductor.o
#        D:\Proyectos\STM32\kart\EWARM\kart\Obj\Application\sevcon\src\sevcon_driver.o
#        D:\Proyectos\STM32\kart\EWARM\kart\Obj\Application\sevcon\src\sevcon_driver_dictionary.o
#        D:\Proyectos\STM32\kart\EWARM\kart\Obj\Application\sevcon\src\sevcon_hdwr.o
#        D:\Proyectos\STM32\kart\EWARM\kart\Obj\Application\hdwr\src\spi_api.o
#        D:\Proyectos\STM32\kart\EWARM\kart\Obj\Application\EWARM\startup_stm32l552xx.o
#        D:\Proyectos\STM32\kart\EWARM\kart\Obj\Drivers\STM32L5xx_HAL_Driver\stm32l5xx_hal.o
#        D:\Proyectos\STM32\kart\EWARM\kart\Obj\Drivers\STM32L5xx_HAL_Driver\stm32l5xx_hal_adc.o
#        D:\Proyectos\STM32\kart\EWARM\kart\Obj\Drivers\STM32L5xx_HAL_Driver\stm32l5xx_hal_adc_ex.o
#        D:\Proyectos\STM32\kart\EWARM\kart\Obj\Drivers\STM32L5xx_HAL_Driver\stm32l5xx_hal_cortex.o
#        D:\Proyectos\STM32\kart\EWARM\kart\Obj\Drivers\STM32L5xx_HAL_Driver\stm32l5xx_hal_dma.o
#        D:\Proyectos\STM32\kart\EWARM\kart\Obj\Drivers\STM32L5xx_HAL_Driver\stm32l5xx_hal_dma_ex.o
#        D:\Proyectos\STM32\kart\EWARM\kart\Obj\Drivers\STM32L5xx_HAL_Driver\stm32l5xx_hal_exti.o
#        D:\Proyectos\STM32\kart\EWARM\kart\Obj\Drivers\STM32L5xx_HAL_Driver\stm32l5xx_hal_fdcan.o
#        D:\Proyectos\STM32\kart\EWARM\kart\Obj\Drivers\STM32L5xx_HAL_Driver\stm32l5xx_hal_flash.o
#        D:\Proyectos\STM32\kart\EWARM\kart\Obj\Drivers\STM32L5xx_HAL_Driver\stm32l5xx_hal_flash_ex.o
#        D:\Proyectos\STM32\kart\EWARM\kart\Obj\Drivers\STM32L5xx_HAL_Driver\stm32l5xx_hal_flash_ramfunc.o
#        D:\Proyectos\STM32\kart\EWARM\kart\Obj\Drivers\STM32L5xx_HAL_Driver\stm32l5xx_hal_gpio.o
#        D:\Proyectos\STM32\kart\EWARM\kart\Obj\Drivers\STM32L5xx_HAL_Driver\stm32l5xx_hal_i2c.o
#        D:\Proyectos\STM32\kart\EWARM\kart\Obj\Drivers\STM32L5xx_HAL_Driver\stm32l5xx_hal_i2c_ex.o
#        D:\Proyectos\STM32\kart\EWARM\kart\Obj\Drivers\STM32L5xx_HAL_Driver\stm32l5xx_hal_icache.o
#        D:\Proyectos\STM32\kart\EWARM\kart\Obj\Application\User\stm32l5xx_hal_msp.o
#        D:\Proyectos\STM32\kart\EWARM\kart\Obj\Drivers\STM32L5xx_HAL_Driver\stm32l5xx_hal_pwr.o
#        D:\Proyectos\STM32\kart\EWARM\kart\Obj\Drivers\STM32L5xx_HAL_Driver\stm32l5xx_hal_pwr_ex.o
#        D:\Proyectos\STM32\kart\EWARM\kart\Obj\Drivers\STM32L5xx_HAL_Driver\stm32l5xx_hal_rcc.o
#        D:\Proyectos\STM32\kart\EWARM\kart\Obj\Drivers\STM32L5xx_HAL_Driver\stm32l5xx_hal_rcc_ex.o
#        D:\Proyectos\STM32\kart\EWARM\kart\Obj\Drivers\STM32L5xx_HAL_Driver\stm32l5xx_hal_rtc.o
#        D:\Proyectos\STM32\kart\EWARM\kart\Obj\Drivers\STM32L5xx_HAL_Driver\stm32l5xx_hal_rtc_ex.o
#        D:\Proyectos\STM32\kart\EWARM\kart\Obj\Drivers\STM32L5xx_HAL_Driver\stm32l5xx_hal_spi.o
#        D:\Proyectos\STM32\kart\EWARM\kart\Obj\Drivers\STM32L5xx_HAL_Driver\stm32l5xx_hal_spi_ex.o
#        D:\Proyectos\STM32\kart\EWARM\kart\Obj\Drivers\STM32L5xx_HAL_Driver\stm32l5xx_hal_tim.o
#        D:\Proyectos\STM32\kart\EWARM\kart\Obj\Drivers\STM32L5xx_HAL_Driver\stm32l5xx_hal_tim_ex.o
#        D:\Proyectos\STM32\kart\EWARM\kart\Obj\Drivers\STM32L5xx_HAL_Driver\stm32l5xx_hal_uart.o
#        D:\Proyectos\STM32\kart\EWARM\kart\Obj\Drivers\STM32L5xx_HAL_Driver\stm32l5xx_hal_uart_ex.o
#        D:\Proyectos\STM32\kart\EWARM\kart\Obj\Application\User\stm32l5xx_it.o
#        D:\Proyectos\STM32\kart\EWARM\kart\Obj\Middlewares\FreeRTOS\stream_buffer.o
#        D:\Proyectos\STM32\kart\EWARM\kart\Obj\Application\system\src\system_api.o
#        D:\Proyectos\STM32\kart\EWARM\kart\Obj\Application\system\src\system_obj.o
#        D:\Proyectos\STM32\kart\EWARM\kart\Obj\Drivers\CMSIS\system_stm32l5xx.o
#        D:\Proyectos\STM32\kart\EWARM\kart\Obj\Middlewares\FreeRTOS\tasks.o
#        D:\Proyectos\STM32\kart\EWARM\kart\Obj\Middlewares\FreeRTOS\timers.o
#        D:\Proyectos\STM32\kart\EWARM\kart\Obj\Application\hdwr\src\uart_api.o
#        D:\Proyectos\STM32\kart\EWARM\kart\Obj\Application\User\src\user_api.o
#        D:\Proyectos\STM32\kart\EWARM\kart\Obj\Application\User\src\user_conductor.o
#        D:\Proyectos\STM32\kart\EWARM\kart\Obj\Application\User\src\user_hdwr.o
#        --no_out_extension -o D:\Proyectos\STM32\kart\EWARM\kart\Exe\kart.out
#        --redirect _Printf=_PrintfFullNoMb --redirect _Scanf=_ScanfFullNoMb
#        --map D:\Proyectos\STM32\kart\EWARM\kart\List\kart.map --config
#        D:\Proyectos\STM32\kart\EWARM/stm32l552xe_flash.icf --semihosting
#        --entry __iar_program_start --vfe --text_out locale)
#
###############################################################################

*******************************************************************************
*** RUNTIME MODEL ATTRIBUTES
***

CppFlavor       = *
__Heap_Handler  = DLMalloc
__SystemLibrary = DLib
__dlib_version  = 6


*******************************************************************************
*** HEAP SELECTION
***

The advanced heap was selected because the application calls memory
allocation functions outside of system library functions, and there
are calls to deallocation functions in the application.


*******************************************************************************
*** PLACEMENT SUMMARY
***

"A0":  place at address 0x800'0000 { ro section .intvec };
"P1":  place in [from 0x800'0000 to 0x807'ffff] { ro };
define block CSTACK with size = 1K, alignment = 8 { };
define block HEAP with size = 512, alignment = 8 { };
"P2":  place in [from 0x2000'0000 to 0x2002'ffff] {
          rw, block CSTACK, block HEAP };
"P3":  place in [from 0x2000'0000 to 0x2002'ffff] { };
initialize by copy { rw };

  Section               Kind         Address    Size  Object
  -------               ----         -------    ----  ------
"A0":                                          0x1f4
  .intvec               ro code   0x800'0000   0x1f4  startup_stm32l552xx.o [1]
                                - 0x800'01f4   0x1f4

"P1":                                         0xac94
  .text                 ro code   0x800'01f4  0x1514  dlmalloc.o [15]
  .text                 ro code   0x800'1708     0x6  abort.o [15]
  .text                 ro code   0x800'170e     0xa  xsprout.o [15]
  .text                 ro code   0x800'1718    0x2c  xgetmemchunk.o [15]
  .text                 ro code   0x800'1744     0x6  ABImemclr.o [17]
  .rodata               const     0x800'174a     0x2  xlocale_c.o [15]
  .text                 ro code   0x800'174c    0x14  exit.o [18]
  .text                 ro code   0x800'1760    0x12  ABImemset_small.o [17]
  .rodata               const     0x800'1772     0x1  xlocale_c.o [15]
  .text                 ro code   0x800'1774    0x7c  iarttio.o [18]
  .text                 ro code   0x800'17f0     0x8  XShttio.o [15]
  .text                 ro code   0x800'17f8   0xf2e  xprintffull_nomb.o [15]
  .text                 ro code   0x800'2728    0x16  strchr.o [17]
  .text                 ro code   0x800'2740    0x40  xfail_s.o [15]
  .text                 ro code   0x800'2780    0x36  strlen.o [17]
  .text                 ro code   0x800'27b8    0x58  memchr.o [17]
  .text                 ro code   0x800'2810    0x18  ABImemcpy_small.o [17]
  .text                 ro code   0x800'2828    0x70  frexp.o [16]
  .text                 ro code   0x800'2898    0x34  DblCmpLe.o [16]
  .text                 ro code   0x800'28cc    0x34  DblCmpGe.o [16]
  .text                 ro code   0x800'2900   0x13a  ldexp.o [16]
  .text                 ro code   0x800'2a3c    0x36  DblToS32.o [16]
  .text                 ro code   0x800'2a74    0x22  S32ToDbl.o [16]
  .text                 ro code   0x800'2a98   0x25e  DblAddSub.o [16]
  .text                 ro code   0x800'2cf8   0x246  DblDiv.o [16]
  .text                 ro code   0x800'2f40    0x22  DblToU32.o [16]
  .text                 ro code   0x800'2f64    0x1c  U32ToDbl.o [16]
  .text                 ro code   0x800'2f80   0x1aa  DblMul.o [16]
  .text                 ro code   0x800'312c     0x8  xlocale_c.o [15]
  .text                 ro code   0x800'3134   0x106  I64DivMod_small.o [17]
  .text                 ro code   0x800'323c     0x2  I64DivZer.o [17]
  .text                 ro code   0x800'3240   0xb9c  stm32l5xx_hal_uart.o [13]
  .text                 ro code   0x800'3ddc   0x424  stm32l5xx_hal_msp.o [3]
  .text                 ro code   0x800'4200   0x3fc  stm32l5xx_hal_dma.o [13]
  .text                 ro code   0x800'45fc     0x2  stm32l5xx_hal_uart.o [13]
  .text                 ro code   0x800'45fe     0x2  stm32l5xx_hal_uart.o [13]
  .text                 ro code   0x800'4600     0x2  stm32l5xx_hal_uart_ex.o [13]
  .text                 ro code   0x800'4604   0x106  uart_api.o [7]
  .text                 ro code   0x800'470a     0x2  stm32l5xx_hal_uart_ex.o [13]
  .text                 ro code   0x800'470c     0x2  stm32l5xx_hal_uart_ex.o [13]
  .text                 ro code   0x800'4710   0x89c  stm32l5xx_hal_rcc.o [13]
  .text                 ro code   0x800'4fac     0xc  stm32l5xx_hal.o [13]
  .text                 ro code   0x800'4fb8    0xe8  stm32l5xx_hal_cortex.o [13]
  .text                 ro code   0x800'50a0    0xc0  stm32l5xx_hal_pwr_ex.o [13]
  .text                 ro code   0x800'5160   0x5f6  main.o [3]
  .text                 ro code   0x800'5758   0x1d8  stm32l5xx_hal_gpio.o [13]
  .text                 ro code   0x800'5930   0x5a4  stm32l5xx_hal_rcc_ex.o [13]
  .text                 ro code   0x800'5ed4    0x14  memset.o [17]
  .text                 ro code   0x800'5ee8   0x2fc  cmsis_os2.o [14]
  .text                 ro code   0x800'61e4    0x14  log_api.o [2]
  .text                 ro code   0x800'61f8    0x46  fifo_api.o [7]
  .text                 ro code   0x800'6240    0x44  stm32l5xx_hal.o [13]
  .text                 ro code   0x800'6284    0x22  stm32l5xx_hal.o [13]
  .text                 ro code   0x800'62a8   0x7ea  stm32l5xx_hal_adc.o [13]
  .text                 ro code   0x800'6a94   0x160  stm32l5xx_hal_adc_ex.o [13]
  .text                 ro code   0x800'6bf4   0x14c  stm32l5xx_hal_rtc.o [13]
  .text                 ro code   0x800'6d40    0x34  stm32l5xx_hal_rtc_ex.o [13]
  .text                 ro code   0x800'6d74    0xe0  stm32l5xx_hal_spi.o [13]
  .text                 ro code   0x800'6e54   0x740  stm32l5xx_hal_tim.o [13]
  .text                 ro code   0x800'7594    0x94  stm32l5xx_hal_tim_ex.o [13]
  .text                 ro code   0x800'7628   0x558  stm32l5xx_hal_fdcan.o [13]
  .text                 ro code   0x800'7b80    0xf8  stm32l5xx_hal_uart_ex.o [13]
  .text                 ro code   0x800'7c78    0x74  system_api.o [11]
  .text                 ro code   0x800'7cec    0x10  stm32l5xx_hal_pwr.o [13]
  .text                 ro code   0x800'7cfc   0x7d0  tasks.o [14]
  .text                 ro code   0x800'84cc   0x16c  port.o [14]
  .text                 ro code   0x800'8638   0x594  queue.o [14]
  .text                 ro code   0x800'8bcc    0x64  log_conductor.o [2]
  .text                 ro code   0x800'8c30    0xc8  system_stm32l5xx.o [12]
  .text                 ro code   0x800'8cf8     0x2  stm32l5xx_hal_adc.o [13]
  .text                 ro code   0x800'8cfa     0x2  stm32l5xx_hal_adc.o [13]
  .text                 ro code   0x800'8cfc     0x2  stm32l5xx_hal_adc.o [13]
  .text                 ro code   0x800'8cfe     0x2  stm32l5xx_hal_tim.o [13]
  .text                 ro code   0x800'8d00     0x2  stm32l5xx_hal_fdcan.o [13]
  .text                 ro code   0x800'8d02     0x2  stm32l5xx_hal_fdcan.o [13]
  .text                 ro code   0x800'8d04     0x2  stm32l5xx_hal_fdcan.o [13]
  .text                 ro code   0x800'8d08   0x1cc  can_api.o [7]
  .text                 ro code   0x800'8ed4     0x2  stm32l5xx_hal_fdcan.o [13]
  .text                 ro code   0x800'8ed6     0x2  stm32l5xx_hal_fdcan.o [13]
  .text                 ro code   0x800'8ed8     0x2  stm32l5xx_hal_fdcan.o [13]
  .text                 ro code   0x800'8eda     0x2  stm32l5xx_hal_fdcan.o [13]
  .text                 ro code   0x800'8edc     0x2  stm32l5xx_hal_fdcan.o [13]
  .text                 ro code   0x800'8ede     0x2  stm32l5xx_hal_fdcan.o [13]
  .text                 ro code   0x800'8ee0    0x50  gpio_api.o [7]
  .text                 ro code   0x800'8f30    0x24  periodic_api.o [9]
  .text                 ro code   0x800'8f54    0x60  heartbeat_api.o [8]
  .text                 ro code   0x800'8fb4     0xc  sevcon_api.o [10]
  .text                 ro code   0x800'8fc0    0xbc  adc_api.o [7]
  .text                 ro code   0x800'907c    0x20  flight_controller_api.o [5]
  .text                 ro code   0x800'909c    0x10  user_api.o [4]
  privileged_functions  ro code   0x800'90ac    0xc8  portasm.o [14]
  .text                 ro code   0x800'9174   0x194  heap_4.o [14]
  .text                 ro code   0x800'9308    0x3a  ABImemset48.o [17]
  .text                 ro code   0x800'9342    0x92  list.o [14]
  .text                 ro code   0x800'93d4    0x14  cmsis_os2.o [14]
  .text                 ro code   0x800'93e8   0x334  timers.o [14]
  .text                 ro code   0x800'971c    0x28  port.o [14]
  .text                 ro code   0x800'9744    0x50  log_driver.o [2]
  .text                 ro code   0x800'9794    0x40  sprintf.o [15]
  .text                 ro code   0x800'97d4    0xa0  periodic_conductor.o [9]
  .text                 ro code   0x800'9874    0xec  periodic_driver.o [9]
  .text                 ro code   0x800'9960    0x60  sevcon_conductor.o [10]
  .text                 ro code   0x800'99c0    0x68  DblToFlt.o [16]
  .text                 ro code   0x800'9a28    0x48  FltToDbl.o [16]
  .text                 ro code   0x800'9a70    0x98  flight_controller_conductor.o [5]
  .text                 ro code   0x800'9b08   0x100  flight_controller_driver.o [5]
  .text                 ro code   0x800'9c08    0x4c  user_conductor.o [4]
  .text                 ro code   0x800'9c54    0x18  cmsis_os2.o [14]
  .text                 ro code   0x800'9c6c   0x184  sevcon_driver.o [10]
  .text                 ro code   0x800'9df0    0x6e  sevcon_hdwr.o [10]
  .text                 ro code   0x800'9e5e     0xa  gps_api.o [6]
  .text                 ro code   0x800'9e68    0xbc  flight_controller_hdwr.o [5]
  .text                 ro code   0x800'9f24    0x26  user_hdwr.o [4]
  .text                 ro code   0x800'9f4c    0x30  sevcon_driver_dictionary.o [10]
  .text                 ro code   0x800'9f7c    0x50  gps_conductor.o [6]
  .text                 ro code   0x800'9fcc   0x1d0  pwm_api.o [7]
  .text                 ro code   0x800'a19c    0xf8  gps_driver.o [6]
  .text                 ro code   0x800'a294    0xb4  gps_hdwr.o [6]
  .text                 ro code   0x800'a348    0x28  printf.o [15]
  .text                 ro code   0x800'a370    0xd8  xfspos.o [15]
  .text                 ro code   0x800'a448    0xac  fflush.o [15]
  .text                 ro code   0x800'a4f4     0xc  xfgpos.o [15]
  .text                 ro code   0x800'a500    0x4e  lseek.o [18]
  .text                 ro code   0x800'a54e    0x10  write.o [18]
  .text                 ro code   0x800'a560    0xcc  XShHandles.o [15]
  .text                 ro code   0x800'a62c    0x1e  dwrite.o [18]
  .text                 ro code   0x800'a64a    0x20  iarwstd.o [18]
  .text                 ro code   0x800'a66a    0x22  iarwrite.o [18]
  .text                 ro code   0x800'a68c    0xb4  xfwprep.o [15]
  .text                 ro code   0x800'a740    0x24  fseek.o [15]
  .text                 ro code   0x800'a764    0x9c  xfofind.o [15]
  .text                 ro code   0x800'a800     0x4  heaptramp0.o [15]
  .text                 ro code   0x800'a804    0x7e  fclose.o [15]
  .text                 ro code   0x800'a882    0x18  close.o [18]
  .text                 ro code   0x800'a89a    0x14  remove.o [18]
  .text                 ro code   0x800'a8ae    0x78  lz77_init_single.o [17]
  .text                 ro code   0x800'a926    0x54  fputc.o [15]
  .rodata               const     0x800'a97c    0x40  system_stm32l5xx.o [12]
  .text                 ro code   0x800'a9bc    0x40  xcloseall.o [15]
  .text                 ro code   0x800'a9fc    0x38  stm32l5xx_it.o [3]
  .text                 ro code   0x800'aa34    0x38  zero_init3.o [17]
  .text                 ro code   0x800'aa6c    0x28  data_init.o [17]
  .rodata               const     0x800'aa94    0x24  main.o [3]
  .text                 ro code   0x800'aab8    0x22  fpinit_M.o [16]
  .iar.init_table       const     0x800'aadc    0x20  - Linker created -
  .text                 ro code   0x800'aafc    0x1e  cmain.o [17]
  .text                 ro code   0x800'ab1a     0x4  low_level_init.o [15]
  .text                 ro code   0x800'ab1e     0x4  exit.o [15]
  .text                 ro code   0x800'ab24     0xe  cexit.o [17]
  .text                 ro code   0x800'ab34    0x1c  cstartup_M.o [17]
  .text                 ro code   0x800'ab50    0x16  xprout.o [15]
  .text                 ro code   0x800'ab68     0xc  putchar.o [15]
  .rodata               const     0x800'ab74    0x14  system_obj.o [11]
  .text                 ro code   0x800'ab88    0x10  startup_stm32l552xx.o [1]
  .rodata               const     0x800'ab98     0xc  main.o [3]
  .rodata               const     0x800'aba4     0xc  periodic_conductor.o [9]
  .rodata               const     0x800'abb0     0xc  system_obj.o [11]
  .rodata               const     0x800'abbc     0x8  sevcon_conductor.o [10]
  .rodata               const     0x800'abc4     0x8  system_stm32l5xx.o [12]
  .rodata               const     0x800'abcc     0x8  user_conductor.o [4]
  .rodata               const     0x800'abd4     0x4  gps_conductor.o [6]
  .rodata               const     0x800'abd8     0x4  log_conductor.o [2]
  .text                 ro code   0x800'abdc     0x4  startup_stm32l552xx.o [1]
  .text                 ro code   0x800'abe0     0x4  startup_stm32l552xx.o [1]
  .text                 ro code   0x800'abe4     0x4  startup_stm32l552xx.o [1]
  .text                 ro code   0x800'abe8     0x4  startup_stm32l552xx.o [1]
  .text                 ro code   0x800'abec     0x4  startup_stm32l552xx.o [1]
  .text                 ro code   0x800'abf0     0x4  startup_stm32l552xx.o [1]
  .text                 ro code   0x800'abf4     0x4  startup_stm32l552xx.o [1]
  .text                 ro code   0x800'abf8     0x4  startup_stm32l552xx.o [1]
  .text                 ro code   0x800'abfc     0x4  startup_stm32l552xx.o [1]
  .text                 ro code   0x800'ac00     0x4  startup_stm32l552xx.o [1]
  .text                 ro code   0x800'ac04     0x4  startup_stm32l552xx.o [1]
  .text                 ro code   0x800'ac08     0x4  startup_stm32l552xx.o [1]
  .text                 ro code   0x800'ac0c     0x4  startup_stm32l552xx.o [1]
  .text                 ro code   0x800'ac10     0x4  startup_stm32l552xx.o [1]
  .text                 ro code   0x800'ac14     0x4  startup_stm32l552xx.o [1]
  .text                 ro code   0x800'ac18     0x4  startup_stm32l552xx.o [1]
  .text                 ro code   0x800'ac1c     0x4  startup_stm32l552xx.o [1]
  .text                 ro code   0x800'ac20     0x4  startup_stm32l552xx.o [1]
  .text                 ro code   0x800'ac24     0x4  startup_stm32l552xx.o [1]
  .text                 ro code   0x800'ac28     0x4  startup_stm32l552xx.o [1]
  .text                 ro code   0x800'ac2c     0x4  startup_stm32l552xx.o [1]
  .text                 ro code   0x800'ac30     0x4  startup_stm32l552xx.o [1]
  .text                 ro code   0x800'ac34     0x4  startup_stm32l552xx.o [1]
  .text                 ro code   0x800'ac38     0x4  startup_stm32l552xx.o [1]
  .text                 ro code   0x800'ac3c     0x4  startup_stm32l552xx.o [1]
  .text                 ro code   0x800'ac40     0x4  startup_stm32l552xx.o [1]
  .text                 ro code   0x800'ac44     0x4  startup_stm32l552xx.o [1]
  .text                 ro code   0x800'ac48     0x4  startup_stm32l552xx.o [1]
  .text                 ro code   0x800'ac4c     0x4  startup_stm32l552xx.o [1]
  .text                 ro code   0x800'ac50     0x4  startup_stm32l552xx.o [1]
  .text                 ro code   0x800'ac54     0x4  startup_stm32l552xx.o [1]
  .text                 ro code   0x800'ac58     0x4  startup_stm32l552xx.o [1]
  .text                 ro code   0x800'ac5c     0x4  startup_stm32l552xx.o [1]
  .text                 ro code   0x800'ac60     0x4  startup_stm32l552xx.o [1]
  .text                 ro code   0x800'ac64     0x4  startup_stm32l552xx.o [1]
  .text                 ro code   0x800'ac68     0x4  startup_stm32l552xx.o [1]
  .text                 ro code   0x800'ac6c     0x4  startup_stm32l552xx.o [1]
  .text                 ro code   0x800'ac70     0x4  startup_stm32l552xx.o [1]
  .text                 ro code   0x800'ac74     0x4  startup_stm32l552xx.o [1]
  .text                 ro code   0x800'ac78     0x4  startup_stm32l552xx.o [1]
  .text                 ro code   0x800'ac7c     0x4  startup_stm32l552xx.o [1]
  .text                 ro code   0x800'ac80     0x4  startup_stm32l552xx.o [1]
  .text                 ro code   0x800'ac84     0x4  startup_stm32l552xx.o [1]
  .text                 ro code   0x800'ac88     0x4  startup_stm32l552xx.o [1]
  .text                 ro code   0x800'ac8c     0x4  startup_stm32l552xx.o [1]
  .text                 ro code   0x800'ac90     0x4  startup_stm32l552xx.o [1]
  .text                 ro code   0x800'ac94     0x4  startup_stm32l552xx.o [1]
  .text                 ro code   0x800'ac98     0x4  startup_stm32l552xx.o [1]
  .text                 ro code   0x800'ac9c     0x4  startup_stm32l552xx.o [1]
  .text                 ro code   0x800'aca0     0x4  startup_stm32l552xx.o [1]
  .text                 ro code   0x800'aca4     0x4  startup_stm32l552xx.o [1]
  .text                 ro code   0x800'aca8     0x4  startup_stm32l552xx.o [1]
  .text                 ro code   0x800'acac     0x4  startup_stm32l552xx.o [1]
  .text                 ro code   0x800'acb0     0x4  startup_stm32l552xx.o [1]
  .text                 ro code   0x800'acb4     0x4  startup_stm32l552xx.o [1]
  .text                 ro code   0x800'acb8     0x4  startup_stm32l552xx.o [1]
  .text                 ro code   0x800'acbc     0x4  startup_stm32l552xx.o [1]
  .text                 ro code   0x800'acc0     0x4  startup_stm32l552xx.o [1]
  .text                 ro code   0x800'acc4     0x4  startup_stm32l552xx.o [1]
  .text                 ro code   0x800'acc8     0x4  startup_stm32l552xx.o [1]
  .text                 ro code   0x800'accc     0x4  startup_stm32l552xx.o [1]
  .text                 ro code   0x800'acd0     0x4  startup_stm32l552xx.o [1]
  .text                 ro code   0x800'acd4     0x4  startup_stm32l552xx.o [1]
  .text                 ro code   0x800'acd8     0x4  startup_stm32l552xx.o [1]
  .text                 ro code   0x800'acdc     0x4  startup_stm32l552xx.o [1]
  .text                 ro code   0x800'ace0     0x4  startup_stm32l552xx.o [1]
  .text                 ro code   0x800'ace4     0x4  startup_stm32l552xx.o [1]
  .text                 ro code   0x800'ace8     0x4  startup_stm32l552xx.o [1]
  .text                 ro code   0x800'acec     0x4  startup_stm32l552xx.o [1]
  .text                 ro code   0x800'acf0     0x4  startup_stm32l552xx.o [1]
  .text                 ro code   0x800'acf4     0x4  startup_stm32l552xx.o [1]
  .text                 ro code   0x800'acf8     0x4  startup_stm32l552xx.o [1]
  .text                 ro code   0x800'acfc     0x4  startup_stm32l552xx.o [1]
  .text                 ro code   0x800'ad00     0x4  startup_stm32l552xx.o [1]
  .text                 ro code   0x800'ad04     0x4  startup_stm32l552xx.o [1]
  .text                 ro code   0x800'ad08     0x4  startup_stm32l552xx.o [1]
  .text                 ro code   0x800'ad0c     0x4  startup_stm32l552xx.o [1]
  .text                 ro code   0x800'ad10     0x4  startup_stm32l552xx.o [1]
  .text                 ro code   0x800'ad14     0x4  startup_stm32l552xx.o [1]
  .text                 ro code   0x800'ad18     0x4  startup_stm32l552xx.o [1]
  .text                 ro code   0x800'ad1c     0x4  startup_stm32l552xx.o [1]
  .text                 ro code   0x800'ad20     0x4  startup_stm32l552xx.o [1]
  .text                 ro code   0x800'ad24     0x4  startup_stm32l552xx.o [1]
  .text                 ro code   0x800'ad28     0x4  startup_stm32l552xx.o [1]
  .text                 ro code   0x800'ad2c     0x4  startup_stm32l552xx.o [1]
  .text                 ro code   0x800'ad30     0x4  startup_stm32l552xx.o [1]
  .text                 ro code   0x800'ad34     0x4  startup_stm32l552xx.o [1]
  .text                 ro code   0x800'ad38     0x4  startup_stm32l552xx.o [1]
  .text                 ro code   0x800'ad3c     0x4  startup_stm32l552xx.o [1]
  .text                 ro code   0x800'ad40     0x4  startup_stm32l552xx.o [1]
  .text                 ro code   0x800'ad44     0x4  startup_stm32l552xx.o [1]
  .text                 ro code   0x800'ad48     0x4  startup_stm32l552xx.o [1]
  .text                 ro code   0x800'ad4c     0x4  startup_stm32l552xx.o [1]
  .text                 ro code   0x800'ad50     0x4  startup_stm32l552xx.o [1]
  .text                 ro code   0x800'ad54     0x4  startup_stm32l552xx.o [1]
  .text                 ro code   0x800'ad58     0x4  startup_stm32l552xx.o [1]
  .text                 ro code   0x800'ad5c     0x4  startup_stm32l552xx.o [1]
  .text                 ro code   0x800'ad60     0x4  startup_stm32l552xx.o [1]
  .text                 ro code   0x800'ad64     0x4  startup_stm32l552xx.o [1]
  .text                 ro code   0x800'ad68     0x4  startup_stm32l552xx.o [1]
  .text                 ro code   0x800'ad6c     0x0  cstart_closeall.o [17]
  .rodata               const     0x800'ad6c     0x0  zero_init3.o [17]
  .rodata               const     0x800'ad6c     0x0  lz77_init_single.o [17]
  Initializer bytes     const     0x800'ad6c   0x11c  <for P2-P3-1>
                                - 0x800'ae88  0xac94

"P2-P3", part 1 of 3:                          0x345
  P2-P3-1                        0x2000'0000   0x345  <Init block>
    .data               inited   0x2000'0000    0x2c  can_api.o [7]
    .data               inited   0x2000'002c    0x24  flight_controller_conductor.o [5]
    .data               inited   0x2000'0050    0x18  gpio_api.o [7]
    .data               inited   0x2000'0068    0x28  gps_conductor.o [6]
    .data               inited   0x2000'0090    0x28  log_conductor.o [2]
    .data               inited   0x2000'00b8    0x24  periodic_conductor.o [9]
    .data               inited   0x2000'00dc     0x4  port.o [14]
    .data               inited   0x2000'00e0    0x24  sevcon_conductor.o [10]
    .data               inited   0x2000'0104    0x18  sevcon_driver_dictionary.o [10]
    .data               inited   0x2000'011c     0xc  stm32l5xx_hal.o [13]
    .data               inited   0x2000'0128     0xc  system_obj.o [11]
    .data               inited   0x2000'0134    0x3c  system_obj.o [11]
    .data               inited   0x2000'0170    0x10  system_obj.o [11]
    .data               inited   0x2000'0180    0x20  system_obj.o [11]
    .data               inited   0x2000'01a0     0x8  system_obj.o [11]
    .data               inited   0x2000'01a8     0xc  system_obj.o [11]
    .data               inited   0x2000'01b4     0x4  system_stm32l5xx.o [12]
    .data               inited   0x2000'01b8    0x2c  uart_api.o [7]
    .data               inited   0x2000'01e4    0x28  user_conductor.o [4]
    .data               inited   0x2000'020c    0x38  xlocale_c.o [15]
    .data               inited   0x2000'0244    0x48  xfiles.o [15]
    .data               inited   0x2000'028c    0x48  xfiles.o [15]
    .data               inited   0x2000'02d4    0x48  xfiles.o [15]
    .data               inited   0x2000'031c    0x20  xfiles.o [15]
    .data               inited   0x2000'033c     0x8  XShttio.o [15]
    .data               inited   0x2000'0344     0x1  system_api.o [11]
                               - 0x2000'0345   0x345

"P2-P3", part 2 of 3:                         0x3920
  .bss                  zero     0x2000'0348  0x2020  heap_4.o [14]
  .bss                  zero     0x2000'2368   0x48a  log_driver.o [2]
  .bss                  zero     0x2000'27f4   0x460  tasks.o [14]
  .bss                  zero     0x2000'2c54   0x45c  cmsis_os2.o [14]
  .bss                  zero     0x2000'30b0   0x2c8  main.o [3]
  .bss                  zero     0x2000'3378   0x25c  cmsis_os2.o [14]
  .bss                  zero     0x2000'35d4   0x1d8  dlmalloc.o [15]
  .bss                  zero     0x2000'37ac   0x12c  timers.o [14]
  .bss                  zero     0x2000'38d8    0x9c  tasks.o [14]
  .bss                  zero     0x2000'3974    0x80  XShHandles.o [15]
  .bss                  zero     0x2000'39f4    0x68  main.o [3]
  .bss                  zero     0x2000'3a5c    0x50  xfiles.o [15]
  .bss                  zero     0x2000'3aac    0x50  xfiles.o [15]
  .bss                  zero     0x2000'3afc    0x40  queue.o [14]
  .bss                  zero     0x2000'3b3c    0x2c  uart_api.o [7]
  .bss                  zero     0x2000'3b68    0x24  periodic_driver.o [9]
  .bss                  zero     0x2000'3b8c    0x24  periodic_driver.o [9]
  .bss                  zero     0x2000'3bb0    0x24  periodic_driver.o [9]
  .bss                  zero     0x2000'3bd4    0x24  periodic_driver.o [9]
  .bss                  zero     0x2000'3bf8    0x18  adc_api.o [7]
  .bss                  zero     0x2000'3c10    0x18  dlmalloc.o [15]
  .bss                  zero     0x2000'3c28    0x14  gps_hdwr.o [6]
  .bss                  zero     0x2000'3c3c    0x10  sevcon_hdwr.o [10]
  .bss                  zero     0x2000'3c4c     0x8  flight_controller_driver.o [5]
  .bss                  zero     0x2000'3c54     0x4  can_api.o [7]
  .bss                  zero     0x2000'3c58     0x4  cmsis_os2.o [14]
  .bss                  zero     0x2000'3c5c     0x4  periodic_conductor.o [9]
  .bss                  zero     0x2000'3c60     0x4  xfail_s.o [15]
  .bss                  zero     0x2000'3c64     0x4  xgetmemchunk.o [15]
                               - 0x2000'3c68  0x3920

"P2-P3", part 3 of 3:                          0x600
  CSTACK                         0x2000'3c68   0x400  <Block>
    CSTACK              uninit   0x2000'3c68   0x400  <Block tail>
  HEAP                           0x2000'4068   0x200  <Block>
    HEAP                uninit   0x2000'4068   0x200  <Block tail>
                               - 0x2000'4268   0x600

Unused ranges:

         From           To      Size
         ----           --      ----
   0x800'ae88   0x807'ffff  0x7'5178
  0x2000'0345  0x2000'0347       0x3
  0x2000'4268  0x2002'ffff  0x2'bd98


*******************************************************************************
*** INIT TABLE
***

          Address      Size
          -------      ----
Zero (__iar_zero_init3)
    1 destination range, total size 0x3920:
          0x2000'0348  0x3920

Copy/lz77 (__iar_lz77_init_single3)
    1 source range, total size 0x11c (33% of destination):
           0x800'ad6c   0x11c
    1 destination range, total size 0x345:
          0x2000'0000   0x345



*******************************************************************************
*** MODULE SUMMARY
***

    Module                         ro code  ro data  rw data
    ------                         -------  -------  -------
command line/config:
    --------------------------------------------------------
    Total:

D:\Proyectos\STM32\kart\EWARM\kart\Obj\Application\EWARM: [1]
    startup_stm32l552xx.o              916
    --------------------------------------------------------
    Total:                             916

D:\Proyectos\STM32\kart\EWARM\kart\Obj\Application\LOG\src: [2]
    log_api.o                           20
    log_conductor.o                    100       18       40
    log_driver.o                        80             1'162
    --------------------------------------------------------
    Total:                             200       18    1'202

D:\Proyectos\STM32\kart\EWARM\kart\Obj\Application\User: [3]
    main.o                           1'526       48      816
    stm32l5xx_hal_msp.o              1'060
    stm32l5xx_it.o                      56
    --------------------------------------------------------
    Total:                           2'642       48      816

D:\Proyectos\STM32\kart\EWARM\kart\Obj\Application\User\src: [4]
    user_api.o                          16
    user_conductor.o                    76       21       40
    user_hdwr.o                         38
    --------------------------------------------------------
    Total:                             130       21       40

D:\Proyectos\STM32\kart\EWARM\kart\Obj\Application\flight_controller\src: [5]
    flight_controller_api.o             32
    flight_controller_conductor.o      152       13       36
    flight_controller_driver.o         256                 8
    flight_controller_hdwr.o           188
    --------------------------------------------------------
    Total:                             628       13       44

D:\Proyectos\STM32\kart\EWARM\kart\Obj\Application\gps\src: [6]
    gps_api.o                           10
    gps_conductor.o                     80       17       40
    gps_driver.o                       248
    gps_hdwr.o                         180                20
    --------------------------------------------------------
    Total:                             518       17       60

D:\Proyectos\STM32\kart\EWARM\kart\Obj\Application\hdwr\src: [7]
    adc_api.o                          188                24
    can_api.o                          460       14       48
    fifo_api.o                          70
    gpio_api.o                          80        8       24
    pwm_api.o                          464
    uart_api.o                         262       15       88
    --------------------------------------------------------
    Total:                           1'524       37      184

D:\Proyectos\STM32\kart\EWARM\kart\Obj\Application\heartbeat\src: [8]
    heartbeat_api.o                     96
    --------------------------------------------------------
    Total:                              96

D:\Proyectos\STM32\kart\EWARM\kart\Obj\Application\periodic\src: [9]
    periodic_api.o                      36
    periodic_conductor.o               160       24       40
    periodic_driver.o                  236               144
    --------------------------------------------------------
    Total:                             432       24      184

D:\Proyectos\STM32\kart\EWARM\kart\Obj\Application\sevcon\src: [10]
    sevcon_api.o                        12
    sevcon_conductor.o                  96       20       36
    sevcon_driver.o                    388
    sevcon_driver_dictionary.o          48        8       24
    sevcon_hdwr.o                      110                16
    --------------------------------------------------------
    Total:                             654       28       76

D:\Proyectos\STM32\kart\EWARM\kart\Obj\Application\system\src: [11]
    system_api.o                       116        1        1
    system_obj.o                                 79      140
    --------------------------------------------------------
    Total:                             116       80      141

D:\Proyectos\STM32\kart\EWARM\kart\Obj\Drivers\CMSIS: [12]
    system_stm32l5xx.o                 200       74        4
    --------------------------------------------------------
    Total:                             200       74        4

D:\Proyectos\STM32\kart\EWARM\kart\Obj\Drivers\STM32L5xx_HAL_Driver: [13]
    stm32l5xx_hal.o                    114        4       12
    stm32l5xx_hal_adc.o              2'032
    stm32l5xx_hal_adc_ex.o             352
    stm32l5xx_hal_cortex.o             232
    stm32l5xx_hal_dma.o              1'020
    stm32l5xx_hal_fdcan.o            1'386
    stm32l5xx_hal_gpio.o               472
    stm32l5xx_hal_pwr.o                 16
    stm32l5xx_hal_pwr_ex.o             192
    stm32l5xx_hal_rcc.o              2'204
    stm32l5xx_hal_rcc_ex.o           1'444
    stm32l5xx_hal_rtc.o                332
    stm32l5xx_hal_rtc_ex.o              52
    stm32l5xx_hal_spi.o                224
    stm32l5xx_hal_tim.o              1'858
    stm32l5xx_hal_tim_ex.o             148
    stm32l5xx_hal_uart.o             2'976
    stm32l5xx_hal_uart_ex.o            254
    --------------------------------------------------------
    Total:                          15'308        4       12

D:\Proyectos\STM32\kart\EWARM\kart\Obj\Middlewares\FreeRTOS: [14]
    cmsis_os2.o                        808             1'724
    heap_4.o                           404             8'224
    list.o                             146
    port.o                             404        2        4
    portasm.o                          200
    queue.o                          1'428                64
    tasks.o                          2'000             1'276
    timers.o                           820               300
    --------------------------------------------------------
    Total:                           6'210        2   11'592

dl7M_tlf.a: [15]
    XShHandles.o                       204               128
    XShttio.o                            8        3        8
    abort.o                              6
    dlmalloc.o                       5'396               496
    exit.o                               4
    fclose.o                           126
    fflush.o                           172
    fputc.o                             84
    fseek.o                             36
    heaptramp0.o                         4
    low_level_init.o                     4
    printf.o                            40
    putchar.o                           12
    sprintf.o                           64
    xcloseall.o                         64
    xfail_s.o                           64                 4
    xfgpos.o                            12
    xfiles.o                                     84      408
    xfofind.o                          156
    xfspos.o                           216
    xfwprep.o                          180
    xgetmemchunk.o                      44                 4
    xlocale_c.o                          8       22       56
    xprintffull_nomb.o               3'886
    xprout.o                            22
    xsprout.o                           10
    --------------------------------------------------------
    Total:                          10'822      109    1'104

m7M_tls.a: [16]
    DblAddSub.o                        606
    DblCmpGe.o                          52
    DblCmpLe.o                          52
    DblDiv.o                           582
    DblMul.o                           426
    DblToFlt.o                         104
    DblToS32.o                          54
    DblToU32.o                          34
    FltToDbl.o                          72
    S32ToDbl.o                          34
    U32ToDbl.o                          28
    fpinit_M.o                          34
    frexp.o                            112
    ldexp.o                            314
    --------------------------------------------------------
    Total:                           2'504

rt7M_tl.a: [17]
    ABImemclr.o                          6
    ABImemcpy_small.o                   24
    ABImemset48.o                       58
    ABImemset_small.o                   18
    I64DivMod_small.o                  262
    I64DivZer.o                          2
    cexit.o                             14
    cmain.o                             30
    cstart_closeall.o
    cstartup_M.o                        28
    data_init.o                         40
    lz77_init_single.o                 120
    memchr.o                            88
    memset.o                            20
    strchr.o                            22
    strlen.o                            54
    zero_init3.o                        56
    --------------------------------------------------------
    Total:                             842

shb_l.a: [18]
    close.o                             24
    dwrite.o                            30
    exit.o                              20
    iarttio.o                          124
    iarwrite.o                          34
    iarwstd.o                           32
    lseek.o                             78
    remove.o                            20
    write.o                             16
    --------------------------------------------------------
    Total:                             378

    Gaps                                49        4        2
    Linker created                               32    1'536
------------------------------------------------------------
    Grand Total:                    44'169      511   16'997


*******************************************************************************
*** ENTRY LIST
***

Entry                       Address    Size  Type      Object
-----                       -------    ----  ----      ------
.iar.init_table$$Base    0x800'aadc           --   Gb  - Linker created -
.iar.init_table$$Limit   0x800'aafc           --   Gb  - Linker created -
?main                    0x800'aafd          Code  Gb  cmain.o [17]
ADC_DMAConvCplt          0x800'6a09    0x6c  Code  Gb  stm32l5xx_hal_adc.o [13]
ADC_DMAError             0x800'6a7d    0x16  Code  Gb  stm32l5xx_hal_adc.o [13]
ADC_DMAHalfConvCplt      0x800'6a75     0x6  Code  Gb  stm32l5xx_hal_adc.o [13]
ADC_Disable              0x800'6967    0x6a  Code  Gb  stm32l5xx_hal_adc.o [13]
ADC_Enable               0x800'68f5    0x58  Code  Gb  stm32l5xx_hal_adc.o [13]
AHBPrescTable            0x800'8ce8    0x10  Data  Gb  system_stm32l5xx.o [12]
APBPrescTable            0x800'abc4     0x8  Data  Gb  system_stm32l5xx.o [12]
BusFault_Handler         0x800'aa03     0x2  Code  Gb  stm32l5xx_it.o [3]
CSTACK$$Base            0x2000'3c68           --   Gb  - Linker created -
CSTACK$$Limit           0x2000'4068           --   Gb  - Linker created -
DLCtoBytes               0x800'7b70    0x10  Data  Lc  stm32l5xx_hal_fdcan.o [13]
DMA1_Channel1_IRQHandler
                         0x800'aa09     0x6  Code  Gb  stm32l5xx_it.o [3]
DMA_CalcDMAMUXChannelBaseAndMask
                         0x800'457d    0x3a  Code  Lc  stm32l5xx_hal_dma.o [13]
DMA_CalcDMAMUXRequestGenBaseAndMask
                         0x800'45b7    0x1c  Code  Lc  stm32l5xx_hal_dma.o [13]
DMA_SetConfig            0x800'4545    0x38  Code  Lc  stm32l5xx_hal_dma.o [13]
DebugMon_Handler         0x800'aa07     0x2  Code  Gb  stm32l5xx_it.o [3]
Error_Handler            0x800'5753     0x4  Code  Gb  main.o [3]
FDCAN1_IT0_IRQHandler    0x800'aa0f     0x2  Code  Gb  stm32l5xx_it.o [3]
FDCAN1_IT1_IRQHandler    0x800'aa11     0x2  Code  Gb  stm32l5xx_it.o [3]
HAL_ADCEx_Calibration_Start
                         0x800'6a95    0x8c  Code  Gb  stm32l5xx_hal_adc_ex.o [13]
HAL_ADCEx_MultiModeConfigChannel
                         0x800'6b31    0xae  Code  Gb  stm32l5xx_hal_adc_ex.o [13]
HAL_ADC_ConfigChannel    0x800'658d   0x2fe  Code  Gb  stm32l5xx_hal_adc.o [13]
HAL_ADC_ConvCpltCallback
                         0x800'8cf9     0x2  Code  Gb  stm32l5xx_hal_adc.o [13]
HAL_ADC_ConvHalfCpltCallback
                         0x800'8cfd     0x2  Code  Gb  stm32l5xx_hal_adc.o [13]
HAL_ADC_ErrorCallback    0x800'8cfb     0x2  Code  Gb  stm32l5xx_hal_adc.o [13]
HAL_ADC_Init             0x800'62fb   0x196  Code  Gb  stm32l5xx_hal_adc.o [13]
HAL_ADC_MspInit          0x800'3e1b    0xf6  Code  Gb  stm32l5xx_hal_msp.o [3]
HAL_ADC_Start_DMA        0x800'6491    0xd8  Code  Gb  stm32l5xx_hal_adc.o [13]
HAL_DMA_Abort            0x800'434f    0x66  Code  Gb  stm32l5xx_hal_dma.o [13]
HAL_DMA_Abort_IT         0x800'43b5    0x6c  Code  Gb  stm32l5xx_hal_dma.o [13]
HAL_DMA_ConfigChannelAttributes
                         0x800'4525    0x20  Code  Gb  stm32l5xx_hal_dma.o [13]
HAL_DMA_IRQHandler       0x800'442b    0xe8  Code  Gb  stm32l5xx_hal_dma.o [13]
HAL_DMA_Init             0x800'4201    0x86  Code  Gb  stm32l5xx_hal_dma.o [13]
HAL_DMA_Start_IT         0x800'42d1    0x7e  Code  Gb  stm32l5xx_hal_dma.o [13]
HAL_FDCAN_ActivateNotification
                         0x800'7919    0xe8  Code  Gb  stm32l5xx_hal_fdcan.o [13]
HAL_FDCAN_ErrorCallback
                         0x800'8edf     0x2  Code  Gb  stm32l5xx_hal_fdcan.o [13]
HAL_FDCAN_ErrorStatusCallback
                         0x800'8edd     0x2  Code  Gb  stm32l5xx_hal_fdcan.o [13]
HAL_FDCAN_GetRxMessage   0x800'7843    0xd6  Code  Gb  stm32l5xx_hal_fdcan.o [13]
HAL_FDCAN_HighPriorityMessageCallback
                         0x800'8d01     0x2  Code  Gb  stm32l5xx_hal_fdcan.o [13]
HAL_FDCAN_IRQHandler     0x800'7a0d   0x162  Code  Gb  stm32l5xx_hal_fdcan.o [13]
HAL_FDCAN_Init           0x800'7629   0x1be  Code  Gb  stm32l5xx_hal_fdcan.o [13]
HAL_FDCAN_MspInit        0x800'3f1f    0x88  Code  Gb  stm32l5xx_hal_msp.o [3]
HAL_FDCAN_RxFifo0Callback
                         0x800'8ea5     0x4  Code  Gb  can_api.o [7]
HAL_FDCAN_RxFifo1Callback
                         0x800'8ea9     0x4  Code  Gb  can_api.o [7]
HAL_FDCAN_Start          0x800'7823    0x20  Code  Gb  stm32l5xx_hal_fdcan.o [13]
HAL_FDCAN_TimeoutOccurredCallback
                         0x800'8edb     0x2  Code  Gb  stm32l5xx_hal_fdcan.o [13]
HAL_FDCAN_TimestampWraparoundCallback
                         0x800'8ed9     0x2  Code  Gb  stm32l5xx_hal_fdcan.o [13]
HAL_FDCAN_TxBufferAbortCallback
                         0x800'8d03     0x2  Code  Gb  stm32l5xx_hal_fdcan.o [13]
HAL_FDCAN_TxBufferCompleteCallback
                         0x800'8ed7     0x2  Code  Gb  stm32l5xx_hal_fdcan.o [13]
HAL_FDCAN_TxEventFifoCallback
                         0x800'8d05     0x2  Code  Gb  stm32l5xx_hal_fdcan.o [13]
HAL_FDCAN_TxFifoEmptyCallback
                         0x800'8ed5     0x2  Code  Gb  stm32l5xx_hal_fdcan.o [13]
HAL_GPIO_Init            0x800'5759   0x196  Code  Gb  stm32l5xx_hal_gpio.o [13]
HAL_GPIO_TogglePin       0x800'58f9    0x10  Code  Gb  stm32l5xx_hal_gpio.o [13]
HAL_GPIO_WritePin        0x800'58ef     0xa  Code  Gb  stm32l5xx_hal_gpio.o [13]
HAL_GetTick              0x800'4fad     0xc  Code  Gb  stm32l5xx_hal.o [13]
HAL_Init                 0x800'6285    0x22  Code  Gb  stm32l5xx_hal.o [13]
HAL_InitTick             0x800'6241    0x44  Code  Gb  stm32l5xx_hal.o [13]
HAL_MspInit              0x800'3ddd    0x3e  Code  Gb  stm32l5xx_hal_msp.o [3]
HAL_NVIC_DisableIRQ      0x800'503f    0x1e  Code  Gb  stm32l5xx_hal_cortex.o [13]
HAL_NVIC_EnableIRQ       0x800'5029    0x16  Code  Gb  stm32l5xx_hal_cortex.o [13]
HAL_NVIC_SetPriority     0x800'4fed    0x3a  Code  Gb  stm32l5xx_hal_cortex.o [13]
HAL_NVIC_SetPriorityGrouping
                         0x800'4fd3    0x1a  Code  Gb  stm32l5xx_hal_cortex.o [13]
HAL_PWREx_ControlVoltageScaling
                         0x800'50ad    0x66  Code  Gb  stm32l5xx_hal_pwr_ex.o [13]
HAL_PWREx_DisableUCPDDeadBattery
                         0x800'5121     0x2  Code  Gb  stm32l5xx_hal_pwr_ex.o [13]
HAL_PWREx_EnableVddIO2   0x800'5113     0xe  Code  Gb  stm32l5xx_hal_pwr_ex.o [13]
HAL_PWREx_GetVoltageRange
                         0x800'50a1     0xc  Code  Gb  stm32l5xx_hal_pwr_ex.o [13]
HAL_PWREx_SMPS_GetEffectiveMode
                         0x800'512d    0x1c  Code  Gb  stm32l5xx_hal_pwr_ex.o [13]
HAL_PWR_EnableBkUpAccess
                         0x800'7ced     0xc  Code  Gb  stm32l5xx_hal_pwr.o [13]
HAL_RCCEx_PeriphCLKConfig
                         0x800'5931   0x3d6  Code  Gb  stm32l5xx_hal_rcc_ex.o [13]
HAL_RCC_ClockConfig      0x800'4c63   0x18e  Code  Gb  stm32l5xx_hal_rcc.o [13]
HAL_RCC_GetHCLKFreq      0x800'4eb3    0x12  Code  Gb  stm32l5xx_hal_rcc.o [13]
HAL_RCC_GetPCLK1Freq     0x800'4ec5     0xe  Code  Gb  stm32l5xx_hal_rcc.o [13]
HAL_RCC_GetPCLK2Freq     0x800'4ed9    0x10  Code  Gb  stm32l5xx_hal_rcc.o [13]
HAL_RCC_GetSysClockFreq
                         0x800'4e1d    0x96  Code  Gb  stm32l5xx_hal_rcc.o [13]
HAL_RCC_OscConfig        0x800'4711   0x526  Code  Gb  stm32l5xx_hal_rcc.o [13]
HAL_RTCEx_PrivilegeModeSet
                         0x800'6d41    0x2c  Code  Gb  stm32l5xx_hal_rtc_ex.o [13]
HAL_RTC_Init             0x800'6bf5    0x86  Code  Gb  stm32l5xx_hal_rtc.o [13]
HAL_RTC_MspInit          0x800'40a9    0x50  Code  Gb  stm32l5xx_hal_msp.o [3]
HAL_RTC_WaitForSynchro   0x800'6c7b    0x2e  Code  Gb  stm32l5xx_hal_rtc.o [13]
HAL_SPI_Init             0x800'6d75    0xd4  Code  Gb  stm32l5xx_hal_spi.o [13]
HAL_SPI_MspInit          0x800'40f9    0x4e  Code  Gb  stm32l5xx_hal_msp.o [3]
HAL_SYSTICK_Config       0x800'505d    0x28  Code  Gb  stm32l5xx_hal_cortex.o [13]
HAL_TIMEx_MasterConfigSynchronization
                         0x800'7595    0x7a  Code  Gb  stm32l5xx_hal_tim_ex.o [13]
HAL_TIM_Base_Init        0x800'6e55    0x1a  Code  Gb  stm32l5xx_hal_tim.o [13]
HAL_TIM_Base_MspInit     0x800'4161    0x22  Code  Gb  stm32l5xx_hal_msp.o [3]
HAL_TIM_ConfigClockSource
                         0x800'7105    0x90  Code  Gb  stm32l5xx_hal_tim.o [13]
HAL_TIM_MspPostInit      0x800'4183    0x3a  Code  Gb  stm32l5xx_hal_msp.o [3]
HAL_TIM_PWM_ConfigChannel
                         0x800'6ff7   0x102  Code  Gb  stm32l5xx_hal_tim.o [13]
HAL_TIM_PWM_Init         0x800'6e99    0x1a  Code  Gb  stm32l5xx_hal_tim.o [13]
HAL_TIM_PWM_MspInit      0x800'8cff     0x2  Code  Gb  stm32l5xx_hal_tim.o [13]
HAL_TIM_PWM_Start        0x800'6eb3    0xc4  Code  Gb  stm32l5xx_hal_tim.o [13]
HAL_UARTEx_DisableFifoMode
                         0x800'7b81    0x3c  Code  Gb  stm32l5xx_hal_uart_ex.o [13]
HAL_UARTEx_RxEventCallback
                         0x800'45ff     0x2  Code  Gb  stm32l5xx_hal_uart.o [13]
HAL_UARTEx_RxFifoFullCallback
                         0x800'470d     0x2  Code  Gb  stm32l5xx_hal_uart_ex.o [13]
HAL_UARTEx_SetRxFifoThreshold
                         0x800'7bd3    0x14  Code  Gb  stm32l5xx_hal_uart_ex.o [13]
HAL_UARTEx_SetTxFifoThreshold
                         0x800'7bbd    0x16  Code  Gb  stm32l5xx_hal_uart_ex.o [13]
HAL_UARTEx_TxFifoEmptyCallback
                         0x800'470b     0x2  Code  Gb  stm32l5xx_hal_uart_ex.o [13]
HAL_UARTEx_WakeupCallback
                         0x800'4601     0x2  Code  Gb  stm32l5xx_hal_uart_ex.o [13]
HAL_UART_ErrorCallback   0x800'45fd     0x2  Code  Gb  stm32l5xx_hal_uart.o [13]
HAL_UART_IRQHandler      0x800'3323   0x27c  Code  Gb  stm32l5xx_hal_uart.o [13]
HAL_UART_Init            0x800'3241    0x30  Code  Gb  stm32l5xx_hal_uart.o [13]
HAL_UART_MspInit         0x800'3fb7    0xe6  Code  Gb  stm32l5xx_hal_msp.o [3]
HAL_UART_Receive_IT      0x800'32c1    0x2c  Code  Gb  stm32l5xx_hal_uart.o [13]
HAL_UART_RxCpltCallback
                         0x800'46bf    0x34  Code  Gb  uart_api.o [7]
HAL_UART_TxCpltCallback
                         0x800'4709     0x2  Code  Gb  uart_api.o [7]
HEAP$$Base              0x2000'4068           --   Gb  - Linker created -
HEAP$$Limit             0x2000'4268           --   Gb  - Linker created -
HardFault_Handler        0x800'a9ff     0x2  Code  Gb  stm32l5xx_it.o [3]
KernelState             0x2000'3c58     0x4  Data  Lc  cmsis_os2.o [14]
LL_ADC_GetOffsetChannel
                         0x800'62a9     0xe  Code  Lc  stm32l5xx_hal_adc.o [13]
LL_ADC_REG_IsTriggerSourceSWStart
                         0x800'62c9     0xe  Code  Lc  stm32l5xx_hal_adc.o [13]
LL_ADC_SetChannelSamplingTime
                         0x800'62d7    0x24  Code  Lc  stm32l5xx_hal_adc.o [13]
LL_ADC_SetOffsetState    0x800'62b7    0x12  Code  Lc  stm32l5xx_hal_adc.o [13]
LPUART1_IRQHandler       0x800'aa1f     0x6  Code  Gb  stm32l5xx_it.o [3]
MSIRangeTable            0x800'a97c    0x40  Data  Gb  system_stm32l5xx.o [12]
MX_DMA_Init              0x800'56b7    0x3c  Code  Lc  main.o [3]
MemManage_Handler        0x800'aa01     0x2  Code  Gb  stm32l5xx_it.o [3]
NMI_Handler              0x800'a9fd     0x2  Code  Gb  stm32l5xx_it.o [3]
PendSV_Handler           0x800'9115          Code  Gb  portasm.o [14]
RCCEx_PLLSAI1_Config     0x800'5d31    0xd6  Code  Lc  stm32l5xx_hal_rcc_ex.o [13]
RCCEx_PLLSAI2_Config     0x800'5e0d    0xa8  Code  Lc  stm32l5xx_hal_rcc_ex.o [13]
RCC_SetFlashLatencyFromMSIRange
                         0x800'4ef5    0x78  Code  Lc  stm32l5xx_hal_rcc.o [13]
RTC_EnterInitMode        0x800'6ca9    0x40  Code  Gb  stm32l5xx_hal_rtc.o [13]
RTC_ExitInitMode         0x800'6ce9    0x4c  Code  Gb  stm32l5xx_hal_rtc.o [13]
Region$$Table$$Base      0x800'aadc           --   Gb  - Linker created -
Region$$Table$$Limit     0x800'aafc           --   Gb  - Linker created -
SVC_Handler              0x800'9159          Code  Gb  portasm.o [14]
StartDefaultTask         0x800'5749     0xa  Code  Gb  main.o [3]
SysTick_Handler          0x800'5ee9    0x1a  Code  Gb  cmsis_os2.o [14]
SystemClock_Config       0x800'5629    0x84  Code  Gb  main.o [3]
SystemCoreClock         0x2000'01b4     0x4  Data  Gb  system_stm32l5xx.o [12]
SystemCoreClockUpdate    0x800'8c3d    0x8e  Code  Gb  system_stm32l5xx.o [12]
SystemInit               0x800'8c31     0xc  Code  Gb  system_stm32l5xx.o [12]
TIM_Base_SetConfig       0x800'71c1    0xac  Code  Gb  stm32l5xx_hal_tim.o [13]
TIM_CCxChannelCmd        0x800'7579    0x1c  Code  Gb  stm32l5xx_hal_tim.o [13]
TIM_ETR_SetConfig        0x800'7565    0x14  Code  Gb  stm32l5xx_hal_tim.o [13]
TIM_ITRx_SetConfig       0x800'7519    0x10  Code  Lc  stm32l5xx_hal_tim.o [13]
TIM_OC1_SetConfig        0x800'726d    0x84  Code  Lc  stm32l5xx_hal_tim.o [13]
TIM_OC2_SetConfig        0x800'72f1    0x74  Code  Gb  stm32l5xx_hal_tim.o [13]
TIM_OC3_SetConfig        0x800'7365    0x70  Code  Lc  stm32l5xx_hal_tim.o [13]
TIM_OC4_SetConfig        0x800'73d5    0x4e  Code  Lc  stm32l5xx_hal_tim.o [13]
TIM_OC5_SetConfig        0x800'7423    0x54  Code  Lc  stm32l5xx_hal_tim.o [13]
TIM_OC6_SetConfig        0x800'7477    0x4e  Code  Lc  stm32l5xx_hal_tim.o [13]
TIM_TI1_ConfigInputStage
                         0x800'74d3    0x22  Code  Lc  stm32l5xx_hal_tim.o [13]
TIM_TI2_ConfigInputStage
                         0x800'74f5    0x24  Code  Lc  stm32l5xx_hal_tim.o [13]
UARTEx_SetNbDataToProcess
                         0x800'7c29    0x3e  Code  Lc  stm32l5xx_hal_uart_ex.o [13]
UARTEx_SetNbDataToProcess::denominator
                         0x800'7c70     0x8  Data  Lc  stm32l5xx_hal_uart_ex.o [13]
UARTEx_SetNbDataToProcess::numerator
                         0x800'7c68     0x8  Data  Lc  stm32l5xx_hal_uart_ex.o [13]
UARTPrescTable           0x800'3dc4    0x18  Data  Gb  stm32l5xx_hal_uart.o [13]
UART_AdvFeatureConfig    0x800'383f    0xc6  Code  Gb  stm32l5xx_hal_uart.o [13]
UART_CheckIdleState      0x800'3905    0x5c  Code  Gb  stm32l5xx_hal_uart.o [13]
UART_DMAAbortOnError     0x800'3af1    0x10  Code  Lc  stm32l5xx_hal_uart.o [13]
UART_EndRxTransfer       0x800'3ab3    0x34  Code  Lc  stm32l5xx_hal_uart.o [13]
UART_RxISR_16BIT         0x800'3b29    0x28  Code  Lc  stm32l5xx_hal_uart.o [13]
UART_RxISR_16BIT_FIFOEN
                         0x800'3c49    0x92  Code  Lc  stm32l5xx_hal_uart.o [13]
UART_RxISR_8BIT          0x800'3b01    0x28  Code  Lc  stm32l5xx_hal_uart.o [13]
UART_RxISR_8BIT_FIFOEN   0x800'3bad    0x92  Code  Lc  stm32l5xx_hal_uart.o [13]
UART_SetConfig           0x800'35a1   0x286  Code  Gb  stm32l5xx_hal_uart.o [13]
UART_Start_Receive_IT    0x800'39e9    0xca  Code  Gb  stm32l5xx_hal_uart.o [13]
UART_WaitOnFlagUntilTimeout
                         0x800'3961    0x6a  Code  Gb  stm32l5xx_hal_uart.o [13]
USART3_IRQHandler        0x800'aa19     0x6  Code  Gb  stm32l5xx_it.o [3]
UsageFault_Handler       0x800'aa05     0x2  Code  Gb  stm32l5xx_it.o [3]
_Close_all               0x800'a9bd    0x40  Code  Gb  xcloseall.o [15]
_Files                  0x2000'031c    0x20  Data  Gb  xfiles.o [15]
_Fofree                  0x800'a765    0x96  Code  Gb  xfofind.o [15]
_Fspos                   0x800'a371    0xd8  Code  Gb  xfspos.o [15]
_Fwprep                  0x800'a68d    0xb4  Code  Gb  xfwprep.o [15]
_LitobFullNoMb           0x800'252d   0x10c  Code  Lc  xprintffull_nomb.o [15]
_Locale_lconv           0x2000'020c    0x38  Data  Lc  xlocale_c.o [15]
_Nnl                     0x800'a4f5     0xc  Code  Gb  xfgpos.o [15]
_PrintfFullNoMb          0x800'17f9   0xd06  Code  Gb  xprintffull_nomb.o [15]
_Prout                   0x800'ab51    0x16  Code  Gb  xprout.o [15]
_PutcharFullNoMb         0x800'2691    0x20  Code  Lc  xprintffull_nomb.o [15]
_PutcharsFullNoMb        0x800'26b1    0x2e  Code  Lc  xprintffull_nomb.o [15]
_SProut                  0x800'170f     0xa  Code  Gb  xsprout.o [15]
__NVIC_SetPriority       0x800'4fb9    0x1a  Code  Lc  stm32l5xx_hal_cortex.o [13]
__Vectors                0x800'0000           --   Gb  startup_stm32l552xx.o [1]
__Vectors_End            0x800'01f4          Data  Gb  startup_stm32l552xx.o [1]
__Vectors_Size {Abs}          0x1f4           --   Gb  startup_stm32l552xx.o [1]
__aeabi_cdcmple          0x800'2899          Code  Gb  DblCmpLe.o [16]
__aeabi_cdrcmple         0x800'28cd          Code  Gb  DblCmpGe.o [16]
__aeabi_d2f              0x800'99c1          Code  Gb  DblToFlt.o [16]
__aeabi_d2iz             0x800'2a3d          Code  Gb  DblToS32.o [16]
__aeabi_d2uiz            0x800'2f41          Code  Gb  DblToU32.o [16]
__aeabi_dadd             0x800'2a99          Code  Gb  DblAddSub.o [16]
__aeabi_ddiv             0x800'2cf9          Code  Gb  DblDiv.o [16]
__aeabi_dmul             0x800'2f81          Code  Gb  DblMul.o [16]
__aeabi_dsub             0x800'2c15          Code  Gb  DblAddSub.o [16]
__aeabi_f2d              0x800'9a29          Code  Gb  FltToDbl.o [16]
__aeabi_i2d              0x800'2a75          Code  Gb  S32ToDbl.o [16]
__aeabi_ldiv0            0x800'323d          Code  Gb  I64DivZer.o [17]
__aeabi_memclr           0x800'1745          Code  Gb  ABImemclr.o [17]
__aeabi_memset4          0x800'9309          Code  Gb  ABImemset48.o [17]
__aeabi_memset8          0x800'9309          Code  Gb  ABImemset48.o [17]
__aeabi_ui2d             0x800'2f65          Code  Gb  U32ToDbl.o [16]
__cexit_closeall         0x800'ab27          Code  Gb  cexit.o [17]
__close                  0x800'a883    0x18  Code  Gb  close.o [18]
__cmain                  0x800'aafd          Code  Gb  cmain.o [17]
__cstart_closeall        0x800'ad6c          Data  Gb  cstart_closeall.o [17]
__data_GetMemChunk       0x800'1719    0x2c  Code  Gb  xgetmemchunk.o [15]
__data_GetMemChunk::start
                        0x2000'3c64     0x4  Data  Lc  xgetmemchunk.o [15]
__dwrite                 0x800'a62d    0x1e  Code  Gb  dwrite.o [18]
__exit                   0x800'174d    0x14  Code  Gb  exit.o [18]
__iar_Fail_s             0x800'2741    0x1c  Code  Gb  xfail_s.o [15]
__iar_Memchr             0x800'27b9          Code  Gb  memchr.o [17]
__iar_Memset4_word       0x800'9311          Code  Gb  ABImemset48.o [17]
__iar_Memset8_word       0x800'9311          Code  Gb  ABImemset48.o [17]
__iar_Stderr            0x2000'02d4    0x48  Data  Gb  xfiles.o [15]
__iar_Stdin             0x2000'0244    0x48  Data  Gb  xfiles.o [15]
__iar_Stdout            0x2000'028c    0x48  Data  Gb  xfiles.o [15]
__iar_Strchr             0x800'2729          Code  Gb  strchr.o [17]
__iar_close_ttio         0x800'1775    0x2c  Code  Gb  iarttio.o [18]
__iar_data_init3         0x800'aa6d    0x28  Code  Gb  data_init.o [17]
__iar_dlcalloc           0x800'16c5    0x3e  Code  Gb  dlmalloc.o [15]
__iar_dlfree             0x800'1193   0x52c  Code  Gb  dlmalloc.o [15]
__iar_dlmalloc           0x800'027d   0xf16  Code  Gb  dlmalloc.o [15]
__iar_frexp              0x800'2835          Code  Gb  frexp.o [16]
__iar_frexpl             0x800'2835          Code  Gb  frexp.o [16]
__iar_get_ttio           0x800'17a1    0x4c  Code  Gb  iarttio.o [18]
__iar_init_vfp           0x800'aab9          Code  Gb  fpinit_M.o [16]
__iar_ldexp64            0x800'2901          Code  Gb  ldexp.o [16]
__iar_lookup_ttioh       0x800'17f1     0x8  Code  Gb  XShttio.o [15]
__iar_lz77_init_single3
                         0x800'a8af    0x78  Code  Gb  lz77_init_single.o [17]
__iar_program_start      0x800'ab35          Code  Gb  cstartup_M.o [17]
__iar_scalbln64          0x800'2901          Code  Gb  ldexp.o [16]
__iar_scalbn64           0x800'2901          Code  Gb  ldexp.o [16]
__iar_sh_Discard         0x800'a561    0x42  Code  Gb  XShHandles.o [15]
__iar_sh_Move            0x800'a5a3    0x46  Code  Gb  XShHandles.o [15]
__iar_sh_Pos             0x800'a5e9    0x40  Code  Gb  XShHandles.o [15]
__iar_sh_stdout          0x800'a64b    0x20  Code  Gb  iarwstd.o [18]
__iar_sh_write           0x800'a66b    0x22  Code  Gb  iarwrite.o [18]
__iar_small_Memcpy       0x800'2815          Code  Gb  ABImemcpy_small.o [17]
__iar_small_Memset       0x800'1761          Code  Gb  ABImemset_small.o [17]
__iar_small_Memset_word
                         0x800'1761          Code  Gb  ABImemset_small.o [17]
__iar_small_memcpy       0x800'2811          Code  Gb  ABImemcpy_small.o [17]
__iar_small_memcpy4      0x800'2811          Code  Gb  ABImemcpy_small.o [17]
__iar_small_memcpy8      0x800'2811          Code  Gb  ABImemcpy_small.o [17]
__iar_small_memset       0x800'1761          Code  Gb  ABImemset_small.o [17]
__iar_small_uldivmod     0x800'3135          Code  Gb  I64DivMod_small.o [17]
__iar_softfp___iar_frexp64
                         0x800'2829          Code  Gb  frexp.o [16]
__iar_softfp_frexp       0x800'2829          Code  Gb  frexp.o [16]
__iar_softfp_frexpl      0x800'2829          Code  Gb  frexp.o [16]
__iar_ttio_handles      0x2000'033c     0x8  Data  Lc  XShttio.o [15]
__iar_zero_init3         0x800'aa35    0x38  Code  Gb  zero_init3.o [17]
__low_level_init         0x800'ab1b     0x4  Code  Gb  low_level_init.o [15]
__lseek                  0x800'a501    0x4e  Code  Gb  lseek.o [18]
__vector_table           0x800'0000          Data  Gb  startup_stm32l552xx.o [1]
__write                  0x800'a54f    0x10  Code  Gb  write.o [18]
_call_main               0x800'ab09          Code  Gb  cmain.o [17]
_exit                    0x800'ab25          Code  Gb  cexit.o [17]
_gm_                    0x2000'35d4   0x1d8  Data  Lc  dlmalloc.o [15]
abort                    0x800'1709     0x6  Code  Gb  abort.o [15]
adc1_dma                0x2000'3bfc    0x14  Data  Gb  adc_api.o [7]
adc_get_value            0x800'8ff5    0x5e  Code  Gb  adc_api.o [7]
adc_init                 0x800'8fc1    0x34  Code  Gb  adc_api.o [7]
can_cfg                 0x2000'0170    0x10  Data  Gb  system_obj.o [11]
can_create               0x800'8d59    0x92  Code  Gb  can_api.o [7]
can_enqueue_new_message
                         0x800'8d15    0x44  Code  Gb  can_api.o [7]
can_fifo_subscribe      0x2000'3c54     0x4  Data  Gb  can_api.o [7]
can_suscribe_rx_fifo     0x800'8df5    0x1e  Code  Gb  can_api.o [7]
can_task                 0x800'8d09     0xc  Code  Gb  can_api.o [7]
can_task_attributes     0x2000'0008    0x24  Data  Gb  can_api.o [7]
canopen_get_data         0x800'8e49    0x5c  Code  Gb  can_api.o [7]
canopen_get_index        0x800'8e25    0x14  Code  Gb  can_api.o [7]
canopen_get_subindex     0x800'8e39     0xa  Code  Gb  can_api.o [7]
checksum                 0x800'a19d    0x40  Code  Gb  gps_driver.o [6]
cllbck_every_1000_ms    0x2000'3bd4    0x24  Data  Gb  periodic_driver.o [9]
cllbck_every_100_ms     0x2000'3b68    0x24  Data  Gb  periodic_driver.o [9]
cllbck_every_200_ms     0x2000'3b8c    0x24  Data  Gb  periodic_driver.o [9]
cllbck_every_500_ms     0x2000'3bb0    0x24  Data  Gb  periodic_driver.o [9]
configurated            0x2000'3bf8     0x1  Data  Gb  adc_api.o [7]
convert_string_to_float
                         0x800'a231    0x1c  Code  Lc  gps_driver.o [6]
decrease_max_percent_working
                        0x2000'3c4c     0x8  Data  Gb  flight_controller_driver.o [5]
defaultTaskHandle       0x2000'3374     0x4  Data  Gb  main.o [3]
defaultTask_attributes   0x800'aa94    0x24  Data  Gb  main.o [3]
dictionary_canopen      0x2000'0104    0x18  Data  Lc  sevcon_driver_dictionary.o [10]
ebuf                    0x2000'3a5c    0x50  Data  Lc  xfiles.o [15]
exit                     0x800'ab1f     0x4  Code  Gb  exit.o [15]
fclose                   0x800'a805    0x7e  Code  Gb  fclose.o [15]
fflush                   0x800'a4bd    0x34  Code  Gb  fflush.o [15]
fflushOne                0x800'a449    0x74  Code  Lc  fflush.o [15]
fifo_create_queue        0x800'61f9     0xe  Code  Gb  fifo_api.o [7]
fifo_dequeue_msg         0x800'621f    0x18  Code  Gb  fifo_api.o [7]
fifo_enqueue_msg         0x800'6207    0x18  Code  Gb  fifo_api.o [7]
flight_controller_cfg   0x2000'0134    0x3c  Data  Gb  system_obj.o [11]
flight_controller_conductor_init
                         0x800'9aa5    0x4e  Code  Gb  flight_controller_conductor.o [5]
flight_controller_conductor_resume_thread
                         0x800'9afd     0x2  Code  Gb  flight_controller_conductor.o [5]
flight_controller_decrease
                         0x800'9089     0xa  Code  Gb  flight_controller_api.o [5]
flight_controller_driver_decrease
                         0x800'9bb5    0x1a  Code  Gb  flight_controller_driver.o [5]
flight_controller_driver_increase
                         0x800'9bcf    0x14  Code  Gb  flight_controller_driver.o [5]
flight_controller_driver_init
                         0x800'9b13    0x1c  Code  Gb  flight_controller_driver.o [5]
flight_controller_driver_log_init
                         0x800'9b95    0x20  Code  Gb  flight_controller_driver.o [5]
flight_controller_driver_periodic
                         0x800'9b09     0xa  Code  Lc  flight_controller_driver.o [5]
flight_controller_driver_start_periodic
                         0x800'9b2f     0xe  Code  Gb  flight_controller_driver.o [5]
flight_controller_driver_update_dac
                         0x800'9b3d    0x58  Code  Gb  flight_controller_driver.o [5]
flight_controller_hdwr_check_adc
                         0x800'9e99    0x52  Code  Gb  flight_controller_hdwr.o [5]
flight_controller_hdwr_init
                         0x800'9e69    0x30  Code  Gb  flight_controller_hdwr.o [5]
flight_controller_hdwr_set_dac
                         0x800'9f21     0x4  Code  Gb  flight_controller_hdwr.o [5]
flight_controller_hdwr_start
                         0x800'9ef1    0x30  Code  Gb  flight_controller_hdwr.o [5]
flight_controller_increase
                         0x800'9093     0xa  Code  Gb  flight_controller_api.o [5]
flight_controller_init   0x800'907d     0xc  Code  Gb  flight_controller_api.o [5]
flight_controller_task_attributes
                        0x2000'002c    0x24  Data  Gb  flight_controller_conductor.o [5]
fligth_controller_thread
                         0x800'9a71    0x32  Code  Lc  flight_controller_conductor.o [5]
fputc                    0x800'a927    0x54  Code  Gb  fputc.o [15]
free                     0x800'a801     0x4  Code  Gb  heaptramp0.o [15]
fseek                    0x800'a741    0x24  Code  Gb  fseek.o [15]
get_handle               0x800'4611    0x14  Code  Gb  uart_api.o [7]
gpio                    0x2000'0344     0x1  Data  Gb  system_api.o [11]
gpio_hal                0x2000'0050    0x18  Data  Gb  gpio_api.o [7]
gpio_off                 0x800'8ef1     0xe  Code  Gb  gpio_api.o [7]
gpio_on                  0x800'8ee1    0x10  Code  Gb  gpio_api.o [7]
gpio_toggle              0x800'8f15    0x16  Code  Gb  gpio_api.o [7]
gps                     0x2000'008c     0x4  Data  Gb  gps_conductor.o [6]
gps_conductor_init       0x800'9f87    0x3e  Code  Gb  gps_conductor.o [6]
gps_driver_get_msg       0x800'a26b    0x18  Code  Gb  gps_driver.o [6]
gps_driver_log_init      0x800'a24d    0x1e  Code  Gb  gps_driver.o [6]
gps_hdwr_get_msg         0x800'a31d    0x14  Code  Gb  gps_hdwr.o [6]
gps_hdwr_init            0x800'a295    0x88  Code  Gb  gps_hdwr.o [6]
gps_init                 0x800'9e5f     0xa  Code  Gb  gps_api.o [6]
gps_proccess_message     0x800'a1dd    0x54  Code  Gb  gps_driver.o [6]
gps_task                 0x800'9f7d     0xa  Code  Gb  gps_conductor.o [6]
gps_task_attributes     0x2000'0068    0x24  Data  Gb  gps_conductor.o [6]
hadc1                   0x2000'30b0    0x68  Data  Gb  main.o [3]
hdma_adc1               0x2000'39f4    0x68  Data  Gb  main.o [3]
heartbeat               0x2000'0128     0xc  Data  Gb  system_obj.o [11]
heartbeat_init           0x800'8f5d    0x4a  Code  Gb  heartbeat_api.o [8]
heartbeat_periodic       0x800'8f55     0x6  Code  Gb  heartbeat_api.o [8]
hfdcan1                 0x2000'3118    0x64  Data  Gb  main.o [3]
hlpuart1                0x2000'317c    0x90  Data  Gb  main.o [3]
hrtc                    0x2000'3300    0x28  Data  Gb  main.o [3]
hspi3                   0x2000'320c    0x64  Data  Gb  main.o [3]
htim3                   0x2000'3328    0x4c  Data  Gb  main.o [3]
huart3                  0x2000'3270    0x90  Data  Gb  main.o [3]
id_msg_rx               0x2000'27f0     0x2  Data  Gb  log_driver.o [2]
init_mparams             0x800'0211    0x2c  Code  Lc  dlmalloc.o [15]
init_top                 0x800'023d    0x34  Code  Lc  dlmalloc.o [15]
ldexp                    0x800'2901          Code  Gb  ldexp.o [16]
ldexpl                   0x800'2901          Code  Gb  ldexp.o [16]
localeconv               0x800'312d     0x4  Code  Gb  xlocale_c.o [15]
log_conductor_init       0x800'8bdd    0x2c  Code  Gb  log_conductor.o [2]
log_conductor_new_msg    0x800'8c09    0x18  Code  Gb  log_conductor.o [2]
log_driver_create_new_message
                         0x800'9745    0x50  Code  Gb  log_driver.o [2]
log_init                 0x800'61e5     0x4  Code  Gb  log_api.o [2]
log_msg                 0x2000'2368   0x488  Data  Gb  log_driver.o [2]
log_new_msg              0x800'61e9    0x10  Code  Gb  log_api.o [2]
log_task                 0x800'8bcd    0x10  Code  Gb  log_conductor.o [2]
log_task_attributes     0x2000'0090    0x24  Data  Gb  log_conductor.o [2]
main                     0x800'5161   0x498  Code  Gb  main.o [3]
memchr                   0x800'27b9          Code  Gb  memchr.o [17]
memset                   0x800'5ed5    0x14  Code  Gb  memset.o [17]
mparams                 0x2000'3c10    0x18  Data  Lc  dlmalloc.o [15]
msg                     0x2000'3c28    0x14  Data  Gb  gps_hdwr.o [6]
msg_servcon             0x2000'3c3c    0x10  Data  Gb  sevcon_hdwr.o [10]
name_thread_can         0x2000'0000     0x8  Data  Gb  can_api.o [7]
name_thread_uart        0x2000'01b8     0x8  Data  Gb  uart_api.o [7]
obj                     0x2000'01e4     0x4  Data  Gb  user_conductor.o [4]
obuf                    0x2000'3aac    0x50  Data  Lc  xfiles.o [15]
osDelay                  0x800'609f    0x1a  Code  Gb  cmsis_os2.o [14]
osKernelInitialize       0x800'5f03    0x1a  Code  Gb  cmsis_os2.o [14]
osKernelStart            0x800'5f25    0x2a  Code  Gb  cmsis_os2.o [14]
osMessageQueueGet        0x800'6185    0x4e  Code  Gb  cmsis_os2.o [14]
osMessageQueueNew        0x800'60d5    0x60  Code  Gb  cmsis_os2.o [14]
osMessageQueuePut        0x800'6135    0x50  Code  Gb  cmsis_os2.o [14]
osThreadFlagsWait        0x800'600d    0x92  Code  Gb  cmsis_os2.o [14]
osThreadNew              0x800'5f5b    0x92  Code  Gb  cmsis_os2.o [14]
osThreadResume           0x800'5fed    0x20  Code  Gb  cmsis_os2.o [14]
periodic_cllbcks_registers
                         0x800'9875    0x22  Code  Lc  periodic_driver.o [9]
periodic_conductor_init
                         0x800'9835    0x2a  Code  Gb  periodic_conductor.o [9]
periodic_driver_enable_function
                         0x800'9911    0x3c  Code  Gb  periodic_driver.o [9]
periodic_driver_every_1000ms
                         0x800'98a3     0x4  Code  Gb  periodic_driver.o [9]
periodic_driver_every_100ms
                         0x800'9897     0x4  Code  Gb  periodic_driver.o [9]
periodic_driver_every_200ms
                         0x800'989b     0x4  Code  Gb  periodic_driver.o [9]
periodic_driver_every_500ms
                         0x800'989f     0x4  Code  Gb  periodic_driver.o [9]
periodic_driver_register
                         0x800'98a9    0x68  Code  Gb  periodic_driver.o [9]
periodic_init            0x800'8f31     0x4  Code  Gb  periodic_api.o [9]
periodic_register        0x800'8f35    0x14  Code  Gb  periodic_api.o [9]
periodic_start           0x800'8f49     0xc  Code  Gb  periodic_api.o [9]
periodic_task            0x800'97d5    0x54  Code  Gb  periodic_conductor.o [9]
periodic_task_attributes
                        0x2000'00b8    0x24  Data  Gb  periodic_conductor.o [9]
printf                   0x800'a349    0x28  Code  Gb  printf.o [15]
prvAddCurrentTaskToDelayedList
                         0x800'8463    0x4e  Code  Lc  tasks.o [14]
prvAddNewTaskToReadyList
                         0x800'7e37    0xb0  Code  Lc  tasks.o [14]
prvCheckForValidListAndQueue
                         0x800'96b9    0x4e  Code  Lc  timers.o [14]
prvCheckForValidListAndQueue{1}{2}{3}{4}::ucStaticTimerQueueStorage
                        0x2000'3838    0xa0  Data  Lc  timers.o [14]
prvCheckForValidListAndQueue{1}{2}{3}{4}::xStaticTimerQueue
                        0x2000'37e8    0x50  Data  Lc  timers.o [14]
prvCopyDataFromQueue     0x800'8ab9    0x28  Code  Lc  queue.o [14]
prvCopyDataToQueue       0x800'8a51    0x68  Code  Lc  queue.o [14]
prvDeleteTCB             0x800'8301    0x2a  Code  Lc  tasks.o [14]
prvIdleTask              0x800'82c1    0x40  Code  Lc  tasks.o [14]
prvInitialiseNewQueue    0x800'8723    0x20  Code  Lc  queue.o [14]
prvInitialiseNewTask     0x800'7da9    0x8e  Code  Lc  tasks.o [14]
prvInsertBlockIntoFreeList
                         0x800'92bd    0x46  Code  Lc  heap_4.o [14]
prvInsertTimerInActiveList
                         0x800'9683    0x34  Code  Lc  timers.o [14]
prvIsQueueEmpty          0x800'8b49    0x16  Code  Lc  queue.o [14]
prvResetNextTaskUnblockTime
                         0x800'832b    0x1a  Code  Lc  tasks.o [14]
prvSampleTimeNow         0x800'9609    0x7a  Code  Lc  timers.o [14]
prvSampleTimeNow::xLastTime
                        0x2000'37bc     0x4  Data  Lc  timers.o [14]
prvTaskExitError         0x800'84cd    0x22  Code  Lc  port.o [14]
prvTaskIsTaskSuspended   0x800'7f1d    0x28  Code  Lc  tasks.o [14]
prvTimerTask             0x800'9485   0x184  Code  Lc  timers.o [14]
prvUnlockQueue           0x800'8ae1    0x68  Code  Lc  queue.o [14]
putchar                  0x800'ab69     0xc  Code  Gb  putchar.o [15]
pvPortMalloc             0x800'9175    0xfe  Code  Gb  heap_4.o [14]
pwm_check_channel        0x800'a011    0x20  Code  Gb  pwm_api.o [7]
pwm_create               0x800'a031    0xa6  Code  Gb  pwm_api.o [7]
pwm_get_handle_hal       0x800'9fcd    0x44  Code  Gb  pwm_api.o [7]
pwm_set_new_duty         0x800'a0e9    0x78  Code  Gb  pwm_api.o [7]
pwm_start                0x800'a0d7    0x12  Code  Gb  pwm_api.o [7]
pxCurrentTCB            0x2000'3900     0x4  Data  Gb  tasks.o [14]
pxCurrentTimerList      0x2000'37ac     0x4  Data  Lc  timers.o [14]
pxDelayedTaskList       0x2000'3904     0x4  Data  Lc  tasks.o [14]
pxEnd                   0x2000'0350     0x4  Data  Lc  heap_4.o [14]
pxOverflowDelayedTaskList
                        0x2000'3908     0x4  Data  Lc  tasks.o [14]
pxOverflowTimerList     0x2000'37b0     0x4  Data  Lc  timers.o [14]
pxPortInitialiseStack    0x800'8579    0x68  Code  Gb  port.o [14]
pxReadyTasksLists       0x2000'27f4   0x460  Data  Lc  tasks.o [14]
remove                   0x800'a89b    0x14  Code  Gb  remove.o [18]
sFileInfo               0x2000'3974    0x80  Data  Lc  XShHandles.o [15]
scalbln                  0x800'2901          Code  Gb  ldexp.o [16]
scalblnl                 0x800'2901          Code  Gb  ldexp.o [16]
scalbn                   0x800'2901          Code  Gb  ldexp.o [16]
scalbnl                  0x800'2901          Code  Gb  ldexp.o [16]
scale                    0x800'2639    0x46  Code  Lc  xprintffull_nomb.o [15]
sec_hand                0x2000'3c60     0x4  Data  Lc  xfail_s.o [15]
segment_holding          0x800'01f5    0x1c  Code  Lc  dlmalloc.o [15]
sevcon_cfg              0x2000'0180    0x20  Data  Gb  system_obj.o [11]
sevcon_conductor_init    0x800'996b    0x4e  Code  Gb  sevcon_conductor.o [10]
sevcon_dictionary_found_id
                         0x800'9f4d    0x30  Code  Gb  sevcon_driver_dictionary.o [10]
sevcon_driver_get_msg    0x800'9dc7    0x18  Code  Gb  sevcon_driver.o [10]
sevcon_driver_log_init   0x800'9da9    0x1e  Code  Gb  sevcon_driver.o [10]
sevcon_hdwr_get_data     0x800'9e2d     0x4  Code  Gb  sevcon_hdwr.o [10]
sevcon_hdwr_get_index    0x800'9e25     0x4  Code  Gb  sevcon_hdwr.o [10]
sevcon_hdwr_get_msg      0x800'9e0d    0x14  Code  Gb  sevcon_hdwr.o [10]
sevcon_hdwr_get_num_sevcon
                         0x800'9e31     0xa  Code  Gb  sevcon_hdwr.o [10]
sevcon_hdwr_get_opposite_motor
                         0x800'9e3d    0x22  Code  Gb  sevcon_hdwr.o [10]
sevcon_hdwr_get_subindex
                         0x800'9e29     0x4  Code  Gb  sevcon_hdwr.o [10]
sevcon_hdwr_init         0x800'9df1    0x1c  Code  Gb  sevcon_hdwr.o [10]
sevcon_init              0x800'8fb5     0xc  Code  Gb  sevcon_api.o [10]
sevcon_proccess_message
                         0x800'9c6d   0x132  Code  Gb  sevcon_driver.o [10]
sevcon_task              0x800'9961     0xa  Code  Gb  sevcon_conductor.o [10]
sevcon_task_attributes  0x2000'00e0    0x24  Data  Gb  sevcon_conductor.o [10]
sprintf                  0x800'9795    0x40  Code  Gb  sprintf.o [15]
strchr                   0x800'2729          Code  Gb  strchr.o [17]
strlen                   0x800'2781          Code  Gb  strlen.o [17]
system_init              0x800'7c79    0x74  Code  Gb  system_api.o [11]
thread_id               0x2000'00b4     0x4  Data  Gb  log_conductor.o [2]
tick                    0x2000'3c5c     0x4  Data  Gb  periodic_conductor.o [9]
uart_cfg                0x2000'01a0     0x8  Data  Gb  system_obj.o [11]
uart_create              0x800'4625    0x52  Code  Gb  uart_api.o [7]
uart_rx                 0x2000'3b54    0x14  Data  Gb  uart_api.o [7]
uart_subscribe          0x2000'3b3c    0x18  Data  Gb  uart_api.o [7]
uart_suscribe_rx_fifo    0x800'4677    0x48  Code  Gb  uart_api.o [7]
uart_task                0x800'4605     0xc  Code  Gb  uart_api.o [7]
uart_task_attributes    0x2000'01c0    0x24  Data  Gb  uart_api.o [7]
ucHeap                  0x2000'0368  0x2000  Data  Lc  heap_4.o [14]
ulCriticalNesting       0x2000'00dc     0x4  Data  Lc  port.o [14]
ulSetInterruptMask       0x800'90f1          Code  Gb  portasm.o [14]
user_cfg                0x2000'01a8     0xc  Data  Gb  system_obj.o [11]
user_conductor_init      0x800'9c19    0x32  Code  Gb  user_conductor.o [4]
user_hdwr_init           0x800'9f25    0x26  Code  Gb  user_hdwr.o [4]
user_init                0x800'909d    0x10  Code  Gb  user_api.o [4]
user_task                0x800'9c09    0x10  Code  Gb  user_conductor.o [4]
user_task_attributes    0x2000'01e8    0x24  Data  Gb  user_conductor.o [4]
uwTick                  0x2000'0120     0x4  Data  Gb  stm32l5xx_hal.o [13]
uwTickFreq              0x2000'011c     0x1  Data  Gb  stm32l5xx_hal.o [13]
uwTickPrio              0x2000'0124     0x4  Data  Gb  stm32l5xx_hal.o [13]
uxCurrentNumberOfTasks  0x2000'3924     0x4  Data  Lc  tasks.o [14]
uxDeletedTasksWaitingCleanUp
                        0x2000'390c     0x4  Data  Lc  tasks.o [14]
uxListRemove             0x800'93af    0x26  Code  Gb  list.o [14]
uxSchedulerSuspended    0x2000'3948     0x4  Data  Lc  tasks.o [14]
uxTaskNumber            0x2000'3940     0x4  Data  Lc  tasks.o [14]
uxTopReadyPriority      0x2000'392c     0x4  Data  Lc  tasks.o [14]
vApplicationGetIdleTaskMemory
                         0x800'93d5    0x14  Code  Gb  cmsis_os2.o [14]
vApplicationGetIdleTaskMemory::Idle_Stack
                        0x2000'33d4   0x200  Data  Lc  cmsis_os2.o [14]
vApplicationGetIdleTaskMemory::Idle_TCB
                        0x2000'3378    0x5c  Data  Lc  cmsis_os2.o [14]
vApplicationGetTimerTaskMemory
                         0x800'9c55    0x18  Code  Gb  cmsis_os2.o [14]
vApplicationGetTimerTaskMemory::Timer_Stack
                        0x2000'2cb0   0x400  Data  Lc  cmsis_os2.o [14]
vApplicationGetTimerTaskMemory::Timer_TCB
                        0x2000'2c54    0x5c  Data  Lc  cmsis_os2.o [14]
vClearInterruptMask      0x800'9107          Code  Gb  portasm.o [14]
vListInitialise          0x800'9343    0x1a  Code  Gb  list.o [14]
vListInitialiseItem      0x800'935d     0x6  Code  Gb  list.o [14]
vListInsert              0x800'937d    0x32  Code  Gb  list.o [14]
vListInsertEnd           0x800'9363    0x1a  Code  Gb  list.o [14]
vPortEnterCritical       0x800'8505    0x18  Code  Gb  port.o [14]
vPortExitCritical        0x800'851d    0x22  Code  Gb  port.o [14]
vPortFree                0x800'9273    0x4a  Code  Gb  heap_4.o [14]
vPortSVCHandler_C        0x800'855f    0x1a  Code  Gb  port.o [14]
vPortSetupTimerInterrupt
                         0x800'971d    0x28  Code  Gb  port.o [14]
vPortYield               0x800'84f1    0x12  Code  Gb  port.o [14]
vQueueAddToRegistry      0x800'8b5f    0x20  Code  Gb  queue.o [14]
vQueueWaitForMessageRestricted
                         0x800'8b85    0x48  Code  Gb  queue.o [14]
vRaisePrivilege          0x800'90cb          Code  Gb  portasm.o [14]
vRestoreContextOfFirstTask
                         0x800'90ad          Code  Gb  portasm.o [14]
vStartFirstTask          0x800'90d9          Code  Gb  portasm.o [14]
vTaskDelay               0x800'7ee7    0x30  Code  Gb  tasks.o [14]
vTaskInternalSetTimeOutState
                         0x800'824d     0xe  Code  Gb  tasks.o [14]
vTaskMissedYield         0x800'82b7     0xa  Code  Gb  tasks.o [14]
vTaskPlaceOnEventList    0x800'819f    0x16  Code  Gb  tasks.o [14]
vTaskPlaceOnEventListRestricted
                         0x800'81bf    0x26  Code  Gb  tasks.o [14]
vTaskResume              0x800'7f45    0x46  Code  Gb  tasks.o [14]
vTaskStartScheduler      0x800'7f8b    0x64  Code  Gb  tasks.o [14]
vTaskSuspendAll          0x800'7ff1     0xc  Code  Gb  tasks.o [14]
vTaskSwitchContext       0x800'8153    0x4c  Code  Gb  tasks.o [14]
xActiveTimerList1       0x2000'37c0    0x14  Data  Lc  timers.o [14]
xActiveTimerList2       0x2000'37d4    0x14  Data  Lc  timers.o [14]
xBlockAllocatedBit      0x2000'0364     0x4  Data  Lc  heap_4.o [14]
xDelayedTaskList1       0x2000'394c    0x14  Data  Lc  tasks.o [14]
xDelayedTaskList2       0x2000'3960    0x14  Data  Lc  tasks.o [14]
xFreeBytesRemaining     0x2000'0354     0x4  Data  Lc  heap_4.o [14]
xMinimumEverFreeBytesRemaining
                        0x2000'0358     0x4  Data  Lc  heap_4.o [14]
xNextTaskUnblockTime    0x2000'3944     0x4  Data  Lc  tasks.o [14]
xNumOfOverflows         0x2000'393c     0x4  Data  Lc  tasks.o [14]
xNumberOfSuccessfulAllocations
                        0x2000'035c     0x4  Data  Lc  heap_4.o [14]
xNumberOfSuccessfulFrees
                        0x2000'0360     0x4  Data  Lc  heap_4.o [14]
xPendedTicks            0x2000'3934     0x4  Data  Lc  tasks.o [14]
xPendingReadyList       0x2000'38d8    0x14  Data  Lc  tasks.o [14]
xPortStartScheduler      0x800'85e1    0x46  Code  Gb  port.o [14]
xPortSysTickHandler      0x800'853f    0x20  Code  Gb  port.o [14]
xQueueGenericCreate      0x800'86eb    0x38  Code  Gb  queue.o [14]
xQueueGenericCreateStatic
                         0x800'86a1    0x4a  Code  Gb  queue.o [14]
xQueueGenericReset       0x800'8639    0x68  Code  Gb  queue.o [14]
xQueueGenericSend        0x800'8743   0x108  Code  Gb  queue.o [14]
xQueueGenericSendFromISR
                         0x800'884b    0x80  Code  Gb  queue.o [14]
xQueueReceive            0x800'88d7    0xe8  Code  Gb  queue.o [14]
xQueueReceiveFromISR     0x800'89e9    0x68  Code  Gb  queue.o [14]
xQueueRegistry          0x2000'3afc    0x40  Data  Gb  queue.o [14]
xSchedulerRunning       0x2000'3930     0x4  Data  Lc  tasks.o [14]
xStart                  0x2000'0348     0x8  Data  Lc  heap_4.o [14]
xSuspendedTaskList      0x2000'3910    0x14  Data  Lc  tasks.o [14]
xTaskCheckForTimeOut     0x800'825b    0x5c  Code  Gb  tasks.o [14]
xTaskCreate              0x800'7d4d    0x5c  Code  Gb  tasks.o [14]
xTaskCreateStatic        0x800'7cfd    0x50  Code  Gb  tasks.o [14]
xTaskGetSchedulerState   0x800'8345    0x18  Code  Gb  tasks.o [14]
xTaskGetTickCount        0x800'808f     0x2  Code  Gb  tasks.o [14]
xTaskIncrementTick       0x800'8099    0xba  Code  Gb  tasks.o [14]
xTaskNotifyWait          0x800'83d9    0x78  Code  Gb  tasks.o [14]
xTaskPriorityDisinherit
                         0x800'8363    0x50  Code  Gb  tasks.o [14]
xTaskRemoveFromEventList
                         0x800'81f1    0x46  Code  Gb  tasks.o [14]
xTaskResumeAll           0x800'7ffd    0x8a  Code  Gb  tasks.o [14]
xTasksWaitingTermination
                        0x2000'38ec    0x14  Data  Lc  tasks.o [14]
xTickCount              0x2000'3928     0x4  Data  Lc  tasks.o [14]
xTimerCreateTimerTask    0x800'93e9    0x4e  Code  Gb  timers.o [14]
xTimerGenericCommand     0x800'9437    0x4e  Code  Gb  timers.o [14]
xTimerQueue             0x2000'37b4     0x4  Data  Lc  timers.o [14]
xTimerTaskHandle        0x2000'37b8     0x4  Data  Lc  timers.o [14]
xYieldPending           0x2000'3938     0x4  Data  Lc  tasks.o [14]


[1] = D:\Proyectos\STM32\kart\EWARM\kart\Obj\Application\EWARM
[2] = D:\Proyectos\STM32\kart\EWARM\kart\Obj\Application\LOG\src
[3] = D:\Proyectos\STM32\kart\EWARM\kart\Obj\Application\User
[4] = D:\Proyectos\STM32\kart\EWARM\kart\Obj\Application\User\src
[5] = D:\Proyectos\STM32\kart\EWARM\kart\Obj\Application\flight_controller\src
[6] = D:\Proyectos\STM32\kart\EWARM\kart\Obj\Application\gps\src
[7] = D:\Proyectos\STM32\kart\EWARM\kart\Obj\Application\hdwr\src
[8] = D:\Proyectos\STM32\kart\EWARM\kart\Obj\Application\heartbeat\src
[9] = D:\Proyectos\STM32\kart\EWARM\kart\Obj\Application\periodic\src
[10] = D:\Proyectos\STM32\kart\EWARM\kart\Obj\Application\sevcon\src
[11] = D:\Proyectos\STM32\kart\EWARM\kart\Obj\Application\system\src
[12] = D:\Proyectos\STM32\kart\EWARM\kart\Obj\Drivers\CMSIS
[13] = D:\Proyectos\STM32\kart\EWARM\kart\Obj\Drivers\STM32L5xx_HAL_Driver
[14] = D:\Proyectos\STM32\kart\EWARM\kart\Obj\Middlewares\FreeRTOS
[15] = dl7M_tlf.a
[16] = m7M_tls.a
[17] = rt7M_tl.a
[18] = shb_l.a

  44'169 bytes of readonly  code memory
     511 bytes of readonly  data memory
  16'997 bytes of readwrite data memory

Errors: none
Warnings: none
