###############################################################################
#
# IAR ELF Linker V9.10.2.313/W64 for ARM                  05/Mar/2022  19:05:16
# Copyright 2007-2021 IAR Systems AB.
#
#    Output file  =  D:\Proyectos\STM32\kart\EWARM\kart\Exe\kart.out
#    Map file     =  D:\Proyectos\STM32\kart\EWARM\kart\List\kart.map
#    Command line =
#        -f D:\Proyectos\STM32\kart\EWARM\kart\List\kart.map.rsp
#        (D:\Proyectos\STM32\kart\EWARM\kart\Obj\Application\hdwr\src\adc_api.o
#        D:\Proyectos\STM32\kart\EWARM\kart\Obj\Application\User\app_freertos.o
#        D:\Proyectos\STM32\kart\EWARM\kart\Obj\Middlewares\FreeRTOS\cmsis_os2.o
#        D:\Proyectos\STM32\kart\EWARM\kart\Obj\Middlewares\FreeRTOS\croutine.o
#        D:\Proyectos\STM32\kart\EWARM\kart\Obj\Middlewares\FreeRTOS\event_groups.o
#        D:\Proyectos\STM32\kart\EWARM\kart\Obj\Application\hdwr\src\fifo_api.o
#        D:\Proyectos\STM32\kart\EWARM\kart\Obj\Application\flight_controller\src\flight_controller_api.o
#        D:\Proyectos\STM32\kart\EWARM\kart\Obj\Application\flight_controller\src\flight_controller_conductor.o
#        D:\Proyectos\STM32\kart\EWARM\kart\Obj\Application\flight_controller\src\flight_controller_driver.o
#        D:\Proyectos\STM32\kart\EWARM\kart\Obj\Application\flight_controller\src\flight_controller_hdwr.o
#        D:\Proyectos\STM32\kart\EWARM\kart\Obj\Application\hdwr\src\gpio_api.o
#        D:\Proyectos\STM32\kart\EWARM\kart\Obj\Middlewares\FreeRTOS\heap_4.o
#        D:\Proyectos\STM32\kart\EWARM\kart\Obj\Application\heartbeat\src\heartbeat_api.o
#        D:\Proyectos\STM32\kart\EWARM\kart\Obj\Middlewares\FreeRTOS\list.o
#        D:\Proyectos\STM32\kart\EWARM\kart\Obj\Application\LOG\src\log_api.o
#        D:\Proyectos\STM32\kart\EWARM\kart\Obj\Application\LOG\src\log_conductor.o
#        D:\Proyectos\STM32\kart\EWARM\kart\Obj\Application\LOG\src\log_driver.o
#        D:\Proyectos\STM32\kart\EWARM\kart\Obj\Application\LOG\src\log_hdwr.o
#        D:\Proyectos\STM32\kart\EWARM\kart\Obj\Application\User\main.o
#        D:\Proyectos\STM32\kart\EWARM\kart\Obj\Application\periodic\src\periodic_api.o
#        D:\Proyectos\STM32\kart\EWARM\kart\Obj\Application\periodic\src\periodic_conductor.o
#        D:\Proyectos\STM32\kart\EWARM\kart\Obj\Application\periodic\src\periodic_driver.o
#        D:\Proyectos\STM32\kart\EWARM\kart\Obj\Middlewares\FreeRTOS\port.o
#        D:\Proyectos\STM32\kart\EWARM\kart\Obj\Middlewares\FreeRTOS\portasm.o
#        D:\Proyectos\STM32\kart\EWARM\kart\Obj\Application\hdwr\src\pwm_api.o
#        D:\Proyectos\STM32\kart\EWARM\kart\Obj\Middlewares\FreeRTOS\queue.o
#        D:\Proyectos\STM32\kart\EWARM\kart\Obj\Application\hdwr\src\spi_api.o
#        D:\Proyectos\STM32\kart\EWARM\kart\Obj\Application\EWARM\startup_stm32l552xx.o
#        D:\Proyectos\STM32\kart\EWARM\kart\Obj\Drivers\STM32L5xx_HAL_Driver\stm32l5xx_hal.o
#        D:\Proyectos\STM32\kart\EWARM\kart\Obj\Drivers\STM32L5xx_HAL_Driver\stm32l5xx_hal_adc.o
#        D:\Proyectos\STM32\kart\EWARM\kart\Obj\Drivers\STM32L5xx_HAL_Driver\stm32l5xx_hal_adc_ex.o
#        D:\Proyectos\STM32\kart\EWARM\kart\Obj\Drivers\STM32L5xx_HAL_Driver\stm32l5xx_hal_cortex.o
#        D:\Proyectos\STM32\kart\EWARM\kart\Obj\Drivers\STM32L5xx_HAL_Driver\stm32l5xx_hal_dma.o
#        D:\Proyectos\STM32\kart\EWARM\kart\Obj\Drivers\STM32L5xx_HAL_Driver\stm32l5xx_hal_dma_ex.o
#        D:\Proyectos\STM32\kart\EWARM\kart\Obj\Drivers\STM32L5xx_HAL_Driver\stm32l5xx_hal_exti.o
#        D:\Proyectos\STM32\kart\EWARM\kart\Obj\Drivers\STM32L5xx_HAL_Driver\stm32l5xx_hal_flash.o
#        D:\Proyectos\STM32\kart\EWARM\kart\Obj\Drivers\STM32L5xx_HAL_Driver\stm32l5xx_hal_flash_ex.o
#        D:\Proyectos\STM32\kart\EWARM\kart\Obj\Drivers\STM32L5xx_HAL_Driver\stm32l5xx_hal_flash_ramfunc.o
#        D:\Proyectos\STM32\kart\EWARM\kart\Obj\Drivers\STM32L5xx_HAL_Driver\stm32l5xx_hal_gpio.o
#        D:\Proyectos\STM32\kart\EWARM\kart\Obj\Drivers\STM32L5xx_HAL_Driver\stm32l5xx_hal_i2c.o
#        D:\Proyectos\STM32\kart\EWARM\kart\Obj\Drivers\STM32L5xx_HAL_Driver\stm32l5xx_hal_i2c_ex.o
#        D:\Proyectos\STM32\kart\EWARM\kart\Obj\Drivers\STM32L5xx_HAL_Driver\stm32l5xx_hal_icache.o
#        D:\Proyectos\STM32\kart\EWARM\kart\Obj\Application\User\stm32l5xx_hal_msp.o
#        D:\Proyectos\STM32\kart\EWARM\kart\Obj\Drivers\STM32L5xx_HAL_Driver\stm32l5xx_hal_pwr.o
#        D:\Proyectos\STM32\kart\EWARM\kart\Obj\Drivers\STM32L5xx_HAL_Driver\stm32l5xx_hal_pwr_ex.o
#        D:\Proyectos\STM32\kart\EWARM\kart\Obj\Drivers\STM32L5xx_HAL_Driver\stm32l5xx_hal_rcc.o
#        D:\Proyectos\STM32\kart\EWARM\kart\Obj\Drivers\STM32L5xx_HAL_Driver\stm32l5xx_hal_rcc_ex.o
#        D:\Proyectos\STM32\kart\EWARM\kart\Obj\Drivers\STM32L5xx_HAL_Driver\stm32l5xx_hal_rtc.o
#        D:\Proyectos\STM32\kart\EWARM\kart\Obj\Drivers\STM32L5xx_HAL_Driver\stm32l5xx_hal_rtc_ex.o
#        D:\Proyectos\STM32\kart\EWARM\kart\Obj\Drivers\STM32L5xx_HAL_Driver\stm32l5xx_hal_spi.o
#        D:\Proyectos\STM32\kart\EWARM\kart\Obj\Drivers\STM32L5xx_HAL_Driver\stm32l5xx_hal_spi_ex.o
#        D:\Proyectos\STM32\kart\EWARM\kart\Obj\Drivers\STM32L5xx_HAL_Driver\stm32l5xx_hal_tim.o
#        D:\Proyectos\STM32\kart\EWARM\kart\Obj\Drivers\STM32L5xx_HAL_Driver\stm32l5xx_hal_tim_ex.o
#        D:\Proyectos\STM32\kart\EWARM\kart\Obj\Application\User\stm32l5xx_it.o
#        D:\Proyectos\STM32\kart\EWARM\kart\Obj\Middlewares\FreeRTOS\stream_buffer.o
#        D:\Proyectos\STM32\kart\EWARM\kart\Obj\Application\system\src\system_api.o
#        D:\Proyectos\STM32\kart\EWARM\kart\Obj\Application\system\src\system_obj.o
#        D:\Proyectos\STM32\kart\EWARM\kart\Obj\Drivers\CMSIS\system_stm32l5xx.o
#        D:\Proyectos\STM32\kart\EWARM\kart\Obj\Middlewares\FreeRTOS\tasks.o
#        D:\Proyectos\STM32\kart\EWARM\kart\Obj\Middlewares\FreeRTOS\timers.o
#        --no_out_extension -o D:\Proyectos\STM32\kart\EWARM\kart\Exe\kart.out
#        --redirect _Printf=_PrintfFullNoMb --redirect _Scanf=_ScanfFullNoMb
#        --map D:\Proyectos\STM32\kart\EWARM\kart\List\kart.map --config
#        D:\Proyectos\STM32\kart\EWARM/stm32l552xe_flash.icf --semihosting
#        --entry __iar_program_start --vfe --text_out locale)
#
###############################################################################

*******************************************************************************
*** RUNTIME MODEL ATTRIBUTES
***

CppFlavor       = *
__Heap_Handler  = DLMalloc
__SystemLibrary = DLib
__dlib_version  = 6


*******************************************************************************
*** HEAP SELECTION
***

The advanced heap was selected because the application calls memory
allocation functions outside of system library functions, and there
are calls to deallocation functions in the application.


*******************************************************************************
*** PLACEMENT SUMMARY
***

"A0":  place at address 0x800'0000 { ro section .intvec };
"P1":  place in [from 0x800'0000 to 0x807'ffff] { ro };
define block CSTACK with size = 1K, alignment = 8 { };
define block HEAP with size = 512, alignment = 8 { };
"P2":  place in [from 0x2000'0000 to 0x2002'ffff] {
          rw, block CSTACK, block HEAP };
"P3":  place in [from 0x2000'0000 to 0x2002'ffff] { };
initialize by copy { rw };

  Section               Kind         Address    Size  Object
  -------               ----         -------    ----  ------
"A0":                                          0x1f4
  .intvec               ro code   0x800'0000   0x1f4  startup_stm32l552xx.o [1]
                                - 0x800'01f4   0x1f4

"P1":                                         0x8840
  .text                 ro code   0x800'01f4  0x1514  dlmalloc.o [12]
  .text                 ro code   0x800'1708     0x6  abort.o [12]
  .text                 ro code   0x800'170e     0xa  xsprout.o [12]
  .text                 ro code   0x800'1718    0x2c  xgetmemchunk.o [12]
  .text                 ro code   0x800'1744     0x6  ABImemclr.o [14]
  .rodata               const     0x800'174a     0x2  xlocale_c.o [12]
  .text                 ro code   0x800'174c    0x14  exit.o [15]
  .text                 ro code   0x800'1760    0x12  ABImemset_small.o [14]
  .rodata               const     0x800'1772     0x1  xlocale_c.o [12]
  .text                 ro code   0x800'1774    0x7c  iarttio.o [15]
  .text                 ro code   0x800'17f0     0x8  XShttio.o [12]
  .text                 ro code   0x800'17f8   0xf2e  xprintffull_nomb.o [12]
  .text                 ro code   0x800'2728    0x16  strchr.o [14]
  .text                 ro code   0x800'2740    0x40  xfail_s.o [12]
  .text                 ro code   0x800'2780    0x36  strlen.o [14]
  .text                 ro code   0x800'27b8    0x58  memchr.o [14]
  .text                 ro code   0x800'2810    0x18  ABImemcpy_small.o [14]
  .text                 ro code   0x800'2828    0x70  frexp.o [13]
  .text                 ro code   0x800'2898    0x34  DblCmpLe.o [13]
  .text                 ro code   0x800'28cc    0x34  DblCmpGe.o [13]
  .text                 ro code   0x800'2900   0x13a  ldexp.o [13]
  .text                 ro code   0x800'2a3c    0x36  DblToS32.o [13]
  .text                 ro code   0x800'2a74    0x22  S32ToDbl.o [13]
  .text                 ro code   0x800'2a98   0x25e  DblAddSub.o [13]
  .text                 ro code   0x800'2cf8   0x246  DblDiv.o [13]
  .text                 ro code   0x800'2f40    0x22  DblToU32.o [13]
  .text                 ro code   0x800'2f64    0x1c  U32ToDbl.o [13]
  .text                 ro code   0x800'2f80   0x1aa  DblMul.o [13]
  .text                 ro code   0x800'312c     0x8  xlocale_c.o [12]
  .text                 ro code   0x800'3134   0x230  I64DivMod.o [14]
  .text                 ro code   0x800'3364     0x2  I64DivZer.o [14]
  .text                 ro code   0x800'3368   0x874  stm32l5xx_hal_rcc.o [10]
  .text                 ro code   0x800'3bdc    0x44  stm32l5xx_hal.o [10]
  .text                 ro code   0x800'3c20     0xc  stm32l5xx_hal.o [10]
  .text                 ro code   0x800'3c2c    0xc0  stm32l5xx_hal_pwr_ex.o [10]
  .text                 ro code   0x800'3cec    0xc8  stm32l5xx_hal_cortex.o [10]
  .text                 ro code   0x800'3db4   0x7d4  tasks.o [11]
  privileged_functions  ro code   0x800'4588    0xc8  portasm.o [11]
  .text                 ro code   0x800'4650   0x194  heap_4.o [11]
  .text                 ro code   0x800'47e4    0x3a  ABImemset48.o [14]
  .text                 ro code   0x800'481e    0x92  list.o [11]
  .text                 ro code   0x800'48b0   0x16c  port.o [11]
  .text                 ro code   0x800'4a1c    0x14  cmsis_os2.o [11]
  .text                 ro code   0x800'4a30   0x334  timers.o [11]
  .text                 ro code   0x800'4d64    0x28  port.o [11]
  .text                 ro code   0x800'4d8c    0x18  cmsis_os2.o [11]
  .text                 ro code   0x800'4da4   0x4f4  queue.o [11]
  .text                 ro code   0x800'5298   0x740  stm32l5xx_hal_tim.o [10]
  .text                 ro code   0x800'59d8   0x254  stm32l5xx_hal_msp.o [3]
  .text                 ro code   0x800'5c2c     0x2  stm32l5xx_hal_tim.o [10]
  .text                 ro code   0x800'5c2e    0x14  memset.o [14]
  .text                 ro code   0x800'5c44   0x5a4  stm32l5xx_hal_rcc_ex.o [10]
  .text                 ro code   0x800'61e8   0x4ae  main.o [3]
  .text                 ro code   0x800'6698   0x1d8  stm32l5xx_hal_gpio.o [10]
  .text                 ro code   0x800'6870   0x26c  stm32l5xx_hal_dma.o [10]
  .text                 ro code   0x800'6adc    0x22  stm32l5xx_hal.o [10]
  .text                 ro code   0x800'6b00   0x594  stm32l5xx_hal_adc.o [10]
  .text                 ro code   0x800'7094    0xc4  stm32l5xx_hal_adc_ex.o [10]
  .text                 ro code   0x800'7158   0x14c  stm32l5xx_hal_rtc.o [10]
  .text                 ro code   0x800'72a4    0x34  stm32l5xx_hal_rtc_ex.o [10]
  .text                 ro code   0x800'72d8    0xe0  stm32l5xx_hal_spi.o [10]
  .text                 ro code   0x800'73b8    0x94  stm32l5xx_hal_tim_ex.o [10]
  .text                 ro code   0x800'744c   0x1ec  cmsis_os2.o [11]
  .text                 ro code   0x800'7638    0x64  system_api.o [8]
  .text                 ro code   0x800'769c    0x10  stm32l5xx_hal_pwr.o [10]
  .text                 ro code   0x800'76ac    0xc8  system_stm32l5xx.o [9]
  .text                 ro code   0x800'7774    0x50  gpio_api.o [5]
  .text                 ro code   0x800'77c4    0x14  log_api.o [2]
  .text                 ro code   0x800'77d8    0x24  periodic_api.o [7]
  .text                 ro code   0x800'77fc    0x60  heartbeat_api.o [6]
  .text                 ro code   0x800'785c     0xc  flight_controller_api.o [4]
  .text                 ro code   0x800'7868    0x64  log_conductor.o [2]
  .text                 ro code   0x800'78cc    0xa0  periodic_conductor.o [7]
  .text                 ro code   0x800'796c    0xec  periodic_driver.o [7]
  .text                 ro code   0x800'7a58    0x94  flight_controller_conductor.o [4]
  .text                 ro code   0x800'7aec    0xc4  log_driver.o [2]
  .text                 ro code   0x800'7bb0    0x68  flight_controller_driver.o [4]
  .text                 ro code   0x800'7c18    0x8a  flight_controller_hdwr.o [4]
  .text                 ro code   0x800'7ca4    0x28  printf.o [12]
  .text                 ro code   0x800'7ccc    0x40  sprintf.o [12]
  .text                 ro code   0x800'7d0c   0x15e  pwm_api.o [5]
  .text                 ro code   0x800'7e6c    0x84  adc_api.o [5]
  .text                 ro code   0x800'7ef0    0x48  FltToDbl.o [13]
  .text                 ro code   0x800'7f38    0x68  DblToFlt.o [13]
  .text                 ro code   0x800'7fa0    0xd8  xfspos.o [12]
  .text                 ro code   0x800'8078    0xac  fflush.o [12]
  .text                 ro code   0x800'8124     0xc  xfgpos.o [12]
  .text                 ro code   0x800'8130    0x4e  lseek.o [15]
  .text                 ro code   0x800'817e    0x10  write.o [15]
  .text                 ro code   0x800'8190    0xcc  XShHandles.o [12]
  .text                 ro code   0x800'825c    0x1e  dwrite.o [15]
  .text                 ro code   0x800'827a    0x20  iarwstd.o [15]
  .text                 ro code   0x800'829a    0x22  iarwrite.o [15]
  .text                 ro code   0x800'82bc    0xb4  xfwprep.o [12]
  .text                 ro code   0x800'8370    0x24  fseek.o [12]
  .text                 ro code   0x800'8394    0x9c  xfofind.o [12]
  .text                 ro code   0x800'8430     0x4  heaptramp0.o [12]
  .text                 ro code   0x800'8434    0x7e  fclose.o [12]
  .text                 ro code   0x800'84b2    0x18  close.o [15]
  .text                 ro code   0x800'84ca    0x14  remove.o [15]
  .text                 ro code   0x800'84de    0x78  lz77_init_single.o [14]
  .text                 ro code   0x800'8556    0x54  fputc.o [12]
  .rodata               const     0x800'85ac    0x40  system_stm32l5xx.o [9]
  .text                 ro code   0x800'85ec    0x40  xcloseall.o [12]
  .text                 ro code   0x800'862c    0x38  zero_init3.o [14]
  .text                 ro code   0x800'8664    0x28  data_init.o [14]
  .rodata               const     0x800'868c    0x24  main.o [3]
  .text                 ro code   0x800'86b0    0x22  fpinit_M.o [13]
  .iar.init_table       const     0x800'86d4    0x20  - Linker created -
  .text                 ro code   0x800'86f4    0x1e  cmain.o [14]
  .text                 ro code   0x800'8712     0x4  low_level_init.o [12]
  .text                 ro code   0x800'8716     0x4  exit.o [12]
  .text                 ro code   0x800'871c     0xe  cexit.o [14]
  .text                 ro code   0x800'872c    0x1c  cstartup_M.o [14]
  .text                 ro code   0x800'8748    0x18  stm32l5xx_it.o [3]
  .text                 ro code   0x800'8760    0x16  xprout.o [12]
  .text                 ro code   0x800'8778     0xc  putchar.o [12]
  .rodata               const     0x800'8784    0x14  system_obj.o [8]
  .text                 ro code   0x800'8798    0x10  startup_stm32l552xx.o [1]
  .rodata               const     0x800'87a8     0xc  main.o [3]
  .rodata               const     0x800'87b4     0xc  periodic_conductor.o [7]
  .rodata               const     0x800'87c0     0xc  system_obj.o [8]
  .rodata               const     0x800'87cc     0x4  log_conductor.o [2]
  .text                 ro code   0x800'87d0     0x4  startup_stm32l552xx.o [1]
  .text                 ro code   0x800'87d4     0x4  startup_stm32l552xx.o [1]
  .text                 ro code   0x800'87d8     0x4  startup_stm32l552xx.o [1]
  .text                 ro code   0x800'87dc     0x4  startup_stm32l552xx.o [1]
  .text                 ro code   0x800'87e0     0x4  startup_stm32l552xx.o [1]
  .text                 ro code   0x800'87e4     0x4  startup_stm32l552xx.o [1]
  .text                 ro code   0x800'87e8     0x4  startup_stm32l552xx.o [1]
  .text                 ro code   0x800'87ec     0x4  startup_stm32l552xx.o [1]
  .text                 ro code   0x800'87f0     0x4  startup_stm32l552xx.o [1]
  .text                 ro code   0x800'87f4     0x4  startup_stm32l552xx.o [1]
  .text                 ro code   0x800'87f8     0x4  startup_stm32l552xx.o [1]
  .text                 ro code   0x800'87fc     0x4  startup_stm32l552xx.o [1]
  .text                 ro code   0x800'8800     0x4  startup_stm32l552xx.o [1]
  .text                 ro code   0x800'8804     0x4  startup_stm32l552xx.o [1]
  .text                 ro code   0x800'8808     0x4  startup_stm32l552xx.o [1]
  .text                 ro code   0x800'880c     0x4  startup_stm32l552xx.o [1]
  .text                 ro code   0x800'8810     0x4  startup_stm32l552xx.o [1]
  .text                 ro code   0x800'8814     0x4  startup_stm32l552xx.o [1]
  .text                 ro code   0x800'8818     0x4  startup_stm32l552xx.o [1]
  .text                 ro code   0x800'881c     0x4  startup_stm32l552xx.o [1]
  .text                 ro code   0x800'8820     0x4  startup_stm32l552xx.o [1]
  .text                 ro code   0x800'8824     0x4  startup_stm32l552xx.o [1]
  .text                 ro code   0x800'8828     0x4  startup_stm32l552xx.o [1]
  .text                 ro code   0x800'882c     0x4  startup_stm32l552xx.o [1]
  .text                 ro code   0x800'8830     0x4  startup_stm32l552xx.o [1]
  .text                 ro code   0x800'8834     0x4  startup_stm32l552xx.o [1]
  .text                 ro code   0x800'8838     0x4  startup_stm32l552xx.o [1]
  .text                 ro code   0x800'883c     0x4  startup_stm32l552xx.o [1]
  .text                 ro code   0x800'8840     0x4  startup_stm32l552xx.o [1]
  .text                 ro code   0x800'8844     0x4  startup_stm32l552xx.o [1]
  .text                 ro code   0x800'8848     0x4  startup_stm32l552xx.o [1]
  .text                 ro code   0x800'884c     0x4  startup_stm32l552xx.o [1]
  .text                 ro code   0x800'8850     0x4  startup_stm32l552xx.o [1]
  .text                 ro code   0x800'8854     0x4  startup_stm32l552xx.o [1]
  .text                 ro code   0x800'8858     0x4  startup_stm32l552xx.o [1]
  .text                 ro code   0x800'885c     0x4  startup_stm32l552xx.o [1]
  .text                 ro code   0x800'8860     0x4  startup_stm32l552xx.o [1]
  .text                 ro code   0x800'8864     0x4  startup_stm32l552xx.o [1]
  .text                 ro code   0x800'8868     0x4  startup_stm32l552xx.o [1]
  .text                 ro code   0x800'886c     0x4  startup_stm32l552xx.o [1]
  .text                 ro code   0x800'8870     0x4  startup_stm32l552xx.o [1]
  .text                 ro code   0x800'8874     0x4  startup_stm32l552xx.o [1]
  .text                 ro code   0x800'8878     0x4  startup_stm32l552xx.o [1]
  .text                 ro code   0x800'887c     0x4  startup_stm32l552xx.o [1]
  .text                 ro code   0x800'8880     0x4  startup_stm32l552xx.o [1]
  .text                 ro code   0x800'8884     0x4  startup_stm32l552xx.o [1]
  .text                 ro code   0x800'8888     0x4  startup_stm32l552xx.o [1]
  .text                 ro code   0x800'888c     0x4  startup_stm32l552xx.o [1]
  .text                 ro code   0x800'8890     0x4  startup_stm32l552xx.o [1]
  .text                 ro code   0x800'8894     0x4  startup_stm32l552xx.o [1]
  .text                 ro code   0x800'8898     0x4  startup_stm32l552xx.o [1]
  .text                 ro code   0x800'889c     0x4  startup_stm32l552xx.o [1]
  .text                 ro code   0x800'88a0     0x4  startup_stm32l552xx.o [1]
  .text                 ro code   0x800'88a4     0x4  startup_stm32l552xx.o [1]
  .text                 ro code   0x800'88a8     0x4  startup_stm32l552xx.o [1]
  .text                 ro code   0x800'88ac     0x4  startup_stm32l552xx.o [1]
  .text                 ro code   0x800'88b0     0x4  startup_stm32l552xx.o [1]
  .text                 ro code   0x800'88b4     0x4  startup_stm32l552xx.o [1]
  .text                 ro code   0x800'88b8     0x4  startup_stm32l552xx.o [1]
  .text                 ro code   0x800'88bc     0x4  startup_stm32l552xx.o [1]
  .text                 ro code   0x800'88c0     0x4  startup_stm32l552xx.o [1]
  .text                 ro code   0x800'88c4     0x4  startup_stm32l552xx.o [1]
  .text                 ro code   0x800'88c8     0x4  startup_stm32l552xx.o [1]
  .text                 ro code   0x800'88cc     0x4  startup_stm32l552xx.o [1]
  .text                 ro code   0x800'88d0     0x4  startup_stm32l552xx.o [1]
  .text                 ro code   0x800'88d4     0x4  startup_stm32l552xx.o [1]
  .text                 ro code   0x800'88d8     0x4  startup_stm32l552xx.o [1]
  .text                 ro code   0x800'88dc     0x4  startup_stm32l552xx.o [1]
  .text                 ro code   0x800'88e0     0x4  startup_stm32l552xx.o [1]
  .text                 ro code   0x800'88e4     0x4  startup_stm32l552xx.o [1]
  .text                 ro code   0x800'88e8     0x4  startup_stm32l552xx.o [1]
  .text                 ro code   0x800'88ec     0x4  startup_stm32l552xx.o [1]
  .text                 ro code   0x800'88f0     0x4  startup_stm32l552xx.o [1]
  .text                 ro code   0x800'88f4     0x4  startup_stm32l552xx.o [1]
  .text                 ro code   0x800'88f8     0x4  startup_stm32l552xx.o [1]
  .text                 ro code   0x800'88fc     0x4  startup_stm32l552xx.o [1]
  .text                 ro code   0x800'8900     0x4  startup_stm32l552xx.o [1]
  .text                 ro code   0x800'8904     0x4  startup_stm32l552xx.o [1]
  .text                 ro code   0x800'8908     0x4  startup_stm32l552xx.o [1]
  .text                 ro code   0x800'890c     0x4  startup_stm32l552xx.o [1]
  .text                 ro code   0x800'8910     0x4  startup_stm32l552xx.o [1]
  .text                 ro code   0x800'8914     0x4  startup_stm32l552xx.o [1]
  .text                 ro code   0x800'8918     0x4  startup_stm32l552xx.o [1]
  .text                 ro code   0x800'891c     0x4  startup_stm32l552xx.o [1]
  .text                 ro code   0x800'8920     0x4  startup_stm32l552xx.o [1]
  .text                 ro code   0x800'8924     0x4  startup_stm32l552xx.o [1]
  .text                 ro code   0x800'8928     0x4  startup_stm32l552xx.o [1]
  .text                 ro code   0x800'892c     0x4  startup_stm32l552xx.o [1]
  .text                 ro code   0x800'8930     0x4  startup_stm32l552xx.o [1]
  .text                 ro code   0x800'8934     0x4  startup_stm32l552xx.o [1]
  .text                 ro code   0x800'8938     0x4  startup_stm32l552xx.o [1]
  .text                 ro code   0x800'893c     0x4  startup_stm32l552xx.o [1]
  .text                 ro code   0x800'8940     0x4  startup_stm32l552xx.o [1]
  .text                 ro code   0x800'8944     0x4  startup_stm32l552xx.o [1]
  .text                 ro code   0x800'8948     0x4  startup_stm32l552xx.o [1]
  .text                 ro code   0x800'894c     0x4  startup_stm32l552xx.o [1]
  .text                 ro code   0x800'8950     0x4  startup_stm32l552xx.o [1]
  .text                 ro code   0x800'8954     0x4  startup_stm32l552xx.o [1]
  .text                 ro code   0x800'8958     0x4  startup_stm32l552xx.o [1]
  .text                 ro code   0x800'895c     0x4  startup_stm32l552xx.o [1]
  .text                 ro code   0x800'8960     0x4  startup_stm32l552xx.o [1]
  .text                 ro code   0x800'8964     0x4  startup_stm32l552xx.o [1]
  .text                 ro code   0x800'8968     0x4  startup_stm32l552xx.o [1]
  .text                 ro code   0x800'896c     0x4  startup_stm32l552xx.o [1]
  .text                 ro code   0x800'8970     0x0  cstart_closeall.o [14]
  .rodata               const     0x800'8970     0x0  zero_init3.o [14]
  .rodata               const     0x800'8970     0x0  lz77_init_single.o [14]
  Initializer bytes     const     0x800'8970    0xc4  <for P2-P3-1>
                                - 0x800'8a34  0x8840

"P2-P3", part 1 of 3:                          0x21d
  P2-P3-1                        0x2000'0000   0x21d  <Init block>
    .data               inited   0x2000'0000    0x24  flight_controller_conductor.o [4]
    .data               inited   0x2000'0024    0x18  gpio_api.o [5]
    .data               inited   0x2000'003c    0x28  log_conductor.o [2]
    .data               inited   0x2000'0064    0x24  periodic_conductor.o [7]
    .data               inited   0x2000'0088     0x4  port.o [11]
    .data               inited   0x2000'008c     0xc  stm32l5xx_hal.o [10]
    .data               inited   0x2000'0098     0xc  system_obj.o [8]
    .data               inited   0x2000'00a4    0x3c  system_obj.o [8]
    .data               inited   0x2000'00e0     0x4  system_stm32l5xx.o [9]
    .data               inited   0x2000'00e4    0x38  xlocale_c.o [12]
    .data               inited   0x2000'011c    0x48  xfiles.o [12]
    .data               inited   0x2000'0164    0x48  xfiles.o [12]
    .data               inited   0x2000'01ac    0x48  xfiles.o [12]
    .data               inited   0x2000'01f4    0x20  xfiles.o [12]
    .data               inited   0x2000'0214     0x8  XShttio.o [12]
    .data               inited   0x2000'021c     0x1  system_api.o [8]
                               - 0x2000'021d   0x21d

"P2-P3", part 2 of 3:                         0x3740
  .bss                  zero     0x2000'0220  0x2020  heap_4.o [11]
  .bss                  zero     0x2000'2240   0x48a  log_driver.o [2]
  .bss                  zero     0x2000'26cc   0x460  tasks.o [11]
  .bss                  zero     0x2000'2b2c   0x45c  cmsis_os2.o [11]
  .bss                  zero     0x2000'2f88   0x25c  cmsis_os2.o [11]
  .bss                  zero     0x2000'31e4   0x1d8  dlmalloc.o [12]
  .bss                  zero     0x2000'33bc   0x144  main.o [3]
  .bss                  zero     0x2000'3500   0x12c  timers.o [11]
  .bss                  zero     0x2000'362c    0x9c  tasks.o [11]
  .bss                  zero     0x2000'36c8    0x80  XShHandles.o [12]
  .bss                  zero     0x2000'3748    0x68  main.o [3]
  .bss                  zero     0x2000'37b0    0x50  xfiles.o [12]
  .bss                  zero     0x2000'3800    0x50  xfiles.o [12]
  .bss                  zero     0x2000'3850    0x40  queue.o [11]
  .bss                  zero     0x2000'3890    0x24  periodic_driver.o [7]
  .bss                  zero     0x2000'38b4    0x24  periodic_driver.o [7]
  .bss                  zero     0x2000'38d8    0x24  periodic_driver.o [7]
  .bss                  zero     0x2000'38fc    0x24  periodic_driver.o [7]
  .bss                  zero     0x2000'3920    0x18  adc_api.o [5]
  .bss                  zero     0x2000'3938    0x18  dlmalloc.o [12]
  .bss                  zero     0x2000'3950     0x4  cmsis_os2.o [11]
  .bss                  zero     0x2000'3954     0x4  periodic_conductor.o [7]
  .bss                  zero     0x2000'3958     0x4  xfail_s.o [12]
  .bss                  zero     0x2000'395c     0x4  xgetmemchunk.o [12]
                               - 0x2000'3960  0x3740

"P2-P3", part 3 of 3:                          0x600
  CSTACK                         0x2000'3960   0x400  <Block>
    CSTACK              uninit   0x2000'3960   0x400  <Block tail>
  HEAP                           0x2000'3d60   0x200  <Block>
    HEAP                uninit   0x2000'3d60   0x200  <Block tail>
                               - 0x2000'3f60   0x600

Unused ranges:

         From           To      Size
         ----           --      ----
   0x800'8a34   0x807'ffff  0x7'75cc
  0x2000'021d  0x2000'021f       0x3
  0x2000'3f60  0x2002'ffff  0x2'c0a0


*******************************************************************************
*** INIT TABLE
***

          Address      Size
          -------      ----
Zero (__iar_zero_init3)
    1 destination range, total size 0x3740:
          0x2000'0220  0x3740

Copy/lz77 (__iar_lz77_init_single3)
    1 source range, total size 0xc4 (36% of destination):
           0x800'8970    0xc4
    1 destination range, total size 0x21d:
          0x2000'0000   0x21d



*******************************************************************************
*** MODULE SUMMARY
***

    Module                         ro code  ro data  rw data
    ------                         -------  -------  -------
command line/config:
    --------------------------------------------------------
    Total:

D:\Proyectos\STM32\kart\EWARM\kart\Obj\Application\EWARM: [1]
    startup_stm32l552xx.o              932
    --------------------------------------------------------
    Total:                             932

D:\Proyectos\STM32\kart\EWARM\kart\Obj\Application\LOG\src: [2]
    log_api.o                           20
    log_conductor.o                    100       19       40
    log_driver.o                       196             1'162
    --------------------------------------------------------
    Total:                             316       19    1'202

D:\Proyectos\STM32\kart\EWARM\kart\Obj\Application\User: [3]
    main.o                           1'198       48      428
    stm32l5xx_hal_msp.o                596
    stm32l5xx_it.o                      24
    --------------------------------------------------------
    Total:                           1'818       48      428

D:\Proyectos\STM32\kart\EWARM\kart\Obj\Application\flight_controller\src: [4]
    flight_controller_api.o             12
    flight_controller_conductor.o      148       13       36
    flight_controller_driver.o         104
    flight_controller_hdwr.o           138
    --------------------------------------------------------
    Total:                             402       13       36

D:\Proyectos\STM32\kart\EWARM\kart\Obj\Application\hdwr\src: [5]
    adc_api.o                          132                24
    gpio_api.o                          80        8       24
    pwm_api.o                          350
    --------------------------------------------------------
    Total:                             562        8       48

D:\Proyectos\STM32\kart\EWARM\kart\Obj\Application\heartbeat\src: [6]
    heartbeat_api.o                     96
    --------------------------------------------------------
    Total:                              96

D:\Proyectos\STM32\kart\EWARM\kart\Obj\Application\periodic\src: [7]
    periodic_api.o                      36
    periodic_conductor.o               160       25       40
    periodic_driver.o                  236               144
    --------------------------------------------------------
    Total:                             432       25      184

D:\Proyectos\STM32\kart\EWARM\kart\Obj\Application\system\src: [8]
    system_api.o                       100        1        1
    system_obj.o                                 58       72
    --------------------------------------------------------
    Total:                             100       59       73

D:\Proyectos\STM32\kart\EWARM\kart\Obj\Drivers\CMSIS: [9]
    system_stm32l5xx.o                 200       65        4
    --------------------------------------------------------
    Total:                             200       65        4

D:\Proyectos\STM32\kart\EWARM\kart\Obj\Drivers\STM32L5xx_HAL_Driver: [10]
    stm32l5xx_hal.o                    114        5       12
    stm32l5xx_hal_adc.o              1'428
    stm32l5xx_hal_adc_ex.o             196
    stm32l5xx_hal_cortex.o             200
    stm32l5xx_hal_dma.o                620
    stm32l5xx_hal_gpio.o               472
    stm32l5xx_hal_pwr.o                 16
    stm32l5xx_hal_pwr_ex.o             192
    stm32l5xx_hal_rcc.o              2'164
    stm32l5xx_hal_rcc_ex.o           1'444
    stm32l5xx_hal_rtc.o                332
    stm32l5xx_hal_rtc_ex.o              52
    stm32l5xx_hal_spi.o                224
    stm32l5xx_hal_tim.o              1'858
    stm32l5xx_hal_tim_ex.o             148
    --------------------------------------------------------
    Total:                           9'460        5       12

D:\Proyectos\STM32\kart\EWARM\kart\Obj\Middlewares\FreeRTOS: [11]
    cmsis_os2.o                        536             1'724
    heap_4.o                           404             8'224
    list.o                             146
    port.o                             404        1        4
    portasm.o                          200
    queue.o                          1'268                64
    tasks.o                          2'004             1'276
    timers.o                           820               300
    --------------------------------------------------------
    Total:                           5'782        1   11'592

dl7M_tlf.a: [12]
    XShHandles.o                       204               128
    XShttio.o                            8        3        8
    abort.o                              6
    dlmalloc.o                       5'396               496
    exit.o                               4
    fclose.o                           126
    fflush.o                           172
    fputc.o                             84
    fseek.o                             36
    heaptramp0.o                         4
    low_level_init.o                     4
    printf.o                            40
    putchar.o                           12
    sprintf.o                           64
    xcloseall.o                         64
    xfail_s.o                           64                 4
    xfgpos.o                            12
    xfiles.o                                     90      408
    xfofind.o                          156
    xfspos.o                           216
    xfwprep.o                          180
    xgetmemchunk.o                      44                 4
    xlocale_c.o                          8       23       56
    xprintffull_nomb.o               3'886
    xprout.o                            22
    xsprout.o                           10
    --------------------------------------------------------
    Total:                          10'822      116    1'104

m7M_tls.a: [13]
    DblAddSub.o                        606
    DblCmpGe.o                          52
    DblCmpLe.o                          52
    DblDiv.o                           582
    DblMul.o                           426
    DblToFlt.o                         104
    DblToS32.o                          54
    DblToU32.o                          34
    FltToDbl.o                          72
    S32ToDbl.o                          34
    U32ToDbl.o                          28
    fpinit_M.o                          34
    frexp.o                            112
    ldexp.o                            314
    --------------------------------------------------------
    Total:                           2'504

rt7M_tl.a: [14]
    ABImemclr.o                          6
    ABImemcpy_small.o                   24
    ABImemset48.o                       58
    ABImemset_small.o                   18
    I64DivMod.o                        560
    I64DivZer.o                          2
    cexit.o                             14
    cmain.o                             30
    cstart_closeall.o
    cstartup_M.o                        28
    data_init.o                         40
    lz77_init_single.o                 120
    memchr.o                            88
    memset.o                            20
    strchr.o                            22
    strlen.o                            54
    zero_init3.o                        56
    --------------------------------------------------------
    Total:                           1'140

shb_l.a: [15]
    close.o                             24
    dwrite.o                            30
    exit.o                              20
    iarttio.o                          124
    iarwrite.o                          34
    iarwstd.o                           32
    lseek.o                             78
    remove.o                            20
    write.o                             16
    --------------------------------------------------------
    Total:                             378

    Gaps                                41        4        2
    Linker created                               32    1'536
------------------------------------------------------------
    Grand Total:                    34'985      395   16'221


*******************************************************************************
*** ENTRY LIST
***

Entry                       Address    Size  Type      Object
-----                       -------    ----  ----      ------
.iar.init_table$$Base    0x800'86d4           --   Gb  - Linker created -
.iar.init_table$$Limit   0x800'86f4           --   Gb  - Linker created -
?main                    0x800'86f5          Code  Gb  cmain.o [14]
AHBPrescTable            0x800'7764    0x10  Data  Gb  system_stm32l5xx.o [9]
BusFault_Handler         0x800'874f     0x2  Code  Gb  stm32l5xx_it.o [3]
CSTACK$$Base            0x2000'3960           --   Gb  - Linker created -
CSTACK$$Limit           0x2000'3d60           --   Gb  - Linker created -
DMA1_Channel1_IRQHandler
                         0x800'8755     0x6  Code  Gb  stm32l5xx_it.o [3]
DMA_CalcDMAMUXChannelBaseAndMask
                         0x800'6a5b    0x3a  Code  Lc  stm32l5xx_hal_dma.o [10]
DMA_CalcDMAMUXRequestGenBaseAndMask
                         0x800'6a95    0x1c  Code  Lc  stm32l5xx_hal_dma.o [10]
DebugMon_Handler         0x800'8753     0x2  Code  Gb  stm32l5xx_it.o [3]
Error_Handler            0x800'6693     0x4  Code  Gb  main.o [3]
HAL_ADCEx_MultiModeConfigChannel
                         0x800'7095    0xae  Code  Gb  stm32l5xx_hal_adc_ex.o [10]
HAL_ADC_ConfigChannel    0x800'6d01   0x2fe  Code  Gb  stm32l5xx_hal_adc.o [10]
HAL_ADC_Init             0x800'6b45   0x196  Code  Gb  stm32l5xx_hal_adc.o [10]
HAL_ADC_MspInit          0x800'5a15    0xd4  Code  Gb  stm32l5xx_hal_msp.o [3]
HAL_DMA_ConfigChannelAttributes
                         0x800'6a3b    0x20  Code  Gb  stm32l5xx_hal_dma.o [10]
HAL_DMA_IRQHandler       0x800'6941    0xe8  Code  Gb  stm32l5xx_hal_dma.o [10]
HAL_DMA_Init             0x800'6871    0x86  Code  Gb  stm32l5xx_hal_dma.o [10]
HAL_GPIO_Init            0x800'6699   0x196  Code  Gb  stm32l5xx_hal_gpio.o [10]
HAL_GPIO_TogglePin       0x800'6839    0x10  Code  Gb  stm32l5xx_hal_gpio.o [10]
HAL_GPIO_WritePin        0x800'682f     0xa  Code  Gb  stm32l5xx_hal_gpio.o [10]
HAL_GetTick              0x800'3c21     0xc  Code  Gb  stm32l5xx_hal.o [10]
HAL_Init                 0x800'6add    0x22  Code  Gb  stm32l5xx_hal.o [10]
HAL_InitTick             0x800'3bdd    0x44  Code  Gb  stm32l5xx_hal.o [10]
HAL_MspInit              0x800'59d9    0x3c  Code  Gb  stm32l5xx_hal_msp.o [3]
HAL_NVIC_EnableIRQ       0x800'3d5d    0x16  Code  Gb  stm32l5xx_hal_cortex.o [10]
HAL_NVIC_SetPriority     0x800'3d21    0x3a  Code  Gb  stm32l5xx_hal_cortex.o [10]
HAL_NVIC_SetPriorityGrouping
                         0x800'3d07    0x1a  Code  Gb  stm32l5xx_hal_cortex.o [10]
HAL_PWREx_ControlVoltageScaling
                         0x800'3c39    0x66  Code  Gb  stm32l5xx_hal_pwr_ex.o [10]
HAL_PWREx_DisableUCPDDeadBattery
                         0x800'3cad     0x2  Code  Gb  stm32l5xx_hal_pwr_ex.o [10]
HAL_PWREx_EnableVddIO2   0x800'3c9f     0xe  Code  Gb  stm32l5xx_hal_pwr_ex.o [10]
HAL_PWREx_GetVoltageRange
                         0x800'3c2d     0xc  Code  Gb  stm32l5xx_hal_pwr_ex.o [10]
HAL_PWREx_SMPS_GetEffectiveMode
                         0x800'3cb9    0x1c  Code  Gb  stm32l5xx_hal_pwr_ex.o [10]
HAL_PWR_EnableBkUpAccess
                         0x800'769d     0xc  Code  Gb  stm32l5xx_hal_pwr.o [10]
HAL_RCCEx_PeriphCLKConfig
                         0x800'5c45   0x3d6  Code  Gb  stm32l5xx_hal_rcc_ex.o [10]
HAL_RCC_ClockConfig      0x800'38bb   0x18e  Code  Gb  stm32l5xx_hal_rcc.o [10]
HAL_RCC_GetHCLKFreq      0x800'3b0b    0x12  Code  Gb  stm32l5xx_hal_rcc.o [10]
HAL_RCC_GetSysClockFreq
                         0x800'3a75    0x96  Code  Gb  stm32l5xx_hal_rcc.o [10]
HAL_RCC_OscConfig        0x800'3369   0x526  Code  Gb  stm32l5xx_hal_rcc.o [10]
HAL_RTCEx_PrivilegeModeSet
                         0x800'72a5    0x2c  Code  Gb  stm32l5xx_hal_rtc_ex.o [10]
HAL_RTC_Init             0x800'7159    0x86  Code  Gb  stm32l5xx_hal_rtc.o [10]
HAL_RTC_MspInit          0x800'5ae9    0x50  Code  Gb  stm32l5xx_hal_msp.o [3]
HAL_RTC_WaitForSynchro   0x800'71df    0x2e  Code  Gb  stm32l5xx_hal_rtc.o [10]
HAL_SPI_Init             0x800'72d9    0xd4  Code  Gb  stm32l5xx_hal_spi.o [10]
HAL_SPI_MspInit          0x800'5b39    0x48  Code  Gb  stm32l5xx_hal_msp.o [3]
HAL_SYSTICK_Config       0x800'3d73    0x28  Code  Gb  stm32l5xx_hal_cortex.o [10]
HAL_TIMEx_MasterConfigSynchronization
                         0x800'73b9    0x7a  Code  Gb  stm32l5xx_hal_tim_ex.o [10]
HAL_TIM_Base_Init        0x800'5299    0x1a  Code  Gb  stm32l5xx_hal_tim.o [10]
HAL_TIM_Base_MspInit     0x800'5b97    0x22  Code  Gb  stm32l5xx_hal_msp.o [3]
HAL_TIM_ConfigClockSource
                         0x800'5549    0x90  Code  Gb  stm32l5xx_hal_tim.o [10]
HAL_TIM_MspPostInit      0x800'5bb9    0x3a  Code  Gb  stm32l5xx_hal_msp.o [3]
HAL_TIM_PWM_ConfigChannel
                         0x800'543b   0x102  Code  Gb  stm32l5xx_hal_tim.o [10]
HAL_TIM_PWM_Init         0x800'52dd    0x1a  Code  Gb  stm32l5xx_hal_tim.o [10]
HAL_TIM_PWM_MspInit      0x800'5c2d     0x2  Code  Gb  stm32l5xx_hal_tim.o [10]
HAL_TIM_PWM_Start        0x800'52f7    0xc4  Code  Gb  stm32l5xx_hal_tim.o [10]
HEAP$$Base              0x2000'3d60           --   Gb  - Linker created -
HEAP$$Limit             0x2000'3f60           --   Gb  - Linker created -
HardFault_Handler        0x800'874b     0x2  Code  Gb  stm32l5xx_it.o [3]
KernelState             0x2000'3950     0x4  Data  Lc  cmsis_os2.o [11]
LL_ADC_GetOffsetChannel
                         0x800'6b01     0xe  Code  Lc  stm32l5xx_hal_adc.o [10]
LL_ADC_SetChannelSamplingTime
                         0x800'6b21    0x24  Code  Lc  stm32l5xx_hal_adc.o [10]
LL_ADC_SetOffsetState    0x800'6b0f    0x12  Code  Lc  stm32l5xx_hal_adc.o [10]
MSIRangeTable            0x800'85ac    0x40  Data  Gb  system_stm32l5xx.o [9]
MX_DMA_Init              0x800'65ff    0x3c  Code  Lc  main.o [3]
MemManage_Handler        0x800'874d     0x2  Code  Gb  stm32l5xx_it.o [3]
NMI_Handler              0x800'8749     0x2  Code  Gb  stm32l5xx_it.o [3]
PendSV_Handler           0x800'45f1          Code  Gb  portasm.o [11]
RCCEx_PLLSAI1_Config     0x800'6045    0xd6  Code  Lc  stm32l5xx_hal_rcc_ex.o [10]
RCCEx_PLLSAI2_Config     0x800'6121    0xa8  Code  Lc  stm32l5xx_hal_rcc_ex.o [10]
RCC_SetFlashLatencyFromMSIRange
                         0x800'3b29    0x78  Code  Lc  stm32l5xx_hal_rcc.o [10]
RTC_EnterInitMode        0x800'720d    0x40  Code  Gb  stm32l5xx_hal_rtc.o [10]
RTC_ExitInitMode         0x800'724d    0x4c  Code  Gb  stm32l5xx_hal_rtc.o [10]
Region$$Table$$Base      0x800'86d4           --   Gb  - Linker created -
Region$$Table$$Limit     0x800'86f4           --   Gb  - Linker created -
SVC_Handler              0x800'4635          Code  Gb  portasm.o [11]
StartDefaultTask         0x800'6689     0xa  Code  Gb  main.o [3]
SysTick_Handler          0x800'744d    0x1a  Code  Gb  cmsis_os2.o [11]
SystemClock_Config       0x800'6571    0x84  Code  Gb  main.o [3]
SystemCoreClock         0x2000'00e0     0x4  Data  Gb  system_stm32l5xx.o [9]
SystemCoreClockUpdate    0x800'76b9    0x8e  Code  Gb  system_stm32l5xx.o [9]
SystemInit               0x800'76ad     0xc  Code  Gb  system_stm32l5xx.o [9]
TIM_Base_SetConfig       0x800'5605    0xac  Code  Gb  stm32l5xx_hal_tim.o [10]
TIM_CCxChannelCmd        0x800'59bd    0x1c  Code  Gb  stm32l5xx_hal_tim.o [10]
TIM_ETR_SetConfig        0x800'59a9    0x14  Code  Gb  stm32l5xx_hal_tim.o [10]
TIM_ITRx_SetConfig       0x800'595d    0x10  Code  Lc  stm32l5xx_hal_tim.o [10]
TIM_OC1_SetConfig        0x800'56b1    0x84  Code  Lc  stm32l5xx_hal_tim.o [10]
TIM_OC2_SetConfig        0x800'5735    0x74  Code  Gb  stm32l5xx_hal_tim.o [10]
TIM_OC3_SetConfig        0x800'57a9    0x70  Code  Lc  stm32l5xx_hal_tim.o [10]
TIM_OC4_SetConfig        0x800'5819    0x4e  Code  Lc  stm32l5xx_hal_tim.o [10]
TIM_OC5_SetConfig        0x800'5867    0x54  Code  Lc  stm32l5xx_hal_tim.o [10]
TIM_OC6_SetConfig        0x800'58bb    0x4e  Code  Lc  stm32l5xx_hal_tim.o [10]
TIM_TI1_ConfigInputStage
                         0x800'5917    0x22  Code  Lc  stm32l5xx_hal_tim.o [10]
TIM_TI2_ConfigInputStage
                         0x800'5939    0x24  Code  Lc  stm32l5xx_hal_tim.o [10]
UsageFault_Handler       0x800'8751     0x2  Code  Gb  stm32l5xx_it.o [3]
_Close_all               0x800'85ed    0x40  Code  Gb  xcloseall.o [12]
_Files                  0x2000'01f4    0x20  Data  Gb  xfiles.o [12]
_Fofree                  0x800'8395    0x96  Code  Gb  xfofind.o [12]
_Fspos                   0x800'7fa1    0xd8  Code  Gb  xfspos.o [12]
_Fwprep                  0x800'82bd    0xb4  Code  Gb  xfwprep.o [12]
_LitobFullNoMb           0x800'252d   0x10c  Code  Lc  xprintffull_nomb.o [12]
_Locale_lconv           0x2000'00e4    0x38  Data  Lc  xlocale_c.o [12]
_Nnl                     0x800'8125     0xc  Code  Gb  xfgpos.o [12]
_PrintfFullNoMb          0x800'17f9   0xd06  Code  Gb  xprintffull_nomb.o [12]
_Prout                   0x800'8761    0x16  Code  Gb  xprout.o [12]
_PutcharFullNoMb         0x800'2691    0x20  Code  Lc  xprintffull_nomb.o [12]
_PutcharsFullNoMb        0x800'26b1    0x2e  Code  Lc  xprintffull_nomb.o [12]
_SProut                  0x800'170f     0xa  Code  Gb  xsprout.o [12]
__NVIC_SetPriority       0x800'3ced    0x1a  Code  Lc  stm32l5xx_hal_cortex.o [10]
__Vectors                0x800'0000           --   Gb  startup_stm32l552xx.o [1]
__Vectors_End            0x800'01f4          Data  Gb  startup_stm32l552xx.o [1]
__Vectors_Size {Abs}          0x1f4           --   Gb  startup_stm32l552xx.o [1]
__aeabi_cdcmple          0x800'2899          Code  Gb  DblCmpLe.o [13]
__aeabi_cdrcmple         0x800'28cd          Code  Gb  DblCmpGe.o [13]
__aeabi_d2f              0x800'7f39          Code  Gb  DblToFlt.o [13]
__aeabi_d2iz             0x800'2a3d          Code  Gb  DblToS32.o [13]
__aeabi_d2uiz            0x800'2f41          Code  Gb  DblToU32.o [13]
__aeabi_dadd             0x800'2a99          Code  Gb  DblAddSub.o [13]
__aeabi_ddiv             0x800'2cf9          Code  Gb  DblDiv.o [13]
__aeabi_dmul             0x800'2f81          Code  Gb  DblMul.o [13]
__aeabi_dsub             0x800'2c15          Code  Gb  DblAddSub.o [13]
__aeabi_f2d              0x800'7ef1          Code  Gb  FltToDbl.o [13]
__aeabi_i2d              0x800'2a75          Code  Gb  S32ToDbl.o [13]
__aeabi_ldiv0            0x800'3365          Code  Gb  I64DivZer.o [14]
__aeabi_memclr           0x800'1745          Code  Gb  ABImemclr.o [14]
__aeabi_memset4          0x800'47e5          Code  Gb  ABImemset48.o [14]
__aeabi_memset8          0x800'47e5          Code  Gb  ABImemset48.o [14]
__aeabi_ui2d             0x800'2f65          Code  Gb  U32ToDbl.o [13]
__aeabi_uldivmod         0x800'3135          Code  Gb  I64DivMod.o [14]
__cexit_closeall         0x800'871f          Code  Gb  cexit.o [14]
__close                  0x800'84b3    0x18  Code  Gb  close.o [15]
__cmain                  0x800'86f5          Code  Gb  cmain.o [14]
__cstart_closeall        0x800'8970          Data  Gb  cstart_closeall.o [14]
__data_GetMemChunk       0x800'1719    0x2c  Code  Gb  xgetmemchunk.o [12]
__data_GetMemChunk::start
                        0x2000'395c     0x4  Data  Lc  xgetmemchunk.o [12]
__dwrite                 0x800'825d    0x1e  Code  Gb  dwrite.o [15]
__exit                   0x800'174d    0x14  Code  Gb  exit.o [15]
__iar_Fail_s             0x800'2741    0x1c  Code  Gb  xfail_s.o [12]
__iar_Memchr             0x800'27b9          Code  Gb  memchr.o [14]
__iar_Memset4_word       0x800'47ed          Code  Gb  ABImemset48.o [14]
__iar_Memset8_word       0x800'47ed          Code  Gb  ABImemset48.o [14]
__iar_Stderr            0x2000'01ac    0x48  Data  Gb  xfiles.o [12]
__iar_Stdin             0x2000'011c    0x48  Data  Gb  xfiles.o [12]
__iar_Stdout            0x2000'0164    0x48  Data  Gb  xfiles.o [12]
__iar_Strchr             0x800'2729          Code  Gb  strchr.o [14]
__iar_close_ttio         0x800'1775    0x2c  Code  Gb  iarttio.o [15]
__iar_data_init3         0x800'8665    0x28  Code  Gb  data_init.o [14]
__iar_dlcalloc           0x800'16c5    0x3e  Code  Gb  dlmalloc.o [12]
__iar_dlfree             0x800'1193   0x52c  Code  Gb  dlmalloc.o [12]
__iar_dlmalloc           0x800'027d   0xf16  Code  Gb  dlmalloc.o [12]
__iar_frexp              0x800'2835          Code  Gb  frexp.o [13]
__iar_frexpl             0x800'2835          Code  Gb  frexp.o [13]
__iar_get_ttio           0x800'17a1    0x4c  Code  Gb  iarttio.o [15]
__iar_init_vfp           0x800'86b1          Code  Gb  fpinit_M.o [13]
__iar_ldexp64            0x800'2901          Code  Gb  ldexp.o [13]
__iar_lookup_ttioh       0x800'17f1     0x8  Code  Gb  XShttio.o [12]
__iar_lz77_init_single3
                         0x800'84df    0x78  Code  Gb  lz77_init_single.o [14]
__iar_program_start      0x800'872d          Code  Gb  cstartup_M.o [14]
__iar_scalbln64          0x800'2901          Code  Gb  ldexp.o [13]
__iar_scalbn64           0x800'2901          Code  Gb  ldexp.o [13]
__iar_sh_Discard         0x800'8191    0x42  Code  Gb  XShHandles.o [12]
__iar_sh_Move            0x800'81d3    0x46  Code  Gb  XShHandles.o [12]
__iar_sh_Pos             0x800'8219    0x40  Code  Gb  XShHandles.o [12]
__iar_sh_stdout          0x800'827b    0x20  Code  Gb  iarwstd.o [15]
__iar_sh_write           0x800'829b    0x22  Code  Gb  iarwrite.o [15]
__iar_small_Memcpy       0x800'2815          Code  Gb  ABImemcpy_small.o [14]
__iar_small_Memset       0x800'1761          Code  Gb  ABImemset_small.o [14]
__iar_small_Memset_word
                         0x800'1761          Code  Gb  ABImemset_small.o [14]
__iar_small_memcpy       0x800'2811          Code  Gb  ABImemcpy_small.o [14]
__iar_small_memcpy4      0x800'2811          Code  Gb  ABImemcpy_small.o [14]
__iar_small_memcpy8      0x800'2811          Code  Gb  ABImemcpy_small.o [14]
__iar_small_memset       0x800'1761          Code  Gb  ABImemset_small.o [14]
__iar_softfp___iar_frexp64
                         0x800'2829          Code  Gb  frexp.o [13]
__iar_softfp_frexp       0x800'2829          Code  Gb  frexp.o [13]
__iar_softfp_frexpl      0x800'2829          Code  Gb  frexp.o [13]
__iar_ttio_handles      0x2000'0214     0x8  Data  Lc  XShttio.o [12]
__iar_zero_init3         0x800'862d    0x38  Code  Gb  zero_init3.o [14]
__low_level_init         0x800'8713     0x4  Code  Gb  low_level_init.o [12]
__lseek                  0x800'8131    0x4e  Code  Gb  lseek.o [15]
__vector_table           0x800'0000          Data  Gb  startup_stm32l552xx.o [1]
__write                  0x800'817f    0x10  Code  Gb  write.o [15]
_call_main               0x800'8701          Code  Gb  cmain.o [14]
_exit                    0x800'871d          Code  Gb  cexit.o [14]
_gm_                    0x2000'31e4   0x1d8  Data  Lc  dlmalloc.o [12]
abort                    0x800'1709     0x6  Code  Gb  abort.o [12]
adc1_dma                0x2000'3924    0x14  Data  Gb  adc_api.o [5]
adc_get_value            0x800'7e6d    0x5e  Code  Gb  adc_api.o [5]
cllbck_every_1000_ms    0x2000'38fc    0x24  Data  Gb  periodic_driver.o [7]
cllbck_every_100_ms     0x2000'3890    0x24  Data  Gb  periodic_driver.o [7]
cllbck_every_200_ms     0x2000'38b4    0x24  Data  Gb  periodic_driver.o [7]
cllbck_every_500_ms     0x2000'38d8    0x24  Data  Gb  periodic_driver.o [7]
configurated            0x2000'3920     0x1  Data  Gb  adc_api.o [5]
defaultTaskHandle       0x2000'34fc     0x4  Data  Gb  main.o [3]
defaultTask_attributes   0x800'868c    0x24  Data  Gb  main.o [3]
ebuf                    0x2000'37b0    0x50  Data  Lc  xfiles.o [12]
exit                     0x800'8717     0x4  Code  Gb  exit.o [12]
fclose                   0x800'8435    0x7e  Code  Gb  fclose.o [12]
fflush                   0x800'80ed    0x34  Code  Gb  fflush.o [12]
fflushOne                0x800'8079    0x74  Code  Lc  fflush.o [12]
flight_controller_cfg   0x2000'00a4    0x3c  Data  Gb  system_obj.o [8]
flight_controller_conductor_init
                         0x800'7a81    0x4e  Code  Gb  flight_controller_conductor.o [4]
flight_controller_conductor_resume_thread
                         0x800'7ad9     0xc  Code  Gb  flight_controller_conductor.o [4]
flight_controller_driver_init
                         0x800'7bbb    0x1c  Code  Gb  flight_controller_driver.o [4]
flight_controller_driver_log_init
                         0x800'7be9    0x20  Code  Gb  flight_controller_driver.o [4]
flight_controller_driver_periodic
                         0x800'7bb1     0xa  Code  Lc  flight_controller_driver.o [4]
flight_controller_driver_start_periodic
                         0x800'7bd7     0xe  Code  Gb  flight_controller_driver.o [4]
flight_controller_hdwr_check_adc
                         0x800'7c49    0x34  Code  Gb  flight_controller_hdwr.o [4]
flight_controller_hdwr_init
                         0x800'7c19    0x30  Code  Gb  flight_controller_hdwr.o [4]
flight_controller_hdwr_start
                         0x800'7c7d    0x26  Code  Gb  flight_controller_hdwr.o [4]
flight_controller_init   0x800'785d     0xc  Code  Gb  flight_controller_api.o [4]
flight_controller_task_attributes
                        0x2000'0000    0x24  Data  Gb  flight_controller_conductor.o [4]
fligth_controller_thread
                         0x800'7a59    0x26  Code  Lc  flight_controller_conductor.o [4]
fputc                    0x800'8557    0x54  Code  Gb  fputc.o [12]
free                     0x800'8431     0x4  Code  Gb  heaptramp0.o [12]
fseek                    0x800'8371    0x24  Code  Gb  fseek.o [12]
gpio                    0x2000'021c     0x1  Data  Gb  system_api.o [8]
gpio_hal                0x2000'0024    0x18  Data  Gb  gpio_api.o [5]
gpio_off                 0x800'7785     0xe  Code  Gb  gpio_api.o [5]
gpio_on                  0x800'7775    0x10  Code  Gb  gpio_api.o [5]
gpio_toggle              0x800'77a9    0x16  Code  Gb  gpio_api.o [5]
hadc1                   0x2000'33bc    0x68  Data  Gb  main.o [3]
hdma_adc1               0x2000'3748    0x68  Data  Gb  main.o [3]
heartbeat               0x2000'0098     0xc  Data  Gb  system_obj.o [8]
heartbeat_init           0x800'7805    0x4a  Code  Gb  heartbeat_api.o [6]
heartbeat_periodic       0x800'77fd     0x6  Code  Gb  heartbeat_api.o [6]
hrtc                    0x2000'3488    0x28  Data  Gb  main.o [3]
hspi3                   0x2000'3424    0x64  Data  Gb  main.o [3]
htim3                   0x2000'34b0    0x4c  Data  Gb  main.o [3]
id_msg_rx               0x2000'26c8     0x2  Data  Gb  log_driver.o [2]
init_mparams             0x800'0211    0x2c  Code  Lc  dlmalloc.o [12]
init_top                 0x800'023d    0x34  Code  Lc  dlmalloc.o [12]
ldexp                    0x800'2901          Code  Gb  ldexp.o [13]
ldexpl                   0x800'2901          Code  Gb  ldexp.o [13]
localeconv               0x800'312d     0x4  Code  Gb  xlocale_c.o [12]
log_conductor_init       0x800'7879    0x2c  Code  Gb  log_conductor.o [2]
log_conductor_new_msg    0x800'78a5    0x18  Code  Gb  log_conductor.o [2]
log_driver_create_new_message
                         0x800'7aed    0x82  Code  Gb  log_driver.o [2]
log_init                 0x800'77c5     0x4  Code  Gb  log_api.o [2]
log_msg                 0x2000'2240   0x488  Data  Gb  log_driver.o [2]
log_new_msg              0x800'77c9    0x10  Code  Gb  log_api.o [2]
log_task                 0x800'7869    0x10  Code  Gb  log_conductor.o [2]
log_task_attributes     0x2000'003c    0x24  Data  Gb  log_conductor.o [2]
main                     0x800'61e9   0x350  Code  Gb  main.o [3]
memchr                   0x800'27b9          Code  Gb  memchr.o [14]
memset                   0x800'5c2f    0x14  Code  Gb  memset.o [14]
mparams                 0x2000'3938    0x18  Data  Lc  dlmalloc.o [12]
obuf                    0x2000'3800    0x50  Data  Lc  xfiles.o [12]
osDelay                  0x800'7613    0x1a  Code  Gb  cmsis_os2.o [11]
osKernelGetTickCount     0x800'74bf    0x10  Code  Gb  cmsis_os2.o [11]
osKernelInitialize       0x800'7467    0x1a  Code  Gb  cmsis_os2.o [11]
osKernelStart            0x800'7489    0x2a  Code  Gb  cmsis_os2.o [11]
osThreadFlagsWait        0x800'7581    0x92  Code  Gb  cmsis_os2.o [11]
osThreadNew              0x800'74cf    0x92  Code  Gb  cmsis_os2.o [11]
osThreadResume           0x800'7561    0x20  Code  Gb  cmsis_os2.o [11]
periodic_cllbcks_registers
                         0x800'796d    0x22  Code  Lc  periodic_driver.o [7]
periodic_conductor_init
                         0x800'792d    0x2a  Code  Gb  periodic_conductor.o [7]
periodic_driver_enable_function
                         0x800'7a09    0x3c  Code  Gb  periodic_driver.o [7]
periodic_driver_every_1000ms
                         0x800'799b     0x4  Code  Gb  periodic_driver.o [7]
periodic_driver_every_100ms
                         0x800'798f     0x4  Code  Gb  periodic_driver.o [7]
periodic_driver_every_200ms
                         0x800'7993     0x4  Code  Gb  periodic_driver.o [7]
periodic_driver_every_500ms
                         0x800'7997     0x4  Code  Gb  periodic_driver.o [7]
periodic_driver_register
                         0x800'79a1    0x68  Code  Gb  periodic_driver.o [7]
periodic_init            0x800'77d9     0x4  Code  Gb  periodic_api.o [7]
periodic_register        0x800'77dd    0x14  Code  Gb  periodic_api.o [7]
periodic_start           0x800'77f1     0xc  Code  Gb  periodic_api.o [7]
periodic_task            0x800'78cd    0x54  Code  Gb  periodic_conductor.o [7]
periodic_task_attributes
                        0x2000'0064    0x24  Data  Gb  periodic_conductor.o [7]
printf                   0x800'7ca5    0x28  Code  Gb  printf.o [12]
prvAddCurrentTaskToDelayedList
                         0x800'451f    0x4e  Code  Lc  tasks.o [11]
prvAddNewTaskToReadyList
                         0x800'3eef    0xb0  Code  Lc  tasks.o [11]
prvCheckForValidListAndQueue
                         0x800'4d01    0x4e  Code  Lc  timers.o [11]
prvCheckForValidListAndQueue{1}{2}{3}{4}::ucStaticTimerQueueStorage
                        0x2000'358c    0xa0  Data  Lc  timers.o [11]
prvCheckForValidListAndQueue{1}{2}{3}{4}::xStaticTimerQueue
                        0x2000'353c    0x50  Data  Lc  timers.o [11]
prvCopyDataFromQueue     0x800'5185    0x28  Code  Lc  queue.o [11]
prvCopyDataToQueue       0x800'511d    0x68  Code  Lc  queue.o [11]
prvDeleteTCB             0x800'43bd    0x2a  Code  Lc  tasks.o [11]
prvIdleTask              0x800'437d    0x40  Code  Lc  tasks.o [11]
prvInitialiseNewQueue    0x800'4e57    0x20  Code  Lc  queue.o [11]
prvInitialiseNewTask     0x800'3e61    0x8e  Code  Lc  tasks.o [11]
prvInsertBlockIntoFreeList
                         0x800'4799    0x46  Code  Lc  heap_4.o [11]
prvInsertTimerInActiveList
                         0x800'4ccb    0x34  Code  Lc  timers.o [11]
prvIsQueueEmpty          0x800'5215    0x16  Code  Lc  queue.o [11]
prvResetNextTaskUnblockTime
                         0x800'43e7    0x1a  Code  Lc  tasks.o [11]
prvSampleTimeNow         0x800'4c51    0x7a  Code  Lc  timers.o [11]
prvSampleTimeNow::xLastTime
                        0x2000'3510     0x4  Data  Lc  timers.o [11]
prvTaskExitError         0x800'48b1    0x22  Code  Lc  port.o [11]
prvTaskIsTaskSuspended   0x800'3fd5    0x28  Code  Lc  tasks.o [11]
prvTimerTask             0x800'4acd   0x184  Code  Lc  timers.o [11]
prvUnlockQueue           0x800'51ad    0x68  Code  Lc  queue.o [11]
putchar                  0x800'8779     0xc  Code  Gb  putchar.o [12]
pvPortMalloc             0x800'4651    0xfe  Code  Gb  heap_4.o [11]
pwm_check_channel        0x800'7d51    0x20  Code  Gb  pwm_api.o [5]
pwm_create               0x800'7d71    0xb2  Code  Gb  pwm_api.o [5]
pwm_get_handle_hal       0x800'7d0d    0x44  Code  Gb  pwm_api.o [5]
pwm_start                0x800'7e59    0x12  Code  Gb  pwm_api.o [5]
pxCurrentTCB            0x2000'3654     0x4  Data  Gb  tasks.o [11]
pxCurrentTimerList      0x2000'3500     0x4  Data  Lc  timers.o [11]
pxDelayedTaskList       0x2000'3658     0x4  Data  Lc  tasks.o [11]
pxEnd                   0x2000'0228     0x4  Data  Lc  heap_4.o [11]
pxOverflowDelayedTaskList
                        0x2000'365c     0x4  Data  Lc  tasks.o [11]
pxOverflowTimerList     0x2000'3504     0x4  Data  Lc  timers.o [11]
pxPortInitialiseStack    0x800'495d    0x68  Code  Gb  port.o [11]
pxReadyTasksLists       0x2000'26cc   0x460  Data  Lc  tasks.o [11]
remove                   0x800'84cb    0x14  Code  Gb  remove.o [15]
sFileInfo               0x2000'36c8    0x80  Data  Lc  XShHandles.o [12]
scalbln                  0x800'2901          Code  Gb  ldexp.o [13]
scalblnl                 0x800'2901          Code  Gb  ldexp.o [13]
scalbn                   0x800'2901          Code  Gb  ldexp.o [13]
scalbnl                  0x800'2901          Code  Gb  ldexp.o [13]
scale                    0x800'2639    0x46  Code  Lc  xprintffull_nomb.o [12]
sec_hand                0x2000'3958     0x4  Data  Lc  xfail_s.o [12]
segment_holding          0x800'01f5    0x1c  Code  Lc  dlmalloc.o [12]
sprintf                  0x800'7ccd    0x40  Code  Gb  sprintf.o [12]
strchr                   0x800'2729          Code  Gb  strchr.o [14]
strlen                   0x800'2781          Code  Gb  strlen.o [14]
system_init              0x800'7639    0x4e  Code  Gb  system_api.o [8]
thread_id               0x2000'0060     0x4  Data  Gb  log_conductor.o [2]
tick                    0x2000'3954     0x4  Data  Gb  periodic_conductor.o [7]
ucHeap                  0x2000'0240  0x2000  Data  Lc  heap_4.o [11]
ulCriticalNesting       0x2000'0088     0x4  Data  Lc  port.o [11]
ulSetInterruptMask       0x800'45cd          Code  Gb  portasm.o [11]
uwTick                  0x2000'0090     0x4  Data  Gb  stm32l5xx_hal.o [10]
uwTickFreq              0x2000'008c     0x1  Data  Gb  stm32l5xx_hal.o [10]
uwTickPrio              0x2000'0094     0x4  Data  Gb  stm32l5xx_hal.o [10]
uxCurrentNumberOfTasks  0x2000'3678     0x4  Data  Lc  tasks.o [11]
uxDeletedTasksWaitingCleanUp
                        0x2000'3660     0x4  Data  Lc  tasks.o [11]
uxListRemove             0x800'488b    0x26  Code  Gb  list.o [11]
uxSchedulerSuspended    0x2000'369c     0x4  Data  Lc  tasks.o [11]
uxTaskNumber            0x2000'3694     0x4  Data  Lc  tasks.o [11]
uxTopReadyPriority      0x2000'3680     0x4  Data  Lc  tasks.o [11]
vApplicationGetIdleTaskMemory
                         0x800'4a1d    0x14  Code  Gb  cmsis_os2.o [11]
vApplicationGetIdleTaskMemory::Idle_Stack
                        0x2000'2fe4   0x200  Data  Lc  cmsis_os2.o [11]
vApplicationGetIdleTaskMemory::Idle_TCB
                        0x2000'2f88    0x5c  Data  Lc  cmsis_os2.o [11]
vApplicationGetTimerTaskMemory
                         0x800'4d8d    0x18  Code  Gb  cmsis_os2.o [11]
vApplicationGetTimerTaskMemory::Timer_Stack
                        0x2000'2b88   0x400  Data  Lc  cmsis_os2.o [11]
vApplicationGetTimerTaskMemory::Timer_TCB
                        0x2000'2b2c    0x5c  Data  Lc  cmsis_os2.o [11]
vClearInterruptMask      0x800'45e3          Code  Gb  portasm.o [11]
vListInitialise          0x800'481f    0x1a  Code  Gb  list.o [11]
vListInitialiseItem      0x800'4839     0x6  Code  Gb  list.o [11]
vListInsert              0x800'4859    0x32  Code  Gb  list.o [11]
vListInsertEnd           0x800'483f    0x1a  Code  Gb  list.o [11]
vPortEnterCritical       0x800'48e9    0x18  Code  Gb  port.o [11]
vPortExitCritical        0x800'4901    0x22  Code  Gb  port.o [11]
vPortFree                0x800'474f    0x4a  Code  Gb  heap_4.o [11]
vPortSVCHandler_C        0x800'4943    0x1a  Code  Gb  port.o [11]
vPortSetupTimerInterrupt
                         0x800'4d65    0x28  Code  Gb  port.o [11]
vPortYield               0x800'48d5    0x12  Code  Gb  port.o [11]
vQueueAddToRegistry      0x800'522b    0x20  Code  Gb  queue.o [11]
vQueueWaitForMessageRestricted
                         0x800'5251    0x48  Code  Gb  queue.o [11]
vRaisePrivilege          0x800'45a7          Code  Gb  portasm.o [11]
vRestoreContextOfFirstTask
                         0x800'4589          Code  Gb  portasm.o [11]
vStartFirstTask          0x800'45b5          Code  Gb  portasm.o [11]
vTaskDelay               0x800'3f9f    0x30  Code  Gb  tasks.o [11]
vTaskInternalSetTimeOutState
                         0x800'4307     0xe  Code  Gb  tasks.o [11]
vTaskMissedYield         0x800'4371     0xa  Code  Gb  tasks.o [11]
vTaskPlaceOnEventList    0x800'4259    0x16  Code  Gb  tasks.o [11]
vTaskPlaceOnEventListRestricted
                         0x800'4279    0x26  Code  Gb  tasks.o [11]
vTaskResume              0x800'3ffd    0x46  Code  Gb  tasks.o [11]
vTaskStartScheduler      0x800'4043    0x64  Code  Gb  tasks.o [11]
vTaskSuspendAll          0x800'40a9     0xc  Code  Gb  tasks.o [11]
vTaskSwitchContext       0x800'420d    0x4c  Code  Gb  tasks.o [11]
xActiveTimerList1       0x2000'3514    0x14  Data  Lc  timers.o [11]
xActiveTimerList2       0x2000'3528    0x14  Data  Lc  timers.o [11]
xBlockAllocatedBit      0x2000'023c     0x4  Data  Lc  heap_4.o [11]
xDelayedTaskList1       0x2000'36a0    0x14  Data  Lc  tasks.o [11]
xDelayedTaskList2       0x2000'36b4    0x14  Data  Lc  tasks.o [11]
xFreeBytesRemaining     0x2000'022c     0x4  Data  Lc  heap_4.o [11]
xMinimumEverFreeBytesRemaining
                        0x2000'0230     0x4  Data  Lc  heap_4.o [11]
xNextTaskUnblockTime    0x2000'3698     0x4  Data  Lc  tasks.o [11]
xNumOfOverflows         0x2000'3690     0x4  Data  Lc  tasks.o [11]
xNumberOfSuccessfulAllocations
                        0x2000'0234     0x4  Data  Lc  heap_4.o [11]
xNumberOfSuccessfulFrees
                        0x2000'0238     0x4  Data  Lc  heap_4.o [11]
xPendedTicks            0x2000'3688     0x4  Data  Lc  tasks.o [11]
xPendingReadyList       0x2000'362c    0x14  Data  Lc  tasks.o [11]
xPortStartScheduler      0x800'49c5    0x46  Code  Gb  port.o [11]
xPortSysTickHandler      0x800'4923    0x20  Code  Gb  port.o [11]
xQueueGenericCreateStatic
                         0x800'4e0d    0x4a  Code  Gb  queue.o [11]
xQueueGenericReset       0x800'4da5    0x68  Code  Gb  queue.o [11]
xQueueGenericSend        0x800'4e77   0x108  Code  Gb  queue.o [11]
xQueueGenericSendFromISR
                         0x800'4f7f    0x80  Code  Gb  queue.o [11]
xQueueReceive            0x800'500b    0xe8  Code  Gb  queue.o [11]
xQueueRegistry          0x2000'3850    0x40  Data  Gb  queue.o [11]
xSchedulerRunning       0x2000'3684     0x4  Data  Lc  tasks.o [11]
xStart                  0x2000'0220     0x8  Data  Lc  heap_4.o [11]
xSuspendedTaskList      0x2000'3664    0x14  Data  Lc  tasks.o [11]
xTaskCheckForTimeOut     0x800'4315    0x5c  Code  Gb  tasks.o [11]
xTaskCreate              0x800'3e05    0x5c  Code  Gb  tasks.o [11]
xTaskCreateStatic        0x800'3db5    0x50  Code  Gb  tasks.o [11]
xTaskGetSchedulerState   0x800'4401    0x18  Code  Gb  tasks.o [11]
xTaskGetTickCount        0x800'4147     0x2  Code  Gb  tasks.o [11]
xTaskGetTickCountFromISR
                         0x800'4149     0x2  Code  Gb  tasks.o [11]
xTaskIncrementTick       0x800'4153    0xba  Code  Gb  tasks.o [11]
xTaskNotifyWait          0x800'4495    0x78  Code  Gb  tasks.o [11]
xTaskPriorityDisinherit
                         0x800'441f    0x50  Code  Gb  tasks.o [11]
xTaskRemoveFromEventList
                         0x800'42ab    0x46  Code  Gb  tasks.o [11]
xTaskResumeAll           0x800'40b5    0x8a  Code  Gb  tasks.o [11]
xTasksWaitingTermination
                        0x2000'3640    0x14  Data  Lc  tasks.o [11]
xTickCount              0x2000'367c     0x4  Data  Lc  tasks.o [11]
xTimerCreateTimerTask    0x800'4a31    0x4e  Code  Gb  timers.o [11]
xTimerGenericCommand     0x800'4a7f    0x4e  Code  Gb  timers.o [11]
xTimerQueue             0x2000'3508     0x4  Data  Lc  timers.o [11]
xTimerTaskHandle        0x2000'350c     0x4  Data  Lc  timers.o [11]
xYieldPending           0x2000'368c     0x4  Data  Lc  tasks.o [11]


[1] = D:\Proyectos\STM32\kart\EWARM\kart\Obj\Application\EWARM
[2] = D:\Proyectos\STM32\kart\EWARM\kart\Obj\Application\LOG\src
[3] = D:\Proyectos\STM32\kart\EWARM\kart\Obj\Application\User
[4] = D:\Proyectos\STM32\kart\EWARM\kart\Obj\Application\flight_controller\src
[5] = D:\Proyectos\STM32\kart\EWARM\kart\Obj\Application\hdwr\src
[6] = D:\Proyectos\STM32\kart\EWARM\kart\Obj\Application\heartbeat\src
[7] = D:\Proyectos\STM32\kart\EWARM\kart\Obj\Application\periodic\src
[8] = D:\Proyectos\STM32\kart\EWARM\kart\Obj\Application\system\src
[9] = D:\Proyectos\STM32\kart\EWARM\kart\Obj\Drivers\CMSIS
[10] = D:\Proyectos\STM32\kart\EWARM\kart\Obj\Drivers\STM32L5xx_HAL_Driver
[11] = D:\Proyectos\STM32\kart\EWARM\kart\Obj\Middlewares\FreeRTOS
[12] = dl7M_tlf.a
[13] = m7M_tls.a
[14] = rt7M_tl.a
[15] = shb_l.a

  34'985 bytes of readonly  code memory
     395 bytes of readonly  data memory
  16'221 bytes of readwrite data memory

Errors: none
Warnings: none
