###############################################################################
#
# IAR ELF Linker V9.10.2.313/W64 for ARM                  26/Dec/2021  21:41:08
# Copyright 2007-2021 IAR Systems AB.
#
#    Output file  =  D:\Proyectos\STM32\kart\EWARM\kart\Exe\kart.out
#    Map file     =  D:\Proyectos\STM32\kart\EWARM\kart\List\kart.map
#    Command line =
#        -f D:\Proyectos\STM32\kart\EWARM\kart\Exe\kart.out.rsp
#        (D:\Proyectos\STM32\kart\EWARM\kart\Obj\Application\User\app_freertos.o
#        D:\Proyectos\STM32\kart\EWARM\kart\Obj\Middlewares\FreeRTOS\cmsis_os2.o
#        D:\Proyectos\STM32\kart\EWARM\kart\Obj\Middlewares\FreeRTOS\croutine.o
#        D:\Proyectos\STM32\kart\EWARM\kart\Obj\Application\dac\src\dac_api.o
#        D:\Proyectos\STM32\kart\EWARM\kart\Obj\Application\dac\src\dac_thread.o
#        D:\Proyectos\STM32\kart\EWARM\kart\Obj\Middlewares\FreeRTOS\event_groups.o
#        D:\Proyectos\STM32\kart\EWARM\kart\Obj\Application\hdwr\src\fifo_api.o
#        D:\Proyectos\STM32\kart\EWARM\kart\Obj\Application\hdwr\src\gpio_api.o
#        D:\Proyectos\STM32\kart\EWARM\kart\Obj\Middlewares\FreeRTOS\heap_4.o
#        D:\Proyectos\STM32\kart\EWARM\kart\Obj\Application\heartbeat\src\heartbeat_api.o
#        D:\Proyectos\STM32\kart\EWARM\kart\Obj\Middlewares\FreeRTOS\list.o
#        D:\Proyectos\STM32\kart\EWARM\kart\Obj\Application\User\main.o
#        D:\Proyectos\STM32\kart\EWARM\kart\Obj\Middlewares\FreeRTOS\port.o
#        D:\Proyectos\STM32\kart\EWARM\kart\Obj\Middlewares\FreeRTOS\portasm.o
#        D:\Proyectos\STM32\kart\EWARM\kart\Obj\Middlewares\FreeRTOS\queue.o
#        D:\Proyectos\STM32\kart\EWARM\kart\Obj\Application\hdwr\src\spi_api.o
#        D:\Proyectos\STM32\kart\EWARM\kart\Obj\Application\EWARM\startup_stm32l552xx.o
#        D:\Proyectos\STM32\kart\EWARM\kart\Obj\Drivers\STM32L5xx_HAL_Driver\stm32l5xx_hal.o
#        D:\Proyectos\STM32\kart\EWARM\kart\Obj\Drivers\STM32L5xx_HAL_Driver\stm32l5xx_hal_adc.o
#        D:\Proyectos\STM32\kart\EWARM\kart\Obj\Drivers\STM32L5xx_HAL_Driver\stm32l5xx_hal_adc_ex.o
#        D:\Proyectos\STM32\kart\EWARM\kart\Obj\Drivers\STM32L5xx_HAL_Driver\stm32l5xx_hal_cortex.o
#        D:\Proyectos\STM32\kart\EWARM\kart\Obj\Drivers\STM32L5xx_HAL_Driver\stm32l5xx_hal_dma.o
#        D:\Proyectos\STM32\kart\EWARM\kart\Obj\Drivers\STM32L5xx_HAL_Driver\stm32l5xx_hal_dma_ex.o
#        D:\Proyectos\STM32\kart\EWARM\kart\Obj\Drivers\STM32L5xx_HAL_Driver\stm32l5xx_hal_exti.o
#        D:\Proyectos\STM32\kart\EWARM\kart\Obj\Drivers\STM32L5xx_HAL_Driver\stm32l5xx_hal_flash.o
#        D:\Proyectos\STM32\kart\EWARM\kart\Obj\Drivers\STM32L5xx_HAL_Driver\stm32l5xx_hal_flash_ex.o
#        D:\Proyectos\STM32\kart\EWARM\kart\Obj\Drivers\STM32L5xx_HAL_Driver\stm32l5xx_hal_flash_ramfunc.o
#        D:\Proyectos\STM32\kart\EWARM\kart\Obj\Drivers\STM32L5xx_HAL_Driver\stm32l5xx_hal_gpio.o
#        D:\Proyectos\STM32\kart\EWARM\kart\Obj\Drivers\STM32L5xx_HAL_Driver\stm32l5xx_hal_i2c.o
#        D:\Proyectos\STM32\kart\EWARM\kart\Obj\Drivers\STM32L5xx_HAL_Driver\stm32l5xx_hal_i2c_ex.o
#        D:\Proyectos\STM32\kart\EWARM\kart\Obj\Drivers\STM32L5xx_HAL_Driver\stm32l5xx_hal_icache.o
#        D:\Proyectos\STM32\kart\EWARM\kart\Obj\Application\User\stm32l5xx_hal_msp.o
#        D:\Proyectos\STM32\kart\EWARM\kart\Obj\Drivers\STM32L5xx_HAL_Driver\stm32l5xx_hal_pwr.o
#        D:\Proyectos\STM32\kart\EWARM\kart\Obj\Drivers\STM32L5xx_HAL_Driver\stm32l5xx_hal_pwr_ex.o
#        D:\Proyectos\STM32\kart\EWARM\kart\Obj\Drivers\STM32L5xx_HAL_Driver\stm32l5xx_hal_rcc.o
#        D:\Proyectos\STM32\kart\EWARM\kart\Obj\Drivers\STM32L5xx_HAL_Driver\stm32l5xx_hal_rcc_ex.o
#        D:\Proyectos\STM32\kart\EWARM\kart\Obj\Drivers\STM32L5xx_HAL_Driver\stm32l5xx_hal_rtc.o
#        D:\Proyectos\STM32\kart\EWARM\kart\Obj\Drivers\STM32L5xx_HAL_Driver\stm32l5xx_hal_rtc_ex.o
#        D:\Proyectos\STM32\kart\EWARM\kart\Obj\Drivers\STM32L5xx_HAL_Driver\stm32l5xx_hal_spi.o
#        D:\Proyectos\STM32\kart\EWARM\kart\Obj\Drivers\STM32L5xx_HAL_Driver\stm32l5xx_hal_spi_ex.o
#        D:\Proyectos\STM32\kart\EWARM\kart\Obj\Drivers\STM32L5xx_HAL_Driver\stm32l5xx_hal_tim.o
#        D:\Proyectos\STM32\kart\EWARM\kart\Obj\Drivers\STM32L5xx_HAL_Driver\stm32l5xx_hal_tim_ex.o
#        D:\Proyectos\STM32\kart\EWARM\kart\Obj\Application\User\stm32l5xx_it.o
#        D:\Proyectos\STM32\kart\EWARM\kart\Obj\Middlewares\FreeRTOS\stream_buffer.o
#        D:\Proyectos\STM32\kart\EWARM\kart\Obj\Application\system\src\system_api.o
#        D:\Proyectos\STM32\kart\EWARM\kart\Obj\Drivers\CMSIS\system_stm32l5xx.o
#        D:\Proyectos\STM32\kart\EWARM\kart\Obj\Middlewares\FreeRTOS\tasks.o
#        D:\Proyectos\STM32\kart\EWARM\kart\Obj\Middlewares\FreeRTOS\timers.o
#        --no_out_extension -o D:\Proyectos\STM32\kart\EWARM\kart\Exe\kart.out
#        --redirect _Printf=_PrintfFullNoMb --redirect _Scanf=_ScanfFullNoMb
#        --map D:\Proyectos\STM32\kart\EWARM\kart\List\kart.map --config
#        D:\Proyectos\STM32\kart\EWARM/stm32l552xe_flash.icf --semihosting
#        --entry __iar_program_start --vfe --text_out locale)
#
###############################################################################

*******************************************************************************
*** RUNTIME MODEL ATTRIBUTES
***

CppFlavor       = *
__Heap_Handler  = DLMalloc
__SystemLibrary = DLib
__dlib_version  = 6


*******************************************************************************
*** HEAP SELECTION
***

The advanced heap was selected because the application calls memory
allocation functions outside of system library functions, and there
are calls to deallocation functions in the application.


*******************************************************************************
*** PLACEMENT SUMMARY
***

"A0":  place at address 0x800'0000 { ro section .intvec };
"P1":  place in [from 0x800'0000 to 0x807'ffff] { ro };
define block CSTACK with size = 1K, alignment = 8 { };
define block HEAP with size = 512, alignment = 8 { };
"P2":  place in [from 0x2000'0000 to 0x2002'ffff] {
          rw, block CSTACK, block HEAP };
"P3":  place in [from 0x2000'0000 to 0x2002'ffff] { };
initialize by copy { rw };

  Section               Kind         Address    Size  Object
  -------               ----         -------    ----  ------
"A0":                                          0x1f4
  .intvec               ro code   0x800'0000   0x1f4  startup_stm32l552xx.o [1]
                                - 0x800'01f4   0x1f4

"P1":                                         0x84af
  .text                 ro code   0x800'01f4  0x1514  dlmalloc.o [10]
  .text                 ro code   0x800'1708     0x6  abort.o [10]
  .rodata               const     0x800'170e     0x2  xlocale_c.o [10]
  .text                 ro code   0x800'1710    0x2c  xgetmemchunk.o [10]
  .text                 ro code   0x800'173c     0x6  ABImemclr.o [12]
  .rodata               const     0x800'1742     0x1  xlocale_c.o [10]
  .text                 ro code   0x800'1744    0x14  exit.o [13]
  .text                 ro code   0x800'1758    0x12  ABImemset_small.o [12]
  .text                 ro code   0x800'176c    0x7c  iarttio.o [13]
  .text                 ro code   0x800'17e8     0x8  XShttio.o [10]
  .text                 ro code   0x800'17f0   0xf2e  xprintffull_nomb.o [10]
  .text                 ro code   0x800'2720    0x16  strchr.o [12]
  .text                 ro code   0x800'2738    0x40  xfail_s.o [10]
  .text                 ro code   0x800'2778    0x36  strlen.o [12]
  .text                 ro code   0x800'27b0    0x58  memchr.o [12]
  .text                 ro code   0x800'2808    0x18  ABImemcpy_small.o [12]
  .text                 ro code   0x800'2820    0x70  frexp.o [11]
  .text                 ro code   0x800'2890    0x34  DblCmpLe.o [11]
  .text                 ro code   0x800'28c4    0x34  DblCmpGe.o [11]
  .text                 ro code   0x800'28f8   0x13a  ldexp.o [11]
  .text                 ro code   0x800'2a34    0x36  DblToS32.o [11]
  .text                 ro code   0x800'2a6c    0x22  S32ToDbl.o [11]
  .text                 ro code   0x800'2a90   0x24e  DblAddSub.o [11]
  .text                 ro code   0x800'2ce0   0x246  DblDiv.o [11]
  .text                 ro code   0x800'2f28    0x22  DblToU32.o [11]
  .text                 ro code   0x800'2f4c    0x1c  U32ToDbl.o [11]
  .text                 ro code   0x800'2f68   0x1aa  DblMul.o [11]
  .text                 ro code   0x800'3114     0x8  xlocale_c.o [10]
  .text                 ro code   0x800'311c   0x230  I64DivMod.o [12]
  .text                 ro code   0x800'334c     0x2  I64DivZer.o [12]
  .text                 ro code   0x800'3350   0x8a0  tasks.o [9]
  privileged_functions  ro code   0x800'3bf0    0xc8  portasm.o [9]
  .text                 ro code   0x800'3cb8   0x194  heap_4.o [9]
  .text                 ro code   0x800'3e4c    0x3a  ABImemset48.o [12]
  .text                 ro code   0x800'3e86    0x92  list.o [9]
  .text                 ro code   0x800'3f18   0x16c  port.o [9]
  .text                 ro code   0x800'4084    0x14  cmsis_os2.o [9]
  .text                 ro code   0x800'4098   0x334  timers.o [9]
  .text                 ro code   0x800'43cc    0x28  port.o [9]
  .text                 ro code   0x800'43f4    0x18  cmsis_os2.o [9]
  .text                 ro code   0x800'440c   0x52c  queue.o [9]
  .text                 ro code   0x800'4938   0x874  stm32l5xx_hal_rcc.o [8]
  .text                 ro code   0x800'51ac    0x44  stm32l5xx_hal.o [8]
  .text                 ro code   0x800'51f0     0xc  stm32l5xx_hal.o [8]
  .text                 ro code   0x800'51fc    0xc0  stm32l5xx_hal_pwr_ex.o [8]
  .text                 ro code   0x800'52bc    0xac  stm32l5xx_hal_cortex.o [8]
  .text                 ro code   0x800'5368   0x740  stm32l5xx_hal_tim.o [8]
  .text                 ro code   0x800'5aa8   0x1dc  stm32l5xx_hal_msp.o [2]
  .text                 ro code   0x800'5c84     0x2  stm32l5xx_hal_tim.o [8]
  .text                 ro code   0x800'5c86    0x14  memset.o [12]
  .text                 ro code   0x800'5c9c   0x5a4  stm32l5xx_hal_rcc_ex.o [8]
  .text                 ro code   0x800'6240   0x41e  main.o [2]
  .text                 ro code   0x800'6660   0x1d8  stm32l5xx_hal_gpio.o [8]
  .text                 ro code   0x800'6838    0x22  stm32l5xx_hal.o [8]
  .text                 ro code   0x800'685c   0x594  stm32l5xx_hal_adc.o [8]
  .text                 ro code   0x800'6df0    0xc4  stm32l5xx_hal_adc_ex.o [8]
  .text                 ro code   0x800'6eb4   0x14c  stm32l5xx_hal_rtc.o [8]
  .text                 ro code   0x800'7000    0x34  stm32l5xx_hal_rtc_ex.o [8]
  .text                 ro code   0x800'7034   0x484  stm32l5xx_hal_spi.o [8]
  .text                 ro code   0x800'74b8    0x94  stm32l5xx_hal_tim_ex.o [8]
  .text                 ro code   0x800'754c   0x294  cmsis_os2.o [9]
  .text                 ro code   0x800'77e0    0x30  system_api.o [6]
  .text                 ro code   0x800'7810    0x10  stm32l5xx_hal_pwr.o [8]
  .text                 ro code   0x800'7820    0xc8  system_stm32l5xx.o [7]
  .text                 ro code   0x800'78e8    0x50  gpio_api.o [4]
  .text                 ro code   0x800'7938    0x84  heartbeat_api.o [5]
  .text                 ro code   0x800'79bc    0x5c  dac_api.o [3]
  .text                 ro code   0x800'7a18    0x28  printf.o [10]
  .text                 ro code   0x800'7a40    0x64  dac_thread.o [3]
  .text                 ro code   0x800'7aa4   0x12e  spi_api.o [4]
  .text                 ro code   0x800'7bd2    0x28  strncat.o [10]
  .text                 ro code   0x800'7bfc    0x3c  fifo_api.o [4]
  .text                 ro code   0x800'7c38    0xd8  xfspos.o [10]
  .text                 ro code   0x800'7d10    0xac  fflush.o [10]
  .text                 ro code   0x800'7dbc     0xc  xfgpos.o [10]
  .text                 ro code   0x800'7dc8    0x4e  lseek.o [13]
  .text                 ro code   0x800'7e16    0x10  write.o [13]
  .text                 ro code   0x800'7e28    0xcc  XShHandles.o [10]
  .text                 ro code   0x800'7ef4    0x1e  dwrite.o [13]
  .text                 ro code   0x800'7f12    0x20  iarwstd.o [13]
  .text                 ro code   0x800'7f32    0x22  iarwrite.o [13]
  .text                 ro code   0x800'7f54    0xb4  xfwprep.o [10]
  .text                 ro code   0x800'8008    0x24  fseek.o [10]
  .text                 ro code   0x800'802c    0x9c  xfofind.o [10]
  .text                 ro code   0x800'80c8     0x4  heaptramp0.o [10]
  .text                 ro code   0x800'80cc    0x7e  fclose.o [10]
  .text                 ro code   0x800'814a    0x18  close.o [13]
  .text                 ro code   0x800'8162    0x14  remove.o [13]
  .text                 ro code   0x800'8176    0x78  lz77_init_single.o [12]
  .text                 ro code   0x800'81ee    0x54  fputc.o [10]
  .rodata               const     0x800'8244    0x40  system_stm32l5xx.o [7]
  .text                 ro code   0x800'8284    0x40  xcloseall.o [10]
  .text                 ro code   0x800'82c4    0x38  zero_init3.o [12]
  .text                 ro code   0x800'82fc    0x28  data_init.o [12]
  .rodata               const     0x800'8324    0x24  main.o [2]
  .text                 ro code   0x800'8348    0x22  fpinit_M.o [11]
  .iar.init_table       const     0x800'836c    0x20  - Linker created -
  .text                 ro code   0x800'838c    0x1e  cmain.o [12]
  .text                 ro code   0x800'83aa     0x4  low_level_init.o [10]
  .text                 ro code   0x800'83ae     0x4  exit.o [10]
  .text                 ro code   0x800'83b4     0xe  cexit.o [12]
  .text                 ro code   0x800'83c4    0x1c  cstartup_M.o [12]
  .text                 ro code   0x800'83e0    0x16  xprout.o [10]
  .text                 ro code   0x800'83f8     0xc  putchar.o [10]
  .text                 ro code   0x800'8404    0x10  startup_stm32l552xx.o [1]
  .rodata               const     0x800'8414     0xc  main.o [2]
  .rodata               const     0x800'8420     0xc  system_api.o [6]
  .text                 ro code   0x800'842c     0xc  stm32l5xx_it.o [2]
  .rodata               const     0x800'8438     0x8  system_api.o [6]
  .rodata               const     0x800'8440     0x4  system_api.o [6]
  .text                 ro code   0x800'8444     0x4  startup_stm32l552xx.o [1]
  .text                 ro code   0x800'8448     0x4  startup_stm32l552xx.o [1]
  .text                 ro code   0x800'844c     0x4  startup_stm32l552xx.o [1]
  .text                 ro code   0x800'8450     0x4  startup_stm32l552xx.o [1]
  .text                 ro code   0x800'8454     0x4  startup_stm32l552xx.o [1]
  .text                 ro code   0x800'8458     0x4  startup_stm32l552xx.o [1]
  .text                 ro code   0x800'845c     0x4  startup_stm32l552xx.o [1]
  .text                 ro code   0x800'8460     0x4  startup_stm32l552xx.o [1]
  .text                 ro code   0x800'8464     0x4  startup_stm32l552xx.o [1]
  .text                 ro code   0x800'8468     0x4  startup_stm32l552xx.o [1]
  .text                 ro code   0x800'846c     0x4  startup_stm32l552xx.o [1]
  .text                 ro code   0x800'8470     0x4  startup_stm32l552xx.o [1]
  .text                 ro code   0x800'8474     0x4  startup_stm32l552xx.o [1]
  .text                 ro code   0x800'8478     0x4  startup_stm32l552xx.o [1]
  .text                 ro code   0x800'847c     0x4  startup_stm32l552xx.o [1]
  .text                 ro code   0x800'8480     0x4  startup_stm32l552xx.o [1]
  .text                 ro code   0x800'8484     0x4  startup_stm32l552xx.o [1]
  .text                 ro code   0x800'8488     0x4  startup_stm32l552xx.o [1]
  .text                 ro code   0x800'848c     0x4  startup_stm32l552xx.o [1]
  .text                 ro code   0x800'8490     0x4  startup_stm32l552xx.o [1]
  .text                 ro code   0x800'8494     0x4  startup_stm32l552xx.o [1]
  .text                 ro code   0x800'8498     0x4  startup_stm32l552xx.o [1]
  .text                 ro code   0x800'849c     0x4  startup_stm32l552xx.o [1]
  .text                 ro code   0x800'84a0     0x4  startup_stm32l552xx.o [1]
  .text                 ro code   0x800'84a4     0x4  startup_stm32l552xx.o [1]
  .text                 ro code   0x800'84a8     0x4  startup_stm32l552xx.o [1]
  .text                 ro code   0x800'84ac     0x4  startup_stm32l552xx.o [1]
  .text                 ro code   0x800'84b0     0x4  startup_stm32l552xx.o [1]
  .text                 ro code   0x800'84b4     0x4  startup_stm32l552xx.o [1]
  .text                 ro code   0x800'84b8     0x4  startup_stm32l552xx.o [1]
  .text                 ro code   0x800'84bc     0x4  startup_stm32l552xx.o [1]
  .text                 ro code   0x800'84c0     0x4  startup_stm32l552xx.o [1]
  .text                 ro code   0x800'84c4     0x4  startup_stm32l552xx.o [1]
  .text                 ro code   0x800'84c8     0x4  startup_stm32l552xx.o [1]
  .text                 ro code   0x800'84cc     0x4  startup_stm32l552xx.o [1]
  .text                 ro code   0x800'84d0     0x4  startup_stm32l552xx.o [1]
  .text                 ro code   0x800'84d4     0x4  startup_stm32l552xx.o [1]
  .text                 ro code   0x800'84d8     0x4  startup_stm32l552xx.o [1]
  .text                 ro code   0x800'84dc     0x4  startup_stm32l552xx.o [1]
  .text                 ro code   0x800'84e0     0x4  startup_stm32l552xx.o [1]
  .text                 ro code   0x800'84e4     0x4  startup_stm32l552xx.o [1]
  .text                 ro code   0x800'84e8     0x4  startup_stm32l552xx.o [1]
  .text                 ro code   0x800'84ec     0x4  startup_stm32l552xx.o [1]
  .text                 ro code   0x800'84f0     0x4  startup_stm32l552xx.o [1]
  .text                 ro code   0x800'84f4     0x4  startup_stm32l552xx.o [1]
  .text                 ro code   0x800'84f8     0x4  startup_stm32l552xx.o [1]
  .text                 ro code   0x800'84fc     0x4  startup_stm32l552xx.o [1]
  .text                 ro code   0x800'8500     0x4  startup_stm32l552xx.o [1]
  .text                 ro code   0x800'8504     0x4  startup_stm32l552xx.o [1]
  .text                 ro code   0x800'8508     0x4  startup_stm32l552xx.o [1]
  .text                 ro code   0x800'850c     0x4  startup_stm32l552xx.o [1]
  .text                 ro code   0x800'8510     0x4  startup_stm32l552xx.o [1]
  .text                 ro code   0x800'8514     0x4  startup_stm32l552xx.o [1]
  .text                 ro code   0x800'8518     0x4  startup_stm32l552xx.o [1]
  .text                 ro code   0x800'851c     0x4  startup_stm32l552xx.o [1]
  .text                 ro code   0x800'8520     0x4  startup_stm32l552xx.o [1]
  .text                 ro code   0x800'8524     0x4  startup_stm32l552xx.o [1]
  .text                 ro code   0x800'8528     0x4  startup_stm32l552xx.o [1]
  .text                 ro code   0x800'852c     0x4  startup_stm32l552xx.o [1]
  .text                 ro code   0x800'8530     0x4  startup_stm32l552xx.o [1]
  .text                 ro code   0x800'8534     0x4  startup_stm32l552xx.o [1]
  .text                 ro code   0x800'8538     0x4  startup_stm32l552xx.o [1]
  .text                 ro code   0x800'853c     0x4  startup_stm32l552xx.o [1]
  .text                 ro code   0x800'8540     0x4  startup_stm32l552xx.o [1]
  .text                 ro code   0x800'8544     0x4  startup_stm32l552xx.o [1]
  .text                 ro code   0x800'8548     0x4  startup_stm32l552xx.o [1]
  .text                 ro code   0x800'854c     0x4  startup_stm32l552xx.o [1]
  .text                 ro code   0x800'8550     0x4  startup_stm32l552xx.o [1]
  .text                 ro code   0x800'8554     0x4  startup_stm32l552xx.o [1]
  .text                 ro code   0x800'8558     0x4  startup_stm32l552xx.o [1]
  .text                 ro code   0x800'855c     0x4  startup_stm32l552xx.o [1]
  .text                 ro code   0x800'8560     0x4  startup_stm32l552xx.o [1]
  .text                 ro code   0x800'8564     0x4  startup_stm32l552xx.o [1]
  .text                 ro code   0x800'8568     0x4  startup_stm32l552xx.o [1]
  .text                 ro code   0x800'856c     0x4  startup_stm32l552xx.o [1]
  .text                 ro code   0x800'8570     0x4  startup_stm32l552xx.o [1]
  .text                 ro code   0x800'8574     0x4  startup_stm32l552xx.o [1]
  .text                 ro code   0x800'8578     0x4  startup_stm32l552xx.o [1]
  .text                 ro code   0x800'857c     0x4  startup_stm32l552xx.o [1]
  .text                 ro code   0x800'8580     0x4  startup_stm32l552xx.o [1]
  .text                 ro code   0x800'8584     0x4  startup_stm32l552xx.o [1]
  .text                 ro code   0x800'8588     0x4  startup_stm32l552xx.o [1]
  .text                 ro code   0x800'858c     0x4  startup_stm32l552xx.o [1]
  .text                 ro code   0x800'8590     0x4  startup_stm32l552xx.o [1]
  .text                 ro code   0x800'8594     0x4  startup_stm32l552xx.o [1]
  .text                 ro code   0x800'8598     0x4  startup_stm32l552xx.o [1]
  .text                 ro code   0x800'859c     0x4  startup_stm32l552xx.o [1]
  .text                 ro code   0x800'85a0     0x4  startup_stm32l552xx.o [1]
  .text                 ro code   0x800'85a4     0x4  startup_stm32l552xx.o [1]
  .text                 ro code   0x800'85a8     0x4  startup_stm32l552xx.o [1]
  .text                 ro code   0x800'85ac     0x4  startup_stm32l552xx.o [1]
  .text                 ro code   0x800'85b0     0x4  startup_stm32l552xx.o [1]
  .text                 ro code   0x800'85b4     0x4  startup_stm32l552xx.o [1]
  .text                 ro code   0x800'85b8     0x4  startup_stm32l552xx.o [1]
  .text                 ro code   0x800'85bc     0x4  startup_stm32l552xx.o [1]
  .text                 ro code   0x800'85c0     0x4  startup_stm32l552xx.o [1]
  .text                 ro code   0x800'85c4     0x4  startup_stm32l552xx.o [1]
  .text                 ro code   0x800'85c8     0x4  startup_stm32l552xx.o [1]
  .text                 ro code   0x800'85cc     0x4  startup_stm32l552xx.o [1]
  .text                 ro code   0x800'85d0     0x4  startup_stm32l552xx.o [1]
  .text                 ro code   0x800'85d4     0x4  startup_stm32l552xx.o [1]
  .text                 ro code   0x800'85d8     0x4  startup_stm32l552xx.o [1]
  .text                 ro code   0x800'85dc     0x4  startup_stm32l552xx.o [1]
  .text                 ro code   0x800'85e0     0x4  startup_stm32l552xx.o [1]
  .text                 ro code   0x800'85e4     0x4  startup_stm32l552xx.o [1]
  .text                 ro code   0x800'85e8     0x0  cstart_closeall.o [12]
  .rodata               const     0x800'85e8     0x0  zero_init3.o [12]
  .rodata               const     0x800'85e8     0x0  lz77_init_single.o [12]
  Initializer bytes     const     0x800'85e8    0xbb  <for P2-P3-1>
                                - 0x800'86a3  0x84af

"P2-P3", part 1 of 3:                          0x218
  P2-P3-1                        0x2000'0000   0x218  <Init block>
    .data               inited   0x2000'0000    0x24  dac_thread.o [3]
    .data               inited   0x2000'0024    0x18  gpio_api.o [4]
    .data               inited   0x2000'003c    0x24  heartbeat_api.o [5]
    .data               inited   0x2000'0060     0x4  port.o [9]
    .data               inited   0x2000'0064    0x48  spi_api.o [4]
    .data               inited   0x2000'00ac     0xc  stm32l5xx_hal.o [8]
    .data               inited   0x2000'00b8    0x24  system_api.o [6]
    .data               inited   0x2000'00dc     0x4  system_stm32l5xx.o [7]
    .data               inited   0x2000'00e0    0x38  xlocale_c.o [10]
    .data               inited   0x2000'0118    0x48  xfiles.o [10]
    .data               inited   0x2000'0160    0x48  xfiles.o [10]
    .data               inited   0x2000'01a8    0x48  xfiles.o [10]
    .data               inited   0x2000'01f0    0x20  xfiles.o [10]
    .data               inited   0x2000'0210     0x8  XShttio.o [10]
                               - 0x2000'0218   0x218

"P2-P3", part 2 of 3:                         0x31a0
  .bss                  zero     0x2000'0218  0x2020  heap_4.o [9]
  .bss                  zero     0x2000'2238   0x460  tasks.o [9]
  .bss                  zero     0x2000'2698   0x45c  cmsis_os2.o [9]
  .bss                  zero     0x2000'2af4   0x25c  cmsis_os2.o [9]
  .bss                  zero     0x2000'2d50   0x1d8  dlmalloc.o [10]
  .bss                  zero     0x2000'2f28   0x144  main.o [2]
  .bss                  zero     0x2000'306c   0x12c  timers.o [9]
  .bss                  zero     0x2000'3198    0x9c  tasks.o [9]
  .bss                  zero     0x2000'3234    0x80  XShHandles.o [10]
  .bss                  zero     0x2000'32b4    0x50  xfiles.o [10]
  .bss                  zero     0x2000'3304    0x50  xfiles.o [10]
  .bss                  zero     0x2000'3354    0x40  queue.o [9]
  .bss                  zero     0x2000'3394    0x18  dlmalloc.o [10]
  .bss                  zero     0x2000'33ac     0x4  cmsis_os2.o [9]
  .bss                  zero     0x2000'33b0     0x4  xfail_s.o [10]
  .bss                  zero     0x2000'33b4     0x4  xgetmemchunk.o [10]
                               - 0x2000'33b8  0x31a0

"P2-P3", part 3 of 3:                          0x600
  CSTACK                         0x2000'33b8   0x400  <Block>
    CSTACK              uninit   0x2000'33b8   0x400  <Block tail>
  HEAP                           0x2000'37b8   0x200  <Block>
    HEAP                uninit   0x2000'37b8   0x200  <Block tail>
                               - 0x2000'39b8   0x600

Unused ranges:

         From           To      Size
         ----           --      ----
   0x800'86a3   0x807'ffff  0x7'795d
  0x2000'39b8  0x2002'ffff  0x2'c648


*******************************************************************************
*** INIT TABLE
***

          Address      Size
          -------      ----
Zero (__iar_zero_init3)
    1 destination range, total size 0x31a0:
          0x2000'0218  0x31a0

Copy/lz77 (__iar_lz77_init_single3)
    1 source range, total size 0xbb (34% of destination):
           0x800'85e8    0xbb
    1 destination range, total size 0x218:
          0x2000'0000   0x218



*******************************************************************************
*** MODULE SUMMARY
***

    Module                  ro code  ro data  rw data
    ------                  -------  -------  -------
command line/config:
    -------------------------------------------------
    Total:

D:\Proyectos\STM32\kart\EWARM\kart\Obj\Application\EWARM: [1]
    startup_stm32l552xx.o       936
    -------------------------------------------------
    Total:                      936

D:\Proyectos\STM32\kart\EWARM\kart\Obj\Application\User: [2]
    main.o                    1'054       48      324
    stm32l5xx_hal_msp.o         476
    stm32l5xx_it.o               12
    -------------------------------------------------
    Total:                    1'542       48      324

D:\Proyectos\STM32\kart\EWARM\kart\Obj\Application\dac\src: [3]
    dac_api.o                    92
    dac_thread.o                100       12       36
    -------------------------------------------------
    Total:                      192       12       36

D:\Proyectos\STM32\kart\EWARM\kart\Obj\Application\hdwr\src: [4]
    fifo_api.o                   60
    gpio_api.o                   80        8       24
    spi_api.o                   302       26       72
    -------------------------------------------------
    Total:                      442       34       96

D:\Proyectos\STM32\kart\EWARM\kart\Obj\Application\heartbeat\src: [5]
    heartbeat_api.o             132       13       36
    -------------------------------------------------
    Total:                      132       13       36

D:\Proyectos\STM32\kart\EWARM\kart\Obj\Application\system\src: [6]
    system_api.o                 48       36       36
    -------------------------------------------------
    Total:                       48       36       36

D:\Proyectos\STM32\kart\EWARM\kart\Obj\Drivers\CMSIS: [7]
    system_stm32l5xx.o          200       66        4
    -------------------------------------------------
    Total:                      200       66        4

D:\Proyectos\STM32\kart\EWARM\kart\Obj\Drivers\STM32L5xx_HAL_Driver: [8]
    stm32l5xx_hal.o             114        4       12
    stm32l5xx_hal_adc.o       1'428
    stm32l5xx_hal_adc_ex.o      196
    stm32l5xx_hal_cortex.o      172
    stm32l5xx_hal_gpio.o        472
    stm32l5xx_hal_pwr.o          16
    stm32l5xx_hal_pwr_ex.o      192
    stm32l5xx_hal_rcc.o       2'164
    stm32l5xx_hal_rcc_ex.o    1'444
    stm32l5xx_hal_rtc.o         332
    stm32l5xx_hal_rtc_ex.o       52
    stm32l5xx_hal_spi.o       1'156
    stm32l5xx_hal_tim.o       1'858
    stm32l5xx_hal_tim_ex.o      148
    -------------------------------------------------
    Total:                    9'744        4       12

D:\Proyectos\STM32\kart\EWARM\kart\Obj\Middlewares\FreeRTOS: [9]
    cmsis_os2.o                 704             1'724
    heap_4.o                    404             8'224
    list.o                      146
    port.o                      404        1        4
    portasm.o                   200
    queue.o                   1'324                64
    tasks.o                   2'208             1'276
    timers.o                    820               300
    -------------------------------------------------
    Total:                    6'210        1   11'592

dl7M_tlf.a: [10]
    XShHandles.o                204               128
    XShttio.o                     8        3        8
    abort.o                       6
    dlmalloc.o                5'396               496
    exit.o                        4
    fclose.o                    126
    fflush.o                    172
    fputc.o                      84
    fseek.o                      36
    heaptramp0.o                  4
    low_level_init.o              4
    printf.o                     40
    putchar.o                    12
    strncat.o                    40
    xcloseall.o                  64
    xfail_s.o                    64                 4
    xfgpos.o                     12
    xfiles.o                              87      408
    xfofind.o                   156
    xfspos.o                    216
    xfwprep.o                   180
    xgetmemchunk.o               44                 4
    xlocale_c.o                   8       22       56
    xprintffull_nomb.o        3'886
    xprout.o                     22
    -------------------------------------------------
    Total:                   10'788      112    1'104

m7M_tls.a: [11]
    DblAddSub.o                 590
    DblCmpGe.o                   52
    DblCmpLe.o                   52
    DblDiv.o                    582
    DblMul.o                    426
    DblToS32.o                   54
    DblToU32.o                   34
    S32ToDbl.o                   34
    U32ToDbl.o                   28
    fpinit_M.o                   34
    frexp.o                     112
    ldexp.o                     314
    -------------------------------------------------
    Total:                    2'312

rt7M_tl.a: [12]
    ABImemclr.o                   6
    ABImemcpy_small.o            24
    ABImemset48.o                58
    ABImemset_small.o            18
    I64DivMod.o                 560
    I64DivZer.o                   2
    cexit.o                      14
    cmain.o                      30
    cstart_closeall.o
    cstartup_M.o                 28
    data_init.o                  40
    lz77_init_single.o          120
    memchr.o                     88
    memset.o                     20
    strchr.o                     22
    strlen.o                     54
    zero_init3.o                 56
    -------------------------------------------------
    Total:                    1'140

shb_l.a: [13]
    close.o                      24
    dwrite.o                     30
    exit.o                       20
    iarttio.o                   124
    iarwrite.o                   34
    iarwstd.o                    32
    lseek.o                      78
    remove.o                     20
    write.o                      16
    -------------------------------------------------
    Total:                      378

    Gaps                         41        4
    Linker created                        32    1'536
-----------------------------------------------------
    Grand Total:             34'105      362   14'776


*******************************************************************************
*** ENTRY LIST
***

Entry                       Address    Size  Type      Object
-----                       -------    ----  ----      ------
.iar.init_table$$Base    0x800'836c           --   Gb  - Linker created -
.iar.init_table$$Limit   0x800'838c           --   Gb  - Linker created -
?main                    0x800'838d          Code  Gb  cmain.o [12]
AHBPrescTable            0x800'78d8    0x10  Data  Gb  system_stm32l5xx.o [7]
BusFault_Handler         0x800'8433     0x2  Code  Gb  stm32l5xx_it.o [2]
CSTACK$$Base            0x2000'33b8           --   Gb  - Linker created -
CSTACK$$Limit           0x2000'37b8           --   Gb  - Linker created -
DebugMon_Handler         0x800'8437     0x2  Code  Gb  stm32l5xx_it.o [2]
Error_Handler            0x800'665b     0x4  Code  Gb  main.o [2]
HAL_ADCEx_MultiModeConfigChannel
                         0x800'6df1    0xae  Code  Gb  stm32l5xx_hal_adc_ex.o [8]
HAL_ADC_ConfigChannel    0x800'6a5d   0x2fe  Code  Gb  stm32l5xx_hal_adc.o [8]
HAL_ADC_Init             0x800'68a1   0x196  Code  Gb  stm32l5xx_hal_adc.o [8]
HAL_ADC_MspInit          0x800'5ae5    0x60  Code  Gb  stm32l5xx_hal_msp.o [2]
HAL_GPIO_Init            0x800'6661   0x196  Code  Gb  stm32l5xx_hal_gpio.o [8]
HAL_GPIO_TogglePin       0x800'6801    0x10  Code  Gb  stm32l5xx_hal_gpio.o [8]
HAL_GPIO_WritePin        0x800'67f7     0xa  Code  Gb  stm32l5xx_hal_gpio.o [8]
HAL_GetTick              0x800'51f1     0xc  Code  Gb  stm32l5xx_hal.o [8]
HAL_Init                 0x800'6839    0x22  Code  Gb  stm32l5xx_hal.o [8]
HAL_InitTick             0x800'51ad    0x44  Code  Gb  stm32l5xx_hal.o [8]
HAL_MspInit              0x800'5aa9    0x3c  Code  Gb  stm32l5xx_hal_msp.o [2]
HAL_NVIC_SetPriority     0x800'52f1    0x3a  Code  Gb  stm32l5xx_hal_cortex.o [8]
HAL_NVIC_SetPriorityGrouping
                         0x800'52d7    0x1a  Code  Gb  stm32l5xx_hal_cortex.o [8]
HAL_PWREx_ControlVoltageScaling
                         0x800'5209    0x66  Code  Gb  stm32l5xx_hal_pwr_ex.o [8]
HAL_PWREx_DisableUCPDDeadBattery
                         0x800'527d     0x2  Code  Gb  stm32l5xx_hal_pwr_ex.o [8]
HAL_PWREx_EnableVddIO2   0x800'526f     0xe  Code  Gb  stm32l5xx_hal_pwr_ex.o [8]
HAL_PWREx_GetVoltageRange
                         0x800'51fd     0xc  Code  Gb  stm32l5xx_hal_pwr_ex.o [8]
HAL_PWREx_SMPS_GetEffectiveMode
                         0x800'5289    0x1c  Code  Gb  stm32l5xx_hal_pwr_ex.o [8]
HAL_PWR_EnableBkUpAccess
                         0x800'7811     0xc  Code  Gb  stm32l5xx_hal_pwr.o [8]
HAL_RCCEx_PeriphCLKConfig
                         0x800'5c9d   0x3d6  Code  Gb  stm32l5xx_hal_rcc_ex.o [8]
HAL_RCC_ClockConfig      0x800'4e8b   0x18e  Code  Gb  stm32l5xx_hal_rcc.o [8]
HAL_RCC_GetHCLKFreq      0x800'50db    0x12  Code  Gb  stm32l5xx_hal_rcc.o [8]
HAL_RCC_GetSysClockFreq
                         0x800'5045    0x96  Code  Gb  stm32l5xx_hal_rcc.o [8]
HAL_RCC_OscConfig        0x800'4939   0x526  Code  Gb  stm32l5xx_hal_rcc.o [8]
HAL_RTCEx_PrivilegeModeSet
                         0x800'7001    0x2c  Code  Gb  stm32l5xx_hal_rtc_ex.o [8]
HAL_RTC_Init             0x800'6eb5    0x86  Code  Gb  stm32l5xx_hal_rtc.o [8]
HAL_RTC_MspInit          0x800'5b45    0x50  Code  Gb  stm32l5xx_hal_msp.o [2]
HAL_RTC_WaitForSynchro   0x800'6f3b    0x2e  Code  Gb  stm32l5xx_hal_rtc.o [8]
HAL_SPI_Init             0x800'7035    0xd4  Code  Gb  stm32l5xx_hal_spi.o [8]
HAL_SPI_MspInit          0x800'5b95    0x46  Code  Gb  stm32l5xx_hal_msp.o [2]
HAL_SPI_Transmit         0x800'7109   0x162  Code  Gb  stm32l5xx_hal_spi.o [8]
HAL_SYSTICK_Config       0x800'532d    0x28  Code  Gb  stm32l5xx_hal_cortex.o [8]
HAL_TIMEx_MasterConfigSynchronization
                         0x800'74b9    0x7a  Code  Gb  stm32l5xx_hal_tim_ex.o [8]
HAL_TIM_Base_Init        0x800'5369    0x1a  Code  Gb  stm32l5xx_hal_tim.o [8]
HAL_TIM_Base_MspInit     0x800'5c01    0x22  Code  Gb  stm32l5xx_hal_msp.o [2]
HAL_TIM_ConfigClockSource
                         0x800'5619    0x90  Code  Gb  stm32l5xx_hal_tim.o [8]
HAL_TIM_MspPostInit      0x800'5c23    0x42  Code  Gb  stm32l5xx_hal_msp.o [2]
HAL_TIM_PWM_ConfigChannel
                         0x800'550b   0x102  Code  Gb  stm32l5xx_hal_tim.o [8]
HAL_TIM_PWM_Init         0x800'53ad    0x1a  Code  Gb  stm32l5xx_hal_tim.o [8]
HAL_TIM_PWM_MspInit      0x800'5c85     0x2  Code  Gb  stm32l5xx_hal_tim.o [8]
HAL_TIM_PWM_Start        0x800'53c7    0xc4  Code  Gb  stm32l5xx_hal_tim.o [8]
HEAP$$Base              0x2000'37b8           --   Gb  - Linker created -
HEAP$$Limit             0x2000'39b8           --   Gb  - Linker created -
HardFault_Handler        0x800'842f     0x2  Code  Gb  stm32l5xx_it.o [2]
KernelState             0x2000'33ac     0x4  Data  Lc  cmsis_os2.o [9]
LL_ADC_GetOffsetChannel
                         0x800'685d     0xe  Code  Lc  stm32l5xx_hal_adc.o [8]
LL_ADC_SetChannelSamplingTime
                         0x800'687d    0x24  Code  Lc  stm32l5xx_hal_adc.o [8]
LL_ADC_SetOffsetState    0x800'686b    0x12  Code  Lc  stm32l5xx_hal_adc.o [8]
MSIRangeTable            0x800'8244    0x40  Data  Gb  system_stm32l5xx.o [7]
MemManage_Handler        0x800'8431     0x2  Code  Gb  stm32l5xx_it.o [2]
NMI_Handler              0x800'842d     0x2  Code  Gb  stm32l5xx_it.o [2]
PendSV_Handler           0x800'3c59          Code  Gb  portasm.o [9]
RCCEx_PLLSAI1_Config     0x800'609d    0xd6  Code  Lc  stm32l5xx_hal_rcc_ex.o [8]
RCCEx_PLLSAI2_Config     0x800'6179    0xa8  Code  Lc  stm32l5xx_hal_rcc_ex.o [8]
RCC_SetFlashLatencyFromMSIRange
                         0x800'50f9    0x78  Code  Lc  stm32l5xx_hal_rcc.o [8]
RTC_EnterInitMode        0x800'6f69    0x40  Code  Gb  stm32l5xx_hal_rtc.o [8]
RTC_ExitInitMode         0x800'6fa9    0x4c  Code  Gb  stm32l5xx_hal_rtc.o [8]
Region$$Table$$Base      0x800'836c           --   Gb  - Linker created -
Region$$Table$$Limit     0x800'838c           --   Gb  - Linker created -
SPI_EndRxTxTransaction   0x800'746b    0x2e  Code  Lc  stm32l5xx_hal_spi.o [8]
SPI_WaitFifoStateUntilTimeout
                         0x800'737f    0xbe  Code  Lc  stm32l5xx_hal_spi.o [8]
SPI_WaitFlagStateUntilTimeout
                         0x800'72cd    0xb2  Code  Lc  stm32l5xx_hal_spi.o [8]
SVC_Handler              0x800'3c9d          Code  Gb  portasm.o [9]
StartDefaultTask         0x800'6651     0xa  Code  Gb  main.o [2]
SysTick_Handler          0x800'754d    0x1a  Code  Gb  cmsis_os2.o [9]
SystemClock_Config       0x800'6589    0x84  Code  Gb  main.o [2]
SystemCoreClock         0x2000'00dc     0x4  Data  Gb  system_stm32l5xx.o [7]
SystemCoreClockUpdate    0x800'782d    0x8e  Code  Gb  system_stm32l5xx.o [7]
SystemInit               0x800'7821     0xc  Code  Gb  system_stm32l5xx.o [7]
TIM_Base_SetConfig       0x800'56d5    0xac  Code  Gb  stm32l5xx_hal_tim.o [8]
TIM_CCxChannelCmd        0x800'5a8d    0x1c  Code  Gb  stm32l5xx_hal_tim.o [8]
TIM_ETR_SetConfig        0x800'5a79    0x14  Code  Gb  stm32l5xx_hal_tim.o [8]
TIM_ITRx_SetConfig       0x800'5a2d    0x10  Code  Lc  stm32l5xx_hal_tim.o [8]
TIM_OC1_SetConfig        0x800'5781    0x84  Code  Lc  stm32l5xx_hal_tim.o [8]
TIM_OC2_SetConfig        0x800'5805    0x74  Code  Gb  stm32l5xx_hal_tim.o [8]
TIM_OC3_SetConfig        0x800'5879    0x70  Code  Lc  stm32l5xx_hal_tim.o [8]
TIM_OC4_SetConfig        0x800'58e9    0x4e  Code  Lc  stm32l5xx_hal_tim.o [8]
TIM_OC5_SetConfig        0x800'5937    0x54  Code  Lc  stm32l5xx_hal_tim.o [8]
TIM_OC6_SetConfig        0x800'598b    0x4e  Code  Lc  stm32l5xx_hal_tim.o [8]
TIM_TI1_ConfigInputStage
                         0x800'59e7    0x22  Code  Lc  stm32l5xx_hal_tim.o [8]
TIM_TI2_ConfigInputStage
                         0x800'5a09    0x24  Code  Lc  stm32l5xx_hal_tim.o [8]
UsageFault_Handler       0x800'8435     0x2  Code  Gb  stm32l5xx_it.o [2]
_Close_all               0x800'8285    0x40  Code  Gb  xcloseall.o [10]
_Files                  0x2000'01f0    0x20  Data  Gb  xfiles.o [10]
_Fofree                  0x800'802d    0x96  Code  Gb  xfofind.o [10]
_Fspos                   0x800'7c39    0xd8  Code  Gb  xfspos.o [10]
_Fwprep                  0x800'7f55    0xb4  Code  Gb  xfwprep.o [10]
_LitobFullNoMb           0x800'2525   0x10c  Code  Lc  xprintffull_nomb.o [10]
_Locale_lconv           0x2000'00e0    0x38  Data  Lc  xlocale_c.o [10]
_Nnl                     0x800'7dbd     0xc  Code  Gb  xfgpos.o [10]
_PrintfFullNoMb          0x800'17f1   0xd06  Code  Gb  xprintffull_nomb.o [10]
_Prout                   0x800'83e1    0x16  Code  Gb  xprout.o [10]
_PutcharFullNoMb         0x800'2689    0x20  Code  Lc  xprintffull_nomb.o [10]
_PutcharsFullNoMb        0x800'26a9    0x2e  Code  Lc  xprintffull_nomb.o [10]
__NVIC_SetPriority       0x800'52bd    0x1a  Code  Lc  stm32l5xx_hal_cortex.o [8]
__Vectors                0x800'0000           --   Gb  startup_stm32l552xx.o [1]
__Vectors_End            0x800'01f4          Data  Gb  startup_stm32l552xx.o [1]
__Vectors_Size {Abs}          0x1f4           --   Gb  startup_stm32l552xx.o [1]
__aeabi_cdcmple          0x800'2891          Code  Gb  DblCmpLe.o [11]
__aeabi_cdrcmple         0x800'28c5          Code  Gb  DblCmpGe.o [11]
__aeabi_d2iz             0x800'2a35          Code  Gb  DblToS32.o [11]
__aeabi_d2uiz            0x800'2f29          Code  Gb  DblToU32.o [11]
__aeabi_ddiv             0x800'2ce1          Code  Gb  DblDiv.o [11]
__aeabi_dmul             0x800'2f69          Code  Gb  DblMul.o [11]
__aeabi_dsub             0x800'2bfd          Code  Gb  DblAddSub.o [11]
__aeabi_i2d              0x800'2a6d          Code  Gb  S32ToDbl.o [11]
__aeabi_ldiv0            0x800'334d          Code  Gb  I64DivZer.o [12]
__aeabi_memclr           0x800'173d          Code  Gb  ABImemclr.o [12]
__aeabi_memset4          0x800'3e4d          Code  Gb  ABImemset48.o [12]
__aeabi_memset8          0x800'3e4d          Code  Gb  ABImemset48.o [12]
__aeabi_ui2d             0x800'2f4d          Code  Gb  U32ToDbl.o [11]
__aeabi_uldivmod         0x800'311d          Code  Gb  I64DivMod.o [12]
__cexit_closeall         0x800'83b7          Code  Gb  cexit.o [12]
__close                  0x800'814b    0x18  Code  Gb  close.o [13]
__cmain                  0x800'838d          Code  Gb  cmain.o [12]
__cstart_closeall        0x800'85e8          Data  Gb  cstart_closeall.o [12]
__data_GetMemChunk       0x800'1711    0x2c  Code  Gb  xgetmemchunk.o [10]
__data_GetMemChunk::start
                        0x2000'33b4     0x4  Data  Lc  xgetmemchunk.o [10]
__dwrite                 0x800'7ef5    0x1e  Code  Gb  dwrite.o [13]
__exit                   0x800'1745    0x14  Code  Gb  exit.o [13]
__iar_Fail_s             0x800'2739    0x1c  Code  Gb  xfail_s.o [10]
__iar_Memchr             0x800'27b1          Code  Gb  memchr.o [12]
__iar_Memset4_word       0x800'3e55          Code  Gb  ABImemset48.o [12]
__iar_Memset8_word       0x800'3e55          Code  Gb  ABImemset48.o [12]
__iar_Stderr            0x2000'01a8    0x48  Data  Gb  xfiles.o [10]
__iar_Stdin             0x2000'0118    0x48  Data  Gb  xfiles.o [10]
__iar_Stdout            0x2000'0160    0x48  Data  Gb  xfiles.o [10]
__iar_Strchr             0x800'2721          Code  Gb  strchr.o [12]
__iar_close_ttio         0x800'176d    0x2c  Code  Gb  iarttio.o [13]
__iar_data_init3         0x800'82fd    0x28  Code  Gb  data_init.o [12]
__iar_dlcalloc           0x800'16c5    0x3e  Code  Gb  dlmalloc.o [10]
__iar_dlfree             0x800'1193   0x52c  Code  Gb  dlmalloc.o [10]
__iar_dlmalloc           0x800'027d   0xf16  Code  Gb  dlmalloc.o [10]
__iar_frexp              0x800'282d          Code  Gb  frexp.o [11]
__iar_frexpl             0x800'282d          Code  Gb  frexp.o [11]
__iar_get_ttio           0x800'1799    0x4c  Code  Gb  iarttio.o [13]
__iar_init_vfp           0x800'8349          Code  Gb  fpinit_M.o [11]
__iar_ldexp64            0x800'28f9          Code  Gb  ldexp.o [11]
__iar_lookup_ttioh       0x800'17e9     0x8  Code  Gb  XShttio.o [10]
__iar_lz77_init_single3
                         0x800'8177    0x78  Code  Gb  lz77_init_single.o [12]
__iar_program_start      0x800'83c5          Code  Gb  cstartup_M.o [12]
__iar_scalbln64          0x800'28f9          Code  Gb  ldexp.o [11]
__iar_scalbn64           0x800'28f9          Code  Gb  ldexp.o [11]
__iar_sh_Discard         0x800'7e29    0x42  Code  Gb  XShHandles.o [10]
__iar_sh_Move            0x800'7e6b    0x46  Code  Gb  XShHandles.o [10]
__iar_sh_Pos             0x800'7eb1    0x40  Code  Gb  XShHandles.o [10]
__iar_sh_stdout          0x800'7f13    0x20  Code  Gb  iarwstd.o [13]
__iar_sh_write           0x800'7f33    0x22  Code  Gb  iarwrite.o [13]
__iar_small_Memcpy       0x800'280d          Code  Gb  ABImemcpy_small.o [12]
__iar_small_Memset       0x800'1759          Code  Gb  ABImemset_small.o [12]
__iar_small_Memset_word
                         0x800'1759          Code  Gb  ABImemset_small.o [12]
__iar_small_memcpy       0x800'2809          Code  Gb  ABImemcpy_small.o [12]
__iar_small_memcpy4      0x800'2809          Code  Gb  ABImemcpy_small.o [12]
__iar_small_memcpy8      0x800'2809          Code  Gb  ABImemcpy_small.o [12]
__iar_small_memset       0x800'1759          Code  Gb  ABImemset_small.o [12]
__iar_softfp___iar_frexp64
                         0x800'2821          Code  Gb  frexp.o [11]
__iar_softfp_frexp       0x800'2821          Code  Gb  frexp.o [11]
__iar_softfp_frexpl      0x800'2821          Code  Gb  frexp.o [11]
__iar_ttio_handles      0x2000'0210     0x8  Data  Lc  XShttio.o [10]
__iar_zero_init3         0x800'82c5    0x38  Code  Gb  zero_init3.o [12]
__low_level_init         0x800'83ab     0x4  Code  Gb  low_level_init.o [10]
__lseek                  0x800'7dc9    0x4e  Code  Gb  lseek.o [13]
__vector_table           0x800'0000          Data  Gb  startup_stm32l552xx.o [1]
__write                  0x800'7e17    0x10  Code  Gb  write.o [13]
_call_main               0x800'8399          Code  Gb  cmain.o [12]
_exit                    0x800'83b5          Code  Gb  cexit.o [12]
_gm_                    0x2000'2d50   0x1d8  Data  Lc  dlmalloc.o [10]
abort                    0x800'1709     0x6  Code  Gb  abort.o [10]
dac                     0x2000'00c8    0x14  Data  Gb  system_api.o [6]
dac_create_thread        0x800'7a61    0x1c  Code  Gb  dac_thread.o [3]
dac_init                 0x800'79bd    0x3e  Code  Gb  dac_api.o [3]
dac_task                 0x800'7a41    0x1e  Code  Gb  dac_thread.o [3]
dac_task_attributes     0x2000'0000    0x24  Data  Gb  dac_thread.o [3]
defaultTaskHandle       0x2000'3068     0x4  Data  Gb  main.o [2]
defaultTask_attributes   0x800'8324    0x24  Data  Gb  main.o [2]
ebuf                    0x2000'32b4    0x50  Data  Lc  xfiles.o [10]
exit                     0x800'83af     0x4  Code  Gb  exit.o [10]
fclose                   0x800'80cd    0x7e  Code  Gb  fclose.o [10]
fflush                   0x800'7d85    0x34  Code  Gb  fflush.o [10]
fflushOne                0x800'7d11    0x74  Code  Lc  fflush.o [10]
fifo_create_queue        0x800'7bfd    0x34  Code  Gb  fifo_api.o [4]
fputc                    0x800'81ef    0x54  Code  Gb  fputc.o [10]
free                     0x800'80c9     0x4  Code  Gb  heaptramp0.o [10]
fseek                    0x800'8009    0x24  Code  Gb  fseek.o [10]
gpio                    0x2000'00b8     0x1  Data  Gb  system_api.o [6]
gpio_hal                0x2000'0024    0x18  Data  Gb  gpio_api.o [4]
gpio_off                 0x800'78f9     0xe  Code  Gb  gpio_api.o [4]
gpio_on                  0x800'78e9    0x10  Code  Gb  gpio_api.o [4]
gpio_toggle              0x800'791d    0x16  Code  Gb  gpio_api.o [4]
hadc1                   0x2000'2f28    0x68  Data  Gb  main.o [2]
heartbeat               0x2000'00bc     0xc  Data  Gb  system_api.o [6]
heartbeat_init           0x800'794d    0x46  Code  Gb  heartbeat_api.o [5]
heartbeat_task           0x800'7939    0x12  Code  Gb  heartbeat_api.o [5]
heartbeat_task_attributes
                        0x2000'003c    0x24  Data  Gb  heartbeat_api.o [5]
hrtc                    0x2000'2ff4    0x28  Data  Gb  main.o [2]
hspi3                   0x2000'2f90    0x64  Data  Gb  main.o [2]
htim3                   0x2000'301c    0x4c  Data  Gb  main.o [2]
init_mparams             0x800'0211    0x2c  Code  Lc  dlmalloc.o [10]
init_top                 0x800'023d    0x34  Code  Lc  dlmalloc.o [10]
ldexp                    0x800'28f9          Code  Gb  ldexp.o [11]
ldexpl                   0x800'28f9          Code  Gb  ldexp.o [11]
localeconv               0x800'3115     0x4  Code  Gb  xlocale_c.o [10]
main                     0x800'6241   0x324  Code  Gb  main.o [2]
memchr                   0x800'27b1          Code  Gb  memchr.o [12]
memset                   0x800'5c87    0x14  Code  Gb  memset.o [12]
mparams                 0x2000'3394    0x18  Data  Lc  dlmalloc.o [10]
obuf                    0x2000'3304    0x50  Data  Lc  xfiles.o [10]
osDelay                  0x800'7747    0x1a  Code  Gb  cmsis_os2.o [9]
osKernelInitialize       0x800'7567    0x1a  Code  Gb  cmsis_os2.o [9]
osKernelStart            0x800'7589    0x2a  Code  Gb  cmsis_os2.o [9]
osMessageQueueNew        0x800'777d    0x60  Code  Gb  cmsis_os2.o [9]
osThreadFlagsSet         0x800'7651    0x64  Code  Gb  cmsis_os2.o [9]
osThreadFlagsWait        0x800'76b5    0x92  Code  Gb  cmsis_os2.o [9]
osThreadNew              0x800'75bf    0x92  Code  Gb  cmsis_os2.o [9]
printf                   0x800'7a19    0x28  Code  Gb  printf.o [10]
prvAddCurrentTaskToDelayedList
                         0x800'3b87    0x4e  Code  Lc  tasks.o [9]
prvAddNewTaskToReadyList
                         0x800'348b    0xb0  Code  Lc  tasks.o [9]
prvCheckForValidListAndQueue
                         0x800'4369    0x4e  Code  Lc  timers.o [9]
prvCheckForValidListAndQueue{1}{2}{3}{4}::ucStaticTimerQueueStorage
                        0x2000'30f8    0xa0  Data  Lc  timers.o [9]
prvCheckForValidListAndQueue{1}{2}{3}{4}::xStaticTimerQueue
                        0x2000'30a8    0x50  Data  Lc  timers.o [9]
prvCopyDataFromQueue     0x800'4825    0x28  Code  Lc  queue.o [9]
prvCopyDataToQueue       0x800'47bd    0x68  Code  Lc  queue.o [9]
prvDeleteTCB             0x800'38e5    0x2a  Code  Lc  tasks.o [9]
prvIdleTask              0x800'38a5    0x40  Code  Lc  tasks.o [9]
prvInitialiseNewQueue    0x800'44f7    0x20  Code  Lc  queue.o [9]
prvInitialiseNewTask     0x800'33fd    0x8e  Code  Lc  tasks.o [9]
prvInsertBlockIntoFreeList
                         0x800'3e01    0x46  Code  Lc  heap_4.o [9]
prvInsertTimerInActiveList
                         0x800'4333    0x34  Code  Lc  timers.o [9]
prvIsQueueEmpty          0x800'48b5    0x16  Code  Lc  queue.o [9]
prvResetNextTaskUnblockTime
                         0x800'390f    0x1a  Code  Lc  tasks.o [9]
prvSampleTimeNow         0x800'42b9    0x7a  Code  Lc  timers.o [9]
prvSampleTimeNow::xLastTime
                        0x2000'307c     0x4  Data  Lc  timers.o [9]
prvTaskExitError         0x800'3f19    0x22  Code  Lc  port.o [9]
prvTimerTask             0x800'4135   0x184  Code  Lc  timers.o [9]
prvUnlockQueue           0x800'484d    0x68  Code  Lc  queue.o [9]
putchar                  0x800'83f9     0xc  Code  Gb  putchar.o [10]
pvPortMalloc             0x800'3cb9    0xfe  Code  Gb  heap_4.o [9]
pxCurrentTCB            0x2000'31c0     0x4  Data  Gb  tasks.o [9]
pxCurrentTimerList      0x2000'306c     0x4  Data  Lc  timers.o [9]
pxDelayedTaskList       0x2000'31c4     0x4  Data  Lc  tasks.o [9]
pxEnd                   0x2000'0220     0x4  Data  Lc  heap_4.o [9]
pxOverflowDelayedTaskList
                        0x2000'31c8     0x4  Data  Lc  tasks.o [9]
pxOverflowTimerList     0x2000'3070     0x4  Data  Lc  timers.o [9]
pxPortInitialiseStack    0x800'3fc5    0x68  Code  Gb  port.o [9]
pxReadyTasksLists       0x2000'2238   0x460  Data  Lc  tasks.o [9]
remove                   0x800'8163    0x14  Code  Gb  remove.o [13]
sFileInfo               0x2000'3234    0x80  Data  Lc  XShHandles.o [10]
scalbln                  0x800'28f9          Code  Gb  ldexp.o [11]
scalblnl                 0x800'28f9          Code  Gb  ldexp.o [11]
scalbn                   0x800'28f9          Code  Gb  ldexp.o [11]
scalbnl                  0x800'28f9          Code  Gb  ldexp.o [11]
scale                    0x800'2631    0x46  Code  Lc  xprintffull_nomb.o [10]
sec_hand                0x2000'33b0     0x4  Data  Lc  xfail_s.o [10]
segment_holding          0x800'01f5    0x1c  Code  Lc  dlmalloc.o [10]
spi_enqueue              0x800'7b69    0x1e  Code  Gb  spi_api.o [4]
spi_init                 0x800'7ad9    0x86  Code  Gb  spi_api.o [4]
spi_obj_hal             0x2000'0088    0x24  Data  Gb  spi_api.o [4]
spi_task                 0x800'7aa5    0x32  Code  Gb  spi_api.o [4]
spi_task_attributes     0x2000'0064    0x24  Data  Gb  spi_api.o [4]
strchr                   0x800'2721          Code  Gb  strchr.o [12]
strlen                   0x800'2779          Code  Gb  strlen.o [12]
strncat                  0x800'7bd3    0x28  Code  Gb  strncat.o [10]
system_init              0x800'77e1    0x30  Code  Gb  system_api.o [6]
ucHeap                  0x2000'0238  0x2000  Data  Lc  heap_4.o [9]
ulCriticalNesting       0x2000'0060     0x4  Data  Lc  port.o [9]
ulSetInterruptMask       0x800'3c35          Code  Gb  portasm.o [9]
uwTick                  0x2000'00b0     0x4  Data  Gb  stm32l5xx_hal.o [8]
uwTickFreq              0x2000'00ac     0x1  Data  Gb  stm32l5xx_hal.o [8]
uwTickPrio              0x2000'00b4     0x4  Data  Gb  stm32l5xx_hal.o [8]
uxCurrentNumberOfTasks  0x2000'31e4     0x4  Data  Lc  tasks.o [9]
uxDeletedTasksWaitingCleanUp
                        0x2000'31cc     0x4  Data  Lc  tasks.o [9]
uxListRemove             0x800'3ef3    0x26  Code  Gb  list.o [9]
uxSchedulerSuspended    0x2000'3208     0x4  Data  Lc  tasks.o [9]
uxTaskNumber            0x2000'3200     0x4  Data  Lc  tasks.o [9]
uxTopReadyPriority      0x2000'31ec     0x4  Data  Lc  tasks.o [9]
vApplicationGetIdleTaskMemory
                         0x800'4085    0x14  Code  Gb  cmsis_os2.o [9]
vApplicationGetIdleTaskMemory::Idle_Stack
                        0x2000'2b50   0x200  Data  Lc  cmsis_os2.o [9]
vApplicationGetIdleTaskMemory::Idle_TCB
                        0x2000'2af4    0x5c  Data  Lc  cmsis_os2.o [9]
vApplicationGetTimerTaskMemory
                         0x800'43f5    0x18  Code  Gb  cmsis_os2.o [9]
vApplicationGetTimerTaskMemory::Timer_Stack
                        0x2000'26f4   0x400  Data  Lc  cmsis_os2.o [9]
vApplicationGetTimerTaskMemory::Timer_TCB
                        0x2000'2698    0x5c  Data  Lc  cmsis_os2.o [9]
vClearInterruptMask      0x800'3c4b          Code  Gb  portasm.o [9]
vListInitialise          0x800'3e87    0x1a  Code  Gb  list.o [9]
vListInitialiseItem      0x800'3ea1     0x6  Code  Gb  list.o [9]
vListInsert              0x800'3ec1    0x32  Code  Gb  list.o [9]
vListInsertEnd           0x800'3ea7    0x1a  Code  Gb  list.o [9]
vPortEnterCritical       0x800'3f51    0x18  Code  Gb  port.o [9]
vPortExitCritical        0x800'3f69    0x22  Code  Gb  port.o [9]
vPortFree                0x800'3db7    0x4a  Code  Gb  heap_4.o [9]
vPortSVCHandler_C        0x800'3fab    0x1a  Code  Gb  port.o [9]
vPortSetupTimerInterrupt
                         0x800'43cd    0x28  Code  Gb  port.o [9]
vPortYield               0x800'3f3d    0x12  Code  Gb  port.o [9]
vQueueAddToRegistry      0x800'48cb    0x20  Code  Gb  queue.o [9]
vQueueWaitForMessageRestricted
                         0x800'48f1    0x48  Code  Gb  queue.o [9]
vRaisePrivilege          0x800'3c0f          Code  Gb  portasm.o [9]
vRestoreContextOfFirstTask
                         0x800'3bf1          Code  Gb  portasm.o [9]
vStartFirstTask          0x800'3c1d          Code  Gb  portasm.o [9]
vTaskDelay               0x800'353b    0x30  Code  Gb  tasks.o [9]
vTaskInternalSetTimeOutState
                         0x800'3831     0xe  Code  Gb  tasks.o [9]
vTaskMissedYield         0x800'389b     0xa  Code  Gb  tasks.o [9]
vTaskPlaceOnEventList    0x800'3783    0x16  Code  Gb  tasks.o [9]
vTaskPlaceOnEventListRestricted
                         0x800'37a3    0x26  Code  Gb  tasks.o [9]
vTaskStartScheduler      0x800'3571    0x64  Code  Gb  tasks.o [9]
vTaskSuspendAll          0x800'35d5     0xc  Code  Gb  tasks.o [9]
vTaskSwitchContext       0x800'3737    0x4c  Code  Gb  tasks.o [9]
xActiveTimerList1       0x2000'3080    0x14  Data  Lc  timers.o [9]
xActiveTimerList2       0x2000'3094    0x14  Data  Lc  timers.o [9]
xBlockAllocatedBit      0x2000'0234     0x4  Data  Lc  heap_4.o [9]
xDelayedTaskList1       0x2000'320c    0x14  Data  Lc  tasks.o [9]
xDelayedTaskList2       0x2000'3220    0x14  Data  Lc  tasks.o [9]
xFreeBytesRemaining     0x2000'0224     0x4  Data  Lc  heap_4.o [9]
xMinimumEverFreeBytesRemaining
                        0x2000'0228     0x4  Data  Lc  heap_4.o [9]
xNextTaskUnblockTime    0x2000'3204     0x4  Data  Lc  tasks.o [9]
xNumOfOverflows         0x2000'31fc     0x4  Data  Lc  tasks.o [9]
xNumberOfSuccessfulAllocations
                        0x2000'022c     0x4  Data  Lc  heap_4.o [9]
xNumberOfSuccessfulFrees
                        0x2000'0230     0x4  Data  Lc  heap_4.o [9]
xPendedTicks            0x2000'31f4     0x4  Data  Lc  tasks.o [9]
xPendingReadyList       0x2000'3198    0x14  Data  Lc  tasks.o [9]
xPortStartScheduler      0x800'402d    0x46  Code  Gb  port.o [9]
xPortSysTickHandler      0x800'3f8b    0x20  Code  Gb  port.o [9]
xQueueGenericCreate      0x800'44bf    0x38  Code  Gb  queue.o [9]
xQueueGenericCreateStatic
                         0x800'4475    0x4a  Code  Gb  queue.o [9]
xQueueGenericReset       0x800'440d    0x68  Code  Gb  queue.o [9]
xQueueGenericSend        0x800'4517   0x108  Code  Gb  queue.o [9]
xQueueGenericSendFromISR
                         0x800'461f    0x80  Code  Gb  queue.o [9]
xQueueReceive            0x800'46ab    0xe8  Code  Gb  queue.o [9]
xQueueRegistry          0x2000'3354    0x40  Data  Gb  queue.o [9]
xSchedulerRunning       0x2000'31f0     0x4  Data  Lc  tasks.o [9]
xStart                  0x2000'0218     0x8  Data  Lc  heap_4.o [9]
xSuspendedTaskList      0x2000'31d0    0x14  Data  Lc  tasks.o [9]
xTaskCheckForTimeOut     0x800'383f    0x5c  Code  Gb  tasks.o [9]
xTaskCreate              0x800'33a1    0x5c  Code  Gb  tasks.o [9]
xTaskCreateStatic        0x800'3351    0x50  Code  Gb  tasks.o [9]
xTaskGenericNotify       0x800'3a39    0x94  Code  Gb  tasks.o [9]
xTaskGenericNotifyFromISR
                         0x800'3acd    0x9e  Code  Gb  tasks.o [9]
xTaskGetSchedulerState   0x800'3929    0x18  Code  Gb  tasks.o [9]
xTaskGetTickCount        0x800'3673     0x2  Code  Gb  tasks.o [9]
xTaskIncrementTick       0x800'367d    0xba  Code  Gb  tasks.o [9]
xTaskNotifyWait          0x800'39bd    0x78  Code  Gb  tasks.o [9]
xTaskPriorityDisinherit
                         0x800'3947    0x50  Code  Gb  tasks.o [9]
xTaskRemoveFromEventList
                         0x800'37d5    0x46  Code  Gb  tasks.o [9]
xTaskResumeAll           0x800'35e1    0x8a  Code  Gb  tasks.o [9]
xTasksWaitingTermination
                        0x2000'31ac    0x14  Data  Lc  tasks.o [9]
xTickCount              0x2000'31e8     0x4  Data  Lc  tasks.o [9]
xTimerCreateTimerTask    0x800'4099    0x4e  Code  Gb  timers.o [9]
xTimerGenericCommand     0x800'40e7    0x4e  Code  Gb  timers.o [9]
xTimerQueue             0x2000'3074     0x4  Data  Lc  timers.o [9]
xTimerTaskHandle        0x2000'3078     0x4  Data  Lc  timers.o [9]
xYieldPending           0x2000'31f8     0x4  Data  Lc  tasks.o [9]


[1] = D:\Proyectos\STM32\kart\EWARM\kart\Obj\Application\EWARM
[2] = D:\Proyectos\STM32\kart\EWARM\kart\Obj\Application\User
[3] = D:\Proyectos\STM32\kart\EWARM\kart\Obj\Application\dac\src
[4] = D:\Proyectos\STM32\kart\EWARM\kart\Obj\Application\hdwr\src
[5] = D:\Proyectos\STM32\kart\EWARM\kart\Obj\Application\heartbeat\src
[6] = D:\Proyectos\STM32\kart\EWARM\kart\Obj\Application\system\src
[7] = D:\Proyectos\STM32\kart\EWARM\kart\Obj\Drivers\CMSIS
[8] = D:\Proyectos\STM32\kart\EWARM\kart\Obj\Drivers\STM32L5xx_HAL_Driver
[9] = D:\Proyectos\STM32\kart\EWARM\kart\Obj\Middlewares\FreeRTOS
[10] = dl7M_tlf.a
[11] = m7M_tls.a
[12] = rt7M_tl.a
[13] = shb_l.a

  34'105 bytes of readonly  code memory
     362 bytes of readonly  data memory
  14'776 bytes of readwrite data memory

Errors: none
Warnings: none
