###############################################################################
#
# IAR ELF Linker V9.10.2.313/W64 for ARM                  11/Apr/2022  20:09:52
# Copyright 2007-2021 IAR Systems AB.
#
#    Output file  =  D:\Proyectos\STM32\kart\EWARM\kart\Exe\kart.out
#    Map file     =  D:\Proyectos\STM32\kart\EWARM\kart\List\kart.map
#    Command line =
#        -f D:\Proyectos\STM32\kart\EWARM\kart\Exe\kart.out.rsp
#        (D:\Proyectos\STM32\kart\EWARM\kart\Obj\Application\hdwr\src\adc_api.o
#        D:\Proyectos\STM32\kart\EWARM\kart\Obj\Application\User\app_freertos.o
#        D:\Proyectos\STM32\kart\EWARM\kart\Obj\Application\hdwr\src\can_api.o
#        D:\Proyectos\STM32\kart\EWARM\kart\Obj\Middlewares\FreeRTOS\cmsis_os2.o
#        D:\Proyectos\STM32\kart\EWARM\kart\Obj\Middlewares\FreeRTOS\croutine.o
#        D:\Proyectos\STM32\kart\EWARM\kart\Obj\Middlewares\FreeRTOS\event_groups.o
#        D:\Proyectos\STM32\kart\EWARM\kart\Obj\Application\hdwr\src\fifo_api.o
#        D:\Proyectos\STM32\kart\EWARM\kart\Obj\Application\flight_controller\src\flight_controller_api.o
#        D:\Proyectos\STM32\kart\EWARM\kart\Obj\Application\flight_controller\src\flight_controller_conductor.o
#        D:\Proyectos\STM32\kart\EWARM\kart\Obj\Application\flight_controller\src\flight_controller_driver.o
#        D:\Proyectos\STM32\kart\EWARM\kart\Obj\Application\flight_controller\src\flight_controller_hdwr.o
#        D:\Proyectos\STM32\kart\EWARM\kart\Obj\Application\hdwr\src\gpio_api.o
#        D:\Proyectos\STM32\kart\EWARM\kart\Obj\Application\gps\src\gps_api.o
#        D:\Proyectos\STM32\kart\EWARM\kart\Obj\Application\gps\src\gps_conductor.o
#        D:\Proyectos\STM32\kart\EWARM\kart\Obj\Application\gps\src\gps_driver.o
#        D:\Proyectos\STM32\kart\EWARM\kart\Obj\Application\gps\src\gps_hdwr.o
#        D:\Proyectos\STM32\kart\EWARM\kart\Obj\Middlewares\FreeRTOS\heap_4.o
#        D:\Proyectos\STM32\kart\EWARM\kart\Obj\Application\heartbeat\src\heartbeat_api.o
#        D:\Proyectos\STM32\kart\EWARM\kart\Obj\Application\hdwr\src\ieee754.o
#        D:\Proyectos\STM32\kart\EWARM\kart\Obj\Middlewares\FreeRTOS\list.o
#        D:\Proyectos\STM32\kart\EWARM\kart\Obj\Application\LOG\src\log_api.o
#        D:\Proyectos\STM32\kart\EWARM\kart\Obj\Application\LOG\src\log_conductor.o
#        D:\Proyectos\STM32\kart\EWARM\kart\Obj\Application\LOG\src\log_driver.o
#        D:\Proyectos\STM32\kart\EWARM\kart\Obj\Application\LOG\src\log_hdwr.o
#        D:\Proyectos\STM32\kart\EWARM\kart\Obj\Application\User\main.o
#        D:\Proyectos\STM32\kart\EWARM\kart\Obj\Application\periodic\src\periodic_api.o
#        D:\Proyectos\STM32\kart\EWARM\kart\Obj\Application\periodic\src\periodic_conductor.o
#        D:\Proyectos\STM32\kart\EWARM\kart\Obj\Application\periodic\src\periodic_driver.o
#        D:\Proyectos\STM32\kart\EWARM\kart\Obj\Middlewares\FreeRTOS\port.o
#        D:\Proyectos\STM32\kart\EWARM\kart\Obj\Middlewares\FreeRTOS\portasm.o
#        D:\Proyectos\STM32\kart\EWARM\kart\Obj\Application\hdwr\src\pwm_api.o
#        D:\Proyectos\STM32\kart\EWARM\kart\Obj\Middlewares\FreeRTOS\queue.o
#        D:\Proyectos\STM32\kart\EWARM\kart\Obj\Application\sevcon\src\sevcon_api.o
#        D:\Proyectos\STM32\kart\EWARM\kart\Obj\Application\sevcon\src\sevcon_conductor.o
#        D:\Proyectos\STM32\kart\EWARM\kart\Obj\Application\sevcon\src\sevcon_driver.o
#        D:\Proyectos\STM32\kart\EWARM\kart\Obj\Application\sevcon\src\sevcon_driver_dictionary.o
#        D:\Proyectos\STM32\kart\EWARM\kart\Obj\Application\sevcon\src\sevcon_hdwr.o
#        D:\Proyectos\STM32\kart\EWARM\kart\Obj\Application\hdwr\src\spi_api.o
#        D:\Proyectos\STM32\kart\EWARM\kart\Obj\Application\EWARM\startup_stm32l552xx.o
#        D:\Proyectos\STM32\kart\EWARM\kart\Obj\Drivers\STM32L5xx_HAL_Driver\stm32l5xx_hal.o
#        D:\Proyectos\STM32\kart\EWARM\kart\Obj\Drivers\STM32L5xx_HAL_Driver\stm32l5xx_hal_adc.o
#        D:\Proyectos\STM32\kart\EWARM\kart\Obj\Drivers\STM32L5xx_HAL_Driver\stm32l5xx_hal_adc_ex.o
#        D:\Proyectos\STM32\kart\EWARM\kart\Obj\Drivers\STM32L5xx_HAL_Driver\stm32l5xx_hal_cortex.o
#        D:\Proyectos\STM32\kart\EWARM\kart\Obj\Drivers\STM32L5xx_HAL_Driver\stm32l5xx_hal_dma.o
#        D:\Proyectos\STM32\kart\EWARM\kart\Obj\Drivers\STM32L5xx_HAL_Driver\stm32l5xx_hal_dma_ex.o
#        D:\Proyectos\STM32\kart\EWARM\kart\Obj\Drivers\STM32L5xx_HAL_Driver\stm32l5xx_hal_exti.o
#        D:\Proyectos\STM32\kart\EWARM\kart\Obj\Drivers\STM32L5xx_HAL_Driver\stm32l5xx_hal_fdcan.o
#        D:\Proyectos\STM32\kart\EWARM\kart\Obj\Drivers\STM32L5xx_HAL_Driver\stm32l5xx_hal_flash.o
#        D:\Proyectos\STM32\kart\EWARM\kart\Obj\Drivers\STM32L5xx_HAL_Driver\stm32l5xx_hal_flash_ex.o
#        D:\Proyectos\STM32\kart\EWARM\kart\Obj\Drivers\STM32L5xx_HAL_Driver\stm32l5xx_hal_flash_ramfunc.o
#        D:\Proyectos\STM32\kart\EWARM\kart\Obj\Drivers\STM32L5xx_HAL_Driver\stm32l5xx_hal_gpio.o
#        D:\Proyectos\STM32\kart\EWARM\kart\Obj\Drivers\STM32L5xx_HAL_Driver\stm32l5xx_hal_i2c.o
#        D:\Proyectos\STM32\kart\EWARM\kart\Obj\Drivers\STM32L5xx_HAL_Driver\stm32l5xx_hal_i2c_ex.o
#        D:\Proyectos\STM32\kart\EWARM\kart\Obj\Drivers\STM32L5xx_HAL_Driver\stm32l5xx_hal_icache.o
#        D:\Proyectos\STM32\kart\EWARM\kart\Obj\Application\User\stm32l5xx_hal_msp.o
#        D:\Proyectos\STM32\kart\EWARM\kart\Obj\Drivers\STM32L5xx_HAL_Driver\stm32l5xx_hal_pwr.o
#        D:\Proyectos\STM32\kart\EWARM\kart\Obj\Drivers\STM32L5xx_HAL_Driver\stm32l5xx_hal_pwr_ex.o
#        D:\Proyectos\STM32\kart\EWARM\kart\Obj\Drivers\STM32L5xx_HAL_Driver\stm32l5xx_hal_rcc.o
#        D:\Proyectos\STM32\kart\EWARM\kart\Obj\Drivers\STM32L5xx_HAL_Driver\stm32l5xx_hal_rcc_ex.o
#        D:\Proyectos\STM32\kart\EWARM\kart\Obj\Drivers\STM32L5xx_HAL_Driver\stm32l5xx_hal_rtc.o
#        D:\Proyectos\STM32\kart\EWARM\kart\Obj\Drivers\STM32L5xx_HAL_Driver\stm32l5xx_hal_rtc_ex.o
#        D:\Proyectos\STM32\kart\EWARM\kart\Obj\Drivers\STM32L5xx_HAL_Driver\stm32l5xx_hal_spi.o
#        D:\Proyectos\STM32\kart\EWARM\kart\Obj\Drivers\STM32L5xx_HAL_Driver\stm32l5xx_hal_spi_ex.o
#        D:\Proyectos\STM32\kart\EWARM\kart\Obj\Drivers\STM32L5xx_HAL_Driver\stm32l5xx_hal_tim.o
#        D:\Proyectos\STM32\kart\EWARM\kart\Obj\Drivers\STM32L5xx_HAL_Driver\stm32l5xx_hal_tim_ex.o
#        D:\Proyectos\STM32\kart\EWARM\kart\Obj\Drivers\STM32L5xx_HAL_Driver\stm32l5xx_hal_uart.o
#        D:\Proyectos\STM32\kart\EWARM\kart\Obj\Drivers\STM32L5xx_HAL_Driver\stm32l5xx_hal_uart_ex.o
#        D:\Proyectos\STM32\kart\EWARM\kart\Obj\Application\User\stm32l5xx_it.o
#        D:\Proyectos\STM32\kart\EWARM\kart\Obj\Middlewares\FreeRTOS\stream_buffer.o
#        D:\Proyectos\STM32\kart\EWARM\kart\Obj\Application\system\src\system_api.o
#        D:\Proyectos\STM32\kart\EWARM\kart\Obj\Application\system\src\system_obj.o
#        D:\Proyectos\STM32\kart\EWARM\kart\Obj\Drivers\CMSIS\system_stm32l5xx.o
#        D:\Proyectos\STM32\kart\EWARM\kart\Obj\Middlewares\FreeRTOS\tasks.o
#        D:\Proyectos\STM32\kart\EWARM\kart\Obj\Middlewares\FreeRTOS\timers.o
#        D:\Proyectos\STM32\kart\EWARM\kart\Obj\Application\hdwr\src\uart_api.o
#        D:\Proyectos\STM32\kart\EWARM\kart\Obj\Application\User\src\user_api.o
#        D:\Proyectos\STM32\kart\EWARM\kart\Obj\Application\User\src\user_conductor.o
#        D:\Proyectos\STM32\kart\EWARM\kart\Obj\Application\User\src\user_driver.o
#        D:\Proyectos\STM32\kart\EWARM\kart\Obj\Application\User\src\user_hdwr.o
#        --no_out_extension -o D:\Proyectos\STM32\kart\EWARM\kart\Exe\kart.out
#        --redirect _Printf=_PrintfFullNoMb --redirect _Scanf=_ScanfFullNoMb
#        --map D:\Proyectos\STM32\kart\EWARM\kart\List\kart.map --config
#        D:\Proyectos\STM32\kart\EWARM/stm32l552xe_flash.icf --semihosting
#        --entry __iar_program_start --vfe --text_out locale)
#
###############################################################################

*******************************************************************************
*** RUNTIME MODEL ATTRIBUTES
***

CppFlavor       = *
__Heap_Handler  = NoFree
__SystemLibrary = DLib
__dlib_version  = 6


*******************************************************************************
*** HEAP SELECTION
***

The no free heap was selected because no calls to memory
deallocation functions were found in the application.


*******************************************************************************
*** PLACEMENT SUMMARY
***

"A0":  place at address 0x800'0000 { ro section .intvec };
"P1":  place in [from 0x800'0000 to 0x807'ffff] { ro };
define block CSTACK with size = 1K, alignment = 8 { };
define block HEAP with size = 512, alignment = 8 { };
"P2":  place in [from 0x2000'0000 to 0x2002'ffff] {
          rw, block CSTACK, block HEAP };
"P3":  place in [from 0x2000'0000 to 0x2002'ffff] { };
initialize by copy { rw };

  Section               Kind         Address    Size  Object
  -------               ----         -------    ----  ------
"A0":                                          0x1f4
  .intvec               ro code   0x800'0000   0x1f4  startup_stm32l552xx.o [1]
                                - 0x800'01f4   0x1f4

"P1":                                         0x9293
  .text                 ro code   0x800'01f4   0xf2e  xprintffull_nomb.o [15]
  .text                 ro code   0x800'1122     0xa  xsprout.o [15]
  .text                 ro code   0x800'112c    0x16  strchr.o [17]
  .rodata               const     0x800'1142     0x2  xlocale_c.o [15]
  .text                 ro code   0x800'1144    0x40  xfail_s.o [15]
  .text                 ro code   0x800'1184    0x36  strlen.o [17]
  .rodata               const     0x800'11ba     0x1  xlocale_c.o [15]
  .text                 ro code   0x800'11bc    0x58  memchr.o [17]
  .text                 ro code   0x800'1214    0x18  ABImemcpy_small.o [17]
  .text                 ro code   0x800'122c    0x70  frexp.o [16]
  .text                 ro code   0x800'129c    0x34  DblCmpLe.o [16]
  .text                 ro code   0x800'12d0    0x34  DblCmpGe.o [16]
  .text                 ro code   0x800'1304   0x13a  ldexp.o [16]
  .text                 ro code   0x800'1440    0x36  DblToS32.o [16]
  .text                 ro code   0x800'1478    0x22  S32ToDbl.o [16]
  .text                 ro code   0x800'149c   0x25e  DblAddSub.o [16]
  .text                 ro code   0x800'16fc   0x246  DblDiv.o [16]
  .text                 ro code   0x800'1944    0x22  DblToU32.o [16]
  .text                 ro code   0x800'1968    0x1c  U32ToDbl.o [16]
  .text                 ro code   0x800'1984   0x1aa  DblMul.o [16]
  .text                 ro code   0x800'1b30     0x8  xlocale_c.o [15]
  .text                 ro code   0x800'1b38   0x106  I64DivMod_small.o [17]
  .text                 ro code   0x800'1c3e     0x6  abort.o [15]
  .text                 ro code   0x800'1c44     0x2  I64DivZer.o [17]
  .text                 ro code   0x800'1c48    0x14  exit.o [18]
  .text                 ro code   0x800'1c5c   0xb9c  stm32l5xx_hal_uart.o [13]
  .text                 ro code   0x800'27f8   0x424  stm32l5xx_hal_msp.o [3]
  .text                 ro code   0x800'2c1c   0x3fc  stm32l5xx_hal_dma.o [13]
  .text                 ro code   0x800'3018     0x2  stm32l5xx_hal_uart.o [13]
  .text                 ro code   0x800'301a     0x2  stm32l5xx_hal_uart.o [13]
  .text                 ro code   0x800'301c     0x2  stm32l5xx_hal_uart_ex.o [13]
  .text                 ro code   0x800'3020   0x106  uart_api.o [7]
  .text                 ro code   0x800'3126     0x2  stm32l5xx_hal_uart_ex.o [13]
  .text                 ro code   0x800'3128     0x2  stm32l5xx_hal_uart_ex.o [13]
  .text                 ro code   0x800'312c   0x89c  stm32l5xx_hal_rcc.o [13]
  .text                 ro code   0x800'39c8     0xc  stm32l5xx_hal.o [13]
  .text                 ro code   0x800'39d4    0xe8  stm32l5xx_hal_cortex.o [13]
  .text                 ro code   0x800'3abc    0xc0  stm32l5xx_hal_pwr_ex.o [13]
  .text                 ro code   0x800'3b7c   0x5cc  main.o [3]
  .text                 ro code   0x800'4148   0x1d8  stm32l5xx_hal_gpio.o [13]
  .text                 ro code   0x800'4320   0x5a4  stm32l5xx_hal_rcc_ex.o [13]
  .text                 ro code   0x800'48c4    0x14  memset.o [17]
  .text                 ro code   0x800'48d8   0x2e0  cmsis_os2.o [14]
  .text                 ro code   0x800'4bb8    0x14  log_api.o [2]
  .text                 ro code   0x800'4bcc    0x46  fifo_api.o [7]
  .text                 ro code   0x800'4c14    0x44  stm32l5xx_hal.o [13]
  .text                 ro code   0x800'4c58    0x22  stm32l5xx_hal.o [13]
  .text                 ro code   0x800'4c7c   0x7ea  stm32l5xx_hal_adc.o [13]
  .text                 ro code   0x800'5468   0x160  stm32l5xx_hal_adc_ex.o [13]
  .text                 ro code   0x800'55c8   0x14c  stm32l5xx_hal_rtc.o [13]
  .text                 ro code   0x800'5714    0x34  stm32l5xx_hal_rtc_ex.o [13]
  .text                 ro code   0x800'5748    0xe0  stm32l5xx_hal_spi.o [13]
  .text                 ro code   0x800'5828   0x740  stm32l5xx_hal_tim.o [13]
  .text                 ro code   0x800'5f68    0x94  stm32l5xx_hal_tim_ex.o [13]
  .text                 ro code   0x800'5ffc   0x558  stm32l5xx_hal_fdcan.o [13]
  .text                 ro code   0x800'6554    0xf8  stm32l5xx_hal_uart_ex.o [13]
  .text                 ro code   0x800'664c    0x68  system_api.o [11]
  .text                 ro code   0x800'66b4    0x10  stm32l5xx_hal_pwr.o [13]
  .text                 ro code   0x800'66c4    0x12  ABImemset_small.o [17]
  .text                 ro code   0x800'66d8   0x7a0  tasks.o [14]
  .text                 ro code   0x800'6e78   0x16c  port.o [14]
  .text                 ro code   0x800'6fe4   0x594  queue.o [14]
  .text                 ro code   0x800'7578    0x64  log_conductor.o [2]
  .text                 ro code   0x800'75dc    0xc8  system_stm32l5xx.o [12]
  .text                 ro code   0x800'76a4     0x2  stm32l5xx_hal_adc.o [13]
  .text                 ro code   0x800'76a6     0x2  stm32l5xx_hal_adc.o [13]
  .text                 ro code   0x800'76a8     0x2  stm32l5xx_hal_adc.o [13]
  .text                 ro code   0x800'76aa     0x2  stm32l5xx_hal_tim.o [13]
  .text                 ro code   0x800'76ac     0x2  stm32l5xx_hal_fdcan.o [13]
  .text                 ro code   0x800'76ae     0x2  stm32l5xx_hal_fdcan.o [13]
  .text                 ro code   0x800'76b0     0x2  stm32l5xx_hal_fdcan.o [13]
  .text                 ro code   0x800'76b4   0x1cc  can_api.o [7]
  .text                 ro code   0x800'7880     0x2  stm32l5xx_hal_fdcan.o [13]
  .text                 ro code   0x800'7882     0x2  stm32l5xx_hal_fdcan.o [13]
  .text                 ro code   0x800'7884     0x2  stm32l5xx_hal_fdcan.o [13]
  .text                 ro code   0x800'7886     0x2  stm32l5xx_hal_fdcan.o [13]
  .text                 ro code   0x800'7888     0x2  stm32l5xx_hal_fdcan.o [13]
  .text                 ro code   0x800'788a     0x2  stm32l5xx_hal_fdcan.o [13]
  .text                 ro code   0x800'788c    0x50  gpio_api.o [7]
  .text                 ro code   0x800'78dc    0x24  periodic_api.o [9]
  .text                 ro code   0x800'7900    0x60  heartbeat_api.o [8]
  .text                 ro code   0x800'7960    0xbc  adc_api.o [7]
  .text                 ro code   0x800'7a1c    0x2a  user_api.o [4]
  .text                 ro code   0x800'7a46    0x20  flight_controller_api.o [5]
  privileged_functions  ro code   0x800'7a68    0xc8  portasm.o [14]
  .text                 ro code   0x800'7b30   0x194  heap_4.o [14]
  .text                 ro code   0x800'7cc4    0x3a  ABImemset48.o [17]
  .text                 ro code   0x800'7cfe    0x92  list.o [14]
  .text                 ro code   0x800'7d90    0x14  cmsis_os2.o [14]
  .text                 ro code   0x800'7da4   0x334  timers.o [14]
  .text                 ro code   0x800'80d8    0x28  port.o [14]
  .text                 ro code   0x800'8100    0x50  log_driver.o [2]
  .text                 ro code   0x800'8150    0x40  sprintf.o [15]
  .text                 ro code   0x800'8190    0xa0  periodic_conductor.o [9]
  .text                 ro code   0x800'8230    0xec  periodic_driver.o [9]
  .text                 ro code   0x800'831c    0x78  no_free_heap0.o [15]
  .text                 ro code   0x800'8394    0x68  DblToFlt.o [16]
  .text                 ro code   0x800'83fc    0x48  FltToDbl.o [16]
  .text                 ro code   0x800'8444    0x4c  user_conductor.o [4]
  .text                 ro code   0x800'8490    0x94  flight_controller_conductor.o [5]
  .text                 ro code   0x800'8524   0x100  flight_controller_driver.o [5]
  .text                 ro code   0x800'8624    0x18  cmsis_os2.o [14]
  .text                 ro code   0x800'863c    0x2c  xgetmemchunk.o [15]
  .text                 ro code   0x800'8668    0x12  xxmemxmemzero.o [15]
  .text                 ro code   0x800'867c   0x16a  user_driver.o [4]
  .text                 ro code   0x800'87e8    0x40  user_hdwr.o [4]
  .text                 ro code   0x800'8828   0x134  flight_controller_hdwr.o [5]
  .text                 ro code   0x800'895c    0x54  ieee754.o [7]
  .text                 ro code   0x800'89b0   0x1d0  pwm_api.o [7]
  .text                 ro code   0x800'8b80     0xa  gps_api.o [6]
  .text                 ro code   0x800'8b8a     0xc  sevcon_api.o [10]
  .text                 ro code   0x800'8b98    0x50  gps_conductor.o [6]
  .text                 ro code   0x800'8be8    0x4c  sevcon_conductor.o [10]
  .text                 ro code   0x800'8c34    0xe8  gps_driver.o [6]
  .text                 ro code   0x800'8d1c    0x94  gps_hdwr.o [6]
  .text                 ro code   0x800'8db0   0x184  sevcon_driver.o [10]
  .text                 ro code   0x800'8f34    0x6e  sevcon_hdwr.o [10]
  .text                 ro code   0x800'8fa4    0x30  sevcon_driver_dictionary.o [10]
  .text                 ro code   0x800'8fd4    0x78  lz77_init_single.o [17]
  .rodata               const     0x800'904c    0x40  system_stm32l5xx.o [12]
  .text                 ro code   0x800'908c    0x38  stm32l5xx_it.o [3]
  .text                 ro code   0x800'90c4    0x38  zero_init3.o [17]
  .text                 ro code   0x800'90fc    0x28  data_init.o [17]
  .text                 ro code   0x800'9124    0x22  fpinit_M.o [16]
  .iar.init_table       const     0x800'9148    0x20  - Linker created -
  .text                 ro code   0x800'9168    0x1e  cmain.o [17]
  .text                 ro code   0x800'9186     0x4  low_level_init.o [15]
  .text                 ro code   0x800'918a     0x4  exit.o [15]
  .text                 ro code   0x800'9190     0xa  cexit.o [17]
  .text                 ro code   0x800'919c    0x1c  cstartup_M.o [17]
  .rodata               const     0x800'91b8    0x14  system_obj.o [11]
  .text                 ro code   0x800'91cc    0x10  startup_stm32l552xx.o [1]
  .rodata               const     0x800'91dc     0xc  periodic_conductor.o [9]
  .rodata               const     0x800'91e8     0xc  system_obj.o [11]
  .rodata               const     0x800'91f4     0x8  sevcon_conductor.o [10]
  .rodata               const     0x800'91fc     0x8  system_stm32l5xx.o [12]
  .rodata               const     0x800'9204     0x8  user_conductor.o [4]
  .rodata               const     0x800'920c     0x4  gps_conductor.o [6]
  .rodata               const     0x800'9210     0x4  log_conductor.o [2]
  .text                 ro code   0x800'9214     0x4  startup_stm32l552xx.o [1]
  .text                 ro code   0x800'9218     0x4  startup_stm32l552xx.o [1]
  .text                 ro code   0x800'921c     0x4  startup_stm32l552xx.o [1]
  .text                 ro code   0x800'9220     0x4  startup_stm32l552xx.o [1]
  .text                 ro code   0x800'9224     0x4  startup_stm32l552xx.o [1]
  .text                 ro code   0x800'9228     0x4  startup_stm32l552xx.o [1]
  .text                 ro code   0x800'922c     0x4  startup_stm32l552xx.o [1]
  .text                 ro code   0x800'9230     0x4  startup_stm32l552xx.o [1]
  .text                 ro code   0x800'9234     0x4  startup_stm32l552xx.o [1]
  .text                 ro code   0x800'9238     0x4  startup_stm32l552xx.o [1]
  .text                 ro code   0x800'923c     0x4  startup_stm32l552xx.o [1]
  .text                 ro code   0x800'9240     0x4  startup_stm32l552xx.o [1]
  .text                 ro code   0x800'9244     0x4  startup_stm32l552xx.o [1]
  .text                 ro code   0x800'9248     0x4  startup_stm32l552xx.o [1]
  .text                 ro code   0x800'924c     0x4  startup_stm32l552xx.o [1]
  .text                 ro code   0x800'9250     0x4  startup_stm32l552xx.o [1]
  .text                 ro code   0x800'9254     0x4  startup_stm32l552xx.o [1]
  .text                 ro code   0x800'9258     0x4  startup_stm32l552xx.o [1]
  .text                 ro code   0x800'925c     0x4  startup_stm32l552xx.o [1]
  .text                 ro code   0x800'9260     0x4  startup_stm32l552xx.o [1]
  .text                 ro code   0x800'9264     0x4  startup_stm32l552xx.o [1]
  .text                 ro code   0x800'9268     0x4  startup_stm32l552xx.o [1]
  .text                 ro code   0x800'926c     0x4  startup_stm32l552xx.o [1]
  .text                 ro code   0x800'9270     0x4  startup_stm32l552xx.o [1]
  .text                 ro code   0x800'9274     0x4  startup_stm32l552xx.o [1]
  .text                 ro code   0x800'9278     0x4  startup_stm32l552xx.o [1]
  .text                 ro code   0x800'927c     0x4  startup_stm32l552xx.o [1]
  .text                 ro code   0x800'9280     0x4  startup_stm32l552xx.o [1]
  .text                 ro code   0x800'9284     0x4  startup_stm32l552xx.o [1]
  .text                 ro code   0x800'9288     0x4  startup_stm32l552xx.o [1]
  .text                 ro code   0x800'928c     0x4  startup_stm32l552xx.o [1]
  .text                 ro code   0x800'9290     0x4  startup_stm32l552xx.o [1]
  .text                 ro code   0x800'9294     0x4  startup_stm32l552xx.o [1]
  .text                 ro code   0x800'9298     0x4  startup_stm32l552xx.o [1]
  .text                 ro code   0x800'929c     0x4  startup_stm32l552xx.o [1]
  .text                 ro code   0x800'92a0     0x4  startup_stm32l552xx.o [1]
  .text                 ro code   0x800'92a4     0x4  startup_stm32l552xx.o [1]
  .text                 ro code   0x800'92a8     0x4  startup_stm32l552xx.o [1]
  .text                 ro code   0x800'92ac     0x4  startup_stm32l552xx.o [1]
  .text                 ro code   0x800'92b0     0x4  startup_stm32l552xx.o [1]
  .text                 ro code   0x800'92b4     0x4  startup_stm32l552xx.o [1]
  .text                 ro code   0x800'92b8     0x4  startup_stm32l552xx.o [1]
  .text                 ro code   0x800'92bc     0x4  startup_stm32l552xx.o [1]
  .text                 ro code   0x800'92c0     0x4  startup_stm32l552xx.o [1]
  .text                 ro code   0x800'92c4     0x4  startup_stm32l552xx.o [1]
  .text                 ro code   0x800'92c8     0x4  startup_stm32l552xx.o [1]
  .text                 ro code   0x800'92cc     0x4  startup_stm32l552xx.o [1]
  .text                 ro code   0x800'92d0     0x4  startup_stm32l552xx.o [1]
  .text                 ro code   0x800'92d4     0x4  startup_stm32l552xx.o [1]
  .text                 ro code   0x800'92d8     0x4  startup_stm32l552xx.o [1]
  .text                 ro code   0x800'92dc     0x4  startup_stm32l552xx.o [1]
  .text                 ro code   0x800'92e0     0x4  startup_stm32l552xx.o [1]
  .text                 ro code   0x800'92e4     0x4  startup_stm32l552xx.o [1]
  .text                 ro code   0x800'92e8     0x4  startup_stm32l552xx.o [1]
  .text                 ro code   0x800'92ec     0x4  startup_stm32l552xx.o [1]
  .text                 ro code   0x800'92f0     0x4  startup_stm32l552xx.o [1]
  .text                 ro code   0x800'92f4     0x4  startup_stm32l552xx.o [1]
  .text                 ro code   0x800'92f8     0x4  startup_stm32l552xx.o [1]
  .text                 ro code   0x800'92fc     0x4  startup_stm32l552xx.o [1]
  .text                 ro code   0x800'9300     0x4  startup_stm32l552xx.o [1]
  .text                 ro code   0x800'9304     0x4  startup_stm32l552xx.o [1]
  .text                 ro code   0x800'9308     0x4  startup_stm32l552xx.o [1]
  .text                 ro code   0x800'930c     0x4  startup_stm32l552xx.o [1]
  .text                 ro code   0x800'9310     0x4  startup_stm32l552xx.o [1]
  .text                 ro code   0x800'9314     0x4  startup_stm32l552xx.o [1]
  .text                 ro code   0x800'9318     0x4  startup_stm32l552xx.o [1]
  .text                 ro code   0x800'931c     0x4  startup_stm32l552xx.o [1]
  .text                 ro code   0x800'9320     0x4  startup_stm32l552xx.o [1]
  .text                 ro code   0x800'9324     0x4  startup_stm32l552xx.o [1]
  .text                 ro code   0x800'9328     0x4  startup_stm32l552xx.o [1]
  .text                 ro code   0x800'932c     0x4  startup_stm32l552xx.o [1]
  .text                 ro code   0x800'9330     0x4  startup_stm32l552xx.o [1]
  .text                 ro code   0x800'9334     0x4  startup_stm32l552xx.o [1]
  .text                 ro code   0x800'9338     0x4  startup_stm32l552xx.o [1]
  .text                 ro code   0x800'933c     0x4  startup_stm32l552xx.o [1]
  .text                 ro code   0x800'9340     0x4  startup_stm32l552xx.o [1]
  .text                 ro code   0x800'9344     0x4  startup_stm32l552xx.o [1]
  .text                 ro code   0x800'9348     0x4  startup_stm32l552xx.o [1]
  .text                 ro code   0x800'934c     0x4  startup_stm32l552xx.o [1]
  .text                 ro code   0x800'9350     0x4  startup_stm32l552xx.o [1]
  .text                 ro code   0x800'9354     0x4  startup_stm32l552xx.o [1]
  .text                 ro code   0x800'9358     0x4  startup_stm32l552xx.o [1]
  .text                 ro code   0x800'935c     0x4  startup_stm32l552xx.o [1]
  .text                 ro code   0x800'9360     0x4  startup_stm32l552xx.o [1]
  .text                 ro code   0x800'9364     0x4  startup_stm32l552xx.o [1]
  .text                 ro code   0x800'9368     0x4  startup_stm32l552xx.o [1]
  .text                 ro code   0x800'936c     0x4  startup_stm32l552xx.o [1]
  .text                 ro code   0x800'9370     0x4  startup_stm32l552xx.o [1]
  .text                 ro code   0x800'9374     0x4  startup_stm32l552xx.o [1]
  .text                 ro code   0x800'9378     0x4  startup_stm32l552xx.o [1]
  .text                 ro code   0x800'937c     0x4  startup_stm32l552xx.o [1]
  .text                 ro code   0x800'9380     0x4  startup_stm32l552xx.o [1]
  .text                 ro code   0x800'9384     0x4  startup_stm32l552xx.o [1]
  .text                 ro code   0x800'9388     0x4  startup_stm32l552xx.o [1]
  .text                 ro code   0x800'938c     0x4  startup_stm32l552xx.o [1]
  .text                 ro code   0x800'9390     0x4  startup_stm32l552xx.o [1]
  .text                 ro code   0x800'9394     0x4  startup_stm32l552xx.o [1]
  .text                 ro code   0x800'9398     0x4  startup_stm32l552xx.o [1]
  .text                 ro code   0x800'939c     0x4  startup_stm32l552xx.o [1]
  .text                 ro code   0x800'93a0     0x4  startup_stm32l552xx.o [1]
  .rodata               const     0x800'93a4     0x0  zero_init3.o [17]
  .rodata               const     0x800'93a4     0x0  lz77_init_single.o [17]
  Initializer bytes     const     0x800'93a4    0xe3  <for P2-P3-1>
                                - 0x800'9487  0x9293

"P2-P3", part 1 of 3:                          0x271
  P2-P3-1                        0x2000'0000   0x271  <Init block>
    .data               inited   0x2000'0000    0x2c  can_api.o [7]
    .data               inited   0x2000'002c    0x24  flight_controller_conductor.o [5]
    .data               inited   0x2000'0050    0x2c  flight_controller_hdwr.o [5]
    .data               inited   0x2000'007c    0x18  gpio_api.o [7]
    .data               inited   0x2000'0094    0x28  gps_conductor.o [6]
    .data               inited   0x2000'00bc    0x28  log_conductor.o [2]
    .data               inited   0x2000'00e4    0x24  periodic_conductor.o [9]
    .data               inited   0x2000'0108     0x4  port.o [14]
    .data               inited   0x2000'010c    0x24  sevcon_conductor.o [10]
    .data               inited   0x2000'0130    0x18  sevcon_driver_dictionary.o [10]
    .data               inited   0x2000'0148     0xc  stm32l5xx_hal.o [13]
    .data               inited   0x2000'0154     0xc  system_obj.o [11]
    .data               inited   0x2000'0160    0x5c  system_obj.o [11]
    .data               inited   0x2000'01bc    0x10  system_obj.o [11]
    .data               inited   0x2000'01cc     0x8  system_obj.o [11]
    .data               inited   0x2000'01d4     0xc  system_obj.o [11]
    .data               inited   0x2000'01e0     0x4  system_stm32l5xx.o [12]
    .data               inited   0x2000'01e4    0x2c  uart_api.o [7]
    .data               inited   0x2000'0210    0x28  user_conductor.o [4]
    .data               inited   0x2000'0238    0x38  xlocale_c.o [15]
    .data               inited   0x2000'0270     0x1  system_api.o [11]
                               - 0x2000'0271   0x271

"P2-P3", part 2 of 3:                         0x3618
  .bss                  zero     0x2000'0274  0x2020  heap_4.o [14]
  .bss                  zero     0x2000'2294   0x48a  log_driver.o [2]
  .bss                  zero     0x2000'2720   0x460  tasks.o [14]
  .bss                  zero     0x2000'2b80   0x45c  cmsis_os2.o [14]
  .bss                  zero     0x2000'2fdc   0x2c4  main.o [3]
  .bss                  zero     0x2000'32a0   0x25c  cmsis_os2.o [14]
  .bss                  zero     0x2000'34fc   0x12c  timers.o [14]
  .bss                  zero     0x2000'3628    0x9c  tasks.o [14]
  .bss                  zero     0x2000'36c4    0x68  main.o [3]
  .bss                  zero     0x2000'372c    0x40  queue.o [14]
  .bss                  zero     0x2000'376c    0x2c  uart_api.o [7]
  .bss                  zero     0x2000'3798    0x24  periodic_driver.o [9]
  .bss                  zero     0x2000'37bc    0x24  periodic_driver.o [9]
  .bss                  zero     0x2000'37e0    0x24  periodic_driver.o [9]
  .bss                  zero     0x2000'3804    0x24  periodic_driver.o [9]
  .bss                  zero     0x2000'3828    0x18  adc_api.o [7]
  .bss                  zero     0x2000'3840    0x14  gps_hdwr.o [6]
  .bss                  zero     0x2000'3854    0x10  sevcon_hdwr.o [10]
  .bss                  zero     0x2000'3864     0x8  flight_controller_driver.o [5]
  .bss                  zero     0x2000'386c     0x8  user_hdwr.o [4]
  .bss                  zero     0x2000'3874     0x4  can_api.o [7]
  .bss                  zero     0x2000'3878     0x4  cmsis_os2.o [14]
  .bss                  zero     0x2000'387c     0x4  periodic_conductor.o [9]
  .bss                  zero     0x2000'3880     0x4  xfail_s.o [15]
  .bss                  zero     0x2000'3884     0x4  no_free_heap0.o [15]
  .bss                  zero     0x2000'3888     0x4  xgetmemchunk.o [15]
                               - 0x2000'388c  0x3618

"P2-P3", part 3 of 3:                          0x600
  CSTACK                         0x2000'3890   0x400  <Block>
    CSTACK              uninit   0x2000'3890   0x400  <Block tail>
  HEAP                           0x2000'3c90   0x200  <Block>
    HEAP                uninit   0x2000'3c90   0x200  <Block tail>
                               - 0x2000'3e90   0x600

Unused ranges:

         From           To      Size
         ----           --      ----
   0x800'9487   0x807'ffff  0x7'6b79
  0x2000'0271  0x2000'0273       0x3
  0x2000'388c  0x2000'388f       0x4
  0x2000'3e90  0x2002'ffff  0x2'c170


*******************************************************************************
*** INIT TABLE
***

          Address      Size
          -------      ----
Zero (__iar_zero_init3)
    1 destination range, total size 0x3618:
          0x2000'0274  0x3618

Copy/lz77 (__iar_lz77_init_single3)
    1 source range, total size 0xe3 (36% of destination):
           0x800'93a4    0xe3
    1 destination range, total size 0x271:
          0x2000'0000   0x271



*******************************************************************************
*** MODULE SUMMARY
***

    Module                         ro code  ro data  rw data
    ------                         -------  -------  -------
command line/config:
    --------------------------------------------------------
    Total:

D:\Proyectos\STM32\kart\EWARM\kart\Obj\Application\EWARM: [1]
    startup_stm32l552xx.o              916
    --------------------------------------------------------
    Total:                             916

D:\Proyectos\STM32\kart\EWARM\kart\Obj\Application\LOG\src: [2]
    log_api.o                           20
    log_conductor.o                    100       18       40
    log_driver.o                        80             1'162
    --------------------------------------------------------
    Total:                             200       18    1'202

D:\Proyectos\STM32\kart\EWARM\kart\Obj\Application\User: [3]
    main.o                           1'484               812
    stm32l5xx_hal_msp.o              1'060
    stm32l5xx_it.o                      56
    --------------------------------------------------------
    Total:                           2'600               812

D:\Proyectos\STM32\kart\EWARM\kart\Obj\Application\User\src: [4]
    user_api.o                          42
    user_conductor.o                    76       23       40
    user_driver.o                      362
    user_hdwr.o                         64                 8
    --------------------------------------------------------
    Total:                             544       23       48

D:\Proyectos\STM32\kart\EWARM\kart\Obj\Application\flight_controller\src: [5]
    flight_controller_api.o             32
    flight_controller_conductor.o      148       14       36
    flight_controller_driver.o         256                 8
    flight_controller_hdwr.o           308       16       44
    --------------------------------------------------------
    Total:                             744       30       88

D:\Proyectos\STM32\kart\EWARM\kart\Obj\Application\gps\src: [6]
    gps_api.o                           10
    gps_conductor.o                     80       19       40
    gps_driver.o                       232
    gps_hdwr.o                         148                20
    --------------------------------------------------------
    Total:                             470       19       60

D:\Proyectos\STM32\kart\EWARM\kart\Obj\Application\hdwr\src: [7]
    adc_api.o                          188                24
    can_api.o                          460       15       48
    fifo_api.o                          70
    gpio_api.o                          80        8       24
    ieee754.o                           84
    pwm_api.o                          464
    uart_api.o                         262       16       88
    --------------------------------------------------------
    Total:                           1'608       39      184

D:\Proyectos\STM32\kart\EWARM\kart\Obj\Application\heartbeat\src: [8]
    heartbeat_api.o                     96
    --------------------------------------------------------
    Total:                              96

D:\Proyectos\STM32\kart\EWARM\kart\Obj\Application\periodic\src: [9]
    periodic_api.o                      36
    periodic_conductor.o               160       25       40
    periodic_driver.o                  236               144
    --------------------------------------------------------
    Total:                             432       25      184

D:\Proyectos\STM32\kart\EWARM\kart\Obj\Application\sevcon\src: [10]
    sevcon_api.o                        12
    sevcon_conductor.o                  76       21       36
    sevcon_driver.o                    388
    sevcon_driver_dictionary.o          48        9       24
    sevcon_hdwr.o                      110                16
    --------------------------------------------------------
    Total:                             634       30       76

D:\Proyectos\STM32\kart\EWARM\kart\Obj\Application\system\src: [11]
    system_api.o                       104        1        1
    system_obj.o                                 83      140
    --------------------------------------------------------
    Total:                             104       84      141

D:\Proyectos\STM32\kart\EWARM\kart\Obj\Drivers\CMSIS: [12]
    system_stm32l5xx.o                 200       73        4
    --------------------------------------------------------
    Total:                             200       73        4

D:\Proyectos\STM32\kart\EWARM\kart\Obj\Drivers\STM32L5xx_HAL_Driver: [13]
    stm32l5xx_hal.o                    114        4       12
    stm32l5xx_hal_adc.o              2'032
    stm32l5xx_hal_adc_ex.o             352
    stm32l5xx_hal_cortex.o             232
    stm32l5xx_hal_dma.o              1'020
    stm32l5xx_hal_fdcan.o            1'386
    stm32l5xx_hal_gpio.o               472
    stm32l5xx_hal_pwr.o                 16
    stm32l5xx_hal_pwr_ex.o             192
    stm32l5xx_hal_rcc.o              2'204
    stm32l5xx_hal_rcc_ex.o           1'444
    stm32l5xx_hal_rtc.o                332
    stm32l5xx_hal_rtc_ex.o              52
    stm32l5xx_hal_spi.o                224
    stm32l5xx_hal_tim.o              1'858
    stm32l5xx_hal_tim_ex.o             148
    stm32l5xx_hal_uart.o             2'976
    stm32l5xx_hal_uart_ex.o            254
    --------------------------------------------------------
    Total:                          15'308        4       12

D:\Proyectos\STM32\kart\EWARM\kart\Obj\Middlewares\FreeRTOS: [14]
    cmsis_os2.o                        780             1'724
    heap_4.o                           404             8'224
    list.o                             146
    port.o                             404        2        4
    portasm.o                          200
    queue.o                          1'428                64
    tasks.o                          1'952             1'276
    timers.o                           820               300
    --------------------------------------------------------
    Total:                           6'134        2   11'592

dl7M_tlf.a: [15]
    abort.o                              6
    exit.o                               4
    low_level_init.o                     4
    no_free_heap0.o                    120                 4
    sprintf.o                           64
    xfail_s.o                           64                 4
    xgetmemchunk.o                      44                 4
    xlocale_c.o                          8       23       56
    xprintffull_nomb.o               3'886
    xsprout.o                           10
    xxmemxmemzero.o                     18
    --------------------------------------------------------
    Total:                           4'228       23       68

m7M_tls.a: [16]
    DblAddSub.o                        606
    DblCmpGe.o                          52
    DblCmpLe.o                          52
    DblDiv.o                           582
    DblMul.o                           426
    DblToFlt.o                         104
    DblToS32.o                          54
    DblToU32.o                          34
    FltToDbl.o                          72
    S32ToDbl.o                          34
    U32ToDbl.o                          28
    fpinit_M.o                          34
    frexp.o                            112
    ldexp.o                            314
    --------------------------------------------------------
    Total:                           2'504

rt7M_tl.a: [17]
    ABImemcpy_small.o                   24
    ABImemset48.o                       58
    ABImemset_small.o                   18
    I64DivMod_small.o                  262
    I64DivZer.o                          2
    cexit.o                             10
    cmain.o                             30
    cstartup_M.o                        28
    data_init.o                         40
    lz77_init_single.o                 120
    memchr.o                            88
    memset.o                            20
    strchr.o                            22
    strlen.o                            54
    zero_init3.o                        56
    --------------------------------------------------------
    Total:                             832

shb_l.a: [18]
    exit.o                              20
    --------------------------------------------------------
    Total:                              20

    Gaps                                45        2        2
    Linker created                               32    1'536
------------------------------------------------------------
    Grand Total:                    37'619      404   16'009


*******************************************************************************
*** ENTRY LIST
***

Entry                       Address    Size  Type      Object
-----                       -------    ----  ----      ------
.iar.init_table$$Base    0x800'9148           --   Gb  - Linker created -
.iar.init_table$$Limit   0x800'9168           --   Gb  - Linker created -
?main                    0x800'9169          Code  Gb  cmain.o [17]
ADC_DMAConvCplt          0x800'53dd    0x6c  Code  Gb  stm32l5xx_hal_adc.o [13]
ADC_DMAError             0x800'5451    0x16  Code  Gb  stm32l5xx_hal_adc.o [13]
ADC_DMAHalfConvCplt      0x800'5449     0x6  Code  Gb  stm32l5xx_hal_adc.o [13]
ADC_Disable              0x800'533b    0x6a  Code  Gb  stm32l5xx_hal_adc.o [13]
ADC_Enable               0x800'52c9    0x58  Code  Gb  stm32l5xx_hal_adc.o [13]
AHBPrescTable            0x800'7694    0x10  Data  Gb  system_stm32l5xx.o [12]
APBPrescTable            0x800'91fc     0x8  Data  Gb  system_stm32l5xx.o [12]
BusFault_Handler         0x800'9093     0x2  Code  Gb  stm32l5xx_it.o [3]
CSTACK$$Base            0x2000'3890           --   Gb  - Linker created -
CSTACK$$Limit           0x2000'3c90           --   Gb  - Linker created -
DLCtoBytes               0x800'6544    0x10  Data  Lc  stm32l5xx_hal_fdcan.o [13]
DMA1_Channel1_IRQHandler
                         0x800'9099     0x6  Code  Gb  stm32l5xx_it.o [3]
DMA_CalcDMAMUXChannelBaseAndMask
                         0x800'2f99    0x3a  Code  Lc  stm32l5xx_hal_dma.o [13]
DMA_CalcDMAMUXRequestGenBaseAndMask
                         0x800'2fd3    0x1c  Code  Lc  stm32l5xx_hal_dma.o [13]
DMA_SetConfig            0x800'2f61    0x38  Code  Lc  stm32l5xx_hal_dma.o [13]
DebugMon_Handler         0x800'9097     0x2  Code  Gb  stm32l5xx_it.o [3]
Error_Handler            0x800'4145     0x4  Code  Gb  main.o [3]
FDCAN1_IT0_IRQHandler    0x800'909f     0x2  Code  Gb  stm32l5xx_it.o [3]
FDCAN1_IT1_IRQHandler    0x800'90a1     0x2  Code  Gb  stm32l5xx_it.o [3]
HAL_ADCEx_Calibration_Start
                         0x800'5469    0x8c  Code  Gb  stm32l5xx_hal_adc_ex.o [13]
HAL_ADCEx_MultiModeConfigChannel
                         0x800'5505    0xae  Code  Gb  stm32l5xx_hal_adc_ex.o [13]
HAL_ADC_ConfigChannel    0x800'4f61   0x2fe  Code  Gb  stm32l5xx_hal_adc.o [13]
HAL_ADC_ConvCpltCallback
                         0x800'76a5     0x2  Code  Gb  stm32l5xx_hal_adc.o [13]
HAL_ADC_ConvHalfCpltCallback
                         0x800'76a9     0x2  Code  Gb  stm32l5xx_hal_adc.o [13]
HAL_ADC_ErrorCallback    0x800'76a7     0x2  Code  Gb  stm32l5xx_hal_adc.o [13]
HAL_ADC_Init             0x800'4ccf   0x196  Code  Gb  stm32l5xx_hal_adc.o [13]
HAL_ADC_MspInit          0x800'2837    0xf6  Code  Gb  stm32l5xx_hal_msp.o [3]
HAL_ADC_Start_DMA        0x800'4e65    0xd8  Code  Gb  stm32l5xx_hal_adc.o [13]
HAL_DMA_Abort            0x800'2d6b    0x66  Code  Gb  stm32l5xx_hal_dma.o [13]
HAL_DMA_Abort_IT         0x800'2dd1    0x6c  Code  Gb  stm32l5xx_hal_dma.o [13]
HAL_DMA_ConfigChannelAttributes
                         0x800'2f41    0x20  Code  Gb  stm32l5xx_hal_dma.o [13]
HAL_DMA_IRQHandler       0x800'2e47    0xe8  Code  Gb  stm32l5xx_hal_dma.o [13]
HAL_DMA_Init             0x800'2c1d    0x86  Code  Gb  stm32l5xx_hal_dma.o [13]
HAL_DMA_Start_IT         0x800'2ced    0x7e  Code  Gb  stm32l5xx_hal_dma.o [13]
HAL_FDCAN_ActivateNotification
                         0x800'62ed    0xe8  Code  Gb  stm32l5xx_hal_fdcan.o [13]
HAL_FDCAN_ErrorCallback
                         0x800'788b     0x2  Code  Gb  stm32l5xx_hal_fdcan.o [13]
HAL_FDCAN_ErrorStatusCallback
                         0x800'7889     0x2  Code  Gb  stm32l5xx_hal_fdcan.o [13]
HAL_FDCAN_GetRxMessage   0x800'6217    0xd6  Code  Gb  stm32l5xx_hal_fdcan.o [13]
HAL_FDCAN_HighPriorityMessageCallback
                         0x800'76ad     0x2  Code  Gb  stm32l5xx_hal_fdcan.o [13]
HAL_FDCAN_IRQHandler     0x800'63e1   0x162  Code  Gb  stm32l5xx_hal_fdcan.o [13]
HAL_FDCAN_Init           0x800'5ffd   0x1be  Code  Gb  stm32l5xx_hal_fdcan.o [13]
HAL_FDCAN_MspInit        0x800'293b    0x88  Code  Gb  stm32l5xx_hal_msp.o [3]
HAL_FDCAN_RxFifo0Callback
                         0x800'7851     0x4  Code  Gb  can_api.o [7]
HAL_FDCAN_RxFifo1Callback
                         0x800'7855     0x4  Code  Gb  can_api.o [7]
HAL_FDCAN_Start          0x800'61f7    0x20  Code  Gb  stm32l5xx_hal_fdcan.o [13]
HAL_FDCAN_TimeoutOccurredCallback
                         0x800'7887     0x2  Code  Gb  stm32l5xx_hal_fdcan.o [13]
HAL_FDCAN_TimestampWraparoundCallback
                         0x800'7885     0x2  Code  Gb  stm32l5xx_hal_fdcan.o [13]
HAL_FDCAN_TxBufferAbortCallback
                         0x800'76af     0x2  Code  Gb  stm32l5xx_hal_fdcan.o [13]
HAL_FDCAN_TxBufferCompleteCallback
                         0x800'7883     0x2  Code  Gb  stm32l5xx_hal_fdcan.o [13]
HAL_FDCAN_TxEventFifoCallback
                         0x800'76b1     0x2  Code  Gb  stm32l5xx_hal_fdcan.o [13]
HAL_FDCAN_TxFifoEmptyCallback
                         0x800'7881     0x2  Code  Gb  stm32l5xx_hal_fdcan.o [13]
HAL_GPIO_Init            0x800'4149   0x196  Code  Gb  stm32l5xx_hal_gpio.o [13]
HAL_GPIO_TogglePin       0x800'42e9    0x10  Code  Gb  stm32l5xx_hal_gpio.o [13]
HAL_GPIO_WritePin        0x800'42df     0xa  Code  Gb  stm32l5xx_hal_gpio.o [13]
HAL_GetTick              0x800'39c9     0xc  Code  Gb  stm32l5xx_hal.o [13]
HAL_Init                 0x800'4c59    0x22  Code  Gb  stm32l5xx_hal.o [13]
HAL_InitTick             0x800'4c15    0x44  Code  Gb  stm32l5xx_hal.o [13]
HAL_MspInit              0x800'27f9    0x3e  Code  Gb  stm32l5xx_hal_msp.o [3]
HAL_NVIC_DisableIRQ      0x800'3a5b    0x1e  Code  Gb  stm32l5xx_hal_cortex.o [13]
HAL_NVIC_EnableIRQ       0x800'3a45    0x16  Code  Gb  stm32l5xx_hal_cortex.o [13]
HAL_NVIC_SetPriority     0x800'3a09    0x3a  Code  Gb  stm32l5xx_hal_cortex.o [13]
HAL_NVIC_SetPriorityGrouping
                         0x800'39ef    0x1a  Code  Gb  stm32l5xx_hal_cortex.o [13]
HAL_PWREx_ControlVoltageScaling
                         0x800'3ac9    0x66  Code  Gb  stm32l5xx_hal_pwr_ex.o [13]
HAL_PWREx_DisableUCPDDeadBattery
                         0x800'3b3d     0x2  Code  Gb  stm32l5xx_hal_pwr_ex.o [13]
HAL_PWREx_EnableVddIO2   0x800'3b2f     0xe  Code  Gb  stm32l5xx_hal_pwr_ex.o [13]
HAL_PWREx_GetVoltageRange
                         0x800'3abd     0xc  Code  Gb  stm32l5xx_hal_pwr_ex.o [13]
HAL_PWREx_SMPS_GetEffectiveMode
                         0x800'3b49    0x1c  Code  Gb  stm32l5xx_hal_pwr_ex.o [13]
HAL_PWR_EnableBkUpAccess
                         0x800'66b5     0xc  Code  Gb  stm32l5xx_hal_pwr.o [13]
HAL_RCCEx_PeriphCLKConfig
                         0x800'4321   0x3d6  Code  Gb  stm32l5xx_hal_rcc_ex.o [13]
HAL_RCC_ClockConfig      0x800'367f   0x18e  Code  Gb  stm32l5xx_hal_rcc.o [13]
HAL_RCC_GetHCLKFreq      0x800'38cf    0x12  Code  Gb  stm32l5xx_hal_rcc.o [13]
HAL_RCC_GetPCLK1Freq     0x800'38e1     0xe  Code  Gb  stm32l5xx_hal_rcc.o [13]
HAL_RCC_GetPCLK2Freq     0x800'38f5    0x10  Code  Gb  stm32l5xx_hal_rcc.o [13]
HAL_RCC_GetSysClockFreq
                         0x800'3839    0x96  Code  Gb  stm32l5xx_hal_rcc.o [13]
HAL_RCC_OscConfig        0x800'312d   0x526  Code  Gb  stm32l5xx_hal_rcc.o [13]
HAL_RTCEx_PrivilegeModeSet
                         0x800'5715    0x2c  Code  Gb  stm32l5xx_hal_rtc_ex.o [13]
HAL_RTC_Init             0x800'55c9    0x86  Code  Gb  stm32l5xx_hal_rtc.o [13]
HAL_RTC_MspInit          0x800'2ac5    0x50  Code  Gb  stm32l5xx_hal_msp.o [3]
HAL_RTC_WaitForSynchro   0x800'564f    0x2e  Code  Gb  stm32l5xx_hal_rtc.o [13]
HAL_SPI_Init             0x800'5749    0xd4  Code  Gb  stm32l5xx_hal_spi.o [13]
HAL_SPI_MspInit          0x800'2b15    0x4e  Code  Gb  stm32l5xx_hal_msp.o [3]
HAL_SYSTICK_Config       0x800'3a79    0x28  Code  Gb  stm32l5xx_hal_cortex.o [13]
HAL_TIMEx_MasterConfigSynchronization
                         0x800'5f69    0x7a  Code  Gb  stm32l5xx_hal_tim_ex.o [13]
HAL_TIM_Base_Init        0x800'5829    0x1a  Code  Gb  stm32l5xx_hal_tim.o [13]
HAL_TIM_Base_MspInit     0x800'2b7d    0x22  Code  Gb  stm32l5xx_hal_msp.o [3]
HAL_TIM_ConfigClockSource
                         0x800'5ad9    0x90  Code  Gb  stm32l5xx_hal_tim.o [13]
HAL_TIM_MspPostInit      0x800'2b9f    0x3a  Code  Gb  stm32l5xx_hal_msp.o [3]
HAL_TIM_PWM_ConfigChannel
                         0x800'59cb   0x102  Code  Gb  stm32l5xx_hal_tim.o [13]
HAL_TIM_PWM_Init         0x800'586d    0x1a  Code  Gb  stm32l5xx_hal_tim.o [13]
HAL_TIM_PWM_MspInit      0x800'76ab     0x2  Code  Gb  stm32l5xx_hal_tim.o [13]
HAL_TIM_PWM_Start        0x800'5887    0xc4  Code  Gb  stm32l5xx_hal_tim.o [13]
HAL_UARTEx_DisableFifoMode
                         0x800'6555    0x3c  Code  Gb  stm32l5xx_hal_uart_ex.o [13]
HAL_UARTEx_RxEventCallback
                         0x800'301b     0x2  Code  Gb  stm32l5xx_hal_uart.o [13]
HAL_UARTEx_RxFifoFullCallback
                         0x800'3129     0x2  Code  Gb  stm32l5xx_hal_uart_ex.o [13]
HAL_UARTEx_SetRxFifoThreshold
                         0x800'65a7    0x14  Code  Gb  stm32l5xx_hal_uart_ex.o [13]
HAL_UARTEx_SetTxFifoThreshold
                         0x800'6591    0x16  Code  Gb  stm32l5xx_hal_uart_ex.o [13]
HAL_UARTEx_TxFifoEmptyCallback
                         0x800'3127     0x2  Code  Gb  stm32l5xx_hal_uart_ex.o [13]
HAL_UARTEx_WakeupCallback
                         0x800'301d     0x2  Code  Gb  stm32l5xx_hal_uart_ex.o [13]
HAL_UART_ErrorCallback   0x800'3019     0x2  Code  Gb  stm32l5xx_hal_uart.o [13]
HAL_UART_IRQHandler      0x800'1d3f   0x27c  Code  Gb  stm32l5xx_hal_uart.o [13]
HAL_UART_Init            0x800'1c5d    0x30  Code  Gb  stm32l5xx_hal_uart.o [13]
HAL_UART_MspInit         0x800'29d3    0xe6  Code  Gb  stm32l5xx_hal_msp.o [3]
HAL_UART_Receive_IT      0x800'1cdd    0x2c  Code  Gb  stm32l5xx_hal_uart.o [13]
HAL_UART_RxCpltCallback
                         0x800'30db    0x34  Code  Gb  uart_api.o [7]
HAL_UART_TxCpltCallback
                         0x800'3125     0x2  Code  Gb  uart_api.o [7]
HEAP$$Base              0x2000'3c90           --   Gb  - Linker created -
HEAP$$Limit             0x2000'3e90           --   Gb  - Linker created -
HardFault_Handler        0x800'908f     0x2  Code  Gb  stm32l5xx_it.o [3]
KernelState             0x2000'3878     0x4  Data  Lc  cmsis_os2.o [14]
LL_ADC_GetOffsetChannel
                         0x800'4c7d     0xe  Code  Lc  stm32l5xx_hal_adc.o [13]
LL_ADC_REG_IsTriggerSourceSWStart
                         0x800'4c9d     0xe  Code  Lc  stm32l5xx_hal_adc.o [13]
LL_ADC_SetChannelSamplingTime
                         0x800'4cab    0x24  Code  Lc  stm32l5xx_hal_adc.o [13]
LL_ADC_SetOffsetState    0x800'4c8b    0x12  Code  Lc  stm32l5xx_hal_adc.o [13]
LPUART1_IRQHandler       0x800'90af     0x6  Code  Gb  stm32l5xx_it.o [3]
MSIRangeTable            0x800'904c    0x40  Data  Gb  system_stm32l5xx.o [12]
MX_DMA_Init              0x800'40b9    0x3c  Code  Lc  main.o [3]
MemManage_Handler        0x800'9091     0x2  Code  Gb  stm32l5xx_it.o [3]
NMI_Handler              0x800'908d     0x2  Code  Gb  stm32l5xx_it.o [3]
PendSV_Handler           0x800'7ad1          Code  Gb  portasm.o [14]
RCCEx_PLLSAI1_Config     0x800'4721    0xd6  Code  Lc  stm32l5xx_hal_rcc_ex.o [13]
RCCEx_PLLSAI2_Config     0x800'47fd    0xa8  Code  Lc  stm32l5xx_hal_rcc_ex.o [13]
RCC_SetFlashLatencyFromMSIRange
                         0x800'3911    0x78  Code  Lc  stm32l5xx_hal_rcc.o [13]
RTC_EnterInitMode        0x800'567d    0x40  Code  Gb  stm32l5xx_hal_rtc.o [13]
RTC_ExitInitMode         0x800'56bd    0x4c  Code  Gb  stm32l5xx_hal_rtc.o [13]
Region$$Table$$Base      0x800'9148           --   Gb  - Linker created -
Region$$Table$$Limit     0x800'9168           --   Gb  - Linker created -
SVC_Handler              0x800'7b15          Code  Gb  portasm.o [14]
SysTick_Handler          0x800'48d9    0x1a  Code  Gb  cmsis_os2.o [14]
SystemClock_Config       0x800'402b    0x84  Code  Gb  main.o [3]
SystemCoreClock         0x2000'01e0     0x4  Data  Gb  system_stm32l5xx.o [12]
SystemCoreClockUpdate    0x800'75e9    0x8e  Code  Gb  system_stm32l5xx.o [12]
SystemInit               0x800'75dd     0xc  Code  Gb  system_stm32l5xx.o [12]
TIM_Base_SetConfig       0x800'5b95    0xac  Code  Gb  stm32l5xx_hal_tim.o [13]
TIM_CCxChannelCmd        0x800'5f4d    0x1c  Code  Gb  stm32l5xx_hal_tim.o [13]
TIM_ETR_SetConfig        0x800'5f39    0x14  Code  Gb  stm32l5xx_hal_tim.o [13]
TIM_ITRx_SetConfig       0x800'5eed    0x10  Code  Lc  stm32l5xx_hal_tim.o [13]
TIM_OC1_SetConfig        0x800'5c41    0x84  Code  Lc  stm32l5xx_hal_tim.o [13]
TIM_OC2_SetConfig        0x800'5cc5    0x74  Code  Gb  stm32l5xx_hal_tim.o [13]
TIM_OC3_SetConfig        0x800'5d39    0x70  Code  Lc  stm32l5xx_hal_tim.o [13]
TIM_OC4_SetConfig        0x800'5da9    0x4e  Code  Lc  stm32l5xx_hal_tim.o [13]
TIM_OC5_SetConfig        0x800'5df7    0x54  Code  Lc  stm32l5xx_hal_tim.o [13]
TIM_OC6_SetConfig        0x800'5e4b    0x4e  Code  Lc  stm32l5xx_hal_tim.o [13]
TIM_TI1_ConfigInputStage
                         0x800'5ea7    0x22  Code  Lc  stm32l5xx_hal_tim.o [13]
TIM_TI2_ConfigInputStage
                         0x800'5ec9    0x24  Code  Lc  stm32l5xx_hal_tim.o [13]
UARTEx_SetNbDataToProcess
                         0x800'65fd    0x3e  Code  Lc  stm32l5xx_hal_uart_ex.o [13]
UARTEx_SetNbDataToProcess::denominator
                         0x800'6644     0x8  Data  Lc  stm32l5xx_hal_uart_ex.o [13]
UARTEx_SetNbDataToProcess::numerator
                         0x800'663c     0x8  Data  Lc  stm32l5xx_hal_uart_ex.o [13]
UARTPrescTable           0x800'27e0    0x18  Data  Gb  stm32l5xx_hal_uart.o [13]
UART_AdvFeatureConfig    0x800'225b    0xc6  Code  Gb  stm32l5xx_hal_uart.o [13]
UART_CheckIdleState      0x800'2321    0x5c  Code  Gb  stm32l5xx_hal_uart.o [13]
UART_DMAAbortOnError     0x800'250d    0x10  Code  Lc  stm32l5xx_hal_uart.o [13]
UART_EndRxTransfer       0x800'24cf    0x34  Code  Lc  stm32l5xx_hal_uart.o [13]
UART_RxISR_16BIT         0x800'2545    0x28  Code  Lc  stm32l5xx_hal_uart.o [13]
UART_RxISR_16BIT_FIFOEN
                         0x800'2665    0x92  Code  Lc  stm32l5xx_hal_uart.o [13]
UART_RxISR_8BIT          0x800'251d    0x28  Code  Lc  stm32l5xx_hal_uart.o [13]
UART_RxISR_8BIT_FIFOEN   0x800'25c9    0x92  Code  Lc  stm32l5xx_hal_uart.o [13]
UART_SetConfig           0x800'1fbd   0x286  Code  Gb  stm32l5xx_hal_uart.o [13]
UART_Start_Receive_IT    0x800'2405    0xca  Code  Gb  stm32l5xx_hal_uart.o [13]
UART_WaitOnFlagUntilTimeout
                         0x800'237d    0x6a  Code  Gb  stm32l5xx_hal_uart.o [13]
USART3_IRQHandler        0x800'90a9     0x6  Code  Gb  stm32l5xx_it.o [3]
UsageFault_Handler       0x800'9095     0x2  Code  Gb  stm32l5xx_it.o [3]
_LitobFullNoMb           0x800'0f29   0x10c  Code  Lc  xprintffull_nomb.o [15]
_Locale_lconv           0x2000'0238    0x38  Data  Lc  xlocale_c.o [15]
_PrintfFullNoMb          0x800'01f5   0xd06  Code  Gb  xprintffull_nomb.o [15]
_PutcharFullNoMb         0x800'108d    0x20  Code  Lc  xprintffull_nomb.o [15]
_PutcharsFullNoMb        0x800'10ad    0x2e  Code  Lc  xprintffull_nomb.o [15]
_SProut                  0x800'1123     0xa  Code  Gb  xsprout.o [15]
__NVIC_SetPriority       0x800'39d5    0x1a  Code  Lc  stm32l5xx_hal_cortex.o [13]
__Vectors                0x800'0000           --   Gb  startup_stm32l552xx.o [1]
__Vectors_End            0x800'01f4          Data  Gb  startup_stm32l552xx.o [1]
__Vectors_Size {Abs}          0x1f4           --   Gb  startup_stm32l552xx.o [1]
__aeabi_cdcmple          0x800'129d          Code  Gb  DblCmpLe.o [16]
__aeabi_cdrcmple         0x800'12d1          Code  Gb  DblCmpGe.o [16]
__aeabi_d2f              0x800'8395          Code  Gb  DblToFlt.o [16]
__aeabi_d2iz             0x800'1441          Code  Gb  DblToS32.o [16]
__aeabi_d2uiz            0x800'1945          Code  Gb  DblToU32.o [16]
__aeabi_dadd             0x800'149d          Code  Gb  DblAddSub.o [16]
__aeabi_ddiv             0x800'16fd          Code  Gb  DblDiv.o [16]
__aeabi_dmul             0x800'1985          Code  Gb  DblMul.o [16]
__aeabi_dsub             0x800'1619          Code  Gb  DblAddSub.o [16]
__aeabi_f2d              0x800'83fd          Code  Gb  FltToDbl.o [16]
__aeabi_i2d              0x800'1479          Code  Gb  S32ToDbl.o [16]
__aeabi_ldiv0            0x800'1c45          Code  Gb  I64DivZer.o [17]
__aeabi_memset4          0x800'7cc5          Code  Gb  ABImemset48.o [17]
__aeabi_memset8          0x800'7cc5          Code  Gb  ABImemset48.o [17]
__aeabi_ui2d             0x800'1969          Code  Gb  U32ToDbl.o [16]
__cmain                  0x800'9169          Code  Gb  cmain.o [17]
__data_GetMemChunk       0x800'863d    0x2c  Code  Gb  xgetmemchunk.o [15]
__data_GetMemChunk::start
                        0x2000'3888     0x4  Data  Lc  xgetmemchunk.o [15]
__data_memzero           0x800'8669    0x12  Code  Gb  xxmemxmemzero.o [15]
__exit                   0x800'1c49    0x14  Code  Gb  exit.o [18]
__iar_Fail_s             0x800'1145    0x1c  Code  Gb  xfail_s.o [15]
__iar_Memchr             0x800'11bd          Code  Gb  memchr.o [17]
__iar_Memset4_word       0x800'7ccd          Code  Gb  ABImemset48.o [17]
__iar_Memset8_word       0x800'7ccd          Code  Gb  ABImemset48.o [17]
__iar_Strchr             0x800'112d          Code  Gb  strchr.o [17]
__iar_data_init3         0x800'90fd    0x28  Code  Gb  data_init.o [17]
__iar_frexp              0x800'1239          Code  Gb  frexp.o [16]
__iar_frexpl             0x800'1239          Code  Gb  frexp.o [16]
__iar_init_vfp           0x800'9125          Code  Gb  fpinit_M.o [16]
__iar_ldexp64            0x800'1305          Code  Gb  ldexp.o [16]
__iar_lz77_init_single3
                         0x800'8fd5    0x78  Code  Gb  lz77_init_single.o [17]
__iar_program_start      0x800'919d          Code  Gb  cstartup_M.o [17]
__iar_scalbln64          0x800'1305          Code  Gb  ldexp.o [16]
__iar_scalbn64           0x800'1305          Code  Gb  ldexp.o [16]
__iar_small_Memcpy       0x800'1219          Code  Gb  ABImemcpy_small.o [17]
__iar_small_Memset       0x800'66c5          Code  Gb  ABImemset_small.o [17]
__iar_small_Memset_word
                         0x800'66c5          Code  Gb  ABImemset_small.o [17]
__iar_small_memcpy       0x800'1215          Code  Gb  ABImemcpy_small.o [17]
__iar_small_memcpy4      0x800'1215          Code  Gb  ABImemcpy_small.o [17]
__iar_small_memcpy8      0x800'1215          Code  Gb  ABImemcpy_small.o [17]
__iar_small_memset       0x800'66c5          Code  Gb  ABImemset_small.o [17]
__iar_small_uldivmod     0x800'1b39          Code  Gb  I64DivMod_small.o [17]
__iar_softfp___iar_frexp64
                         0x800'122d          Code  Gb  frexp.o [16]
__iar_softfp_frexp       0x800'122d          Code  Gb  frexp.o [16]
__iar_softfp_frexpl      0x800'122d          Code  Gb  frexp.o [16]
__iar_zero_init3         0x800'90c5    0x38  Code  Gb  zero_init3.o [17]
__low_level_init         0x800'9187     0x4  Code  Gb  low_level_init.o [15]
__no_free_calloc         0x800'8363    0x2c  Code  Gb  no_free_heap0.o [15]
__no_free_malloc         0x800'831d    0x46  Code  Gb  no_free_heap0.o [15]
__vector_table           0x800'0000          Data  Gb  startup_stm32l552xx.o [1]
_call_main               0x800'9175          Code  Gb  cmain.o [17]
_exit                    0x800'9191          Code  Gb  cexit.o [17]
abort                    0x800'1c3f     0x6  Code  Gb  abort.o [15]
adc1_dma                0x2000'382c    0x14  Data  Gb  adc_api.o [7]
adc_get_value            0x800'7995    0x5e  Code  Gb  adc_api.o [7]
adc_init                 0x800'7961    0x34  Code  Gb  adc_api.o [7]
can_cfg                 0x2000'01bc    0x10  Data  Gb  system_obj.o [11]
can_create               0x800'7705    0x92  Code  Gb  can_api.o [7]
can_enqueue_new_message
                         0x800'76c1    0x44  Code  Gb  can_api.o [7]
can_fifo_subscribe      0x2000'3874     0x4  Data  Gb  can_api.o [7]
can_suscribe_rx_fifo     0x800'77a1    0x1e  Code  Gb  can_api.o [7]
can_task                 0x800'76b5     0xc  Code  Gb  can_api.o [7]
can_task_attributes     0x2000'0008    0x24  Data  Gb  can_api.o [7]
canopen_get_data         0x800'77f5    0x5c  Code  Gb  can_api.o [7]
canopen_get_index        0x800'77d1    0x14  Code  Gb  can_api.o [7]
canopen_get_subindex     0x800'77e5     0xa  Code  Gb  can_api.o [7]
checksum                 0x800'8c35    0x40  Code  Gb  gps_driver.o [6]
cllbck_every_1000_ms    0x2000'3804    0x24  Data  Gb  periodic_driver.o [9]
cllbck_every_100_ms     0x2000'3798    0x24  Data  Gb  periodic_driver.o [9]
cllbck_every_200_ms     0x2000'37bc    0x24  Data  Gb  periodic_driver.o [9]
cllbck_every_500_ms     0x2000'37e0    0x24  Data  Gb  periodic_driver.o [9]
configurated            0x2000'3828     0x1  Data  Gb  adc_api.o [7]
convert_string_to_float
                         0x800'8c75    0x1c  Code  Lc  gps_driver.o [6]
decrease_max_percent_working
                        0x2000'3864     0x8  Data  Gb  flight_controller_driver.o [5]
dictionary_canopen      0x2000'0130    0x18  Data  Lc  sevcon_driver_dictionary.o [10]
exit                     0x800'918b     0x4  Code  Gb  exit.o [15]
fifo_create_queue        0x800'4bcd     0xe  Code  Gb  fifo_api.o [7]
fifo_dequeue_msg         0x800'4bf3    0x18  Code  Gb  fifo_api.o [7]
fifo_enqueue_msg         0x800'4bdb    0x18  Code  Gb  fifo_api.o [7]
flight_controller_api_user
                        0x2000'0050    0x2c  Data  Gb  flight_controller_hdwr.o [5]
flight_controller_cfg   0x2000'0160    0x5c  Data  Gb  system_obj.o [11]
flight_controller_conductor_init
                         0x800'84c1    0x4e  Code  Gb  flight_controller_conductor.o [5]
flight_controller_conductor_resume_thread
                         0x800'8519     0x2  Code  Gb  flight_controller_conductor.o [5]
flight_controller_decrease
                         0x800'7a53     0xa  Code  Gb  flight_controller_api.o [5]
flight_controller_driver_decrease
                         0x800'85d1    0x1a  Code  Gb  flight_controller_driver.o [5]
flight_controller_driver_increase
                         0x800'85eb    0x14  Code  Gb  flight_controller_driver.o [5]
flight_controller_driver_init
                         0x800'852f    0x1c  Code  Gb  flight_controller_driver.o [5]
flight_controller_driver_log_init
                         0x800'85b1    0x20  Code  Gb  flight_controller_driver.o [5]
flight_controller_driver_periodic
                         0x800'8525     0xa  Code  Lc  flight_controller_driver.o [5]
flight_controller_driver_start_periodic
                         0x800'854b     0xe  Code  Gb  flight_controller_driver.o [5]
flight_controller_driver_update_dac
                         0x800'8559    0x58  Code  Gb  flight_controller_driver.o [5]
flight_controller_hdwr_check_adc
                         0x800'88d5    0x46  Code  Gb  flight_controller_hdwr.o [5]
flight_controller_hdwr_init
                         0x800'8881    0x54  Code  Gb  flight_controller_hdwr.o [5]
flight_controller_hdwr_set_dac
                         0x800'8959     0x4  Code  Gb  flight_controller_hdwr.o [5]
flight_controller_hdwr_start
                         0x800'8925    0x26  Code  Gb  flight_controller_hdwr.o [5]
flight_controller_id_d_front
                         0x800'8863     0x6  Code  Lc  flight_controller_hdwr.o [5]
flight_controller_id_d_rear
                         0x800'8875     0x6  Code  Lc  flight_controller_hdwr.o [5]
flight_controller_id_i_front
                         0x800'885d     0x6  Code  Lc  flight_controller_hdwr.o [5]
flight_controller_id_i_rear
                         0x800'886f     0x6  Code  Lc  flight_controller_hdwr.o [5]
flight_controller_id_p_front
                         0x800'8857     0x6  Code  Lc  flight_controller_hdwr.o [5]
flight_controller_id_p_rear
                         0x800'8869     0x6  Code  Lc  flight_controller_hdwr.o [5]
flight_controller_increase
                         0x800'7a5d     0xa  Code  Gb  flight_controller_api.o [5]
flight_controller_inhibition_system
                         0x800'887b     0x6  Code  Lc  flight_controller_hdwr.o [5]
flight_controller_init   0x800'7a47     0xc  Code  Gb  flight_controller_api.o [5]
flight_controller_max_front_slip
                         0x800'884b     0x6  Code  Lc  flight_controller_hdwr.o [5]
flight_controller_max_rear_slip
                         0x800'8851     0x6  Code  Lc  flight_controller_hdwr.o [5]
flight_controller_ratio_front_axle
                         0x800'883f     0x6  Code  Lc  flight_controller_hdwr.o [5]
flight_controller_ratio_rear_axle
                         0x800'8845     0x6  Code  Lc  flight_controller_hdwr.o [5]
flight_controller_task_attributes
                        0x2000'002c    0x24  Data  Gb  flight_controller_conductor.o [5]
fligth_controller_thread
                         0x800'8491    0x30  Code  Lc  flight_controller_conductor.o [5]
get_handle               0x800'302d    0x14  Code  Gb  uart_api.o [7]
getter_diff_abs          0x800'8829    0x16  Code  Gb  flight_controller_hdwr.o [5]
gpio                    0x2000'0270     0x1  Data  Gb  system_api.o [11]
gpio_hal                0x2000'007c    0x18  Data  Gb  gpio_api.o [7]
gpio_off                 0x800'789d     0xe  Code  Gb  gpio_api.o [7]
gpio_on                  0x800'788d    0x10  Code  Gb  gpio_api.o [7]
gpio_toggle              0x800'78c1    0x16  Code  Gb  gpio_api.o [7]
gps                     0x2000'00b8     0x4  Data  Gb  gps_conductor.o [6]
gps_conductor_init       0x800'8ba3    0x3e  Code  Gb  gps_conductor.o [6]
gps_driver_get_msg       0x800'8caf    0x5e  Code  Gb  gps_driver.o [6]
gps_driver_log_init      0x800'8c91    0x1e  Code  Gb  gps_driver.o [6]
gps_hdwr_get_msg         0x800'8d99    0x14  Code  Gb  gps_hdwr.o [6]
gps_hdwr_init            0x800'8d1d    0x7c  Code  Gb  gps_hdwr.o [6]
gps_init                 0x800'8b81     0xa  Code  Gb  gps_api.o [6]
gps_task                 0x800'8b99     0xa  Code  Gb  gps_conductor.o [6]
gps_task_attributes     0x2000'0094    0x24  Data  Gb  gps_conductor.o [6]
hadc1                   0x2000'2fdc    0x68  Data  Gb  main.o [3]
hdma_adc1               0x2000'36c4    0x68  Data  Gb  main.o [3]
heartbeat               0x2000'0154     0xc  Data  Gb  system_obj.o [11]
heartbeat_init           0x800'7909    0x4a  Code  Gb  heartbeat_api.o [8]
heartbeat_periodic       0x800'7901     0x6  Code  Gb  heartbeat_api.o [8]
hfdcan1                 0x2000'3044    0x64  Data  Gb  main.o [3]
hlpuart1                0x2000'30a8    0x90  Data  Gb  main.o [3]
hrtc                    0x2000'322c    0x28  Data  Gb  main.o [3]
hspi3                   0x2000'3138    0x64  Data  Gb  main.o [3]
htim3                   0x2000'3254    0x4c  Data  Gb  main.o [3]
huart3                  0x2000'319c    0x90  Data  Gb  main.o [3]
id_msg_rx               0x2000'271c     0x2  Data  Gb  log_driver.o [2]
ldexp                    0x800'1305          Code  Gb  ldexp.o [16]
ldexpl                   0x800'1305          Code  Gb  ldexp.o [16]
localeconv               0x800'1b31     0x4  Code  Gb  xlocale_c.o [15]
log_conductor_init       0x800'7589    0x2c  Code  Gb  log_conductor.o [2]
log_conductor_new_msg    0x800'75b5    0x18  Code  Gb  log_conductor.o [2]
log_driver_create_new_message
                         0x800'8101    0x50  Code  Gb  log_driver.o [2]
log_init                 0x800'4bb9     0x4  Code  Gb  log_api.o [2]
log_msg                 0x2000'2294   0x488  Data  Gb  log_driver.o [2]
log_new_msg              0x800'4bbd    0x10  Code  Gb  log_api.o [2]
log_task                 0x800'7579    0x10  Code  Gb  log_conductor.o [2]
log_task_attributes     0x2000'00bc    0x24  Data  Gb  log_conductor.o [2]
main                     0x800'3b7d   0x47e  Code  Gb  main.o [3]
memchr                   0x800'11bd          Code  Gb  memchr.o [17]
memset                   0x800'48c5    0x14  Code  Gb  memset.o [17]
msg                     0x2000'3840    0x14  Data  Gb  gps_hdwr.o [6]
msg_servcon             0x2000'3854    0x10  Data  Gb  sevcon_hdwr.o [10]
msg_user                0x2000'386c     0x8  Data  Gb  user_hdwr.o [4]
name_thread_can         0x2000'0000     0x8  Data  Gb  can_api.o [7]
name_thread_uart        0x2000'01e4     0x8  Data  Gb  uart_api.o [7]
obj                     0x2000'0210     0x4  Data  Gb  user_conductor.o [4]
osKernelInitialize       0x800'48f3    0x1a  Code  Gb  cmsis_os2.o [14]
osKernelStart            0x800'4915    0x2a  Code  Gb  cmsis_os2.o [14]
osMessageQueueGet        0x800'4b59    0x4e  Code  Gb  cmsis_os2.o [14]
osMessageQueueNew        0x800'4aa9    0x60  Code  Gb  cmsis_os2.o [14]
osMessageQueuePut        0x800'4b09    0x50  Code  Gb  cmsis_os2.o [14]
osThreadFlagsWait        0x800'49fd    0x92  Code  Gb  cmsis_os2.o [14]
osThreadNew              0x800'494b    0x92  Code  Gb  cmsis_os2.o [14]
osThreadResume           0x800'49dd    0x20  Code  Gb  cmsis_os2.o [14]
periodic_cllbcks_registers
                         0x800'8231    0x22  Code  Lc  periodic_driver.o [9]
periodic_conductor_init
                         0x800'81f1    0x2a  Code  Gb  periodic_conductor.o [9]
periodic_driver_enable_function
                         0x800'82cd    0x3c  Code  Gb  periodic_driver.o [9]
periodic_driver_every_1000ms
                         0x800'825f     0x4  Code  Gb  periodic_driver.o [9]
periodic_driver_every_100ms
                         0x800'8253     0x4  Code  Gb  periodic_driver.o [9]
periodic_driver_every_200ms
                         0x800'8257     0x4  Code  Gb  periodic_driver.o [9]
periodic_driver_every_500ms
                         0x800'825b     0x4  Code  Gb  periodic_driver.o [9]
periodic_driver_register
                         0x800'8265    0x68  Code  Gb  periodic_driver.o [9]
periodic_init            0x800'78dd     0x4  Code  Gb  periodic_api.o [9]
periodic_register        0x800'78e1    0x14  Code  Gb  periodic_api.o [9]
periodic_start           0x800'78f5     0xc  Code  Gb  periodic_api.o [9]
periodic_task            0x800'8191    0x54  Code  Gb  periodic_conductor.o [9]
periodic_task_attributes
                        0x2000'00e4    0x24  Data  Gb  periodic_conductor.o [9]
prvAddCurrentTaskToDelayedList
                         0x800'6e0f    0x4e  Code  Lc  tasks.o [14]
prvAddNewTaskToReadyList
                         0x800'6813    0xb0  Code  Lc  tasks.o [14]
prvCheckForValidListAndQueue
                         0x800'8075    0x4e  Code  Lc  timers.o [14]
prvCheckForValidListAndQueue{1}{2}{3}{4}::ucStaticTimerQueueStorage
                        0x2000'3588    0xa0  Data  Lc  timers.o [14]
prvCheckForValidListAndQueue{1}{2}{3}{4}::xStaticTimerQueue
                        0x2000'3538    0x50  Data  Lc  timers.o [14]
prvCopyDataFromQueue     0x800'7465    0x28  Code  Lc  queue.o [14]
prvCopyDataToQueue       0x800'73fd    0x68  Code  Lc  queue.o [14]
prvDeleteTCB             0x800'6cad    0x2a  Code  Lc  tasks.o [14]
prvIdleTask              0x800'6c6d    0x40  Code  Lc  tasks.o [14]
prvInitialiseNewQueue    0x800'70cf    0x20  Code  Lc  queue.o [14]
prvInitialiseNewTask     0x800'6785    0x8e  Code  Lc  tasks.o [14]
prvInsertBlockIntoFreeList
                         0x800'7c79    0x46  Code  Lc  heap_4.o [14]
prvInsertTimerInActiveList
                         0x800'803f    0x34  Code  Lc  timers.o [14]
prvIsQueueEmpty          0x800'74f5    0x16  Code  Lc  queue.o [14]
prvResetNextTaskUnblockTime
                         0x800'6cd7    0x1a  Code  Lc  tasks.o [14]
prvSampleTimeNow         0x800'7fc5    0x7a  Code  Lc  timers.o [14]
prvSampleTimeNow::xLastTime
                        0x2000'350c     0x4  Data  Lc  timers.o [14]
prvTaskExitError         0x800'6e79    0x22  Code  Lc  port.o [14]
prvTaskIsTaskSuspended   0x800'68c9    0x28  Code  Lc  tasks.o [14]
prvTimerTask             0x800'7e41   0x184  Code  Lc  timers.o [14]
prvUnlockQueue           0x800'748d    0x68  Code  Lc  queue.o [14]
pvPortMalloc             0x800'7b31    0xfe  Code  Gb  heap_4.o [14]
pwm_check_channel        0x800'89f5    0x20  Code  Gb  pwm_api.o [7]
pwm_create               0x800'8a15    0xa6  Code  Gb  pwm_api.o [7]
pwm_get_handle_hal       0x800'89b1    0x44  Code  Gb  pwm_api.o [7]
pwm_set_new_duty         0x800'8acd    0x78  Code  Gb  pwm_api.o [7]
pwm_start                0x800'8abb    0x12  Code  Gb  pwm_api.o [7]
pxCurrentTCB            0x2000'3650     0x4  Data  Gb  tasks.o [14]
pxCurrentTimerList      0x2000'34fc     0x4  Data  Lc  timers.o [14]
pxDelayedTaskList       0x2000'3654     0x4  Data  Lc  tasks.o [14]
pxEnd                   0x2000'027c     0x4  Data  Lc  heap_4.o [14]
pxOverflowDelayedTaskList
                        0x2000'3658     0x4  Data  Lc  tasks.o [14]
pxOverflowTimerList     0x2000'3500     0x4  Data  Lc  timers.o [14]
pxPortInitialiseStack    0x800'6f25    0x68  Code  Gb  port.o [14]
pxReadyTasksLists       0x2000'2720   0x460  Data  Lc  tasks.o [14]
qs                      0x2000'3884     0x4  Data  Lc  no_free_heap0.o [15]
scalbln                  0x800'1305          Code  Gb  ldexp.o [16]
scalblnl                 0x800'1305          Code  Gb  ldexp.o [16]
scalbn                   0x800'1305          Code  Gb  ldexp.o [16]
scalbnl                  0x800'1305          Code  Gb  ldexp.o [16]
scale                    0x800'1035    0x46  Code  Lc  xprintffull_nomb.o [15]
sec_hand                0x2000'3880     0x4  Data  Lc  xfail_s.o [15]
sevcon_conductor_init    0x800'8bf3    0x38  Code  Gb  sevcon_conductor.o [10]
sevcon_dictionary_found_id
                         0x800'8fa5    0x30  Code  Gb  sevcon_driver_dictionary.o [10]
sevcon_driver_get_msg    0x800'8f0b    0x18  Code  Gb  sevcon_driver.o [10]
sevcon_driver_log_init   0x800'8eed    0x1e  Code  Gb  sevcon_driver.o [10]
sevcon_hdwr_get_data     0x800'8f71     0x4  Code  Gb  sevcon_hdwr.o [10]
sevcon_hdwr_get_index    0x800'8f69     0x4  Code  Gb  sevcon_hdwr.o [10]
sevcon_hdwr_get_msg      0x800'8f51    0x14  Code  Gb  sevcon_hdwr.o [10]
sevcon_hdwr_get_num_sevcon
                         0x800'8f75     0xa  Code  Gb  sevcon_hdwr.o [10]
sevcon_hdwr_get_opposite_motor
                         0x800'8f81    0x22  Code  Gb  sevcon_hdwr.o [10]
sevcon_hdwr_get_subindex
                         0x800'8f6d     0x4  Code  Gb  sevcon_hdwr.o [10]
sevcon_hdwr_init         0x800'8f35    0x1c  Code  Gb  sevcon_hdwr.o [10]
sevcon_init              0x800'8b8b     0xc  Code  Gb  sevcon_api.o [10]
sevcon_proccess_message
                         0x800'8db1   0x132  Code  Gb  sevcon_driver.o [10]
sevcon_task              0x800'8be9     0xa  Code  Gb  sevcon_conductor.o [10]
sevcon_task_attributes  0x2000'010c    0x24  Data  Gb  sevcon_conductor.o [10]
sprintf                  0x800'8151    0x40  Code  Gb  sprintf.o [15]
strchr                   0x800'112d          Code  Gb  strchr.o [17]
strlen                   0x800'1185          Code  Gb  strlen.o [17]
system_init              0x800'664d    0x68  Code  Gb  system_api.o [11]
thread_id               0x2000'00e0     0x4  Data  Gb  log_conductor.o [2]
tick                    0x2000'387c     0x4  Data  Gb  periodic_conductor.o [9]
uart_cfg                0x2000'01cc     0x8  Data  Gb  system_obj.o [11]
uart_create              0x800'3041    0x52  Code  Gb  uart_api.o [7]
uart_rx                 0x2000'3784    0x14  Data  Gb  uart_api.o [7]
uart_subscribe          0x2000'376c    0x18  Data  Gb  uart_api.o [7]
uart_suscribe_rx_fifo    0x800'3093    0x48  Code  Gb  uart_api.o [7]
uart_task                0x800'3021     0xc  Code  Gb  uart_api.o [7]
uart_task_attributes    0x2000'01ec    0x24  Data  Gb  uart_api.o [7]
ucHeap                  0x2000'0294  0x2000  Data  Lc  heap_4.o [14]
ulCriticalNesting       0x2000'0108     0x4  Data  Lc  port.o [14]
ulSetInterruptMask       0x800'7aad          Code  Gb  portasm.o [14]
unpack754_32             0x800'895d    0x54  Code  Gb  ieee754.o [7]
user_cfg                0x2000'01d4     0xc  Data  Gb  system_obj.o [11]
user_conductor_getter_get_obj
                         0x800'8481     0x6  Code  Gb  user_conductor.o [4]
user_conductor_init      0x800'844f    0x32  Code  Gb  user_conductor.o [4]
user_driver_get_msg      0x800'867d   0x164  Code  Gb  user_driver.o [4]
user_hdwr_get_msg        0x800'8811    0x14  Code  Gb  user_hdwr.o [4]
user_hdwr_init           0x800'87e9    0x28  Code  Gb  user_hdwr.o [4]
user_init                0x800'7a1d     0xa  Code  Gb  user_api.o [4]
user_init_api            0x800'7a27    0x20  Code  Gb  user_api.o [4]
user_task                0x800'8445     0xa  Code  Gb  user_conductor.o [4]
user_task_attributes    0x2000'0214    0x24  Data  Gb  user_conductor.o [4]
uwTick                  0x2000'014c     0x4  Data  Gb  stm32l5xx_hal.o [13]
uwTickFreq              0x2000'0148     0x1  Data  Gb  stm32l5xx_hal.o [13]
uwTickPrio              0x2000'0150     0x4  Data  Gb  stm32l5xx_hal.o [13]
uxCurrentNumberOfTasks  0x2000'3674     0x4  Data  Lc  tasks.o [14]
uxDeletedTasksWaitingCleanUp
                        0x2000'365c     0x4  Data  Lc  tasks.o [14]
uxListRemove             0x800'7d6b    0x26  Code  Gb  list.o [14]
uxSchedulerSuspended    0x2000'3698     0x4  Data  Lc  tasks.o [14]
uxTaskNumber            0x2000'3690     0x4  Data  Lc  tasks.o [14]
uxTopReadyPriority      0x2000'367c     0x4  Data  Lc  tasks.o [14]
vApplicationGetIdleTaskMemory
                         0x800'7d91    0x14  Code  Gb  cmsis_os2.o [14]
vApplicationGetIdleTaskMemory::Idle_Stack
                        0x2000'32fc   0x200  Data  Lc  cmsis_os2.o [14]
vApplicationGetIdleTaskMemory::Idle_TCB
                        0x2000'32a0    0x5c  Data  Lc  cmsis_os2.o [14]
vApplicationGetTimerTaskMemory
                         0x800'8625    0x18  Code  Gb  cmsis_os2.o [14]
vApplicationGetTimerTaskMemory::Timer_Stack
                        0x2000'2bdc   0x400  Data  Lc  cmsis_os2.o [14]
vApplicationGetTimerTaskMemory::Timer_TCB
                        0x2000'2b80    0x5c  Data  Lc  cmsis_os2.o [14]
vClearInterruptMask      0x800'7ac3          Code  Gb  portasm.o [14]
vListInitialise          0x800'7cff    0x1a  Code  Gb  list.o [14]
vListInitialiseItem      0x800'7d19     0x6  Code  Gb  list.o [14]
vListInsert              0x800'7d39    0x32  Code  Gb  list.o [14]
vListInsertEnd           0x800'7d1f    0x1a  Code  Gb  list.o [14]
vPortEnterCritical       0x800'6eb1    0x18  Code  Gb  port.o [14]
vPortExitCritical        0x800'6ec9    0x22  Code  Gb  port.o [14]
vPortFree                0x800'7c2f    0x4a  Code  Gb  heap_4.o [14]
vPortSVCHandler_C        0x800'6f0b    0x1a  Code  Gb  port.o [14]
vPortSetupTimerInterrupt
                         0x800'80d9    0x28  Code  Gb  port.o [14]
vPortYield               0x800'6e9d    0x12  Code  Gb  port.o [14]
vQueueAddToRegistry      0x800'750b    0x20  Code  Gb  queue.o [14]
vQueueWaitForMessageRestricted
                         0x800'7531    0x48  Code  Gb  queue.o [14]
vRaisePrivilege          0x800'7a87          Code  Gb  portasm.o [14]
vRestoreContextOfFirstTask
                         0x800'7a69          Code  Gb  portasm.o [14]
vStartFirstTask          0x800'7a95          Code  Gb  portasm.o [14]
vTaskInternalSetTimeOutState
                         0x800'6bf9     0xe  Code  Gb  tasks.o [14]
vTaskMissedYield         0x800'6c63     0xa  Code  Gb  tasks.o [14]
vTaskPlaceOnEventList    0x800'6b4b    0x16  Code  Gb  tasks.o [14]
vTaskPlaceOnEventListRestricted
                         0x800'6b6b    0x26  Code  Gb  tasks.o [14]
vTaskResume              0x800'68f1    0x46  Code  Gb  tasks.o [14]
vTaskStartScheduler      0x800'6937    0x64  Code  Gb  tasks.o [14]
vTaskSuspendAll          0x800'699d     0xc  Code  Gb  tasks.o [14]
vTaskSwitchContext       0x800'6aff    0x4c  Code  Gb  tasks.o [14]
xActiveTimerList1       0x2000'3510    0x14  Data  Lc  timers.o [14]
xActiveTimerList2       0x2000'3524    0x14  Data  Lc  timers.o [14]
xBlockAllocatedBit      0x2000'0290     0x4  Data  Lc  heap_4.o [14]
xDelayedTaskList1       0x2000'369c    0x14  Data  Lc  tasks.o [14]
xDelayedTaskList2       0x2000'36b0    0x14  Data  Lc  tasks.o [14]
xFreeBytesRemaining     0x2000'0280     0x4  Data  Lc  heap_4.o [14]
xMinimumEverFreeBytesRemaining
                        0x2000'0284     0x4  Data  Lc  heap_4.o [14]
xNextTaskUnblockTime    0x2000'3694     0x4  Data  Lc  tasks.o [14]
xNumOfOverflows         0x2000'368c     0x4  Data  Lc  tasks.o [14]
xNumberOfSuccessfulAllocations
                        0x2000'0288     0x4  Data  Lc  heap_4.o [14]
xNumberOfSuccessfulFrees
                        0x2000'028c     0x4  Data  Lc  heap_4.o [14]
xPendedTicks            0x2000'3684     0x4  Data  Lc  tasks.o [14]
xPendingReadyList       0x2000'3628    0x14  Data  Lc  tasks.o [14]
xPortStartScheduler      0x800'6f8d    0x46  Code  Gb  port.o [14]
xPortSysTickHandler      0x800'6eeb    0x20  Code  Gb  port.o [14]
xQueueGenericCreate      0x800'7097    0x38  Code  Gb  queue.o [14]
xQueueGenericCreateStatic
                         0x800'704d    0x4a  Code  Gb  queue.o [14]
xQueueGenericReset       0x800'6fe5    0x68  Code  Gb  queue.o [14]
xQueueGenericSend        0x800'70ef   0x108  Code  Gb  queue.o [14]
xQueueGenericSendFromISR
                         0x800'71f7    0x80  Code  Gb  queue.o [14]
xQueueReceive            0x800'7283    0xe8  Code  Gb  queue.o [14]
xQueueReceiveFromISR     0x800'7395    0x68  Code  Gb  queue.o [14]
xQueueRegistry          0x2000'372c    0x40  Data  Gb  queue.o [14]
xSchedulerRunning       0x2000'3680     0x4  Data  Lc  tasks.o [14]
xStart                  0x2000'0274     0x8  Data  Lc  heap_4.o [14]
xSuspendedTaskList      0x2000'3660    0x14  Data  Lc  tasks.o [14]
xTaskCheckForTimeOut     0x800'6c07    0x5c  Code  Gb  tasks.o [14]
xTaskCreate              0x800'6729    0x5c  Code  Gb  tasks.o [14]
xTaskCreateStatic        0x800'66d9    0x50  Code  Gb  tasks.o [14]
xTaskGetSchedulerState   0x800'6cf1    0x18  Code  Gb  tasks.o [14]
xTaskGetTickCount        0x800'6a3b     0x2  Code  Gb  tasks.o [14]
xTaskIncrementTick       0x800'6a45    0xba  Code  Gb  tasks.o [14]
xTaskNotifyWait          0x800'6d85    0x78  Code  Gb  tasks.o [14]
xTaskPriorityDisinherit
                         0x800'6d0f    0x50  Code  Gb  tasks.o [14]
xTaskRemoveFromEventList
                         0x800'6b9d    0x46  Code  Gb  tasks.o [14]
xTaskResumeAll           0x800'69a9    0x8a  Code  Gb  tasks.o [14]
xTasksWaitingTermination
                        0x2000'363c    0x14  Data  Lc  tasks.o [14]
xTickCount              0x2000'3678     0x4  Data  Lc  tasks.o [14]
xTimerCreateTimerTask    0x800'7da5    0x4e  Code  Gb  timers.o [14]
xTimerGenericCommand     0x800'7df3    0x4e  Code  Gb  timers.o [14]
xTimerQueue             0x2000'3504     0x4  Data  Lc  timers.o [14]
xTimerTaskHandle        0x2000'3508     0x4  Data  Lc  timers.o [14]
xYieldPending           0x2000'3688     0x4  Data  Lc  tasks.o [14]


[1] = D:\Proyectos\STM32\kart\EWARM\kart\Obj\Application\EWARM
[2] = D:\Proyectos\STM32\kart\EWARM\kart\Obj\Application\LOG\src
[3] = D:\Proyectos\STM32\kart\EWARM\kart\Obj\Application\User
[4] = D:\Proyectos\STM32\kart\EWARM\kart\Obj\Application\User\src
[5] = D:\Proyectos\STM32\kart\EWARM\kart\Obj\Application\flight_controller\src
[6] = D:\Proyectos\STM32\kart\EWARM\kart\Obj\Application\gps\src
[7] = D:\Proyectos\STM32\kart\EWARM\kart\Obj\Application\hdwr\src
[8] = D:\Proyectos\STM32\kart\EWARM\kart\Obj\Application\heartbeat\src
[9] = D:\Proyectos\STM32\kart\EWARM\kart\Obj\Application\periodic\src
[10] = D:\Proyectos\STM32\kart\EWARM\kart\Obj\Application\sevcon\src
[11] = D:\Proyectos\STM32\kart\EWARM\kart\Obj\Application\system\src
[12] = D:\Proyectos\STM32\kart\EWARM\kart\Obj\Drivers\CMSIS
[13] = D:\Proyectos\STM32\kart\EWARM\kart\Obj\Drivers\STM32L5xx_HAL_Driver
[14] = D:\Proyectos\STM32\kart\EWARM\kart\Obj\Middlewares\FreeRTOS
[15] = dl7M_tlf.a
[16] = m7M_tls.a
[17] = rt7M_tl.a
[18] = shb_l.a

  37'619 bytes of readonly  code memory
     404 bytes of readonly  data memory
  16'009 bytes of readwrite data memory

Errors: none
Warnings: none
