###############################################################################
#
# IAR ELF Linker V9.10.2.313/W64 for ARM                  22/Mar/2022  20:28:58
# Copyright 2007-2021 IAR Systems AB.
#
#    Output file  =  D:\Proyectos\STM32\kart\EWARM\kart\Exe\kart.out
#    Map file     =  D:\Proyectos\STM32\kart\EWARM\kart\List\kart.map
#    Command line =
#        -f D:\Proyectos\STM32\kart\EWARM\kart\Exe\kart.out.rsp
#        (D:\Proyectos\STM32\kart\EWARM\kart\Obj\Application\hdwr\src\adc_api.o
#        D:\Proyectos\STM32\kart\EWARM\kart\Obj\Application\User\app_freertos.o
#        D:\Proyectos\STM32\kart\EWARM\kart\Obj\Application\hdwr\src\can_api.o
#        D:\Proyectos\STM32\kart\EWARM\kart\Obj\Middlewares\FreeRTOS\cmsis_os2.o
#        D:\Proyectos\STM32\kart\EWARM\kart\Obj\Middlewares\FreeRTOS\croutine.o
#        D:\Proyectos\STM32\kart\EWARM\kart\Obj\Middlewares\FreeRTOS\event_groups.o
#        D:\Proyectos\STM32\kart\EWARM\kart\Obj\Application\hdwr\src\fifo_api.o
#        D:\Proyectos\STM32\kart\EWARM\kart\Obj\Application\flight_controller\src\flight_controller_api.o
#        D:\Proyectos\STM32\kart\EWARM\kart\Obj\Application\flight_controller\src\flight_controller_conductor.o
#        D:\Proyectos\STM32\kart\EWARM\kart\Obj\Application\flight_controller\src\flight_controller_driver.o
#        D:\Proyectos\STM32\kart\EWARM\kart\Obj\Application\flight_controller\src\flight_controller_hdwr.o
#        D:\Proyectos\STM32\kart\EWARM\kart\Obj\Application\hdwr\src\gpio_api.o
#        D:\Proyectos\STM32\kart\EWARM\kart\Obj\Application\gps\src\gps_api.o
#        D:\Proyectos\STM32\kart\EWARM\kart\Obj\Application\gps\src\gps_conductor.o
#        D:\Proyectos\STM32\kart\EWARM\kart\Obj\Application\gps\src\gps_driver.o
#        D:\Proyectos\STM32\kart\EWARM\kart\Obj\Application\gps\src\gps_hdwr.o
#        D:\Proyectos\STM32\kart\EWARM\kart\Obj\Middlewares\FreeRTOS\heap_4.o
#        D:\Proyectos\STM32\kart\EWARM\kart\Obj\Application\heartbeat\src\heartbeat_api.o
#        D:\Proyectos\STM32\kart\EWARM\kart\Obj\Middlewares\FreeRTOS\list.o
#        D:\Proyectos\STM32\kart\EWARM\kart\Obj\Application\LOG\src\log_api.o
#        D:\Proyectos\STM32\kart\EWARM\kart\Obj\Application\LOG\src\log_conductor.o
#        D:\Proyectos\STM32\kart\EWARM\kart\Obj\Application\LOG\src\log_driver.o
#        D:\Proyectos\STM32\kart\EWARM\kart\Obj\Application\LOG\src\log_hdwr.o
#        D:\Proyectos\STM32\kart\EWARM\kart\Obj\Application\User\main.o
#        D:\Proyectos\STM32\kart\EWARM\kart\Obj\Application\periodic\src\periodic_api.o
#        D:\Proyectos\STM32\kart\EWARM\kart\Obj\Application\periodic\src\periodic_conductor.o
#        D:\Proyectos\STM32\kart\EWARM\kart\Obj\Application\periodic\src\periodic_driver.o
#        D:\Proyectos\STM32\kart\EWARM\kart\Obj\Middlewares\FreeRTOS\port.o
#        D:\Proyectos\STM32\kart\EWARM\kart\Obj\Middlewares\FreeRTOS\portasm.o
#        D:\Proyectos\STM32\kart\EWARM\kart\Obj\Application\hdwr\src\pwm_api.o
#        D:\Proyectos\STM32\kart\EWARM\kart\Obj\Middlewares\FreeRTOS\queue.o
#        D:\Proyectos\STM32\kart\EWARM\kart\Obj\Application\sevcon\src\sevcon_api.o
#        D:\Proyectos\STM32\kart\EWARM\kart\Obj\Application\sevcon\src\sevcon_conductor.o
#        D:\Proyectos\STM32\kart\EWARM\kart\Obj\Application\sevcon\src\sevcon_driver.o
#        D:\Proyectos\STM32\kart\EWARM\kart\Obj\Application\sevcon\src\sevcon_driver_dictionary.o
#        D:\Proyectos\STM32\kart\EWARM\kart\Obj\Application\sevcon\src\sevcon_hdwr.o
#        D:\Proyectos\STM32\kart\EWARM\kart\Obj\Application\hdwr\src\spi_api.o
#        D:\Proyectos\STM32\kart\EWARM\kart\Obj\Application\EWARM\startup_stm32l552xx.o
#        D:\Proyectos\STM32\kart\EWARM\kart\Obj\Drivers\STM32L5xx_HAL_Driver\stm32l5xx_hal.o
#        D:\Proyectos\STM32\kart\EWARM\kart\Obj\Drivers\STM32L5xx_HAL_Driver\stm32l5xx_hal_adc.o
#        D:\Proyectos\STM32\kart\EWARM\kart\Obj\Drivers\STM32L5xx_HAL_Driver\stm32l5xx_hal_adc_ex.o
#        D:\Proyectos\STM32\kart\EWARM\kart\Obj\Drivers\STM32L5xx_HAL_Driver\stm32l5xx_hal_cortex.o
#        D:\Proyectos\STM32\kart\EWARM\kart\Obj\Drivers\STM32L5xx_HAL_Driver\stm32l5xx_hal_dma.o
#        D:\Proyectos\STM32\kart\EWARM\kart\Obj\Drivers\STM32L5xx_HAL_Driver\stm32l5xx_hal_dma_ex.o
#        D:\Proyectos\STM32\kart\EWARM\kart\Obj\Drivers\STM32L5xx_HAL_Driver\stm32l5xx_hal_exti.o
#        D:\Proyectos\STM32\kart\EWARM\kart\Obj\Drivers\STM32L5xx_HAL_Driver\stm32l5xx_hal_fdcan.o
#        D:\Proyectos\STM32\kart\EWARM\kart\Obj\Drivers\STM32L5xx_HAL_Driver\stm32l5xx_hal_flash.o
#        D:\Proyectos\STM32\kart\EWARM\kart\Obj\Drivers\STM32L5xx_HAL_Driver\stm32l5xx_hal_flash_ex.o
#        D:\Proyectos\STM32\kart\EWARM\kart\Obj\Drivers\STM32L5xx_HAL_Driver\stm32l5xx_hal_flash_ramfunc.o
#        D:\Proyectos\STM32\kart\EWARM\kart\Obj\Drivers\STM32L5xx_HAL_Driver\stm32l5xx_hal_gpio.o
#        D:\Proyectos\STM32\kart\EWARM\kart\Obj\Drivers\STM32L5xx_HAL_Driver\stm32l5xx_hal_i2c.o
#        D:\Proyectos\STM32\kart\EWARM\kart\Obj\Drivers\STM32L5xx_HAL_Driver\stm32l5xx_hal_i2c_ex.o
#        D:\Proyectos\STM32\kart\EWARM\kart\Obj\Drivers\STM32L5xx_HAL_Driver\stm32l5xx_hal_icache.o
#        D:\Proyectos\STM32\kart\EWARM\kart\Obj\Application\User\stm32l5xx_hal_msp.o
#        D:\Proyectos\STM32\kart\EWARM\kart\Obj\Drivers\STM32L5xx_HAL_Driver\stm32l5xx_hal_pwr.o
#        D:\Proyectos\STM32\kart\EWARM\kart\Obj\Drivers\STM32L5xx_HAL_Driver\stm32l5xx_hal_pwr_ex.o
#        D:\Proyectos\STM32\kart\EWARM\kart\Obj\Drivers\STM32L5xx_HAL_Driver\stm32l5xx_hal_rcc.o
#        D:\Proyectos\STM32\kart\EWARM\kart\Obj\Drivers\STM32L5xx_HAL_Driver\stm32l5xx_hal_rcc_ex.o
#        D:\Proyectos\STM32\kart\EWARM\kart\Obj\Drivers\STM32L5xx_HAL_Driver\stm32l5xx_hal_rtc.o
#        D:\Proyectos\STM32\kart\EWARM\kart\Obj\Drivers\STM32L5xx_HAL_Driver\stm32l5xx_hal_rtc_ex.o
#        D:\Proyectos\STM32\kart\EWARM\kart\Obj\Drivers\STM32L5xx_HAL_Driver\stm32l5xx_hal_spi.o
#        D:\Proyectos\STM32\kart\EWARM\kart\Obj\Drivers\STM32L5xx_HAL_Driver\stm32l5xx_hal_spi_ex.o
#        D:\Proyectos\STM32\kart\EWARM\kart\Obj\Drivers\STM32L5xx_HAL_Driver\stm32l5xx_hal_tim.o
#        D:\Proyectos\STM32\kart\EWARM\kart\Obj\Drivers\STM32L5xx_HAL_Driver\stm32l5xx_hal_tim_ex.o
#        D:\Proyectos\STM32\kart\EWARM\kart\Obj\Drivers\STM32L5xx_HAL_Driver\stm32l5xx_hal_uart.o
#        D:\Proyectos\STM32\kart\EWARM\kart\Obj\Drivers\STM32L5xx_HAL_Driver\stm32l5xx_hal_uart_ex.o
#        D:\Proyectos\STM32\kart\EWARM\kart\Obj\Application\User\stm32l5xx_it.o
#        D:\Proyectos\STM32\kart\EWARM\kart\Obj\Middlewares\FreeRTOS\stream_buffer.o
#        D:\Proyectos\STM32\kart\EWARM\kart\Obj\Application\system\src\system_api.o
#        D:\Proyectos\STM32\kart\EWARM\kart\Obj\Application\system\src\system_obj.o
#        D:\Proyectos\STM32\kart\EWARM\kart\Obj\Drivers\CMSIS\system_stm32l5xx.o
#        D:\Proyectos\STM32\kart\EWARM\kart\Obj\Middlewares\FreeRTOS\tasks.o
#        D:\Proyectos\STM32\kart\EWARM\kart\Obj\Middlewares\FreeRTOS\timers.o
#        D:\Proyectos\STM32\kart\EWARM\kart\Obj\Application\hdwr\src\uart_api.o
#        --no_out_extension -o D:\Proyectos\STM32\kart\EWARM\kart\Exe\kart.out
#        --redirect _Printf=_PrintfFullNoMb --redirect _Scanf=_ScanfFullNoMb
#        --map D:\Proyectos\STM32\kart\EWARM\kart\List\kart.map --config
#        D:\Proyectos\STM32\kart\EWARM/stm32l552xe_flash.icf --semihosting
#        --entry __iar_program_start --vfe --text_out locale)
#
###############################################################################

*******************************************************************************
*** RUNTIME MODEL ATTRIBUTES
***

CppFlavor       = *
__Heap_Handler  = DLMalloc
__SystemLibrary = DLib
__dlib_version  = 6


*******************************************************************************
*** HEAP SELECTION
***

The advanced heap was selected because the application calls memory
allocation functions outside of system library functions, and there
are calls to deallocation functions in the application.


*******************************************************************************
*** PLACEMENT SUMMARY
***

"A0":  place at address 0x800'0000 { ro section .intvec };
"P1":  place in [from 0x800'0000 to 0x807'ffff] { ro };
define block CSTACK with size = 1K, alignment = 8 { };
define block HEAP with size = 512, alignment = 8 { };
"P2":  place in [from 0x2000'0000 to 0x2002'ffff] {
          rw, block CSTACK, block HEAP };
"P3":  place in [from 0x2000'0000 to 0x2002'ffff] { };
initialize by copy { rw };

  Section               Kind         Address    Size  Object
  -------               ----         -------    ----  ------
"A0":                                          0x1f4
  .intvec               ro code   0x800'0000   0x1f4  startup_stm32l552xx.o [1]
                                - 0x800'01f4   0x1f4

"P1":                                         0xa464
  .text                 ro code   0x800'01f4  0x1514  dlmalloc.o [14]
  .text                 ro code   0x800'1708     0x6  abort.o [14]
  .text                 ro code   0x800'170e     0xa  xsprout.o [14]
  .text                 ro code   0x800'1718    0x2c  xgetmemchunk.o [14]
  .text                 ro code   0x800'1744     0x6  ABImemclr.o [16]
  .rodata               const     0x800'174a     0x2  xlocale_c.o [14]
  .text                 ro code   0x800'174c    0x14  exit.o [17]
  .text                 ro code   0x800'1760    0x12  ABImemset_small.o [16]
  .rodata               const     0x800'1772     0x1  xlocale_c.o [14]
  .text                 ro code   0x800'1774    0x7c  iarttio.o [17]
  .text                 ro code   0x800'17f0     0x8  XShttio.o [14]
  .text                 ro code   0x800'17f8   0xf2e  xprintffull_nomb.o [14]
  .text                 ro code   0x800'2728    0x16  strchr.o [16]
  .text                 ro code   0x800'2740    0x40  xfail_s.o [14]
  .text                 ro code   0x800'2780    0x36  strlen.o [16]
  .text                 ro code   0x800'27b8    0x58  memchr.o [16]
  .text                 ro code   0x800'2810    0x18  ABImemcpy_small.o [16]
  .text                 ro code   0x800'2828    0x70  frexp.o [15]
  .text                 ro code   0x800'2898    0x34  DblCmpLe.o [15]
  .text                 ro code   0x800'28cc    0x34  DblCmpGe.o [15]
  .text                 ro code   0x800'2900   0x13a  ldexp.o [15]
  .text                 ro code   0x800'2a3c    0x36  DblToS32.o [15]
  .text                 ro code   0x800'2a74    0x22  S32ToDbl.o [15]
  .text                 ro code   0x800'2a98   0x25e  DblAddSub.o [15]
  .text                 ro code   0x800'2cf8   0x246  DblDiv.o [15]
  .text                 ro code   0x800'2f40    0x22  DblToU32.o [15]
  .text                 ro code   0x800'2f64    0x1c  U32ToDbl.o [15]
  .text                 ro code   0x800'2f80   0x1aa  DblMul.o [15]
  .text                 ro code   0x800'312c     0x8  xlocale_c.o [14]
  .text                 ro code   0x800'3134   0x106  I64DivMod_small.o [16]
  .text                 ro code   0x800'323c     0x2  I64DivZer.o [16]
  .text                 ro code   0x800'3240   0xb9c  stm32l5xx_hal_uart.o [12]
  .text                 ro code   0x800'3ddc   0x358  stm32l5xx_hal_msp.o [3]
  .text                 ro code   0x800'4134   0x33c  stm32l5xx_hal_dma.o [12]
  .text                 ro code   0x800'4470     0x2  stm32l5xx_hal_uart.o [12]
  .text                 ro code   0x800'4472     0x2  stm32l5xx_hal_uart.o [12]
  .text                 ro code   0x800'4474     0x2  stm32l5xx_hal_uart_ex.o [12]
  .text                 ro code   0x800'4478   0x120  uart_api.o [6]
  .text                 ro code   0x800'4598     0x2  stm32l5xx_hal_uart_ex.o [12]
  .text                 ro code   0x800'459a     0x2  stm32l5xx_hal_uart_ex.o [12]
  .text                 ro code   0x800'459c   0x89c  stm32l5xx_hal_rcc.o [12]
  .text                 ro code   0x800'4e38     0xc  stm32l5xx_hal.o [12]
  .text                 ro code   0x800'4e44    0xc8  stm32l5xx_hal_cortex.o [12]
  .text                 ro code   0x800'4f0c    0xb0  stm32l5xx_hal_pwr_ex.o [12]
  .text                 ro code   0x800'4fbc   0x5a4  stm32l5xx_hal_rcc_ex.o [12]
  .text                 ro code   0x800'5560   0x530  main.o [3]
  .text                 ro code   0x800'5a90   0x1d8  stm32l5xx_hal_gpio.o [12]
  .text                 ro code   0x800'5c68    0x14  memset.o [16]
  .text                 ro code   0x800'5c7c   0x2e0  cmsis_os2.o [13]
  .text                 ro code   0x800'5f5c    0x40  sprintf.o [14]
  .text                 ro code   0x800'5f9c    0x14  log_api.o [2]
  .text                 ro code   0x800'5fb0    0x46  fifo_api.o [6]
  .text                 ro code   0x800'5ff8    0x28  printf.o [14]
  .text                 ro code   0x800'6020    0x44  stm32l5xx_hal.o [12]
  .text                 ro code   0x800'6064    0x22  stm32l5xx_hal.o [12]
  .text                 ro code   0x800'6088   0x594  stm32l5xx_hal_adc.o [12]
  .text                 ro code   0x800'661c    0xc4  stm32l5xx_hal_adc_ex.o [12]
  .text                 ro code   0x800'66e0   0x14c  stm32l5xx_hal_rtc.o [12]
  .text                 ro code   0x800'682c    0x34  stm32l5xx_hal_rtc_ex.o [12]
  .text                 ro code   0x800'6860    0xe0  stm32l5xx_hal_spi.o [12]
  .text                 ro code   0x800'6940   0x740  stm32l5xx_hal_tim.o [12]
  .text                 ro code   0x800'7080    0x94  stm32l5xx_hal_tim_ex.o [12]
  .text                 ro code   0x800'7114   0x558  stm32l5xx_hal_fdcan.o [12]
  .text                 ro code   0x800'766c    0xf8  stm32l5xx_hal_uart_ex.o [12]
  .text                 ro code   0x800'7764    0x84  system_api.o [10]
  .text                 ro code   0x800'77e8    0x10  stm32l5xx_hal_pwr.o [12]
  .text                 ro code   0x800'77f8   0x7a0  tasks.o [13]
  .text                 ro code   0x800'7f98   0x16c  port.o [13]
  .text                 ro code   0x800'8104   0x594  queue.o [13]
  .text                 ro code   0x800'8698    0x64  log_conductor.o [2]
  .text                 ro code   0x800'86fc    0xc8  system_stm32l5xx.o [11]
  .text                 ro code   0x800'87c4     0x2  stm32l5xx_hal_tim.o [12]
  .text                 ro code   0x800'87c6     0x2  stm32l5xx_hal_fdcan.o [12]
  .text                 ro code   0x800'87c8     0x2  stm32l5xx_hal_fdcan.o [12]
  .text                 ro code   0x800'87ca     0x2  stm32l5xx_hal_fdcan.o [12]
  .text                 ro code   0x800'87cc   0x1c4  can_api.o [6]
  .text                 ro code   0x800'8990     0x2  stm32l5xx_hal_fdcan.o [12]
  .text                 ro code   0x800'8992     0x2  stm32l5xx_hal_fdcan.o [12]
  .text                 ro code   0x800'8994     0x2  stm32l5xx_hal_fdcan.o [12]
  .text                 ro code   0x800'8996     0x2  stm32l5xx_hal_fdcan.o [12]
  .text                 ro code   0x800'8998     0x2  stm32l5xx_hal_fdcan.o [12]
  .text                 ro code   0x800'899a     0x2  stm32l5xx_hal_fdcan.o [12]
  .text                 ro code   0x800'899c    0x50  gpio_api.o [6]
  .text                 ro code   0x800'89ec    0x24  periodic_api.o [8]
  .text                 ro code   0x800'8a10    0x60  heartbeat_api.o [7]
  .text                 ro code   0x800'8a70     0xc  sevcon_api.o [9]
  .text                 ro code   0x800'8a7c     0xc  gps_api.o [5]
  .text                 ro code   0x800'8a88     0xc  flight_controller_api.o [4]
  privileged_functions  ro code   0x800'8a94    0xc8  portasm.o [13]
  .text                 ro code   0x800'8b5c   0x194  heap_4.o [13]
  .text                 ro code   0x800'8cf0    0x3a  ABImemset48.o [16]
  .text                 ro code   0x800'8d2a    0x92  list.o [13]
  .text                 ro code   0x800'8dbc    0x14  cmsis_os2.o [13]
  .text                 ro code   0x800'8dd0   0x334  timers.o [13]
  .text                 ro code   0x800'9104    0x28  port.o [13]
  .text                 ro code   0x800'912c    0x50  log_driver.o [2]
  .text                 ro code   0x800'917c    0xa0  periodic_conductor.o [8]
  .text                 ro code   0x800'921c    0xec  periodic_driver.o [8]
  .text                 ro code   0x800'9308    0x4c  sevcon_conductor.o [9]
  .text                 ro code   0x800'9354    0x50  gps_conductor.o [5]
  .text                 ro code   0x800'93a4    0xc0  flight_controller_conductor.o [4]
  .text                 ro code   0x800'9464    0x18  cmsis_os2.o [13]
  .text                 ro code   0x800'947c    0xe0  sevcon_driver.o [9]
  .text                 ro code   0x800'955c    0x6e  sevcon_hdwr.o [9]
  .text                 ro code   0x800'95cc    0xdc  gps_driver.o [5]
  .text                 ro code   0x800'96a8    0xb4  gps_hdwr.o [5]
  .text                 ro code   0x800'975c    0x68  flight_controller_driver.o [4]
  .text                 ro code   0x800'97c4    0x8a  flight_controller_hdwr.o [4]
  .text                 ro code   0x800'9850   0x1d0  pwm_api.o [6]
  .text                 ro code   0x800'9a20    0x30  sevcon_driver_dictionary.o [9]
  .text                 ro code   0x800'9a50    0x84  adc_api.o [6]
  .text                 ro code   0x800'9ad4    0x48  FltToDbl.o [15]
  .text                 ro code   0x800'9b1c    0x68  DblToFlt.o [15]
  .text                 ro code   0x800'9b84    0xd8  xfspos.o [14]
  .text                 ro code   0x800'9c5c    0xac  fflush.o [14]
  .text                 ro code   0x800'9d08     0xc  xfgpos.o [14]
  .text                 ro code   0x800'9d14    0x4e  lseek.o [17]
  .text                 ro code   0x800'9d62    0x10  write.o [17]
  .text                 ro code   0x800'9d74    0xcc  XShHandles.o [14]
  .text                 ro code   0x800'9e40    0x1e  dwrite.o [17]
  .text                 ro code   0x800'9e5e    0x20  iarwstd.o [17]
  .text                 ro code   0x800'9e7e    0x22  iarwrite.o [17]
  .text                 ro code   0x800'9ea0    0xb4  xfwprep.o [14]
  .text                 ro code   0x800'9f54    0x24  fseek.o [14]
  .text                 ro code   0x800'9f78    0x9c  xfofind.o [14]
  .text                 ro code   0x800'a014     0x4  heaptramp0.o [14]
  .text                 ro code   0x800'a018    0x7e  fclose.o [14]
  .text                 ro code   0x800'a096    0x18  close.o [17]
  .text                 ro code   0x800'a0ae    0x14  remove.o [17]
  .text                 ro code   0x800'a0c2    0x78  lz77_init_single.o [16]
  .text                 ro code   0x800'a13a    0x54  fputc.o [14]
  .rodata               const     0x800'a190    0x40  system_stm32l5xx.o [11]
  .text                 ro code   0x800'a1d0    0x40  xcloseall.o [14]
  .text                 ro code   0x800'a210    0x38  zero_init3.o [16]
  .text                 ro code   0x800'a248    0x30  stm32l5xx_it.o [3]
  .text                 ro code   0x800'a278    0x28  data_init.o [16]
  .text                 ro code   0x800'a2a0    0x22  fpinit_M.o [15]
  .iar.init_table       const     0x800'a2c4    0x20  - Linker created -
  .text                 ro code   0x800'a2e4    0x1e  cmain.o [16]
  .text                 ro code   0x800'a302     0x4  low_level_init.o [14]
  .text                 ro code   0x800'a306     0x4  exit.o [14]
  .text                 ro code   0x800'a30c     0xe  cexit.o [16]
  .text                 ro code   0x800'a31c    0x1c  cstartup_M.o [16]
  .text                 ro code   0x800'a338    0x16  xprout.o [14]
  .text                 ro code   0x800'a350     0xc  putchar.o [14]
  .rodata               const     0x800'a35c    0x14  system_obj.o [10]
  .text                 ro code   0x800'a370    0x10  startup_stm32l552xx.o [1]
  .rodata               const     0x800'a380     0xc  periodic_conductor.o [8]
  .rodata               const     0x800'a38c     0xc  system_obj.o [10]
  .rodata               const     0x800'a398     0x8  sevcon_conductor.o [9]
  .rodata               const     0x800'a3a0     0x8  system_stm32l5xx.o [11]
  .rodata               const     0x800'a3a8     0x4  gps_conductor.o [5]
  .rodata               const     0x800'a3ac     0x4  log_conductor.o [2]
  .text                 ro code   0x800'a3b0     0x4  startup_stm32l552xx.o [1]
  .text                 ro code   0x800'a3b4     0x4  startup_stm32l552xx.o [1]
  .text                 ro code   0x800'a3b8     0x4  startup_stm32l552xx.o [1]
  .text                 ro code   0x800'a3bc     0x4  startup_stm32l552xx.o [1]
  .text                 ro code   0x800'a3c0     0x4  startup_stm32l552xx.o [1]
  .text                 ro code   0x800'a3c4     0x4  startup_stm32l552xx.o [1]
  .text                 ro code   0x800'a3c8     0x4  startup_stm32l552xx.o [1]
  .text                 ro code   0x800'a3cc     0x4  startup_stm32l552xx.o [1]
  .text                 ro code   0x800'a3d0     0x4  startup_stm32l552xx.o [1]
  .text                 ro code   0x800'a3d4     0x4  startup_stm32l552xx.o [1]
  .text                 ro code   0x800'a3d8     0x4  startup_stm32l552xx.o [1]
  .text                 ro code   0x800'a3dc     0x4  startup_stm32l552xx.o [1]
  .text                 ro code   0x800'a3e0     0x4  startup_stm32l552xx.o [1]
  .text                 ro code   0x800'a3e4     0x4  startup_stm32l552xx.o [1]
  .text                 ro code   0x800'a3e8     0x4  startup_stm32l552xx.o [1]
  .text                 ro code   0x800'a3ec     0x4  startup_stm32l552xx.o [1]
  .text                 ro code   0x800'a3f0     0x4  startup_stm32l552xx.o [1]
  .text                 ro code   0x800'a3f4     0x4  startup_stm32l552xx.o [1]
  .text                 ro code   0x800'a3f8     0x4  startup_stm32l552xx.o [1]
  .text                 ro code   0x800'a3fc     0x4  startup_stm32l552xx.o [1]
  .text                 ro code   0x800'a400     0x4  startup_stm32l552xx.o [1]
  .text                 ro code   0x800'a404     0x4  startup_stm32l552xx.o [1]
  .text                 ro code   0x800'a408     0x4  startup_stm32l552xx.o [1]
  .text                 ro code   0x800'a40c     0x4  startup_stm32l552xx.o [1]
  .text                 ro code   0x800'a410     0x4  startup_stm32l552xx.o [1]
  .text                 ro code   0x800'a414     0x4  startup_stm32l552xx.o [1]
  .text                 ro code   0x800'a418     0x4  startup_stm32l552xx.o [1]
  .text                 ro code   0x800'a41c     0x4  startup_stm32l552xx.o [1]
  .text                 ro code   0x800'a420     0x4  startup_stm32l552xx.o [1]
  .text                 ro code   0x800'a424     0x4  startup_stm32l552xx.o [1]
  .text                 ro code   0x800'a428     0x4  startup_stm32l552xx.o [1]
  .text                 ro code   0x800'a42c     0x4  startup_stm32l552xx.o [1]
  .text                 ro code   0x800'a430     0x4  startup_stm32l552xx.o [1]
  .text                 ro code   0x800'a434     0x4  startup_stm32l552xx.o [1]
  .text                 ro code   0x800'a438     0x4  startup_stm32l552xx.o [1]
  .text                 ro code   0x800'a43c     0x4  startup_stm32l552xx.o [1]
  .text                 ro code   0x800'a440     0x4  startup_stm32l552xx.o [1]
  .text                 ro code   0x800'a444     0x4  startup_stm32l552xx.o [1]
  .text                 ro code   0x800'a448     0x4  startup_stm32l552xx.o [1]
  .text                 ro code   0x800'a44c     0x4  startup_stm32l552xx.o [1]
  .text                 ro code   0x800'a450     0x4  startup_stm32l552xx.o [1]
  .text                 ro code   0x800'a454     0x4  startup_stm32l552xx.o [1]
  .text                 ro code   0x800'a458     0x4  startup_stm32l552xx.o [1]
  .text                 ro code   0x800'a45c     0x4  startup_stm32l552xx.o [1]
  .text                 ro code   0x800'a460     0x4  startup_stm32l552xx.o [1]
  .text                 ro code   0x800'a464     0x4  startup_stm32l552xx.o [1]
  .text                 ro code   0x800'a468     0x4  startup_stm32l552xx.o [1]
  .text                 ro code   0x800'a46c     0x4  startup_stm32l552xx.o [1]
  .text                 ro code   0x800'a470     0x4  startup_stm32l552xx.o [1]
  .text                 ro code   0x800'a474     0x4  startup_stm32l552xx.o [1]
  .text                 ro code   0x800'a478     0x4  startup_stm32l552xx.o [1]
  .text                 ro code   0x800'a47c     0x4  startup_stm32l552xx.o [1]
  .text                 ro code   0x800'a480     0x4  startup_stm32l552xx.o [1]
  .text                 ro code   0x800'a484     0x4  startup_stm32l552xx.o [1]
  .text                 ro code   0x800'a488     0x4  startup_stm32l552xx.o [1]
  .text                 ro code   0x800'a48c     0x4  startup_stm32l552xx.o [1]
  .text                 ro code   0x800'a490     0x4  startup_stm32l552xx.o [1]
  .text                 ro code   0x800'a494     0x4  startup_stm32l552xx.o [1]
  .text                 ro code   0x800'a498     0x4  startup_stm32l552xx.o [1]
  .text                 ro code   0x800'a49c     0x4  startup_stm32l552xx.o [1]
  .text                 ro code   0x800'a4a0     0x4  startup_stm32l552xx.o [1]
  .text                 ro code   0x800'a4a4     0x4  startup_stm32l552xx.o [1]
  .text                 ro code   0x800'a4a8     0x4  startup_stm32l552xx.o [1]
  .text                 ro code   0x800'a4ac     0x4  startup_stm32l552xx.o [1]
  .text                 ro code   0x800'a4b0     0x4  startup_stm32l552xx.o [1]
  .text                 ro code   0x800'a4b4     0x4  startup_stm32l552xx.o [1]
  .text                 ro code   0x800'a4b8     0x4  startup_stm32l552xx.o [1]
  .text                 ro code   0x800'a4bc     0x4  startup_stm32l552xx.o [1]
  .text                 ro code   0x800'a4c0     0x4  startup_stm32l552xx.o [1]
  .text                 ro code   0x800'a4c4     0x4  startup_stm32l552xx.o [1]
  .text                 ro code   0x800'a4c8     0x4  startup_stm32l552xx.o [1]
  .text                 ro code   0x800'a4cc     0x4  startup_stm32l552xx.o [1]
  .text                 ro code   0x800'a4d0     0x4  startup_stm32l552xx.o [1]
  .text                 ro code   0x800'a4d4     0x4  startup_stm32l552xx.o [1]
  .text                 ro code   0x800'a4d8     0x4  startup_stm32l552xx.o [1]
  .text                 ro code   0x800'a4dc     0x4  startup_stm32l552xx.o [1]
  .text                 ro code   0x800'a4e0     0x4  startup_stm32l552xx.o [1]
  .text                 ro code   0x800'a4e4     0x4  startup_stm32l552xx.o [1]
  .text                 ro code   0x800'a4e8     0x4  startup_stm32l552xx.o [1]
  .text                 ro code   0x800'a4ec     0x4  startup_stm32l552xx.o [1]
  .text                 ro code   0x800'a4f0     0x4  startup_stm32l552xx.o [1]
  .text                 ro code   0x800'a4f4     0x4  startup_stm32l552xx.o [1]
  .text                 ro code   0x800'a4f8     0x4  startup_stm32l552xx.o [1]
  .text                 ro code   0x800'a4fc     0x4  startup_stm32l552xx.o [1]
  .text                 ro code   0x800'a500     0x4  startup_stm32l552xx.o [1]
  .text                 ro code   0x800'a504     0x4  startup_stm32l552xx.o [1]
  .text                 ro code   0x800'a508     0x4  startup_stm32l552xx.o [1]
  .text                 ro code   0x800'a50c     0x4  startup_stm32l552xx.o [1]
  .text                 ro code   0x800'a510     0x4  startup_stm32l552xx.o [1]
  .text                 ro code   0x800'a514     0x4  startup_stm32l552xx.o [1]
  .text                 ro code   0x800'a518     0x4  startup_stm32l552xx.o [1]
  .text                 ro code   0x800'a51c     0x4  startup_stm32l552xx.o [1]
  .text                 ro code   0x800'a520     0x4  startup_stm32l552xx.o [1]
  .text                 ro code   0x800'a524     0x4  startup_stm32l552xx.o [1]
  .text                 ro code   0x800'a528     0x4  startup_stm32l552xx.o [1]
  .text                 ro code   0x800'a52c     0x4  startup_stm32l552xx.o [1]
  .text                 ro code   0x800'a530     0x4  startup_stm32l552xx.o [1]
  .text                 ro code   0x800'a534     0x4  startup_stm32l552xx.o [1]
  .text                 ro code   0x800'a538     0x4  startup_stm32l552xx.o [1]
  .text                 ro code   0x800'a53c     0x4  startup_stm32l552xx.o [1]
  .text                 ro code   0x800'a540     0x4  startup_stm32l552xx.o [1]
  .text                 ro code   0x800'a544     0x0  cstart_closeall.o [16]
  .rodata               const     0x800'a544     0x0  zero_init3.o [16]
  .rodata               const     0x800'a544     0x0  lz77_init_single.o [16]
  Initializer bytes     const     0x800'a544   0x114  <for P2-P3-1>
                                - 0x800'a658  0xa464

"P2-P3", part 1 of 3:                          0x313
  P2-P3-1                        0x2000'0000   0x313  <Init block>
    .data               inited   0x2000'0000    0x2c  can_api.o [6]
    .data               inited   0x2000'002c    0x24  flight_controller_conductor.o [4]
    .data               inited   0x2000'0050    0x18  gpio_api.o [6]
    .data               inited   0x2000'0068    0x28  gps_conductor.o [5]
    .data               inited   0x2000'0090    0x28  log_conductor.o [2]
    .data               inited   0x2000'00b8    0x24  periodic_conductor.o [8]
    .data               inited   0x2000'00dc     0x4  port.o [13]
    .data               inited   0x2000'00e0    0x24  sevcon_conductor.o [9]
    .data               inited   0x2000'0104    0x18  sevcon_driver_dictionary.o [9]
    .data               inited   0x2000'011c     0xc  stm32l5xx_hal.o [12]
    .data               inited   0x2000'0128     0xc  system_obj.o [10]
    .data               inited   0x2000'0134    0x3c  system_obj.o [10]
    .data               inited   0x2000'0170    0x10  system_obj.o [10]
    .data               inited   0x2000'0180     0x8  system_obj.o [10]
    .data               inited   0x2000'0188     0x8  system_obj.o [10]
    .data               inited   0x2000'0190    0x18  system_obj.o [10]
    .data               inited   0x2000'01a8     0x4  system_stm32l5xx.o [11]
    .data               inited   0x2000'01ac    0x2c  uart_api.o [6]
    .data               inited   0x2000'01d8    0x38  xlocale_c.o [14]
    .data               inited   0x2000'0210    0x48  xfiles.o [14]
    .data               inited   0x2000'0258    0x48  xfiles.o [14]
    .data               inited   0x2000'02a0    0x48  xfiles.o [14]
    .data               inited   0x2000'02e8    0x20  xfiles.o [14]
    .data               inited   0x2000'0308     0x8  XShttio.o [14]
    .data               inited   0x2000'0310     0x2  flight_controller_conductor.o [4]
    .data               inited   0x2000'0312     0x1  system_api.o [10]
                               - 0x2000'0313   0x313

"P2-P3", part 2 of 3:                         0x3874
  .bss                  zero     0x2000'0314  0x2020  heap_4.o [13]
  .bss                  zero     0x2000'2334   0x48a  log_driver.o [2]
  .bss                  zero     0x2000'27be     0x2  gps_driver.o [5]
  .bss                  zero     0x2000'27c0   0x460  tasks.o [13]
  .bss                  zero     0x2000'2c20   0x45c  cmsis_os2.o [13]
  .bss                  zero     0x2000'307c   0x25c  cmsis_os2.o [13]
  .bss                  zero     0x2000'32d8   0x234  main.o [3]
  .bss                  zero     0x2000'350c   0x1d8  dlmalloc.o [14]
  .bss                  zero     0x2000'36e4   0x12c  timers.o [13]
  .bss                  zero     0x2000'3810    0x9c  tasks.o [13]
  .bss                  zero     0x2000'38ac    0x80  XShHandles.o [14]
  .bss                  zero     0x2000'392c    0x68  main.o [3]
  .bss                  zero     0x2000'3994    0x50  xfiles.o [14]
  .bss                  zero     0x2000'39e4    0x50  xfiles.o [14]
  .bss                  zero     0x2000'3a34    0x40  queue.o [13]
  .bss                  zero     0x2000'3a74    0x24  periodic_driver.o [8]
  .bss                  zero     0x2000'3a98    0x24  periodic_driver.o [8]
  .bss                  zero     0x2000'3abc    0x24  periodic_driver.o [8]
  .bss                  zero     0x2000'3ae0    0x24  periodic_driver.o [8]
  .bss                  zero     0x2000'3b04    0x1c  uart_api.o [6]
  .bss                  zero     0x2000'3b20    0x18  adc_api.o [6]
  .bss                  zero     0x2000'3b38    0x18  dlmalloc.o [14]
  .bss                  zero     0x2000'3b50    0x14  gps_hdwr.o [5]
  .bss                  zero     0x2000'3b64    0x10  sevcon_hdwr.o [9]
  .bss                  zero     0x2000'3b74     0x4  can_api.o [6]
  .bss                  zero     0x2000'3b78     0x4  cmsis_os2.o [13]
  .bss                  zero     0x2000'3b7c     0x4  periodic_conductor.o [8]
  .bss                  zero     0x2000'3b80     0x4  xfail_s.o [14]
  .bss                  zero     0x2000'3b84     0x4  xgetmemchunk.o [14]
                               - 0x2000'3b88  0x3874

"P2-P3", part 3 of 3:                          0x600
  CSTACK                         0x2000'3b88   0x400  <Block>
    CSTACK              uninit   0x2000'3b88   0x400  <Block tail>
  HEAP                           0x2000'3f88   0x200  <Block>
    HEAP                uninit   0x2000'3f88   0x200  <Block tail>
                               - 0x2000'4188   0x600

Unused ranges:

         From           To      Size
         ----           --      ----
   0x800'a658   0x807'ffff  0x7'59a8
  0x2000'0313  0x2000'0313       0x1
  0x2000'4188  0x2002'ffff  0x2'be78


*******************************************************************************
*** INIT TABLE
***

          Address      Size
          -------      ----
Zero (__iar_zero_init3)
    1 destination range, total size 0x3874:
          0x2000'0314  0x3874

Copy/lz77 (__iar_lz77_init_single3)
    1 source range, total size 0x114 (35% of destination):
           0x800'a544   0x114
    1 destination range, total size 0x313:
          0x2000'0000   0x313



*******************************************************************************
*** MODULE SUMMARY
***

    Module                         ro code  ro data  rw data
    ------                         -------  -------  -------
command line/config:
    --------------------------------------------------------
    Total:

D:\Proyectos\STM32\kart\EWARM\kart\Obj\Application\EWARM: [1]
    startup_stm32l552xx.o              920
    --------------------------------------------------------
    Total:                             920

D:\Proyectos\STM32\kart\EWARM\kart\Obj\Application\LOG\src: [2]
    log_api.o                           20
    log_conductor.o                    100       18       40
    log_driver.o                        80             1'162
    --------------------------------------------------------
    Total:                             200       18    1'202

D:\Proyectos\STM32\kart\EWARM\kart\Obj\Application\User: [3]
    main.o                           1'328               668
    stm32l5xx_hal_msp.o                856
    stm32l5xx_it.o                      48
    --------------------------------------------------------
    Total:                           2'232               668

D:\Proyectos\STM32\kart\EWARM\kart\Obj\Application\flight_controller\src: [4]
    flight_controller_api.o             12
    flight_controller_conductor.o      192       14       38
    flight_controller_driver.o         104
    flight_controller_hdwr.o           138
    --------------------------------------------------------
    Total:                             446       14       38

D:\Proyectos\STM32\kart\EWARM\kart\Obj\Application\gps\src: [5]
    gps_api.o                           12
    gps_conductor.o                     80       18       40
    gps_driver.o                       220                 2
    gps_hdwr.o                         180                20
    --------------------------------------------------------
    Total:                             492       18       62

D:\Proyectos\STM32\kart\EWARM\kart\Obj\Application\hdwr\src: [6]
    adc_api.o                          132                24
    can_api.o                          452       15       48
    fifo_api.o                          70
    gpio_api.o                          80        8       24
    pwm_api.o                          464
    uart_api.o                         288       15       72
    --------------------------------------------------------
    Total:                           1'486       38      168

D:\Proyectos\STM32\kart\EWARM\kart\Obj\Application\heartbeat\src: [7]
    heartbeat_api.o                     96
    --------------------------------------------------------
    Total:                              96

D:\Proyectos\STM32\kart\EWARM\kart\Obj\Application\periodic\src: [8]
    periodic_api.o                      36
    periodic_conductor.o               160       25       40
    periodic_driver.o                  236               144
    --------------------------------------------------------
    Total:                             432       25      184

D:\Proyectos\STM32\kart\EWARM\kart\Obj\Application\sevcon\src: [9]
    sevcon_api.o                        12
    sevcon_conductor.o                  76       21       36
    sevcon_driver.o                    224
    sevcon_driver_dictionary.o          48        8       24
    sevcon_hdwr.o                      110                16
    --------------------------------------------------------
    Total:                             470       29       76

D:\Proyectos\STM32\kart\EWARM\kart\Obj\Application\system\src: [10]
    system_api.o                       132        1        1
    system_obj.o                                 77      128
    --------------------------------------------------------
    Total:                             132       78      129

D:\Proyectos\STM32\kart\EWARM\kart\Obj\Drivers\CMSIS: [11]
    system_stm32l5xx.o                 200       74        4
    --------------------------------------------------------
    Total:                             200       74        4

D:\Proyectos\STM32\kart\EWARM\kart\Obj\Drivers\STM32L5xx_HAL_Driver: [12]
    stm32l5xx_hal.o                    114        4       12
    stm32l5xx_hal_adc.o              1'428
    stm32l5xx_hal_adc_ex.o             196
    stm32l5xx_hal_cortex.o             200
    stm32l5xx_hal_dma.o                828
    stm32l5xx_hal_fdcan.o            1'386
    stm32l5xx_hal_gpio.o               472
    stm32l5xx_hal_pwr.o                 16
    stm32l5xx_hal_pwr_ex.o             176
    stm32l5xx_hal_rcc.o              2'204
    stm32l5xx_hal_rcc_ex.o           1'444
    stm32l5xx_hal_rtc.o                332
    stm32l5xx_hal_rtc_ex.o              52
    stm32l5xx_hal_spi.o                224
    stm32l5xx_hal_tim.o              1'858
    stm32l5xx_hal_tim_ex.o             148
    stm32l5xx_hal_uart.o             2'976
    stm32l5xx_hal_uart_ex.o            254
    --------------------------------------------------------
    Total:                          14'308        4       12

D:\Proyectos\STM32\kart\EWARM\kart\Obj\Middlewares\FreeRTOS: [13]
    cmsis_os2.o                        780             1'724
    heap_4.o                           404             8'224
    list.o                             146
    port.o                             404        1        4
    portasm.o                          200
    queue.o                          1'428                64
    tasks.o                          1'952             1'276
    timers.o                           820               300
    --------------------------------------------------------
    Total:                           6'134        1   11'592

dl7M_tlf.a: [14]
    XShHandles.o                       204               128
    XShttio.o                            8        2        8
    abort.o                              6
    dlmalloc.o                       5'396               496
    exit.o                               4
    fclose.o                           126
    fflush.o                           172
    fputc.o                             84
    fseek.o                             36
    heaptramp0.o                         4
    low_level_init.o                     4
    printf.o                            40
    putchar.o                           12
    sprintf.o                           64
    xcloseall.o                         64
    xfail_s.o                           64                 4
    xfgpos.o                            12
    xfiles.o                                     87      408
    xfofind.o                          156
    xfspos.o                           216
    xfwprep.o                          180
    xgetmemchunk.o                      44                 4
    xlocale_c.o                          8       23       56
    xprintffull_nomb.o               3'886
    xprout.o                            22
    xsprout.o                           10
    --------------------------------------------------------
    Total:                          10'822      112    1'104

m7M_tls.a: [15]
    DblAddSub.o                        606
    DblCmpGe.o                          52
    DblCmpLe.o                          52
    DblDiv.o                           582
    DblMul.o                           426
    DblToFlt.o                         104
    DblToS32.o                          54
    DblToU32.o                          34
    FltToDbl.o                          72
    S32ToDbl.o                          34
    U32ToDbl.o                          28
    fpinit_M.o                          34
    frexp.o                            112
    ldexp.o                            314
    --------------------------------------------------------
    Total:                           2'504

rt7M_tl.a: [16]
    ABImemclr.o                          6
    ABImemcpy_small.o                   24
    ABImemset48.o                       58
    ABImemset_small.o                   18
    I64DivMod_small.o                  262
    I64DivZer.o                          2
    cexit.o                             14
    cmain.o                             30
    cstart_closeall.o
    cstartup_M.o                        28
    data_init.o                         40
    lz77_init_single.o                 120
    memchr.o                            88
    memset.o                            20
    strchr.o                            22
    strlen.o                            54
    zero_init3.o                        56
    --------------------------------------------------------
    Total:                             842

shb_l.a: [17]
    close.o                             24
    dwrite.o                            30
    exit.o                              20
    iarttio.o                          124
    iarwrite.o                          34
    iarwstd.o                           32
    lseek.o                             78
    remove.o                            20
    write.o                             16
    --------------------------------------------------------
    Total:                             378

    Gaps                                43        4
    Linker created                               32    1'536
------------------------------------------------------------
    Grand Total:                    42'137      447   16'775


*******************************************************************************
*** ENTRY LIST
***

Entry                       Address    Size  Type      Object
-----                       -------    ----  ----      ------
.iar.init_table$$Base    0x800'a2c4           --   Gb  - Linker created -
.iar.init_table$$Limit   0x800'a2e4           --   Gb  - Linker created -
?main                    0x800'a2e5          Code  Gb  cmain.o [16]
AHBPrescTable            0x800'87b4    0x10  Data  Gb  system_stm32l5xx.o [11]
APBPrescTable            0x800'a3a0     0x8  Data  Gb  system_stm32l5xx.o [11]
BusFault_Handler         0x800'a24f     0x2  Code  Gb  stm32l5xx_it.o [3]
CSTACK$$Base            0x2000'3b88           --   Gb  - Linker created -
CSTACK$$Limit           0x2000'3f88           --   Gb  - Linker created -
DLCtoBytes               0x800'765c    0x10  Data  Lc  stm32l5xx_hal_fdcan.o [12]
DMA1_Channel1_IRQHandler
                         0x800'a255     0x6  Code  Gb  stm32l5xx_it.o [3]
DMA_CalcDMAMUXChannelBaseAndMask
                         0x800'43f1    0x3a  Code  Lc  stm32l5xx_hal_dma.o [12]
DMA_CalcDMAMUXRequestGenBaseAndMask
                         0x800'442b    0x1c  Code  Lc  stm32l5xx_hal_dma.o [12]
DebugMon_Handler         0x800'a253     0x2  Code  Gb  stm32l5xx_it.o [3]
Error_Handler            0x800'5a8d     0x4  Code  Gb  main.o [3]
FDCAN1_IT0_IRQHandler    0x800'a25b     0x2  Code  Gb  stm32l5xx_it.o [3]
FDCAN1_IT1_IRQHandler    0x800'a25d     0x2  Code  Gb  stm32l5xx_it.o [3]
HAL_ADCEx_MultiModeConfigChannel
                         0x800'661d    0xae  Code  Gb  stm32l5xx_hal_adc_ex.o [12]
HAL_ADC_ConfigChannel    0x800'6289   0x2fe  Code  Gb  stm32l5xx_hal_adc.o [12]
HAL_ADC_Init             0x800'60cd   0x196  Code  Gb  stm32l5xx_hal_adc.o [12]
HAL_ADC_MspInit          0x800'3e19    0xd4  Code  Gb  stm32l5xx_hal_msp.o [3]
HAL_DMA_Abort            0x800'4205    0x66  Code  Gb  stm32l5xx_hal_dma.o [12]
HAL_DMA_Abort_IT         0x800'426b    0x6c  Code  Gb  stm32l5xx_hal_dma.o [12]
HAL_DMA_ConfigChannelAttributes
                         0x800'43d1    0x20  Code  Gb  stm32l5xx_hal_dma.o [12]
HAL_DMA_IRQHandler       0x800'42d7    0xe8  Code  Gb  stm32l5xx_hal_dma.o [12]
HAL_DMA_Init             0x800'4135    0x86  Code  Gb  stm32l5xx_hal_dma.o [12]
HAL_FDCAN_ActivateNotification
                         0x800'7405    0xe8  Code  Gb  stm32l5xx_hal_fdcan.o [12]
HAL_FDCAN_ErrorCallback
                         0x800'899b     0x2  Code  Gb  stm32l5xx_hal_fdcan.o [12]
HAL_FDCAN_ErrorStatusCallback
                         0x800'8999     0x2  Code  Gb  stm32l5xx_hal_fdcan.o [12]
HAL_FDCAN_GetRxMessage   0x800'732f    0xd6  Code  Gb  stm32l5xx_hal_fdcan.o [12]
HAL_FDCAN_HighPriorityMessageCallback
                         0x800'87c7     0x2  Code  Gb  stm32l5xx_hal_fdcan.o [12]
HAL_FDCAN_IRQHandler     0x800'74f9   0x162  Code  Gb  stm32l5xx_hal_fdcan.o [12]
HAL_FDCAN_Init           0x800'7115   0x1be  Code  Gb  stm32l5xx_hal_fdcan.o [12]
HAL_FDCAN_MspInit        0x800'3eed    0x70  Code  Gb  stm32l5xx_hal_msp.o [3]
HAL_FDCAN_RxFifo0Callback
                         0x800'8965     0x4  Code  Gb  can_api.o [6]
HAL_FDCAN_RxFifo1Callback
                         0x800'8969     0x4  Code  Gb  can_api.o [6]
HAL_FDCAN_Start          0x800'730f    0x20  Code  Gb  stm32l5xx_hal_fdcan.o [12]
HAL_FDCAN_TimeoutOccurredCallback
                         0x800'8997     0x2  Code  Gb  stm32l5xx_hal_fdcan.o [12]
HAL_FDCAN_TimestampWraparoundCallback
                         0x800'8995     0x2  Code  Gb  stm32l5xx_hal_fdcan.o [12]
HAL_FDCAN_TxBufferAbortCallback
                         0x800'87c9     0x2  Code  Gb  stm32l5xx_hal_fdcan.o [12]
HAL_FDCAN_TxBufferCompleteCallback
                         0x800'8993     0x2  Code  Gb  stm32l5xx_hal_fdcan.o [12]
HAL_FDCAN_TxEventFifoCallback
                         0x800'87cb     0x2  Code  Gb  stm32l5xx_hal_fdcan.o [12]
HAL_FDCAN_TxFifoEmptyCallback
                         0x800'8991     0x2  Code  Gb  stm32l5xx_hal_fdcan.o [12]
HAL_GPIO_Init            0x800'5a91   0x196  Code  Gb  stm32l5xx_hal_gpio.o [12]
HAL_GPIO_TogglePin       0x800'5c31    0x10  Code  Gb  stm32l5xx_hal_gpio.o [12]
HAL_GPIO_WritePin        0x800'5c27     0xa  Code  Gb  stm32l5xx_hal_gpio.o [12]
HAL_GetTick              0x800'4e39     0xc  Code  Gb  stm32l5xx_hal.o [12]
HAL_Init                 0x800'6065    0x22  Code  Gb  stm32l5xx_hal.o [12]
HAL_InitTick             0x800'6021    0x44  Code  Gb  stm32l5xx_hal.o [12]
HAL_MspInit              0x800'3ddd    0x3c  Code  Gb  stm32l5xx_hal_msp.o [3]
HAL_NVIC_EnableIRQ       0x800'4eb5    0x16  Code  Gb  stm32l5xx_hal_cortex.o [12]
HAL_NVIC_SetPriority     0x800'4e79    0x3a  Code  Gb  stm32l5xx_hal_cortex.o [12]
HAL_NVIC_SetPriorityGrouping
                         0x800'4e5f    0x1a  Code  Gb  stm32l5xx_hal_cortex.o [12]
HAL_PWREx_ControlVoltageScaling
                         0x800'4f19    0x66  Code  Gb  stm32l5xx_hal_pwr_ex.o [12]
HAL_PWREx_DisableUCPDDeadBattery
                         0x800'4f7f     0x2  Code  Gb  stm32l5xx_hal_pwr_ex.o [12]
HAL_PWREx_GetVoltageRange
                         0x800'4f0d     0xc  Code  Gb  stm32l5xx_hal_pwr_ex.o [12]
HAL_PWREx_SMPS_GetEffectiveMode
                         0x800'4f8b    0x1c  Code  Gb  stm32l5xx_hal_pwr_ex.o [12]
HAL_PWR_EnableBkUpAccess
                         0x800'77e9     0xc  Code  Gb  stm32l5xx_hal_pwr.o [12]
HAL_RCCEx_PeriphCLKConfig
                         0x800'4fbd   0x3d6  Code  Gb  stm32l5xx_hal_rcc_ex.o [12]
HAL_RCC_ClockConfig      0x800'4aef   0x18e  Code  Gb  stm32l5xx_hal_rcc.o [12]
HAL_RCC_GetHCLKFreq      0x800'4d3f    0x12  Code  Gb  stm32l5xx_hal_rcc.o [12]
HAL_RCC_GetPCLK1Freq     0x800'4d51     0xe  Code  Gb  stm32l5xx_hal_rcc.o [12]
HAL_RCC_GetPCLK2Freq     0x800'4d65    0x10  Code  Gb  stm32l5xx_hal_rcc.o [12]
HAL_RCC_GetSysClockFreq
                         0x800'4ca9    0x96  Code  Gb  stm32l5xx_hal_rcc.o [12]
HAL_RCC_OscConfig        0x800'459d   0x526  Code  Gb  stm32l5xx_hal_rcc.o [12]
HAL_RTCEx_PrivilegeModeSet
                         0x800'682d    0x2c  Code  Gb  stm32l5xx_hal_rtc_ex.o [12]
HAL_RTC_Init             0x800'66e1    0x86  Code  Gb  stm32l5xx_hal_rtc.o [12]
HAL_RTC_MspInit          0x800'3f83    0x50  Code  Gb  stm32l5xx_hal_msp.o [3]
HAL_RTC_WaitForSynchro   0x800'6767    0x2e  Code  Gb  stm32l5xx_hal_rtc.o [12]
HAL_SPI_Init             0x800'6861    0xd4  Code  Gb  stm32l5xx_hal_spi.o [12]
HAL_SPI_MspInit          0x800'3fd3    0x46  Code  Gb  stm32l5xx_hal_msp.o [3]
HAL_SYSTICK_Config       0x800'4ecb    0x28  Code  Gb  stm32l5xx_hal_cortex.o [12]
HAL_TIMEx_MasterConfigSynchronization
                         0x800'7081    0x7a  Code  Gb  stm32l5xx_hal_tim_ex.o [12]
HAL_TIM_Base_Init        0x800'6941    0x1a  Code  Gb  stm32l5xx_hal_tim.o [12]
HAL_TIM_Base_MspInit     0x800'4037    0x22  Code  Gb  stm32l5xx_hal_msp.o [3]
HAL_TIM_ConfigClockSource
                         0x800'6bf1    0x90  Code  Gb  stm32l5xx_hal_tim.o [12]
HAL_TIM_MspPostInit      0x800'4059    0x3a  Code  Gb  stm32l5xx_hal_msp.o [3]
HAL_TIM_PWM_ConfigChannel
                         0x800'6ae3   0x102  Code  Gb  stm32l5xx_hal_tim.o [12]
HAL_TIM_PWM_Init         0x800'6985    0x1a  Code  Gb  stm32l5xx_hal_tim.o [12]
HAL_TIM_PWM_MspInit      0x800'87c5     0x2  Code  Gb  stm32l5xx_hal_tim.o [12]
HAL_TIM_PWM_Start        0x800'699f    0xc4  Code  Gb  stm32l5xx_hal_tim.o [12]
HAL_UARTEx_DisableFifoMode
                         0x800'766d    0x3c  Code  Gb  stm32l5xx_hal_uart_ex.o [12]
HAL_UARTEx_RxEventCallback
                         0x800'4473     0x2  Code  Gb  stm32l5xx_hal_uart.o [12]
HAL_UARTEx_RxFifoFullCallback
                         0x800'459b     0x2  Code  Gb  stm32l5xx_hal_uart_ex.o [12]
HAL_UARTEx_SetRxFifoThreshold
                         0x800'76bf    0x14  Code  Gb  stm32l5xx_hal_uart_ex.o [12]
HAL_UARTEx_SetTxFifoThreshold
                         0x800'76a9    0x16  Code  Gb  stm32l5xx_hal_uart_ex.o [12]
HAL_UARTEx_TxFifoEmptyCallback
                         0x800'4599     0x2  Code  Gb  stm32l5xx_hal_uart_ex.o [12]
HAL_UARTEx_WakeupCallback
                         0x800'4475     0x2  Code  Gb  stm32l5xx_hal_uart_ex.o [12]
HAL_UART_ErrorCallback   0x800'4471     0x2  Code  Gb  stm32l5xx_hal_uart.o [12]
HAL_UART_IRQHandler      0x800'3323   0x27c  Code  Gb  stm32l5xx_hal_uart.o [12]
HAL_UART_Init            0x800'3241    0x30  Code  Gb  stm32l5xx_hal_uart.o [12]
HAL_UART_MspInit         0x800'4093    0x5e  Code  Gb  stm32l5xx_hal_msp.o [3]
HAL_UART_Receive_IT      0x800'32c1    0x2c  Code  Gb  stm32l5xx_hal_uart.o [12]
HAL_UART_RxCpltCallback
                         0x800'4523    0x22  Code  Gb  uart_api.o [6]
HAL_UART_TxCpltCallback
                         0x800'4559     0x6  Code  Gb  uart_api.o [6]
HEAP$$Base              0x2000'3f88           --   Gb  - Linker created -
HEAP$$Limit             0x2000'4188           --   Gb  - Linker created -
HardFault_Handler        0x800'a24b     0x2  Code  Gb  stm32l5xx_it.o [3]
KernelState             0x2000'3b78     0x4  Data  Lc  cmsis_os2.o [13]
LL_ADC_GetOffsetChannel
                         0x800'6089     0xe  Code  Lc  stm32l5xx_hal_adc.o [12]
LL_ADC_SetChannelSamplingTime
                         0x800'60a9    0x24  Code  Lc  stm32l5xx_hal_adc.o [12]
LL_ADC_SetOffsetState    0x800'6097    0x12  Code  Lc  stm32l5xx_hal_adc.o [12]
MSIRangeTable            0x800'a190    0x40  Data  Gb  system_stm32l5xx.o [11]
MX_DMA_Init              0x800'5a05    0x3c  Code  Lc  main.o [3]
MemManage_Handler        0x800'a24d     0x2  Code  Gb  stm32l5xx_it.o [3]
NMI_Handler              0x800'a249     0x2  Code  Gb  stm32l5xx_it.o [3]
PendSV_Handler           0x800'8afd          Code  Gb  portasm.o [13]
RCCEx_PLLSAI1_Config     0x800'53bd    0xd6  Code  Lc  stm32l5xx_hal_rcc_ex.o [12]
RCCEx_PLLSAI2_Config     0x800'5499    0xa8  Code  Lc  stm32l5xx_hal_rcc_ex.o [12]
RCC_SetFlashLatencyFromMSIRange
                         0x800'4d81    0x78  Code  Lc  stm32l5xx_hal_rcc.o [12]
RTC_EnterInitMode        0x800'6795    0x40  Code  Gb  stm32l5xx_hal_rtc.o [12]
RTC_ExitInitMode         0x800'67d5    0x4c  Code  Gb  stm32l5xx_hal_rtc.o [12]
Region$$Table$$Base      0x800'a2c4           --   Gb  - Linker created -
Region$$Table$$Limit     0x800'a2e4           --   Gb  - Linker created -
SVC_Handler              0x800'8b41          Code  Gb  portasm.o [13]
SysTick_Handler          0x800'5c7d    0x1a  Code  Gb  cmsis_os2.o [13]
SystemClock_Config       0x800'5977    0x84  Code  Gb  main.o [3]
SystemCoreClock         0x2000'01a8     0x4  Data  Gb  system_stm32l5xx.o [11]
SystemCoreClockUpdate    0x800'8709    0x8e  Code  Gb  system_stm32l5xx.o [11]
SystemInit               0x800'86fd     0xc  Code  Gb  system_stm32l5xx.o [11]
TIM_Base_SetConfig       0x800'6cad    0xac  Code  Gb  stm32l5xx_hal_tim.o [12]
TIM_CCxChannelCmd        0x800'7065    0x1c  Code  Gb  stm32l5xx_hal_tim.o [12]
TIM_ETR_SetConfig        0x800'7051    0x14  Code  Gb  stm32l5xx_hal_tim.o [12]
TIM_ITRx_SetConfig       0x800'7005    0x10  Code  Lc  stm32l5xx_hal_tim.o [12]
TIM_OC1_SetConfig        0x800'6d59    0x84  Code  Lc  stm32l5xx_hal_tim.o [12]
TIM_OC2_SetConfig        0x800'6ddd    0x74  Code  Gb  stm32l5xx_hal_tim.o [12]
TIM_OC3_SetConfig        0x800'6e51    0x70  Code  Lc  stm32l5xx_hal_tim.o [12]
TIM_OC4_SetConfig        0x800'6ec1    0x4e  Code  Lc  stm32l5xx_hal_tim.o [12]
TIM_OC5_SetConfig        0x800'6f0f    0x54  Code  Lc  stm32l5xx_hal_tim.o [12]
TIM_OC6_SetConfig        0x800'6f63    0x4e  Code  Lc  stm32l5xx_hal_tim.o [12]
TIM_TI1_ConfigInputStage
                         0x800'6fbf    0x22  Code  Lc  stm32l5xx_hal_tim.o [12]
TIM_TI2_ConfigInputStage
                         0x800'6fe1    0x24  Code  Lc  stm32l5xx_hal_tim.o [12]
UARTEx_SetNbDataToProcess
                         0x800'7715    0x3e  Code  Lc  stm32l5xx_hal_uart_ex.o [12]
UARTEx_SetNbDataToProcess::denominator
                         0x800'775c     0x8  Data  Lc  stm32l5xx_hal_uart_ex.o [12]
UARTEx_SetNbDataToProcess::numerator
                         0x800'7754     0x8  Data  Lc  stm32l5xx_hal_uart_ex.o [12]
UARTPrescTable           0x800'3dc4    0x18  Data  Gb  stm32l5xx_hal_uart.o [12]
UART_AdvFeatureConfig    0x800'383f    0xc6  Code  Gb  stm32l5xx_hal_uart.o [12]
UART_CheckIdleState      0x800'3905    0x5c  Code  Gb  stm32l5xx_hal_uart.o [12]
UART_DMAAbortOnError     0x800'3af1    0x10  Code  Lc  stm32l5xx_hal_uart.o [12]
UART_EndRxTransfer       0x800'3ab3    0x34  Code  Lc  stm32l5xx_hal_uart.o [12]
UART_RxISR_16BIT         0x800'3b29    0x28  Code  Lc  stm32l5xx_hal_uart.o [12]
UART_RxISR_16BIT_FIFOEN
                         0x800'3c49    0x92  Code  Lc  stm32l5xx_hal_uart.o [12]
UART_RxISR_8BIT          0x800'3b01    0x28  Code  Lc  stm32l5xx_hal_uart.o [12]
UART_RxISR_8BIT_FIFOEN   0x800'3bad    0x92  Code  Lc  stm32l5xx_hal_uart.o [12]
UART_SetConfig           0x800'35a1   0x286  Code  Gb  stm32l5xx_hal_uart.o [12]
UART_Start_Receive_IT    0x800'39e9    0xca  Code  Gb  stm32l5xx_hal_uart.o [12]
UART_WaitOnFlagUntilTimeout
                         0x800'3961    0x6a  Code  Gb  stm32l5xx_hal_uart.o [12]
USART3_IRQHandler        0x800'a265     0x6  Code  Gb  stm32l5xx_it.o [3]
UsageFault_Handler       0x800'a251     0x2  Code  Gb  stm32l5xx_it.o [3]
_Close_all               0x800'a1d1    0x40  Code  Gb  xcloseall.o [14]
_Files                  0x2000'02e8    0x20  Data  Gb  xfiles.o [14]
_Fofree                  0x800'9f79    0x96  Code  Gb  xfofind.o [14]
_Fspos                   0x800'9b85    0xd8  Code  Gb  xfspos.o [14]
_Fwprep                  0x800'9ea1    0xb4  Code  Gb  xfwprep.o [14]
_LitobFullNoMb           0x800'252d   0x10c  Code  Lc  xprintffull_nomb.o [14]
_Locale_lconv           0x2000'01d8    0x38  Data  Lc  xlocale_c.o [14]
_Nnl                     0x800'9d09     0xc  Code  Gb  xfgpos.o [14]
_PrintfFullNoMb          0x800'17f9   0xd06  Code  Gb  xprintffull_nomb.o [14]
_Prout                   0x800'a339    0x16  Code  Gb  xprout.o [14]
_PutcharFullNoMb         0x800'2691    0x20  Code  Lc  xprintffull_nomb.o [14]
_PutcharsFullNoMb        0x800'26b1    0x2e  Code  Lc  xprintffull_nomb.o [14]
_SProut                  0x800'170f     0xa  Code  Gb  xsprout.o [14]
__NVIC_SetPriority       0x800'4e45    0x1a  Code  Lc  stm32l5xx_hal_cortex.o [12]
__Vectors                0x800'0000           --   Gb  startup_stm32l552xx.o [1]
__Vectors_End            0x800'01f4          Data  Gb  startup_stm32l552xx.o [1]
__Vectors_Size {Abs}          0x1f4           --   Gb  startup_stm32l552xx.o [1]
__aeabi_cdcmple          0x800'2899          Code  Gb  DblCmpLe.o [15]
__aeabi_cdrcmple         0x800'28cd          Code  Gb  DblCmpGe.o [15]
__aeabi_d2f              0x800'9b1d          Code  Gb  DblToFlt.o [15]
__aeabi_d2iz             0x800'2a3d          Code  Gb  DblToS32.o [15]
__aeabi_d2uiz            0x800'2f41          Code  Gb  DblToU32.o [15]
__aeabi_dadd             0x800'2a99          Code  Gb  DblAddSub.o [15]
__aeabi_ddiv             0x800'2cf9          Code  Gb  DblDiv.o [15]
__aeabi_dmul             0x800'2f81          Code  Gb  DblMul.o [15]
__aeabi_dsub             0x800'2c15          Code  Gb  DblAddSub.o [15]
__aeabi_f2d              0x800'9ad5          Code  Gb  FltToDbl.o [15]
__aeabi_i2d              0x800'2a75          Code  Gb  S32ToDbl.o [15]
__aeabi_ldiv0            0x800'323d          Code  Gb  I64DivZer.o [16]
__aeabi_memclr           0x800'1745          Code  Gb  ABImemclr.o [16]
__aeabi_memset4          0x800'8cf1          Code  Gb  ABImemset48.o [16]
__aeabi_memset8          0x800'8cf1          Code  Gb  ABImemset48.o [16]
__aeabi_ui2d             0x800'2f65          Code  Gb  U32ToDbl.o [15]
__cexit_closeall         0x800'a30f          Code  Gb  cexit.o [16]
__close                  0x800'a097    0x18  Code  Gb  close.o [17]
__cmain                  0x800'a2e5          Code  Gb  cmain.o [16]
__cstart_closeall        0x800'a544          Data  Gb  cstart_closeall.o [16]
__data_GetMemChunk       0x800'1719    0x2c  Code  Gb  xgetmemchunk.o [14]
__data_GetMemChunk::start
                        0x2000'3b84     0x4  Data  Lc  xgetmemchunk.o [14]
__dwrite                 0x800'9e41    0x1e  Code  Gb  dwrite.o [17]
__exit                   0x800'174d    0x14  Code  Gb  exit.o [17]
__iar_Fail_s             0x800'2741    0x1c  Code  Gb  xfail_s.o [14]
__iar_Memchr             0x800'27b9          Code  Gb  memchr.o [16]
__iar_Memset4_word       0x800'8cf9          Code  Gb  ABImemset48.o [16]
__iar_Memset8_word       0x800'8cf9          Code  Gb  ABImemset48.o [16]
__iar_Stderr            0x2000'02a0    0x48  Data  Gb  xfiles.o [14]
__iar_Stdin             0x2000'0210    0x48  Data  Gb  xfiles.o [14]
__iar_Stdout            0x2000'0258    0x48  Data  Gb  xfiles.o [14]
__iar_Strchr             0x800'2729          Code  Gb  strchr.o [16]
__iar_close_ttio         0x800'1775    0x2c  Code  Gb  iarttio.o [17]
__iar_data_init3         0x800'a279    0x28  Code  Gb  data_init.o [16]
__iar_dlcalloc           0x800'16c5    0x3e  Code  Gb  dlmalloc.o [14]
__iar_dlfree             0x800'1193   0x52c  Code  Gb  dlmalloc.o [14]
__iar_dlmalloc           0x800'027d   0xf16  Code  Gb  dlmalloc.o [14]
__iar_frexp              0x800'2835          Code  Gb  frexp.o [15]
__iar_frexpl             0x800'2835          Code  Gb  frexp.o [15]
__iar_get_ttio           0x800'17a1    0x4c  Code  Gb  iarttio.o [17]
__iar_init_vfp           0x800'a2a1          Code  Gb  fpinit_M.o [15]
__iar_ldexp64            0x800'2901          Code  Gb  ldexp.o [15]
__iar_lookup_ttioh       0x800'17f1     0x8  Code  Gb  XShttio.o [14]
__iar_lz77_init_single3
                         0x800'a0c3    0x78  Code  Gb  lz77_init_single.o [16]
__iar_program_start      0x800'a31d          Code  Gb  cstartup_M.o [16]
__iar_scalbln64          0x800'2901          Code  Gb  ldexp.o [15]
__iar_scalbn64           0x800'2901          Code  Gb  ldexp.o [15]
__iar_sh_Discard         0x800'9d75    0x42  Code  Gb  XShHandles.o [14]
__iar_sh_Move            0x800'9db7    0x46  Code  Gb  XShHandles.o [14]
__iar_sh_Pos             0x800'9dfd    0x40  Code  Gb  XShHandles.o [14]
__iar_sh_stdout          0x800'9e5f    0x20  Code  Gb  iarwstd.o [17]
__iar_sh_write           0x800'9e7f    0x22  Code  Gb  iarwrite.o [17]
__iar_small_Memcpy       0x800'2815          Code  Gb  ABImemcpy_small.o [16]
__iar_small_Memset       0x800'1761          Code  Gb  ABImemset_small.o [16]
__iar_small_Memset_word
                         0x800'1761          Code  Gb  ABImemset_small.o [16]
__iar_small_memcpy       0x800'2811          Code  Gb  ABImemcpy_small.o [16]
__iar_small_memcpy4      0x800'2811          Code  Gb  ABImemcpy_small.o [16]
__iar_small_memcpy8      0x800'2811          Code  Gb  ABImemcpy_small.o [16]
__iar_small_memset       0x800'1761          Code  Gb  ABImemset_small.o [16]
__iar_small_uldivmod     0x800'3135          Code  Gb  I64DivMod_small.o [16]
__iar_softfp___iar_frexp64
                         0x800'2829          Code  Gb  frexp.o [15]
__iar_softfp_frexp       0x800'2829          Code  Gb  frexp.o [15]
__iar_softfp_frexpl      0x800'2829          Code  Gb  frexp.o [15]
__iar_ttio_handles      0x2000'0308     0x8  Data  Lc  XShttio.o [14]
__iar_zero_init3         0x800'a211    0x38  Code  Gb  zero_init3.o [16]
__low_level_init         0x800'a303     0x4  Code  Gb  low_level_init.o [14]
__lseek                  0x800'9d15    0x4e  Code  Gb  lseek.o [17]
__vector_table           0x800'0000          Data  Gb  startup_stm32l552xx.o [1]
__write                  0x800'9d63    0x10  Code  Gb  write.o [17]
_call_main               0x800'a2f1          Code  Gb  cmain.o [16]
_exit                    0x800'a30d          Code  Gb  cexit.o [16]
_gm_                    0x2000'350c   0x1d8  Data  Lc  dlmalloc.o [14]
abort                    0x800'1709     0x6  Code  Gb  abort.o [14]
adc1_dma                0x2000'3b24    0x14  Data  Gb  adc_api.o [6]
adc_get_value            0x800'9a51    0x5e  Code  Gb  adc_api.o [6]
can_cfg                 0x2000'0170    0x10  Data  Gb  system_obj.o [10]
can_create               0x800'881d    0x8e  Code  Gb  can_api.o [6]
can_enqueue_new_message
                         0x800'87d9    0x44  Code  Gb  can_api.o [6]
can_fifo_subscribe      0x2000'3b74     0x4  Data  Gb  can_api.o [6]
can_suscribe_rx_fifo     0x800'88b5    0x1e  Code  Gb  can_api.o [6]
can_task                 0x800'87cd     0xc  Code  Gb  can_api.o [6]
can_task_attributes     0x2000'0008    0x24  Data  Gb  can_api.o [6]
canopen_get_data         0x800'8909    0x5c  Code  Gb  can_api.o [6]
canopen_get_index        0x800'88e5    0x14  Code  Gb  can_api.o [6]
canopen_get_subindex     0x800'88f9     0xa  Code  Gb  can_api.o [6]
cllbck_every_1000_ms    0x2000'3ae0    0x24  Data  Gb  periodic_driver.o [8]
cllbck_every_100_ms     0x2000'3a74    0x24  Data  Gb  periodic_driver.o [8]
cllbck_every_200_ms     0x2000'3a98    0x24  Data  Gb  periodic_driver.o [8]
cllbck_every_500_ms     0x2000'3abc    0x24  Data  Gb  periodic_driver.o [8]
configurated            0x2000'3b20     0x1  Data  Gb  adc_api.o [6]
convert_string_to_float
                         0x800'95cd    0x1c  Code  Lc  gps_driver.o [5]
dictionary_canopen      0x2000'0104    0x18  Data  Lc  sevcon_driver_dictionary.o [9]
ebuf                    0x2000'3994    0x50  Data  Lc  xfiles.o [14]
exit                     0x800'a307     0x4  Code  Gb  exit.o [14]
fclose                   0x800'a019    0x7e  Code  Gb  fclose.o [14]
fflush                   0x800'9cd1    0x34  Code  Gb  fflush.o [14]
fflushOne                0x800'9c5d    0x74  Code  Lc  fflush.o [14]
fields                  0x2000'27be     0x2  Data  Gb  gps_driver.o [5]
fifo_create_queue        0x800'5fb1     0xe  Code  Gb  fifo_api.o [6]
fifo_dequeue_msg         0x800'5fd7    0x18  Code  Gb  fifo_api.o [6]
fifo_enqueue_msg         0x800'5fbf    0x18  Code  Gb  fifo_api.o [6]
flight_controller_cfg   0x2000'0134    0x3c  Data  Gb  system_obj.o [10]
flight_controller_conductor_init
                         0x800'93fd    0x4e  Code  Gb  flight_controller_conductor.o [4]
flight_controller_conductor_resume_thread
                         0x800'9459     0x2  Code  Gb  flight_controller_conductor.o [4]
flight_controller_driver_init
                         0x800'9767    0x1c  Code  Gb  flight_controller_driver.o [4]
flight_controller_driver_log_init
                         0x800'9795    0x20  Code  Gb  flight_controller_driver.o [4]
flight_controller_driver_periodic
                         0x800'975d     0xa  Code  Lc  flight_controller_driver.o [4]
flight_controller_driver_start_periodic
                         0x800'9783     0xe  Code  Gb  flight_controller_driver.o [4]
flight_controller_hdwr_check_adc
                         0x800'97f5    0x34  Code  Gb  flight_controller_hdwr.o [4]
flight_controller_hdwr_init
                         0x800'97c5    0x30  Code  Gb  flight_controller_hdwr.o [4]
flight_controller_hdwr_start
                         0x800'9829    0x26  Code  Gb  flight_controller_hdwr.o [4]
flight_controller_init   0x800'8a89     0xc  Code  Gb  flight_controller_api.o [4]
flight_controller_task_attributes
                        0x2000'002c    0x24  Data  Gb  flight_controller_conductor.o [4]
fligth_controller_thread
                         0x800'93a5    0x56  Code  Lc  flight_controller_conductor.o [4]
fputc                    0x800'a13b    0x54  Code  Gb  fputc.o [14]
free                     0x800'a015     0x4  Code  Gb  heaptramp0.o [14]
fseek                    0x800'9f55    0x24  Code  Gb  fseek.o [14]
get_lenght_fields_lenght
                         0x800'96a9    0x5c  Code  Gb  gps_hdwr.o [5]
gpio                    0x2000'0312     0x1  Data  Gb  system_api.o [10]
gpio_hal                0x2000'0050    0x18  Data  Gb  gpio_api.o [6]
gpio_off                 0x800'89ad     0xe  Code  Gb  gpio_api.o [6]
gpio_on                  0x800'899d    0x10  Code  Gb  gpio_api.o [6]
gpio_toggle              0x800'89d1    0x16  Code  Gb  gpio_api.o [6]
gps                     0x2000'008c     0x4  Data  Gb  gps_conductor.o [5]
gps_cfg                 0x2000'0190    0x18  Data  Gb  system_obj.o [10]
gps_conductor_init       0x800'935f    0x3e  Code  Gb  gps_conductor.o [5]
gps_driver_get_msg       0x800'9609    0x68  Code  Gb  gps_driver.o [5]
gps_driver_log_init      0x800'95e9    0x1e  Code  Gb  gps_driver.o [5]
gps_hdwr_get_msg         0x800'9743    0x14  Code  Gb  gps_hdwr.o [5]
gps_hdwr_init            0x800'9705    0x3e  Code  Gb  gps_hdwr.o [5]
gps_init                 0x800'8a7d     0xc  Code  Gb  gps_api.o [5]
gps_proccess_message::__FUNCTION__
                         0x800'9674    0x18  Data  Lc  gps_driver.o [5]
gps_task                 0x800'9355     0xa  Code  Gb  gps_conductor.o [5]
gps_task_attributes     0x2000'0068    0x24  Data  Gb  gps_conductor.o [5]
hadc1                   0x2000'32d8    0x68  Data  Gb  main.o [3]
hdma_adc1               0x2000'392c    0x68  Data  Gb  main.o [3]
heartbeat               0x2000'0128     0xc  Data  Gb  system_obj.o [10]
heartbeat_init           0x800'8a19    0x4a  Code  Gb  heartbeat_api.o [7]
heartbeat_periodic       0x800'8a11     0x6  Code  Gb  heartbeat_api.o [7]
hfdcan1                 0x2000'3340    0x64  Data  Gb  main.o [3]
hrtc                    0x2000'3498    0x28  Data  Gb  main.o [3]
hspi3                   0x2000'33a4    0x64  Data  Gb  main.o [3]
htim3                   0x2000'34c0    0x4c  Data  Gb  main.o [3]
huart3                  0x2000'3408    0x90  Data  Gb  main.o [3]
id_msg_rx               0x2000'27bc     0x2  Data  Gb  log_driver.o [2]
init_mparams             0x800'0211    0x2c  Code  Lc  dlmalloc.o [14]
init_top                 0x800'023d    0x34  Code  Lc  dlmalloc.o [14]
ldexp                    0x800'2901          Code  Gb  ldexp.o [15]
ldexpl                   0x800'2901          Code  Gb  ldexp.o [15]
localeconv               0x800'312d     0x4  Code  Gb  xlocale_c.o [14]
log_conductor_init       0x800'86a9    0x2c  Code  Gb  log_conductor.o [2]
log_conductor_new_msg    0x800'86d5    0x18  Code  Gb  log_conductor.o [2]
log_driver_create_new_message
                         0x800'912d    0x50  Code  Gb  log_driver.o [2]
log_init                 0x800'5f9d     0x4  Code  Gb  log_api.o [2]
log_msg                 0x2000'2334   0x488  Data  Gb  log_driver.o [2]
log_new_msg              0x800'5fa1    0x10  Code  Gb  log_api.o [2]
log_task                 0x800'8699    0x10  Code  Gb  log_conductor.o [2]
log_task_attributes     0x2000'0090    0x24  Data  Gb  log_conductor.o [2]
main                     0x800'5561   0x3de  Code  Gb  main.o [3]
memchr                   0x800'27b9          Code  Gb  memchr.o [16]
memset                   0x800'5c69    0x14  Code  Gb  memset.o [16]
mparams                 0x2000'3b38    0x18  Data  Lc  dlmalloc.o [14]
msg                     0x2000'3b50    0x14  Data  Gb  gps_hdwr.o [5]
msg_servcon             0x2000'3b64    0x10  Data  Gb  sevcon_hdwr.o [9]
name_thread_can         0x2000'0000     0x8  Data  Gb  can_api.o [6]
name_thread_uart        0x2000'01ac     0x8  Data  Gb  uart_api.o [6]
obuf                    0x2000'39e4    0x50  Data  Lc  xfiles.o [14]
osKernelInitialize       0x800'5c97    0x1a  Code  Gb  cmsis_os2.o [13]
osKernelStart            0x800'5cb9    0x2a  Code  Gb  cmsis_os2.o [13]
osMessageQueueGet        0x800'5efd    0x4e  Code  Gb  cmsis_os2.o [13]
osMessageQueueNew        0x800'5e4d    0x60  Code  Gb  cmsis_os2.o [13]
osMessageQueuePut        0x800'5ead    0x50  Code  Gb  cmsis_os2.o [13]
osThreadFlagsWait        0x800'5da1    0x92  Code  Gb  cmsis_os2.o [13]
osThreadNew              0x800'5cef    0x92  Code  Gb  cmsis_os2.o [13]
osThreadResume           0x800'5d81    0x20  Code  Gb  cmsis_os2.o [13]
periodic_cllbcks_registers
                         0x800'921d    0x22  Code  Lc  periodic_driver.o [8]
periodic_conductor_init
                         0x800'91dd    0x2a  Code  Gb  periodic_conductor.o [8]
periodic_driver_enable_function
                         0x800'92b9    0x3c  Code  Gb  periodic_driver.o [8]
periodic_driver_every_1000ms
                         0x800'924b     0x4  Code  Gb  periodic_driver.o [8]
periodic_driver_every_100ms
                         0x800'923f     0x4  Code  Gb  periodic_driver.o [8]
periodic_driver_every_200ms
                         0x800'9243     0x4  Code  Gb  periodic_driver.o [8]
periodic_driver_every_500ms
                         0x800'9247     0x4  Code  Gb  periodic_driver.o [8]
periodic_driver_register
                         0x800'9251    0x68  Code  Gb  periodic_driver.o [8]
periodic_init            0x800'89ed     0x4  Code  Gb  periodic_api.o [8]
periodic_register        0x800'89f1    0x14  Code  Gb  periodic_api.o [8]
periodic_start           0x800'8a05     0xc  Code  Gb  periodic_api.o [8]
periodic_task            0x800'917d    0x54  Code  Gb  periodic_conductor.o [8]
periodic_task_attributes
                        0x2000'00b8    0x24  Data  Gb  periodic_conductor.o [8]
printf                   0x800'5ff9    0x28  Code  Gb  printf.o [14]
prvAddCurrentTaskToDelayedList
                         0x800'7f2f    0x4e  Code  Lc  tasks.o [13]
prvAddNewTaskToReadyList
                         0x800'7933    0xb0  Code  Lc  tasks.o [13]
prvCheckForValidListAndQueue
                         0x800'90a1    0x4e  Code  Lc  timers.o [13]
prvCheckForValidListAndQueue{1}{2}{3}{4}::ucStaticTimerQueueStorage
                        0x2000'3770    0xa0  Data  Lc  timers.o [13]
prvCheckForValidListAndQueue{1}{2}{3}{4}::xStaticTimerQueue
                        0x2000'3720    0x50  Data  Lc  timers.o [13]
prvCopyDataFromQueue     0x800'8585    0x28  Code  Lc  queue.o [13]
prvCopyDataToQueue       0x800'851d    0x68  Code  Lc  queue.o [13]
prvDeleteTCB             0x800'7dcd    0x2a  Code  Lc  tasks.o [13]
prvIdleTask              0x800'7d8d    0x40  Code  Lc  tasks.o [13]
prvInitialiseNewQueue    0x800'81ef    0x20  Code  Lc  queue.o [13]
prvInitialiseNewTask     0x800'78a5    0x8e  Code  Lc  tasks.o [13]
prvInsertBlockIntoFreeList
                         0x800'8ca5    0x46  Code  Lc  heap_4.o [13]
prvInsertTimerInActiveList
                         0x800'906b    0x34  Code  Lc  timers.o [13]
prvIsQueueEmpty          0x800'8615    0x16  Code  Lc  queue.o [13]
prvResetNextTaskUnblockTime
                         0x800'7df7    0x1a  Code  Lc  tasks.o [13]
prvSampleTimeNow         0x800'8ff1    0x7a  Code  Lc  timers.o [13]
prvSampleTimeNow::xLastTime
                        0x2000'36f4     0x4  Data  Lc  timers.o [13]
prvTaskExitError         0x800'7f99    0x22  Code  Lc  port.o [13]
prvTaskIsTaskSuspended   0x800'79e9    0x28  Code  Lc  tasks.o [13]
prvTimerTask             0x800'8e6d   0x184  Code  Lc  timers.o [13]
prvUnlockQueue           0x800'85ad    0x68  Code  Lc  queue.o [13]
putchar                  0x800'a351     0xc  Code  Gb  putchar.o [14]
pvPortMalloc             0x800'8b5d    0xfe  Code  Gb  heap_4.o [13]
pwm_check_channel        0x800'9895    0x20  Code  Gb  pwm_api.o [6]
pwm_create               0x800'98b5    0xa6  Code  Gb  pwm_api.o [6]
pwm_get_handle_hal       0x800'9851    0x44  Code  Gb  pwm_api.o [6]
pwm_set_new_duty         0x800'996d    0x78  Code  Gb  pwm_api.o [6]
pwm_start                0x800'995b    0x12  Code  Gb  pwm_api.o [6]
pxCurrentTCB            0x2000'3838     0x4  Data  Gb  tasks.o [13]
pxCurrentTimerList      0x2000'36e4     0x4  Data  Lc  timers.o [13]
pxDelayedTaskList       0x2000'383c     0x4  Data  Lc  tasks.o [13]
pxEnd                   0x2000'031c     0x4  Data  Lc  heap_4.o [13]
pxOverflowDelayedTaskList
                        0x2000'3840     0x4  Data  Lc  tasks.o [13]
pxOverflowTimerList     0x2000'36e8     0x4  Data  Lc  timers.o [13]
pxPortInitialiseStack    0x800'8045    0x68  Code  Gb  port.o [13]
pxReadyTasksLists       0x2000'27c0   0x460  Data  Lc  tasks.o [13]
remove                   0x800'a0af    0x14  Code  Gb  remove.o [17]
sFileInfo               0x2000'38ac    0x80  Data  Lc  XShHandles.o [14]
scalbln                  0x800'2901          Code  Gb  ldexp.o [15]
scalblnl                 0x800'2901          Code  Gb  ldexp.o [15]
scalbn                   0x800'2901          Code  Gb  ldexp.o [15]
scalbnl                  0x800'2901          Code  Gb  ldexp.o [15]
scale                    0x800'2639    0x46  Code  Lc  xprintffull_nomb.o [14]
sec_hand                0x2000'3b80     0x4  Data  Lc  xfail_s.o [14]
segment_holding          0x800'01f5    0x1c  Code  Lc  dlmalloc.o [14]
send_duty               0x2000'0310     0x2  Data  Gb  flight_controller_conductor.o [4]
sevcon_cfg              0x2000'0180     0x8  Data  Gb  system_obj.o [10]
sevcon_conductor_init    0x800'9313    0x3a  Code  Gb  sevcon_conductor.o [9]
sevcon_dictionary_found_id
                         0x800'9a21    0x30  Code  Gb  sevcon_driver_dictionary.o [9]
sevcon_driver_get_msg    0x800'9523    0x18  Code  Gb  sevcon_driver.o [9]
sevcon_driver_log_init   0x800'9505    0x1e  Code  Gb  sevcon_driver.o [9]
sevcon_hdwr_get_data     0x800'9599     0x4  Code  Gb  sevcon_hdwr.o [9]
sevcon_hdwr_get_index    0x800'9591     0x4  Code  Gb  sevcon_hdwr.o [9]
sevcon_hdwr_get_msg      0x800'9579    0x14  Code  Gb  sevcon_hdwr.o [9]
sevcon_hdwr_get_num_sevcon
                         0x800'959d     0xa  Code  Gb  sevcon_hdwr.o [9]
sevcon_hdwr_get_opposite_motor
                         0x800'95a9    0x22  Code  Gb  sevcon_hdwr.o [9]
sevcon_hdwr_get_subindex
                         0x800'9595     0x4  Code  Gb  sevcon_hdwr.o [9]
sevcon_hdwr_init         0x800'955d    0x1c  Code  Gb  sevcon_hdwr.o [9]
sevcon_init              0x800'8a71     0xc  Code  Gb  sevcon_api.o [9]
sevcon_proccess_message
                         0x800'947d    0x86  Code  Gb  sevcon_driver.o [9]
sevcon_task              0x800'9309     0xa  Code  Gb  sevcon_conductor.o [9]
sevcon_task_attributes  0x2000'00e0    0x24  Data  Gb  sevcon_conductor.o [9]
sprintf                  0x800'5f5d    0x40  Code  Gb  sprintf.o [14]
strchr                   0x800'2729          Code  Gb  strchr.o [16]
strlen                   0x800'2781          Code  Gb  strlen.o [16]
system_init              0x800'7765    0x84  Code  Gb  system_api.o [10]
thread_id               0x2000'00b4     0x4  Data  Gb  log_conductor.o [2]
tick                    0x2000'3b7c     0x4  Data  Gb  periodic_conductor.o [8]
uart_cfg                0x2000'0188     0x8  Data  Gb  system_obj.o [10]
uart_create              0x800'4485    0x5a  Code  Gb  uart_api.o [6]
uart_fifo_size          0x2000'3b04     0x2  Data  Gb  uart_api.o [6]
uart_fifo_subscribe     0x2000'3b08     0x4  Data  Gb  uart_api.o [6]
uart_rx                 0x2000'3b0c    0x14  Data  Gb  uart_api.o [6]
uart_suscribe_rx_fifo    0x800'44e9    0x3a  Code  Gb  uart_api.o [6]
uart_task                0x800'4479     0xc  Code  Gb  uart_api.o [6]
uart_task_attributes    0x2000'01b4    0x24  Data  Gb  uart_api.o [6]
ucHeap                  0x2000'0334  0x2000  Data  Lc  heap_4.o [13]
ulCriticalNesting       0x2000'00dc     0x4  Data  Lc  port.o [13]
ulSetInterruptMask       0x800'8ad9          Code  Gb  portasm.o [13]
uwTick                  0x2000'0120     0x4  Data  Gb  stm32l5xx_hal.o [12]
uwTickFreq              0x2000'011c     0x1  Data  Gb  stm32l5xx_hal.o [12]
uwTickPrio              0x2000'0124     0x4  Data  Gb  stm32l5xx_hal.o [12]
uxCurrentNumberOfTasks  0x2000'385c     0x4  Data  Lc  tasks.o [13]
uxDeletedTasksWaitingCleanUp
                        0x2000'3844     0x4  Data  Lc  tasks.o [13]
uxListRemove             0x800'8d97    0x26  Code  Gb  list.o [13]
uxSchedulerSuspended    0x2000'3880     0x4  Data  Lc  tasks.o [13]
uxTaskNumber            0x2000'3878     0x4  Data  Lc  tasks.o [13]
uxTopReadyPriority      0x2000'3864     0x4  Data  Lc  tasks.o [13]
vApplicationGetIdleTaskMemory
                         0x800'8dbd    0x14  Code  Gb  cmsis_os2.o [13]
vApplicationGetIdleTaskMemory::Idle_Stack
                        0x2000'30d8   0x200  Data  Lc  cmsis_os2.o [13]
vApplicationGetIdleTaskMemory::Idle_TCB
                        0x2000'307c    0x5c  Data  Lc  cmsis_os2.o [13]
vApplicationGetTimerTaskMemory
                         0x800'9465    0x18  Code  Gb  cmsis_os2.o [13]
vApplicationGetTimerTaskMemory::Timer_Stack
                        0x2000'2c7c   0x400  Data  Lc  cmsis_os2.o [13]
vApplicationGetTimerTaskMemory::Timer_TCB
                        0x2000'2c20    0x5c  Data  Lc  cmsis_os2.o [13]
vClearInterruptMask      0x800'8aef          Code  Gb  portasm.o [13]
vListInitialise          0x800'8d2b    0x1a  Code  Gb  list.o [13]
vListInitialiseItem      0x800'8d45     0x6  Code  Gb  list.o [13]
vListInsert              0x800'8d65    0x32  Code  Gb  list.o [13]
vListInsertEnd           0x800'8d4b    0x1a  Code  Gb  list.o [13]
vPortEnterCritical       0x800'7fd1    0x18  Code  Gb  port.o [13]
vPortExitCritical        0x800'7fe9    0x22  Code  Gb  port.o [13]
vPortFree                0x800'8c5b    0x4a  Code  Gb  heap_4.o [13]
vPortSVCHandler_C        0x800'802b    0x1a  Code  Gb  port.o [13]
vPortSetupTimerInterrupt
                         0x800'9105    0x28  Code  Gb  port.o [13]
vPortYield               0x800'7fbd    0x12  Code  Gb  port.o [13]
vQueueAddToRegistry      0x800'862b    0x20  Code  Gb  queue.o [13]
vQueueWaitForMessageRestricted
                         0x800'8651    0x48  Code  Gb  queue.o [13]
vRaisePrivilege          0x800'8ab3          Code  Gb  portasm.o [13]
vRestoreContextOfFirstTask
                         0x800'8a95          Code  Gb  portasm.o [13]
vStartFirstTask          0x800'8ac1          Code  Gb  portasm.o [13]
vTaskInternalSetTimeOutState
                         0x800'7d19     0xe  Code  Gb  tasks.o [13]
vTaskMissedYield         0x800'7d83     0xa  Code  Gb  tasks.o [13]
vTaskPlaceOnEventList    0x800'7c6b    0x16  Code  Gb  tasks.o [13]
vTaskPlaceOnEventListRestricted
                         0x800'7c8b    0x26  Code  Gb  tasks.o [13]
vTaskResume              0x800'7a11    0x46  Code  Gb  tasks.o [13]
vTaskStartScheduler      0x800'7a57    0x64  Code  Gb  tasks.o [13]
vTaskSuspendAll          0x800'7abd     0xc  Code  Gb  tasks.o [13]
vTaskSwitchContext       0x800'7c1f    0x4c  Code  Gb  tasks.o [13]
xActiveTimerList1       0x2000'36f8    0x14  Data  Lc  timers.o [13]
xActiveTimerList2       0x2000'370c    0x14  Data  Lc  timers.o [13]
xBlockAllocatedBit      0x2000'0330     0x4  Data  Lc  heap_4.o [13]
xDelayedTaskList1       0x2000'3884    0x14  Data  Lc  tasks.o [13]
xDelayedTaskList2       0x2000'3898    0x14  Data  Lc  tasks.o [13]
xFreeBytesRemaining     0x2000'0320     0x4  Data  Lc  heap_4.o [13]
xMinimumEverFreeBytesRemaining
                        0x2000'0324     0x4  Data  Lc  heap_4.o [13]
xNextTaskUnblockTime    0x2000'387c     0x4  Data  Lc  tasks.o [13]
xNumOfOverflows         0x2000'3874     0x4  Data  Lc  tasks.o [13]
xNumberOfSuccessfulAllocations
                        0x2000'0328     0x4  Data  Lc  heap_4.o [13]
xNumberOfSuccessfulFrees
                        0x2000'032c     0x4  Data  Lc  heap_4.o [13]
xPendedTicks            0x2000'386c     0x4  Data  Lc  tasks.o [13]
xPendingReadyList       0x2000'3810    0x14  Data  Lc  tasks.o [13]
xPortStartScheduler      0x800'80ad    0x46  Code  Gb  port.o [13]
xPortSysTickHandler      0x800'800b    0x20  Code  Gb  port.o [13]
xQueueGenericCreate      0x800'81b7    0x38  Code  Gb  queue.o [13]
xQueueGenericCreateStatic
                         0x800'816d    0x4a  Code  Gb  queue.o [13]
xQueueGenericReset       0x800'8105    0x68  Code  Gb  queue.o [13]
xQueueGenericSend        0x800'820f   0x108  Code  Gb  queue.o [13]
xQueueGenericSendFromISR
                         0x800'8317    0x80  Code  Gb  queue.o [13]
xQueueReceive            0x800'83a3    0xe8  Code  Gb  queue.o [13]
xQueueReceiveFromISR     0x800'84b5    0x68  Code  Gb  queue.o [13]
xQueueRegistry          0x2000'3a34    0x40  Data  Gb  queue.o [13]
xSchedulerRunning       0x2000'3868     0x4  Data  Lc  tasks.o [13]
xStart                  0x2000'0314     0x8  Data  Lc  heap_4.o [13]
xSuspendedTaskList      0x2000'3848    0x14  Data  Lc  tasks.o [13]
xTaskCheckForTimeOut     0x800'7d27    0x5c  Code  Gb  tasks.o [13]
xTaskCreate              0x800'7849    0x5c  Code  Gb  tasks.o [13]
xTaskCreateStatic        0x800'77f9    0x50  Code  Gb  tasks.o [13]
xTaskGetSchedulerState   0x800'7e11    0x18  Code  Gb  tasks.o [13]
xTaskGetTickCount        0x800'7b5b     0x2  Code  Gb  tasks.o [13]
xTaskIncrementTick       0x800'7b65    0xba  Code  Gb  tasks.o [13]
xTaskNotifyWait          0x800'7ea5    0x78  Code  Gb  tasks.o [13]
xTaskPriorityDisinherit
                         0x800'7e2f    0x50  Code  Gb  tasks.o [13]
xTaskRemoveFromEventList
                         0x800'7cbd    0x46  Code  Gb  tasks.o [13]
xTaskResumeAll           0x800'7ac9    0x8a  Code  Gb  tasks.o [13]
xTasksWaitingTermination
                        0x2000'3824    0x14  Data  Lc  tasks.o [13]
xTickCount              0x2000'3860     0x4  Data  Lc  tasks.o [13]
xTimerCreateTimerTask    0x800'8dd1    0x4e  Code  Gb  timers.o [13]
xTimerGenericCommand     0x800'8e1f    0x4e  Code  Gb  timers.o [13]
xTimerQueue             0x2000'36ec     0x4  Data  Lc  timers.o [13]
xTimerTaskHandle        0x2000'36f0     0x4  Data  Lc  timers.o [13]
xYieldPending           0x2000'3870     0x4  Data  Lc  tasks.o [13]


[1] = D:\Proyectos\STM32\kart\EWARM\kart\Obj\Application\EWARM
[2] = D:\Proyectos\STM32\kart\EWARM\kart\Obj\Application\LOG\src
[3] = D:\Proyectos\STM32\kart\EWARM\kart\Obj\Application\User
[4] = D:\Proyectos\STM32\kart\EWARM\kart\Obj\Application\flight_controller\src
[5] = D:\Proyectos\STM32\kart\EWARM\kart\Obj\Application\gps\src
[6] = D:\Proyectos\STM32\kart\EWARM\kart\Obj\Application\hdwr\src
[7] = D:\Proyectos\STM32\kart\EWARM\kart\Obj\Application\heartbeat\src
[8] = D:\Proyectos\STM32\kart\EWARM\kart\Obj\Application\periodic\src
[9] = D:\Proyectos\STM32\kart\EWARM\kart\Obj\Application\sevcon\src
[10] = D:\Proyectos\STM32\kart\EWARM\kart\Obj\Application\system\src
[11] = D:\Proyectos\STM32\kart\EWARM\kart\Obj\Drivers\CMSIS
[12] = D:\Proyectos\STM32\kart\EWARM\kart\Obj\Drivers\STM32L5xx_HAL_Driver
[13] = D:\Proyectos\STM32\kart\EWARM\kart\Obj\Middlewares\FreeRTOS
[14] = dl7M_tlf.a
[15] = m7M_tls.a
[16] = rt7M_tl.a
[17] = shb_l.a

  42'137 bytes of readonly  code memory
     447 bytes of readonly  data memory
  16'775 bytes of readwrite data memory

Errors: none
Warnings: none
