###############################################################################
#
# IAR ELF Linker V9.10.2.313/W64 for ARM                  17/Nov/2021  19:12:02
# Copyright 2007-2021 IAR Systems AB.
#
#    Output file  =  D:\Proyectos\STM32\kart\EWARM\kart\Exe\kart.out
#    Map file     =  D:\Proyectos\STM32\kart\EWARM\kart\List\kart.map
#    Command line =
#        -f D:\Proyectos\STM32\kart\EWARM\kart\Exe\kart.out.rsp
#        (D:\Proyectos\STM32\kart\EWARM\kart\Obj\Application\User\app_freertos.o
#        D:\Proyectos\STM32\kart\EWARM\kart\Obj\Middlewares\FreeRTOS\cmsis_os2.o
#        D:\Proyectos\STM32\kart\EWARM\kart\Obj\Middlewares\FreeRTOS\croutine.o
#        D:\Proyectos\STM32\kart\EWARM\kart\Obj\Middlewares\FreeRTOS\event_groups.o
#        D:\Proyectos\STM32\kart\EWARM\kart\Obj\Application\hdwr\src\gpio_api.o
#        D:\Proyectos\STM32\kart\EWARM\kart\Obj\Middlewares\FreeRTOS\heap_4.o
#        D:\Proyectos\STM32\kart\EWARM\kart\Obj\Application\heartbeat\src\heartbeat_api.o
#        D:\Proyectos\STM32\kart\EWARM\kart\Obj\Middlewares\FreeRTOS\list.o
#        D:\Proyectos\STM32\kart\EWARM\kart\Obj\Application\User\main.o
#        D:\Proyectos\STM32\kart\EWARM\kart\Obj\Middlewares\FreeRTOS\port.o
#        D:\Proyectos\STM32\kart\EWARM\kart\Obj\Middlewares\FreeRTOS\portasm.o
#        D:\Proyectos\STM32\kart\EWARM\kart\Obj\Middlewares\FreeRTOS\queue.o
#        D:\Proyectos\STM32\kart\EWARM\kart\Obj\Application\EWARM\startup_stm32l552xx.o
#        D:\Proyectos\STM32\kart\EWARM\kart\Obj\Drivers\STM32L5xx_HAL_Driver\stm32l5xx_hal.o
#        D:\Proyectos\STM32\kart\EWARM\kart\Obj\Drivers\STM32L5xx_HAL_Driver\stm32l5xx_hal_adc.o
#        D:\Proyectos\STM32\kart\EWARM\kart\Obj\Drivers\STM32L5xx_HAL_Driver\stm32l5xx_hal_adc_ex.o
#        D:\Proyectos\STM32\kart\EWARM\kart\Obj\Drivers\STM32L5xx_HAL_Driver\stm32l5xx_hal_cortex.o
#        D:\Proyectos\STM32\kart\EWARM\kart\Obj\Drivers\STM32L5xx_HAL_Driver\stm32l5xx_hal_dma.o
#        D:\Proyectos\STM32\kart\EWARM\kart\Obj\Drivers\STM32L5xx_HAL_Driver\stm32l5xx_hal_dma_ex.o
#        D:\Proyectos\STM32\kart\EWARM\kart\Obj\Drivers\STM32L5xx_HAL_Driver\stm32l5xx_hal_exti.o
#        D:\Proyectos\STM32\kart\EWARM\kart\Obj\Drivers\STM32L5xx_HAL_Driver\stm32l5xx_hal_flash.o
#        D:\Proyectos\STM32\kart\EWARM\kart\Obj\Drivers\STM32L5xx_HAL_Driver\stm32l5xx_hal_flash_ex.o
#        D:\Proyectos\STM32\kart\EWARM\kart\Obj\Drivers\STM32L5xx_HAL_Driver\stm32l5xx_hal_flash_ramfunc.o
#        D:\Proyectos\STM32\kart\EWARM\kart\Obj\Drivers\STM32L5xx_HAL_Driver\stm32l5xx_hal_gpio.o
#        D:\Proyectos\STM32\kart\EWARM\kart\Obj\Drivers\STM32L5xx_HAL_Driver\stm32l5xx_hal_i2c.o
#        D:\Proyectos\STM32\kart\EWARM\kart\Obj\Drivers\STM32L5xx_HAL_Driver\stm32l5xx_hal_i2c_ex.o
#        D:\Proyectos\STM32\kart\EWARM\kart\Obj\Drivers\STM32L5xx_HAL_Driver\stm32l5xx_hal_icache.o
#        D:\Proyectos\STM32\kart\EWARM\kart\Obj\Application\User\stm32l5xx_hal_msp.o
#        D:\Proyectos\STM32\kart\EWARM\kart\Obj\Drivers\STM32L5xx_HAL_Driver\stm32l5xx_hal_pcd.o
#        D:\Proyectos\STM32\kart\EWARM\kart\Obj\Drivers\STM32L5xx_HAL_Driver\stm32l5xx_hal_pcd_ex.o
#        D:\Proyectos\STM32\kart\EWARM\kart\Obj\Drivers\STM32L5xx_HAL_Driver\stm32l5xx_hal_pwr.o
#        D:\Proyectos\STM32\kart\EWARM\kart\Obj\Drivers\STM32L5xx_HAL_Driver\stm32l5xx_hal_pwr_ex.o
#        D:\Proyectos\STM32\kart\EWARM\kart\Obj\Drivers\STM32L5xx_HAL_Driver\stm32l5xx_hal_rcc.o
#        D:\Proyectos\STM32\kart\EWARM\kart\Obj\Drivers\STM32L5xx_HAL_Driver\stm32l5xx_hal_rcc_ex.o
#        D:\Proyectos\STM32\kart\EWARM\kart\Obj\Drivers\STM32L5xx_HAL_Driver\stm32l5xx_hal_rtc.o
#        D:\Proyectos\STM32\kart\EWARM\kart\Obj\Drivers\STM32L5xx_HAL_Driver\stm32l5xx_hal_rtc_ex.o
#        D:\Proyectos\STM32\kart\EWARM\kart\Obj\Drivers\STM32L5xx_HAL_Driver\stm32l5xx_hal_spi.o
#        D:\Proyectos\STM32\kart\EWARM\kart\Obj\Drivers\STM32L5xx_HAL_Driver\stm32l5xx_hal_spi_ex.o
#        D:\Proyectos\STM32\kart\EWARM\kart\Obj\Drivers\STM32L5xx_HAL_Driver\stm32l5xx_hal_tim.o
#        D:\Proyectos\STM32\kart\EWARM\kart\Obj\Drivers\STM32L5xx_HAL_Driver\stm32l5xx_hal_tim_ex.o
#        D:\Proyectos\STM32\kart\EWARM\kart\Obj\Application\User\stm32l5xx_it.o
#        D:\Proyectos\STM32\kart\EWARM\kart\Obj\Drivers\STM32L5xx_HAL_Driver\stm32l5xx_ll_dma.o
#        D:\Proyectos\STM32\kart\EWARM\kart\Obj\Drivers\STM32L5xx_HAL_Driver\stm32l5xx_ll_exti.o
#        D:\Proyectos\STM32\kart\EWARM\kart\Obj\Drivers\STM32L5xx_HAL_Driver\stm32l5xx_ll_gpio.o
#        D:\Proyectos\STM32\kart\EWARM\kart\Obj\Drivers\STM32L5xx_HAL_Driver\stm32l5xx_ll_ucpd.o
#        D:\Proyectos\STM32\kart\EWARM\kart\Obj\Drivers\STM32L5xx_HAL_Driver\stm32l5xx_ll_usb.o
#        D:\Proyectos\STM32\kart\EWARM\kart\Obj\Drivers\STM32L5xx_HAL_Driver\stm32l5xx_ll_utils.o
#        D:\Proyectos\STM32\kart\EWARM\kart\Obj\Middlewares\FreeRTOS\stream_buffer.o
#        D:\Proyectos\STM32\kart\EWARM\kart\Obj\Drivers\CMSIS\system_stm32l5xx.o
#        D:\Proyectos\STM32\kart\EWARM\kart\Obj\Middlewares\FreeRTOS\tasks.o
#        D:\Proyectos\STM32\kart\EWARM\kart\Obj\Middlewares\FreeRTOS\timers.o
#        --no_out_extension -o D:\Proyectos\STM32\kart\EWARM\kart\Exe\kart.out
#        --redirect _Printf=_PrintfFullNoMb --redirect _Scanf=_ScanfFullNoMb
#        --map D:\Proyectos\STM32\kart\EWARM\kart\List\kart.map --config
#        D:\Proyectos\STM32\kart\EWARM/stm32l552xe_flash.icf --semihosting
#        --entry __iar_program_start --vfe --text_out locale)
#
###############################################################################

*******************************************************************************
*** RUNTIME MODEL ATTRIBUTES
***

CppFlavor       = *
__Heap_Handler  = NoFree
__SystemLibrary = DLib
__dlib_version  = 6


*******************************************************************************
*** HEAP SELECTION
***

The no free heap was selected because no calls to memory
deallocation functions were found in the application.


*******************************************************************************
*** PLACEMENT SUMMARY
***

"A0":  place at address 0x800'0000 { ro section .intvec };
"P1":  place in [from 0x800'0000 to 0x807'ffff] { ro };
define block CSTACK with size = 1K, alignment = 8 { };
define block HEAP with size = 512, alignment = 8 { };
"P2":  place in [from 0x2000'0000 to 0x2002'ffff] {
          rw, block CSTACK, block HEAP };
"P3":  place in [from 0x2000'0000 to 0x2002'ffff] { };
initialize by copy { rw };

  Section               Kind         Address    Size  Object
  -------               ----         -------    ----  ------
"A0":                                          0x1f4
  .intvec               ro code   0x800'0000   0x1f4  startup_stm32l552xx.o [1]
                                - 0x800'01f4   0x1f4

"P1":                                         0x4084
  .text                 ro code   0x800'01f4   0x874  stm32l5xx_hal_rcc.o [6]
  .text                 ro code   0x800'0a68    0x44  stm32l5xx_hal.o [6]
  .text                 ro code   0x800'0aac     0xc  stm32l5xx_hal.o [6]
  .text                 ro code   0x800'0ab8    0xb0  stm32l5xx_hal_pwr_ex.o [6]
  .text                 ro code   0x800'0b68    0xc8  stm32l5xx_hal_cortex.o [6]
  .text                 ro code   0x800'0c30   0x760  tasks.o [7]
  privileged_functions  ro code   0x800'1390    0xc8  portasm.o [7]
  .text                 ro code   0x800'1458   0x194  heap_4.o [7]
  .text                 ro code   0x800'15ec    0x3a  ABImemset48.o [10]
  .text                 ro code   0x800'1626    0x92  list.o [7]
  .text                 ro code   0x800'16b8   0x16c  port.o [7]
  .text                 ro code   0x800'1824    0x14  cmsis_os2.o [7]
  .text                 ro code   0x800'1838   0x334  timers.o [7]
  .text                 ro code   0x800'1b6c    0x28  port.o [7]
  .text                 ro code   0x800'1b94    0x18  cmsis_os2.o [7]
  .text                 ro code   0x800'1bac   0x4f4  queue.o [7]
  .text                 ro code   0x800'20a0    0x18  ABImemcpy_small.o [10]
  .text                 ro code   0x800'20b8   0x5a4  stm32l5xx_hal_rcc_ex.o [6]
  .text                 ro code   0x800'265c   0x594  stm32l5xx_hal_adc.o [6]
  .text                 ro code   0x800'2bf0   0x25c  stm32l5xx_hal_msp.o [2]
  .text                 ro code   0x800'2e4c   0x396  main.o [2]
  .text                 ro code   0x800'31e2    0x3a  packbits_init_single.o [10]
  .text                 ro code   0x800'321c   0x1d8  stm32l5xx_hal_gpio.o [6]
  .text                 ro code   0x800'33f4    0x14  memset.o [10]
  .text                 ro code   0x800'3408    0x22  stm32l5xx_hal.o [6]
  .text                 ro code   0x800'342c    0xc4  stm32l5xx_hal_adc_ex.o [6]
  .text                 ro code   0x800'34f0   0x14c  stm32l5xx_hal_rtc.o [6]
  .text                 ro code   0x800'363c    0x34  stm32l5xx_hal_rtc_ex.o [6]
  .text                 ro code   0x800'3670   0x11a  stm32l5xx_ll_gpio.o [6]
  .text                 ro code   0x800'378a    0xaa  stm32l5xx_hal_pcd.o [6]
  .text                 ro code   0x800'3834   0x206  stm32l5xx_hal_spi.o [6]
  .text                 ro code   0x800'3a3c   0x1bc  cmsis_os2.o [7]
  .text                 ro code   0x800'3bf8    0x68  heartbeat_api.o [4]
  .text                 ro code   0x800'3c60    0x10  stm32l5xx_hal_pwr.o [6]
  .text                 ro code   0x800'3c70    0x12  ABImemset_small.o [10]
  .text                 ro code   0x800'3c84    0xc8  system_stm32l5xx.o [5]
  .text                 ro code   0x800'3d4c    0x2e  stm32l5xx_ll_usb.o [6]
  .text                 ro code   0x800'3d7a    0x2a  stm32l5xx_hal_pcd_ex.o [6]
  .text                 ro code   0x800'3da4    0x6c  stm32l5xx_hal_dma.o [6]
  .text                 ro code   0x800'3e10     0x2  stm32l5xx_hal_spi.o [6]
  .text                 ro code   0x800'3e14    0x78  no_free_heap0.o [8]
  .text                 ro code   0x800'3e8c    0x1c  gpio_api.o [3]
  .text                 ro code   0x800'3ea8    0x2c  xgetmemchunk.o [8]
  .text                 ro code   0x800'3ed4    0x12  xxmemxmemzero.o [8]
  .rodata               const     0x800'3ee8    0x40  system_stm32l5xx.o [5]
  .text                 ro code   0x800'3f28    0x38  zero_init3.o [10]
  .text                 ro code   0x800'3f60    0x28  data_init.o [10]
  .rodata               const     0x800'3f88    0x24  main.o [2]
  .text                 ro code   0x800'3fac    0x22  fpinit_M.o [9]
  .iar.init_table       const     0x800'3fd0    0x20  - Linker created -
  .text                 ro code   0x800'3ff0    0x1e  cmain.o [10]
  .text                 ro code   0x800'400e     0x4  low_level_init.o [8]
  .text                 ro code   0x800'4012     0x4  exit.o [8]
  .text                 ro code   0x800'4018     0xa  cexit.o [10]
  .text                 ro code   0x800'4024    0x14  exit.o [11]
  .text                 ro code   0x800'4038    0x1c  cstartup_M.o [10]
  .text                 ro code   0x800'4054    0x18  stm32l5xx_it.o [2]
  .text                 ro code   0x800'406c    0x10  startup_stm32l552xx.o [1]
  .rodata               const     0x800'407c     0xc  main.o [2]
  .rodata               const     0x800'4088     0xc  main.o [2]
  .text                 ro code   0x800'4094     0x4  startup_stm32l552xx.o [1]
  .text                 ro code   0x800'4098     0x4  startup_stm32l552xx.o [1]
  .text                 ro code   0x800'409c     0x4  startup_stm32l552xx.o [1]
  .text                 ro code   0x800'40a0     0x4  startup_stm32l552xx.o [1]
  .text                 ro code   0x800'40a4     0x4  startup_stm32l552xx.o [1]
  .text                 ro code   0x800'40a8     0x4  startup_stm32l552xx.o [1]
  .text                 ro code   0x800'40ac     0x4  startup_stm32l552xx.o [1]
  .text                 ro code   0x800'40b0     0x4  startup_stm32l552xx.o [1]
  .text                 ro code   0x800'40b4     0x4  startup_stm32l552xx.o [1]
  .text                 ro code   0x800'40b8     0x4  startup_stm32l552xx.o [1]
  .text                 ro code   0x800'40bc     0x4  startup_stm32l552xx.o [1]
  .text                 ro code   0x800'40c0     0x4  startup_stm32l552xx.o [1]
  .text                 ro code   0x800'40c4     0x4  startup_stm32l552xx.o [1]
  .text                 ro code   0x800'40c8     0x4  startup_stm32l552xx.o [1]
  .text                 ro code   0x800'40cc     0x4  startup_stm32l552xx.o [1]
  .text                 ro code   0x800'40d0     0x4  startup_stm32l552xx.o [1]
  .text                 ro code   0x800'40d4     0x4  startup_stm32l552xx.o [1]
  .text                 ro code   0x800'40d8     0x4  startup_stm32l552xx.o [1]
  .text                 ro code   0x800'40dc     0x4  startup_stm32l552xx.o [1]
  .text                 ro code   0x800'40e0     0x4  startup_stm32l552xx.o [1]
  .text                 ro code   0x800'40e4     0x4  startup_stm32l552xx.o [1]
  .text                 ro code   0x800'40e8     0x4  startup_stm32l552xx.o [1]
  .text                 ro code   0x800'40ec     0x4  startup_stm32l552xx.o [1]
  .text                 ro code   0x800'40f0     0x4  startup_stm32l552xx.o [1]
  .text                 ro code   0x800'40f4     0x4  startup_stm32l552xx.o [1]
  .text                 ro code   0x800'40f8     0x4  startup_stm32l552xx.o [1]
  .text                 ro code   0x800'40fc     0x4  startup_stm32l552xx.o [1]
  .text                 ro code   0x800'4100     0x4  startup_stm32l552xx.o [1]
  .text                 ro code   0x800'4104     0x4  startup_stm32l552xx.o [1]
  .text                 ro code   0x800'4108     0x4  startup_stm32l552xx.o [1]
  .text                 ro code   0x800'410c     0x4  startup_stm32l552xx.o [1]
  .text                 ro code   0x800'4110     0x4  startup_stm32l552xx.o [1]
  .text                 ro code   0x800'4114     0x4  startup_stm32l552xx.o [1]
  .text                 ro code   0x800'4118     0x4  startup_stm32l552xx.o [1]
  .text                 ro code   0x800'411c     0x4  startup_stm32l552xx.o [1]
  .text                 ro code   0x800'4120     0x4  startup_stm32l552xx.o [1]
  .text                 ro code   0x800'4124     0x4  startup_stm32l552xx.o [1]
  .text                 ro code   0x800'4128     0x4  startup_stm32l552xx.o [1]
  .text                 ro code   0x800'412c     0x4  startup_stm32l552xx.o [1]
  .text                 ro code   0x800'4130     0x4  startup_stm32l552xx.o [1]
  .text                 ro code   0x800'4134     0x4  startup_stm32l552xx.o [1]
  .text                 ro code   0x800'4138     0x4  startup_stm32l552xx.o [1]
  .text                 ro code   0x800'413c     0x4  startup_stm32l552xx.o [1]
  .text                 ro code   0x800'4140     0x4  startup_stm32l552xx.o [1]
  .text                 ro code   0x800'4144     0x4  startup_stm32l552xx.o [1]
  .text                 ro code   0x800'4148     0x4  startup_stm32l552xx.o [1]
  .text                 ro code   0x800'414c     0x4  startup_stm32l552xx.o [1]
  .text                 ro code   0x800'4150     0x4  startup_stm32l552xx.o [1]
  .text                 ro code   0x800'4154     0x4  startup_stm32l552xx.o [1]
  .text                 ro code   0x800'4158     0x4  startup_stm32l552xx.o [1]
  .text                 ro code   0x800'415c     0x4  startup_stm32l552xx.o [1]
  .text                 ro code   0x800'4160     0x4  startup_stm32l552xx.o [1]
  .text                 ro code   0x800'4164     0x4  startup_stm32l552xx.o [1]
  .text                 ro code   0x800'4168     0x4  startup_stm32l552xx.o [1]
  .text                 ro code   0x800'416c     0x4  startup_stm32l552xx.o [1]
  .text                 ro code   0x800'4170     0x4  startup_stm32l552xx.o [1]
  .text                 ro code   0x800'4174     0x4  startup_stm32l552xx.o [1]
  .text                 ro code   0x800'4178     0x4  startup_stm32l552xx.o [1]
  .text                 ro code   0x800'417c     0x4  startup_stm32l552xx.o [1]
  .text                 ro code   0x800'4180     0x4  startup_stm32l552xx.o [1]
  .text                 ro code   0x800'4184     0x4  startup_stm32l552xx.o [1]
  .text                 ro code   0x800'4188     0x4  startup_stm32l552xx.o [1]
  .text                 ro code   0x800'418c     0x4  startup_stm32l552xx.o [1]
  .text                 ro code   0x800'4190     0x4  startup_stm32l552xx.o [1]
  .text                 ro code   0x800'4194     0x4  startup_stm32l552xx.o [1]
  .text                 ro code   0x800'4198     0x4  startup_stm32l552xx.o [1]
  .text                 ro code   0x800'419c     0x4  startup_stm32l552xx.o [1]
  .text                 ro code   0x800'41a0     0x4  startup_stm32l552xx.o [1]
  .text                 ro code   0x800'41a4     0x4  startup_stm32l552xx.o [1]
  .text                 ro code   0x800'41a8     0x4  startup_stm32l552xx.o [1]
  .text                 ro code   0x800'41ac     0x4  startup_stm32l552xx.o [1]
  .text                 ro code   0x800'41b0     0x4  startup_stm32l552xx.o [1]
  .text                 ro code   0x800'41b4     0x4  startup_stm32l552xx.o [1]
  .text                 ro code   0x800'41b8     0x4  startup_stm32l552xx.o [1]
  .text                 ro code   0x800'41bc     0x4  startup_stm32l552xx.o [1]
  .text                 ro code   0x800'41c0     0x4  startup_stm32l552xx.o [1]
  .text                 ro code   0x800'41c4     0x4  startup_stm32l552xx.o [1]
  .text                 ro code   0x800'41c8     0x4  startup_stm32l552xx.o [1]
  .text                 ro code   0x800'41cc     0x4  startup_stm32l552xx.o [1]
  .text                 ro code   0x800'41d0     0x4  startup_stm32l552xx.o [1]
  .text                 ro code   0x800'41d4     0x4  startup_stm32l552xx.o [1]
  .text                 ro code   0x800'41d8     0x4  startup_stm32l552xx.o [1]
  .text                 ro code   0x800'41dc     0x4  startup_stm32l552xx.o [1]
  .text                 ro code   0x800'41e0     0x4  startup_stm32l552xx.o [1]
  .text                 ro code   0x800'41e4     0x4  startup_stm32l552xx.o [1]
  .text                 ro code   0x800'41e8     0x4  startup_stm32l552xx.o [1]
  .text                 ro code   0x800'41ec     0x4  startup_stm32l552xx.o [1]
  .text                 ro code   0x800'41f0     0x4  startup_stm32l552xx.o [1]
  .text                 ro code   0x800'41f4     0x4  startup_stm32l552xx.o [1]
  .text                 ro code   0x800'41f8     0x4  startup_stm32l552xx.o [1]
  .text                 ro code   0x800'41fc     0x4  startup_stm32l552xx.o [1]
  .text                 ro code   0x800'4200     0x4  startup_stm32l552xx.o [1]
  .text                 ro code   0x800'4204     0x4  startup_stm32l552xx.o [1]
  .text                 ro code   0x800'4208     0x4  startup_stm32l552xx.o [1]
  .text                 ro code   0x800'420c     0x4  startup_stm32l552xx.o [1]
  .text                 ro code   0x800'4210     0x4  startup_stm32l552xx.o [1]
  .text                 ro code   0x800'4214     0x4  startup_stm32l552xx.o [1]
  .text                 ro code   0x800'4218     0x4  startup_stm32l552xx.o [1]
  .text                 ro code   0x800'421c     0x4  startup_stm32l552xx.o [1]
  .text                 ro code   0x800'4220     0x4  startup_stm32l552xx.o [1]
  .text                 ro code   0x800'4224     0x4  startup_stm32l552xx.o [1]
  .text                 ro code   0x800'4228     0x4  startup_stm32l552xx.o [1]
  .text                 ro code   0x800'422c     0x4  startup_stm32l552xx.o [1]
  .text                 ro code   0x800'4230     0x4  startup_stm32l552xx.o [1]
  .rodata               const     0x800'4234     0x0  zero_init3.o [10]
  .rodata               const     0x800'4234     0x0  packbits_init_single.o [10]
  Initializer bytes     const     0x800'4234    0x44  <for P2-P3-1>
                                - 0x800'4278  0x4084

"P2-P3", part 1 of 3:                          0x448
  P2-P3-1                        0x2000'0000   0x448  <Init block>
    .data               inited   0x2000'0000    0x18  gpio_api.o [3]
    .data               inited   0x2000'0018    0x24  heartbeat_api.o [4]
    .data               inited   0x2000'003c   0x3f8  main.o [2]
    .data               inited   0x2000'0434     0x4  port.o [7]
    .data               inited   0x2000'0438     0xc  stm32l5xx_hal.o [6]
    .data               inited   0x2000'0444     0x4  system_stm32l5xx.o [5]
                               - 0x2000'0448   0x448

"P2-P3", part 2 of 3:                         0x2d4c
  .bss                  zero     0x2000'0448  0x2020  heap_4.o [7]
  .bss                  zero     0x2000'2468   0x460  tasks.o [7]
  .bss                  zero     0x2000'28c8   0x45c  cmsis_os2.o [7]
  .bss                  zero     0x2000'2d24   0x25c  cmsis_os2.o [7]
  .bss                  zero     0x2000'2f80   0x12c  timers.o [7]
  .bss                  zero     0x2000'30ac    0x9c  tasks.o [7]
  .bss                  zero     0x2000'3148    0x40  queue.o [7]
  .bss                  zero     0x2000'3188     0x4  cmsis_os2.o [7]
  .bss                  zero     0x2000'318c     0x4  no_free_heap0.o [8]
  .bss                  zero     0x2000'3190     0x4  xgetmemchunk.o [8]
                               - 0x2000'3194  0x2d4c

"P2-P3", part 3 of 3:                          0x600
  CSTACK                         0x2000'3198   0x400  <Block>
    CSTACK              uninit   0x2000'3198   0x400  <Block tail>
  HEAP                           0x2000'3598   0x200  <Block>
    HEAP                uninit   0x2000'3598   0x200  <Block tail>
                               - 0x2000'3798   0x600

Unused ranges:

         From           To      Size
         ----           --      ----
   0x800'4278   0x807'ffff  0x7'bd88
  0x2000'3194  0x2000'3197       0x4
  0x2000'3798  0x2002'ffff  0x2'c868


*******************************************************************************
*** INIT TABLE
***

          Address      Size
          -------      ----
Zero (__iar_zero_init3)
    1 destination range, total size 0x2d4c:
          0x2000'0448  0x2d4c

Copy/packbits (__iar_packbits_init_single3)
    1 source range, total size 0x44 (6% of destination):
           0x800'4234    0x44
    1 destination range, total size 0x448:
          0x2000'0000   0x448



*******************************************************************************
*** MODULE SUMMARY
***

    Module                  ro code  ro data  rw data
    ------                  -------  -------  -------
command line/config:
    -------------------------------------------------
    Total:

D:\Proyectos\STM32\kart\EWARM\kart\Obj\Application\EWARM: [1]
    startup_stm32l552xx.o       932
    -------------------------------------------------
    Total:                      932

D:\Proyectos\STM32\kart\EWARM\kart\Obj\Application\User: [2]
    main.o                      918      123    1'016
    stm32l5xx_hal_msp.o         604
    stm32l5xx_it.o               24
    -------------------------------------------------
    Total:                    1'546      123    1'016

D:\Proyectos\STM32\kart\EWARM\kart\Obj\Application\hdwr\src: [3]
    gpio_api.o                   28        1       24
    -------------------------------------------------
    Total:                       28        1       24

D:\Proyectos\STM32\kart\EWARM\kart\Obj\Application\heartbeat\src: [4]
    heartbeat_api.o             104        2       36
    -------------------------------------------------
    Total:                      104        2       36

D:\Proyectos\STM32\kart\EWARM\kart\Obj\Drivers\CMSIS: [5]
    system_stm32l5xx.o          200       65        4
    -------------------------------------------------
    Total:                      200       65        4

D:\Proyectos\STM32\kart\EWARM\kart\Obj\Drivers\STM32L5xx_HAL_Driver: [6]
    stm32l5xx_hal.o             114                12
    stm32l5xx_hal_adc.o       1'428
    stm32l5xx_hal_adc_ex.o      196
    stm32l5xx_hal_cortex.o      200
    stm32l5xx_hal_dma.o         108
    stm32l5xx_hal_gpio.o        472
    stm32l5xx_hal_pcd.o         170
    stm32l5xx_hal_pcd_ex.o       42
    stm32l5xx_hal_pwr.o          16
    stm32l5xx_hal_pwr_ex.o      176
    stm32l5xx_hal_rcc.o       2'164
    stm32l5xx_hal_rcc_ex.o    1'444
    stm32l5xx_hal_rtc.o         332
    stm32l5xx_hal_rtc_ex.o       52
    stm32l5xx_hal_spi.o         520
    stm32l5xx_ll_gpio.o         282
    stm32l5xx_ll_usb.o           46
    -------------------------------------------------
    Total:                    7'762                12

D:\Proyectos\STM32\kart\EWARM\kart\Obj\Middlewares\FreeRTOS: [7]
    cmsis_os2.o                 488             1'724
    heap_4.o                    404             8'224
    list.o                      146
    port.o                      404        1        4
    portasm.o                   200
    queue.o                   1'268                64
    tasks.o                   1'888             1'276
    timers.o                    820               300
    -------------------------------------------------
    Total:                    5'618        1   11'592

dl7M_tlf.a: [8]
    exit.o                        4
    low_level_init.o              4
    no_free_heap0.o             120                 4
    xgetmemchunk.o               44                 4
    xxmemxmemzero.o              18
    -------------------------------------------------
    Total:                      190                 8

m7M_tls.a: [9]
    fpinit_M.o                   34
    -------------------------------------------------
    Total:                       34

rt7M_tl.a: [10]
    ABImemcpy_small.o            24
    ABImemset48.o                58
    ABImemset_small.o            18
    cexit.o                      10
    cmain.o                      30
    cstartup_M.o                 28
    data_init.o                  40
    memset.o                     20
    packbits_init_single.o       58
    zero_init3.o                 56
    -------------------------------------------------
    Total:                      342

shb_l.a: [11]
    exit.o                       20
    -------------------------------------------------
    Total:                       20

    Gaps                         12        4
    Linker created                        32    1'536
-----------------------------------------------------
    Grand Total:             16'788      228   14'228


*******************************************************************************
*** ENTRY LIST
***

Entry                       Address    Size  Type      Object
-----                       -------    ----  ----      ------
.iar.init_table$$Base    0x800'3fd0           --   Gb  - Linker created -
.iar.init_table$$Limit   0x800'3ff0           --   Gb  - Linker created -
?main                    0x800'3ff1          Code  Gb  cmain.o [10]
AHBPrescTable            0x800'3d3c    0x10  Data  Gb  system_stm32l5xx.o [5]
BusFault_Handler         0x800'405b     0x2  Code  Gb  stm32l5xx_it.o [2]
CSTACK$$Base            0x2000'3198           --   Gb  - Linker created -
CSTACK$$Limit           0x2000'3598           --   Gb  - Linker created -
DebugMon_Handler         0x800'405f     0x2  Code  Gb  stm32l5xx_it.o [2]
Error_Handler            0x800'31df     0x4  Code  Gb  main.o [2]
HAL_ADCEx_MultiModeConfigChannel
                         0x800'342d    0xae  Code  Gb  stm32l5xx_hal_adc_ex.o [6]
HAL_ADC_ConfigChannel    0x800'285d   0x2fe  Code  Gb  stm32l5xx_hal_adc.o [6]
HAL_ADC_Init             0x800'26a1   0x196  Code  Gb  stm32l5xx_hal_adc.o [6]
HAL_ADC_MspInit          0x800'2c27    0x6a  Code  Gb  stm32l5xx_hal_msp.o [2]
HAL_DMA_Abort_IT         0x800'3da5    0x6c  Code  Gb  stm32l5xx_hal_dma.o [6]
HAL_GPIO_Init            0x800'321d   0x196  Code  Gb  stm32l5xx_hal_gpio.o [6]
HAL_GPIO_TogglePin       0x800'33bd    0x10  Code  Gb  stm32l5xx_hal_gpio.o [6]
HAL_GPIO_WritePin        0x800'33b3     0xa  Code  Gb  stm32l5xx_hal_gpio.o [6]
HAL_GetTick              0x800'0aad     0xc  Code  Gb  stm32l5xx_hal.o [6]
HAL_Init                 0x800'3409    0x22  Code  Gb  stm32l5xx_hal.o [6]
HAL_InitTick             0x800'0a69    0x44  Code  Gb  stm32l5xx_hal.o [6]
HAL_MspInit              0x800'2bf1    0x36  Code  Gb  stm32l5xx_hal_msp.o [2]
HAL_NVIC_EnableIRQ       0x800'0bd9    0x16  Code  Gb  stm32l5xx_hal_cortex.o [6]
HAL_NVIC_SetPriority     0x800'0b9d    0x3a  Code  Gb  stm32l5xx_hal_cortex.o [6]
HAL_NVIC_SetPriorityGrouping
                         0x800'0b83    0x1a  Code  Gb  stm32l5xx_hal_cortex.o [6]
HAL_PCDEx_ActivateLPM    0x800'3d7b    0x2a  Code  Gb  stm32l5xx_hal_pcd_ex.o [6]
HAL_PCD_Init             0x800'378b    0xaa  Code  Gb  stm32l5xx_hal_pcd.o [6]
HAL_PCD_MspInit          0x800'2d9f    0x70  Code  Gb  stm32l5xx_hal_msp.o [2]
HAL_PWREx_ControlVoltageScaling
                         0x800'0ac5    0x66  Code  Gb  stm32l5xx_hal_pwr_ex.o [6]
HAL_PWREx_EnableVddIO2   0x800'0b2b     0xe  Code  Gb  stm32l5xx_hal_pwr_ex.o [6]
HAL_PWREx_GetVoltageRange
                         0x800'0ab9     0xc  Code  Gb  stm32l5xx_hal_pwr_ex.o [6]
HAL_PWREx_SMPS_GetEffectiveMode
                         0x800'0b39    0x1c  Code  Gb  stm32l5xx_hal_pwr_ex.o [6]
HAL_PWR_EnableBkUpAccess
                         0x800'3c61     0xc  Code  Gb  stm32l5xx_hal_pwr.o [6]
HAL_RCCEx_PeriphCLKConfig
                         0x800'20b9   0x3d6  Code  Gb  stm32l5xx_hal_rcc_ex.o [6]
HAL_RCC_ClockConfig      0x800'0747   0x18e  Code  Gb  stm32l5xx_hal_rcc.o [6]
HAL_RCC_GetHCLKFreq      0x800'0997    0x12  Code  Gb  stm32l5xx_hal_rcc.o [6]
HAL_RCC_GetSysClockFreq
                         0x800'0901    0x96  Code  Gb  stm32l5xx_hal_rcc.o [6]
HAL_RCC_OscConfig        0x800'01f5   0x526  Code  Gb  stm32l5xx_hal_rcc.o [6]
HAL_RTCEx_PrivilegeModeSet
                         0x800'363d    0x2c  Code  Gb  stm32l5xx_hal_rtc_ex.o [6]
HAL_RTC_Init             0x800'34f1    0x86  Code  Gb  stm32l5xx_hal_rtc.o [6]
HAL_RTC_MspInit          0x800'2c91    0x50  Code  Gb  stm32l5xx_hal_msp.o [2]
HAL_RTC_WaitForSynchro   0x800'3577    0x2e  Code  Gb  stm32l5xx_hal_rtc.o [6]
HAL_SPI_ErrorCallback    0x800'3e11     0x2  Code  Gb  stm32l5xx_hal_spi.o [6]
HAL_SPI_IRQHandler       0x800'3909    0xfa  Code  Gb  stm32l5xx_hal_spi.o [6]
HAL_SPI_Init             0x800'3835    0xd4  Code  Gb  stm32l5xx_hal_spi.o [6]
HAL_SPI_MspInit          0x800'2ce1    0xac  Code  Gb  stm32l5xx_hal_msp.o [2]
HAL_SYSTICK_Config       0x800'0bef    0x28  Code  Gb  stm32l5xx_hal_cortex.o [6]
HEAP$$Base              0x2000'3598           --   Gb  - Linker created -
HEAP$$Limit             0x2000'3798           --   Gb  - Linker created -
HardFault_Handler        0x800'4057     0x2  Code  Gb  stm32l5xx_it.o [2]
KernelState             0x2000'3188     0x4  Data  Lc  cmsis_os2.o [7]
LL_ADC_GetOffsetChannel
                         0x800'265d     0xe  Code  Lc  stm32l5xx_hal_adc.o [6]
LL_ADC_SetChannelSamplingTime
                         0x800'267d    0x24  Code  Lc  stm32l5xx_hal_adc.o [6]
LL_ADC_SetOffsetState    0x800'266b    0x12  Code  Lc  stm32l5xx_hal_adc.o [6]
LL_AHB2_GRP1_EnableClock
                         0x800'2e4d    0x16  Code  Lc  main.o [2]
LL_GPIO_Init             0x800'3671   0x11a  Code  Gb  stm32l5xx_ll_gpio.o [6]
MSIRangeTable            0x800'3ee8    0x40  Data  Gb  system_stm32l5xx.o [5]
MemManage_Handler        0x800'4059     0x2  Code  Gb  stm32l5xx_it.o [2]
NMI_Handler              0x800'4055     0x2  Code  Gb  stm32l5xx_it.o [2]
PendSV_Handler           0x800'13f9          Code  Gb  portasm.o [7]
RCCEx_PLLSAI1_Config     0x800'24b9    0xd6  Code  Lc  stm32l5xx_hal_rcc_ex.o [6]
RCCEx_PLLSAI2_Config     0x800'2595    0xa8  Code  Lc  stm32l5xx_hal_rcc_ex.o [6]
RCC_SetFlashLatencyFromMSIRange
                         0x800'09b5    0x78  Code  Lc  stm32l5xx_hal_rcc.o [6]
RTC_EnterInitMode        0x800'35a5    0x40  Code  Gb  stm32l5xx_hal_rtc.o [6]
RTC_ExitInitMode         0x800'35e5    0x4c  Code  Gb  stm32l5xx_hal_rtc.o [6]
Region$$Table$$Base      0x800'3fd0           --   Gb  - Linker created -
Region$$Table$$Limit     0x800'3ff0           --   Gb  - Linker created -
SPI2_IRQHandler          0x800'4061     0x6  Code  Gb  stm32l5xx_it.o [2]
SPI_DMAAbortOnError      0x800'3a15    0x10  Code  Lc  stm32l5xx_hal_spi.o [6]
SVC_Handler              0x800'143d          Code  Gb  portasm.o [7]
StartDefaultTask         0x800'31d5     0xa  Code  Gb  main.o [2]
SysTick_Handler          0x800'3a3d    0x1a  Code  Gb  cmsis_os2.o [7]
SystemClock_Config       0x800'3109    0x88  Code  Gb  main.o [2]
SystemCoreClock         0x2000'0444     0x4  Data  Gb  system_stm32l5xx.o [5]
SystemCoreClockUpdate    0x800'3c91    0x8e  Code  Gb  system_stm32l5xx.o [5]
SystemInit               0x800'3c85     0xc  Code  Gb  system_stm32l5xx.o [5]
USB_DevInit              0x800'3d59    0x10  Code  Gb  stm32l5xx_ll_usb.o [6]
USB_DisableGlobalInt     0x800'3d4d     0xc  Code  Gb  stm32l5xx_ll_usb.o [6]
UsageFault_Handler       0x800'405d     0x2  Code  Gb  stm32l5xx_it.o [2]
__NVIC_SetPriority       0x800'0b69    0x1a  Code  Lc  stm32l5xx_hal_cortex.o [6]
__Vectors                0x800'0000           --   Gb  startup_stm32l552xx.o [1]
__Vectors_End            0x800'01f4          Data  Gb  startup_stm32l552xx.o [1]
__Vectors_Size {Abs}          0x1f4           --   Gb  startup_stm32l552xx.o [1]
__aeabi_memset4          0x800'15ed          Code  Gb  ABImemset48.o [10]
__aeabi_memset8          0x800'15ed          Code  Gb  ABImemset48.o [10]
__cmain                  0x800'3ff1          Code  Gb  cmain.o [10]
__data_GetMemChunk       0x800'3ea9    0x2c  Code  Gb  xgetmemchunk.o [8]
__data_GetMemChunk::start
                        0x2000'3190     0x4  Data  Lc  xgetmemchunk.o [8]
__data_memzero           0x800'3ed5    0x12  Code  Gb  xxmemxmemzero.o [8]
__exit                   0x800'4025    0x14  Code  Gb  exit.o [11]
__iar_Memset4_word       0x800'15f5          Code  Gb  ABImemset48.o [10]
__iar_Memset8_word       0x800'15f5          Code  Gb  ABImemset48.o [10]
__iar_data_init3         0x800'3f61    0x28  Code  Gb  data_init.o [10]
__iar_init_vfp           0x800'3fad          Code  Gb  fpinit_M.o [9]
__iar_packbits_init_single3
                         0x800'31e3    0x3a  Code  Gb  packbits_init_single.o [10]
__iar_program_start      0x800'4039          Code  Gb  cstartup_M.o [10]
__iar_small_Memcpy       0x800'20a5          Code  Gb  ABImemcpy_small.o [10]
__iar_small_Memset       0x800'3c71          Code  Gb  ABImemset_small.o [10]
__iar_small_Memset_word
                         0x800'3c71          Code  Gb  ABImemset_small.o [10]
__iar_small_memcpy       0x800'20a1          Code  Gb  ABImemcpy_small.o [10]
__iar_small_memcpy4      0x800'20a1          Code  Gb  ABImemcpy_small.o [10]
__iar_small_memcpy8      0x800'20a1          Code  Gb  ABImemcpy_small.o [10]
__iar_small_memset       0x800'3c71          Code  Gb  ABImemset_small.o [10]
__iar_zero_init3         0x800'3f29    0x38  Code  Gb  zero_init3.o [10]
__low_level_init         0x800'400f     0x4  Code  Gb  low_level_init.o [8]
__no_free_calloc         0x800'3e5b    0x2c  Code  Gb  no_free_heap0.o [8]
__no_free_malloc         0x800'3e15    0x46  Code  Gb  no_free_heap0.o [8]
__vector_table           0x800'0000          Data  Gb  startup_stm32l552xx.o [1]
_call_main               0x800'3ffd          Code  Gb  cmain.o [10]
_exit                    0x800'4019          Code  Gb  cexit.o [10]
defaultTaskHandle       0x2000'0424     0x4  Data  Gb  main.o [2]
defaultTask_attributes   0x800'3f88    0x24  Data  Gb  main.o [2]
exit                     0x800'4013     0x4  Code  Gb  exit.o [8]
gpio_hal                0x2000'0000    0x18  Data  Gb  gpio_api.o [3]
gpio_toggle              0x800'3e8d    0x16  Code  Gb  gpio_api.o [3]
hadc1                   0x2000'003c    0x68  Data  Gb  main.o [2]
heartbeat               0x2000'0428     0xc  Data  Gb  main.o [2]
heartbeat_init           0x800'3bf9    0x3e  Code  Gb  heartbeat_api.o [4]
heartbeat_task           0x800'3c3d    0x1c  Code  Gb  heartbeat_api.o [4]
heartbeat_task_attributes
                        0x2000'0018    0x24  Data  Gb  heartbeat_api.o [4]
hpcd_USB_FS             0x2000'0130   0x2f4  Data  Gb  main.o [2]
hrtc                    0x2000'0108    0x28  Data  Gb  main.o [2]
hspi2                   0x2000'00a4    0x64  Data  Gb  main.o [2]
main                     0x800'2e63   0x288  Code  Gb  main.o [2]
memset                   0x800'33f5    0x14  Code  Gb  memset.o [10]
osDelay                  0x800'3bd3    0x1a  Code  Gb  cmsis_os2.o [7]
osKernelInitialize       0x800'3a57    0x1a  Code  Gb  cmsis_os2.o [7]
osKernelStart            0x800'3a79    0x2a  Code  Gb  cmsis_os2.o [7]
osThreadFlagsWait        0x800'3b41    0x92  Code  Gb  cmsis_os2.o [7]
osThreadNew              0x800'3aaf    0x92  Code  Gb  cmsis_os2.o [7]
prvAddCurrentTaskToDelayedList
                         0x800'1327    0x4e  Code  Lc  tasks.o [7]
prvAddNewTaskToReadyList
                         0x800'0d6b    0xb0  Code  Lc  tasks.o [7]
prvCheckForValidListAndQueue
                         0x800'1b09    0x4e  Code  Lc  timers.o [7]
prvCheckForValidListAndQueue{1}{2}{3}{4}::ucStaticTimerQueueStorage
                        0x2000'300c    0xa0  Data  Lc  timers.o [7]
prvCheckForValidListAndQueue{1}{2}{3}{4}::xStaticTimerQueue
                        0x2000'2fbc    0x50  Data  Lc  timers.o [7]
prvCopyDataFromQueue     0x800'1f8d    0x28  Code  Lc  queue.o [7]
prvCopyDataToQueue       0x800'1f25    0x68  Code  Lc  queue.o [7]
prvDeleteTCB             0x800'11c5    0x2a  Code  Lc  tasks.o [7]
prvIdleTask              0x800'1185    0x40  Code  Lc  tasks.o [7]
prvInitialiseNewQueue    0x800'1c5f    0x20  Code  Lc  queue.o [7]
prvInitialiseNewTask     0x800'0cdd    0x8e  Code  Lc  tasks.o [7]
prvInsertBlockIntoFreeList
                         0x800'15a1    0x46  Code  Lc  heap_4.o [7]
prvInsertTimerInActiveList
                         0x800'1ad3    0x34  Code  Lc  timers.o [7]
prvIsQueueEmpty          0x800'201d    0x16  Code  Lc  queue.o [7]
prvResetNextTaskUnblockTime
                         0x800'11ef    0x1a  Code  Lc  tasks.o [7]
prvSampleTimeNow         0x800'1a59    0x7a  Code  Lc  timers.o [7]
prvSampleTimeNow::xLastTime
                        0x2000'2f90     0x4  Data  Lc  timers.o [7]
prvTaskExitError         0x800'16b9    0x22  Code  Lc  port.o [7]
prvTimerTask             0x800'18d5   0x184  Code  Lc  timers.o [7]
prvUnlockQueue           0x800'1fb5    0x68  Code  Lc  queue.o [7]
pvPortMalloc             0x800'1459    0xfe  Code  Gb  heap_4.o [7]
pxCurrentTCB            0x2000'30d4     0x4  Data  Gb  tasks.o [7]
pxCurrentTimerList      0x2000'2f80     0x4  Data  Lc  timers.o [7]
pxDelayedTaskList       0x2000'30d8     0x4  Data  Lc  tasks.o [7]
pxEnd                   0x2000'0450     0x4  Data  Lc  heap_4.o [7]
pxOverflowDelayedTaskList
                        0x2000'30dc     0x4  Data  Lc  tasks.o [7]
pxOverflowTimerList     0x2000'2f84     0x4  Data  Lc  timers.o [7]
pxPortInitialiseStack    0x800'1765    0x68  Code  Gb  port.o [7]
pxReadyTasksLists       0x2000'2468   0x460  Data  Lc  tasks.o [7]
qs                      0x2000'318c     0x4  Data  Lc  no_free_heap0.o [8]
ucHeap                  0x2000'0468  0x2000  Data  Lc  heap_4.o [7]
ulCriticalNesting       0x2000'0434     0x4  Data  Lc  port.o [7]
ulSetInterruptMask       0x800'13d5          Code  Gb  portasm.o [7]
uwTick                  0x2000'043c     0x4  Data  Gb  stm32l5xx_hal.o [6]
uwTickFreq              0x2000'0438     0x1  Data  Gb  stm32l5xx_hal.o [6]
uwTickPrio              0x2000'0440     0x4  Data  Gb  stm32l5xx_hal.o [6]
uxCurrentNumberOfTasks  0x2000'30f8     0x4  Data  Lc  tasks.o [7]
uxDeletedTasksWaitingCleanUp
                        0x2000'30e0     0x4  Data  Lc  tasks.o [7]
uxListRemove             0x800'1693    0x26  Code  Gb  list.o [7]
uxSchedulerSuspended    0x2000'311c     0x4  Data  Lc  tasks.o [7]
uxTaskNumber            0x2000'3114     0x4  Data  Lc  tasks.o [7]
uxTopReadyPriority      0x2000'3100     0x4  Data  Lc  tasks.o [7]
vApplicationGetIdleTaskMemory
                         0x800'1825    0x14  Code  Gb  cmsis_os2.o [7]
vApplicationGetIdleTaskMemory::Idle_Stack
                        0x2000'2d80   0x200  Data  Lc  cmsis_os2.o [7]
vApplicationGetIdleTaskMemory::Idle_TCB
                        0x2000'2d24    0x5c  Data  Lc  cmsis_os2.o [7]
vApplicationGetTimerTaskMemory
                         0x800'1b95    0x18  Code  Gb  cmsis_os2.o [7]
vApplicationGetTimerTaskMemory::Timer_Stack
                        0x2000'2924   0x400  Data  Lc  cmsis_os2.o [7]
vApplicationGetTimerTaskMemory::Timer_TCB
                        0x2000'28c8    0x5c  Data  Lc  cmsis_os2.o [7]
vClearInterruptMask      0x800'13eb          Code  Gb  portasm.o [7]
vListInitialise          0x800'1627    0x1a  Code  Gb  list.o [7]
vListInitialiseItem      0x800'1641     0x6  Code  Gb  list.o [7]
vListInsert              0x800'1661    0x32  Code  Gb  list.o [7]
vListInsertEnd           0x800'1647    0x1a  Code  Gb  list.o [7]
vPortEnterCritical       0x800'16f1    0x18  Code  Gb  port.o [7]
vPortExitCritical        0x800'1709    0x22  Code  Gb  port.o [7]
vPortFree                0x800'1557    0x4a  Code  Gb  heap_4.o [7]
vPortSVCHandler_C        0x800'174b    0x1a  Code  Gb  port.o [7]
vPortSetupTimerInterrupt
                         0x800'1b6d    0x28  Code  Gb  port.o [7]
vPortYield               0x800'16dd    0x12  Code  Gb  port.o [7]
vQueueAddToRegistry      0x800'2033    0x20  Code  Gb  queue.o [7]
vQueueWaitForMessageRestricted
                         0x800'2059    0x48  Code  Gb  queue.o [7]
vRaisePrivilege          0x800'13af          Code  Gb  portasm.o [7]
vRestoreContextOfFirstTask
                         0x800'1391          Code  Gb  portasm.o [7]
vStartFirstTask          0x800'13bd          Code  Gb  portasm.o [7]
vTaskDelay               0x800'0e1b    0x30  Code  Gb  tasks.o [7]
vTaskInternalSetTimeOutState
                         0x800'1111     0xe  Code  Gb  tasks.o [7]
vTaskMissedYield         0x800'117b     0xa  Code  Gb  tasks.o [7]
vTaskPlaceOnEventList    0x800'1063    0x16  Code  Gb  tasks.o [7]
vTaskPlaceOnEventListRestricted
                         0x800'1083    0x26  Code  Gb  tasks.o [7]
vTaskStartScheduler      0x800'0e51    0x64  Code  Gb  tasks.o [7]
vTaskSuspendAll          0x800'0eb5     0xc  Code  Gb  tasks.o [7]
vTaskSwitchContext       0x800'1017    0x4c  Code  Gb  tasks.o [7]
xActiveTimerList1       0x2000'2f94    0x14  Data  Lc  timers.o [7]
xActiveTimerList2       0x2000'2fa8    0x14  Data  Lc  timers.o [7]
xBlockAllocatedBit      0x2000'0464     0x4  Data  Lc  heap_4.o [7]
xDelayedTaskList1       0x2000'3120    0x14  Data  Lc  tasks.o [7]
xDelayedTaskList2       0x2000'3134    0x14  Data  Lc  tasks.o [7]
xFreeBytesRemaining     0x2000'0454     0x4  Data  Lc  heap_4.o [7]
xMinimumEverFreeBytesRemaining
                        0x2000'0458     0x4  Data  Lc  heap_4.o [7]
xNextTaskUnblockTime    0x2000'3118     0x4  Data  Lc  tasks.o [7]
xNumOfOverflows         0x2000'3110     0x4  Data  Lc  tasks.o [7]
xNumberOfSuccessfulAllocations
                        0x2000'045c     0x4  Data  Lc  heap_4.o [7]
xNumberOfSuccessfulFrees
                        0x2000'0460     0x4  Data  Lc  heap_4.o [7]
xPendedTicks            0x2000'3108     0x4  Data  Lc  tasks.o [7]
xPendingReadyList       0x2000'30ac    0x14  Data  Lc  tasks.o [7]
xPortStartScheduler      0x800'17cd    0x46  Code  Gb  port.o [7]
xPortSysTickHandler      0x800'172b    0x20  Code  Gb  port.o [7]
xQueueGenericCreateStatic
                         0x800'1c15    0x4a  Code  Gb  queue.o [7]
xQueueGenericReset       0x800'1bad    0x68  Code  Gb  queue.o [7]
xQueueGenericSend        0x800'1c7f   0x108  Code  Gb  queue.o [7]
xQueueGenericSendFromISR
                         0x800'1d87    0x80  Code  Gb  queue.o [7]
xQueueReceive            0x800'1e13    0xe8  Code  Gb  queue.o [7]
xQueueRegistry          0x2000'3148    0x40  Data  Gb  queue.o [7]
xSchedulerRunning       0x2000'3104     0x4  Data  Lc  tasks.o [7]
xStart                  0x2000'0448     0x8  Data  Lc  heap_4.o [7]
xSuspendedTaskList      0x2000'30e4    0x14  Data  Lc  tasks.o [7]
xTaskCheckForTimeOut     0x800'111f    0x5c  Code  Gb  tasks.o [7]
xTaskCreate              0x800'0c81    0x5c  Code  Gb  tasks.o [7]
xTaskCreateStatic        0x800'0c31    0x50  Code  Gb  tasks.o [7]
xTaskGetSchedulerState   0x800'1209    0x18  Code  Gb  tasks.o [7]
xTaskGetTickCount        0x800'0f53     0x2  Code  Gb  tasks.o [7]
xTaskIncrementTick       0x800'0f5d    0xba  Code  Gb  tasks.o [7]
xTaskNotifyWait          0x800'129d    0x78  Code  Gb  tasks.o [7]
xTaskPriorityDisinherit
                         0x800'1227    0x50  Code  Gb  tasks.o [7]
xTaskRemoveFromEventList
                         0x800'10b5    0x46  Code  Gb  tasks.o [7]
xTaskResumeAll           0x800'0ec1    0x8a  Code  Gb  tasks.o [7]
xTasksWaitingTermination
                        0x2000'30c0    0x14  Data  Lc  tasks.o [7]
xTickCount              0x2000'30fc     0x4  Data  Lc  tasks.o [7]
xTimerCreateTimerTask    0x800'1839    0x4e  Code  Gb  timers.o [7]
xTimerGenericCommand     0x800'1887    0x4e  Code  Gb  timers.o [7]
xTimerQueue             0x2000'2f88     0x4  Data  Lc  timers.o [7]
xTimerTaskHandle        0x2000'2f8c     0x4  Data  Lc  timers.o [7]
xYieldPending           0x2000'310c     0x4  Data  Lc  tasks.o [7]


[1] = D:\Proyectos\STM32\kart\EWARM\kart\Obj\Application\EWARM
[2] = D:\Proyectos\STM32\kart\EWARM\kart\Obj\Application\User
[3] = D:\Proyectos\STM32\kart\EWARM\kart\Obj\Application\hdwr\src
[4] = D:\Proyectos\STM32\kart\EWARM\kart\Obj\Application\heartbeat\src
[5] = D:\Proyectos\STM32\kart\EWARM\kart\Obj\Drivers\CMSIS
[6] = D:\Proyectos\STM32\kart\EWARM\kart\Obj\Drivers\STM32L5xx_HAL_Driver
[7] = D:\Proyectos\STM32\kart\EWARM\kart\Obj\Middlewares\FreeRTOS
[8] = dl7M_tlf.a
[9] = m7M_tls.a
[10] = rt7M_tl.a
[11] = shb_l.a

  16'788 bytes of readonly  code memory
     228 bytes of readonly  data memory
  14'228 bytes of readwrite data memory

Errors: none
Warnings: none
