###############################################################################
#
# IAR ELF Linker V9.10.2.313/W64 for ARM                  24/Nov/2021  20:29:49
# Copyright 2007-2021 IAR Systems AB.
#
#    Output file  =  D:\Proyectos\STM32\kart\EWARM\kart\Exe\kart.out
#    Map file     =  D:\Proyectos\STM32\kart\EWARM\kart\List\kart.map
#    Command line =
#        -f D:\Proyectos\STM32\kart\EWARM\kart\Exe\kart.out.rsp
#        (D:\Proyectos\STM32\kart\EWARM\kart\Obj\Application\User\app_freertos.o
#        D:\Proyectos\STM32\kart\EWARM\kart\Obj\Middlewares\FreeRTOS\cmsis_os2.o
#        D:\Proyectos\STM32\kart\EWARM\kart\Obj\Middlewares\FreeRTOS\croutine.o
#        D:\Proyectos\STM32\kart\EWARM\kart\Obj\Application\dac\src\dac_api.o
#        D:\Proyectos\STM32\kart\EWARM\kart\Obj\Application\dac\src\dac_thread.o
#        D:\Proyectos\STM32\kart\EWARM\kart\Obj\Middlewares\FreeRTOS\event_groups.o
#        D:\Proyectos\STM32\kart\EWARM\kart\Obj\Application\hdwr\src\gpio_api.o
#        D:\Proyectos\STM32\kart\EWARM\kart\Obj\Middlewares\FreeRTOS\heap_4.o
#        D:\Proyectos\STM32\kart\EWARM\kart\Obj\Application\heartbeat\src\heartbeat_api.o
#        D:\Proyectos\STM32\kart\EWARM\kart\Obj\Middlewares\FreeRTOS\list.o
#        D:\Proyectos\STM32\kart\EWARM\kart\Obj\Application\User\main.o
#        D:\Proyectos\STM32\kart\EWARM\kart\Obj\Middlewares\FreeRTOS\port.o
#        D:\Proyectos\STM32\kart\EWARM\kart\Obj\Middlewares\FreeRTOS\portasm.o
#        D:\Proyectos\STM32\kart\EWARM\kart\Obj\Middlewares\FreeRTOS\queue.o
#        D:\Proyectos\STM32\kart\EWARM\kart\Obj\Application\hdwr\src\spi_api.o
#        D:\Proyectos\STM32\kart\EWARM\kart\Obj\Application\EWARM\startup_stm32l552xx.o
#        D:\Proyectos\STM32\kart\EWARM\kart\Obj\Drivers\STM32L5xx_HAL_Driver\stm32l5xx_hal.o
#        D:\Proyectos\STM32\kart\EWARM\kart\Obj\Drivers\STM32L5xx_HAL_Driver\stm32l5xx_hal_adc.o
#        D:\Proyectos\STM32\kart\EWARM\kart\Obj\Drivers\STM32L5xx_HAL_Driver\stm32l5xx_hal_adc_ex.o
#        D:\Proyectos\STM32\kart\EWARM\kart\Obj\Drivers\STM32L5xx_HAL_Driver\stm32l5xx_hal_cortex.o
#        D:\Proyectos\STM32\kart\EWARM\kart\Obj\Drivers\STM32L5xx_HAL_Driver\stm32l5xx_hal_dma.o
#        D:\Proyectos\STM32\kart\EWARM\kart\Obj\Drivers\STM32L5xx_HAL_Driver\stm32l5xx_hal_dma_ex.o
#        D:\Proyectos\STM32\kart\EWARM\kart\Obj\Drivers\STM32L5xx_HAL_Driver\stm32l5xx_hal_exti.o
#        D:\Proyectos\STM32\kart\EWARM\kart\Obj\Drivers\STM32L5xx_HAL_Driver\stm32l5xx_hal_flash.o
#        D:\Proyectos\STM32\kart\EWARM\kart\Obj\Drivers\STM32L5xx_HAL_Driver\stm32l5xx_hal_flash_ex.o
#        D:\Proyectos\STM32\kart\EWARM\kart\Obj\Drivers\STM32L5xx_HAL_Driver\stm32l5xx_hal_flash_ramfunc.o
#        D:\Proyectos\STM32\kart\EWARM\kart\Obj\Drivers\STM32L5xx_HAL_Driver\stm32l5xx_hal_gpio.o
#        D:\Proyectos\STM32\kart\EWARM\kart\Obj\Drivers\STM32L5xx_HAL_Driver\stm32l5xx_hal_i2c.o
#        D:\Proyectos\STM32\kart\EWARM\kart\Obj\Drivers\STM32L5xx_HAL_Driver\stm32l5xx_hal_i2c_ex.o
#        D:\Proyectos\STM32\kart\EWARM\kart\Obj\Drivers\STM32L5xx_HAL_Driver\stm32l5xx_hal_icache.o
#        D:\Proyectos\STM32\kart\EWARM\kart\Obj\Application\User\stm32l5xx_hal_msp.o
#        D:\Proyectos\STM32\kart\EWARM\kart\Obj\Drivers\STM32L5xx_HAL_Driver\stm32l5xx_hal_pwr.o
#        D:\Proyectos\STM32\kart\EWARM\kart\Obj\Drivers\STM32L5xx_HAL_Driver\stm32l5xx_hal_pwr_ex.o
#        D:\Proyectos\STM32\kart\EWARM\kart\Obj\Drivers\STM32L5xx_HAL_Driver\stm32l5xx_hal_rcc.o
#        D:\Proyectos\STM32\kart\EWARM\kart\Obj\Drivers\STM32L5xx_HAL_Driver\stm32l5xx_hal_rcc_ex.o
#        D:\Proyectos\STM32\kart\EWARM\kart\Obj\Drivers\STM32L5xx_HAL_Driver\stm32l5xx_hal_rtc.o
#        D:\Proyectos\STM32\kart\EWARM\kart\Obj\Drivers\STM32L5xx_HAL_Driver\stm32l5xx_hal_rtc_ex.o
#        D:\Proyectos\STM32\kart\EWARM\kart\Obj\Drivers\STM32L5xx_HAL_Driver\stm32l5xx_hal_spi.o
#        D:\Proyectos\STM32\kart\EWARM\kart\Obj\Drivers\STM32L5xx_HAL_Driver\stm32l5xx_hal_spi_ex.o
#        D:\Proyectos\STM32\kart\EWARM\kart\Obj\Drivers\STM32L5xx_HAL_Driver\stm32l5xx_hal_tim.o
#        D:\Proyectos\STM32\kart\EWARM\kart\Obj\Drivers\STM32L5xx_HAL_Driver\stm32l5xx_hal_tim_ex.o
#        D:\Proyectos\STM32\kart\EWARM\kart\Obj\Application\User\stm32l5xx_it.o
#        D:\Proyectos\STM32\kart\EWARM\kart\Obj\Drivers\STM32L5xx_HAL_Driver\stm32l5xx_ll_dma.o
#        D:\Proyectos\STM32\kart\EWARM\kart\Obj\Drivers\STM32L5xx_HAL_Driver\stm32l5xx_ll_exti.o
#        D:\Proyectos\STM32\kart\EWARM\kart\Obj\Drivers\STM32L5xx_HAL_Driver\stm32l5xx_ll_gpio.o
#        D:\Proyectos\STM32\kart\EWARM\kart\Obj\Drivers\STM32L5xx_HAL_Driver\stm32l5xx_ll_ucpd.o
#        D:\Proyectos\STM32\kart\EWARM\kart\Obj\Drivers\STM32L5xx_HAL_Driver\stm32l5xx_ll_utils.o
#        D:\Proyectos\STM32\kart\EWARM\kart\Obj\Middlewares\FreeRTOS\stream_buffer.o
#        D:\Proyectos\STM32\kart\EWARM\kart\Obj\Application\system\src\system_api.o
#        D:\Proyectos\STM32\kart\EWARM\kart\Obj\Drivers\CMSIS\system_stm32l5xx.o
#        D:\Proyectos\STM32\kart\EWARM\kart\Obj\Middlewares\FreeRTOS\tasks.o
#        D:\Proyectos\STM32\kart\EWARM\kart\Obj\Middlewares\FreeRTOS\timers.o
#        --no_out_extension -o D:\Proyectos\STM32\kart\EWARM\kart\Exe\kart.out
#        --redirect _Printf=_PrintfFullNoMb --redirect _Scanf=_ScanfFullNoMb
#        --map D:\Proyectos\STM32\kart\EWARM\kart\List\kart.map --config
#        D:\Proyectos\STM32\kart\EWARM/stm32l552xe_flash.icf --semihosting
#        --entry __iar_program_start --vfe --text_out locale)
#
###############################################################################

*******************************************************************************
*** RUNTIME MODEL ATTRIBUTES
***

CppFlavor       = *
__Heap_Handler  = DLMalloc
__SystemLibrary = DLib
__dlib_version  = 6


*******************************************************************************
*** HEAP SELECTION
***

The advanced heap was selected because the application calls memory
allocation functions outside of system library functions, and there
are calls to deallocation functions in the application.


*******************************************************************************
*** PLACEMENT SUMMARY
***

"A0":  place at address 0x800'0000 { ro section .intvec };
"P1":  place in [from 0x800'0000 to 0x807'ffff] { ro };
define block CSTACK with size = 1K, alignment = 8 { };
define block HEAP with size = 512, alignment = 8 { };
"P2":  place in [from 0x2000'0000 to 0x2002'ffff] {
          rw, block CSTACK, block HEAP };
"P3":  place in [from 0x2000'0000 to 0x2002'ffff] { };
initialize by copy { rw };

  Section               Kind         Address    Size  Object
  -------               ----         -------    ----  ------
"A0":                                          0x1f4
  .intvec               ro code   0x800'0000   0x1f4  startup_stm32l552xx.o [1]
                                - 0x800'01f4   0x1f4

"P1":                                         0x77b9
  .text                 ro code   0x800'01f4  0x1514  dlmalloc.o [10]
  .text                 ro code   0x800'1708     0x6  abort.o [10]
  .rodata               const     0x800'170e     0x2  xlocale_c.o [10]
  .text                 ro code   0x800'1710    0x2c  xgetmemchunk.o [10]
  .text                 ro code   0x800'173c     0x6  ABImemclr.o [12]
  .rodata               const     0x800'1742     0x1  xlocale_c.o [10]
  .text                 ro code   0x800'1744    0x14  exit.o [13]
  .text                 ro code   0x800'1758    0x12  ABImemset_small.o [12]
  .text                 ro code   0x800'176c    0x7c  iarttio.o [13]
  .text                 ro code   0x800'17e8     0x8  XShttio.o [10]
  .text                 ro code   0x800'17f0   0xf2e  xprintffull_nomb.o [10]
  .text                 ro code   0x800'2720    0x16  strchr.o [12]
  .text                 ro code   0x800'2738    0x40  xfail_s.o [10]
  .text                 ro code   0x800'2778    0x36  strlen.o [12]
  .text                 ro code   0x800'27b0    0x58  memchr.o [12]
  .text                 ro code   0x800'2808    0x18  ABImemcpy_small.o [12]
  .text                 ro code   0x800'2820    0x70  frexp.o [11]
  .text                 ro code   0x800'2890    0x34  DblCmpLe.o [11]
  .text                 ro code   0x800'28c4    0x34  DblCmpGe.o [11]
  .text                 ro code   0x800'28f8   0x13a  ldexp.o [11]
  .text                 ro code   0x800'2a34    0x36  DblToS32.o [11]
  .text                 ro code   0x800'2a6c    0x22  S32ToDbl.o [11]
  .text                 ro code   0x800'2a90   0x24e  DblAddSub.o [11]
  .text                 ro code   0x800'2ce0   0x246  DblDiv.o [11]
  .text                 ro code   0x800'2f28    0x22  DblToU32.o [11]
  .text                 ro code   0x800'2f4c    0x1c  U32ToDbl.o [11]
  .text                 ro code   0x800'2f68   0x1aa  DblMul.o [11]
  .text                 ro code   0x800'3114     0x8  xlocale_c.o [10]
  .text                 ro code   0x800'311c   0x230  I64DivMod.o [12]
  .text                 ro code   0x800'334c     0x2  I64DivZer.o [12]
  .text                 ro code   0x800'3350   0x874  stm32l5xx_hal_rcc.o [8]
  .text                 ro code   0x800'3bc4    0x44  stm32l5xx_hal.o [8]
  .text                 ro code   0x800'3c08     0xc  stm32l5xx_hal.o [8]
  .text                 ro code   0x800'3c14    0xb0  stm32l5xx_hal_pwr_ex.o [8]
  .text                 ro code   0x800'3cc4    0xc8  stm32l5xx_hal_cortex.o [8]
  .text                 ro code   0x800'3d8c   0x760  tasks.o [9]
  privileged_functions  ro code   0x800'44ec    0xc8  portasm.o [9]
  .text                 ro code   0x800'45b4   0x194  heap_4.o [9]
  .text                 ro code   0x800'4748    0x3a  ABImemset48.o [12]
  .text                 ro code   0x800'4782    0x92  list.o [9]
  .text                 ro code   0x800'4814   0x16c  port.o [9]
  .text                 ro code   0x800'4980    0x14  cmsis_os2.o [9]
  .text                 ro code   0x800'4994   0x334  timers.o [9]
  .text                 ro code   0x800'4cc8    0x28  port.o [9]
  .text                 ro code   0x800'4cf0    0x18  cmsis_os2.o [9]
  .text                 ro code   0x800'4d08   0x4f4  queue.o [9]
  .text                 ro code   0x800'51fc   0x5a4  stm32l5xx_hal_rcc_ex.o [8]
  .text                 ro code   0x800'57a0   0x594  stm32l5xx_hal_adc.o [8]
  .text                 ro code   0x800'5d34   0x1dc  stm32l5xx_hal_msp.o [2]
  .text                 ro code   0x800'5f10    0x14  memset.o [12]
  .text                 ro code   0x800'5f24   0x362  main.o [2]
  .text                 ro code   0x800'6288   0x1d8  stm32l5xx_hal_gpio.o [8]
  .text                 ro code   0x800'6460    0x22  stm32l5xx_hal.o [8]
  .text                 ro code   0x800'6484    0xc4  stm32l5xx_hal_adc_ex.o [8]
  .text                 ro code   0x800'6548   0x14c  stm32l5xx_hal_rtc.o [8]
  .text                 ro code   0x800'6694    0x34  stm32l5xx_hal_rtc_ex.o [8]
  .text                 ro code   0x800'66c8   0x11a  stm32l5xx_ll_gpio.o [8]
  .text                 ro code   0x800'67e4   0x206  stm32l5xx_hal_spi.o [8]
  .text                 ro code   0x800'69ec   0x1bc  cmsis_os2.o [9]
  .text                 ro code   0x800'6ba8    0x2c  system_api.o [6]
  .text                 ro code   0x800'6bd4    0x10  stm32l5xx_hal_pwr.o [8]
  .text                 ro code   0x800'6be4    0xc8  system_stm32l5xx.o [7]
  .text                 ro code   0x800'6cac    0x6c  stm32l5xx_hal_dma.o [8]
  .text                 ro code   0x800'6d18     0x2  stm32l5xx_hal_spi.o [8]
  .text                 ro code   0x800'6d1c    0x50  gpio_api.o [4]
  .text                 ro code   0x800'6d6c    0x84  heartbeat_api.o [5]
  .text                 ro code   0x800'6df0    0x5c  dac_api.o [3]
  .text                 ro code   0x800'6e4c    0x28  printf.o [10]
  .text                 ro code   0x800'6e74    0x5c  dac_thread.o [3]
  .text                 ro code   0x800'6ed0    0x66  spi_api.o [4]
  .text                 ro code   0x800'6f36    0x28  strncat.o [10]
  .text                 ro code   0x800'6f5e    0xd8  xfspos.o [10]
  .text                 ro code   0x800'7038    0xac  fflush.o [10]
  .text                 ro code   0x800'70e4     0xc  xfgpos.o [10]
  .text                 ro code   0x800'70f0    0x4e  lseek.o [13]
  .text                 ro code   0x800'713e    0x10  write.o [13]
  .text                 ro code   0x800'7150    0xcc  XShHandles.o [10]
  .text                 ro code   0x800'721c    0x1e  dwrite.o [13]
  .text                 ro code   0x800'723a    0x20  iarwstd.o [13]
  .text                 ro code   0x800'725a    0x22  iarwrite.o [13]
  .text                 ro code   0x800'727c    0xb4  xfwprep.o [10]
  .text                 ro code   0x800'7330    0x24  fseek.o [10]
  .text                 ro code   0x800'7354    0x9c  xfofind.o [10]
  .text                 ro code   0x800'73f0     0x4  heaptramp0.o [10]
  .text                 ro code   0x800'73f4    0x7e  fclose.o [10]
  .text                 ro code   0x800'7472    0x18  close.o [13]
  .text                 ro code   0x800'748a    0x14  remove.o [13]
  .text                 ro code   0x800'749e    0x78  lz77_init_single.o [12]
  .text                 ro code   0x800'7516    0x54  fputc.o [10]
  .rodata               const     0x800'756c    0x40  system_stm32l5xx.o [7]
  .text                 ro code   0x800'75ac    0x40  xcloseall.o [10]
  .text                 ro code   0x800'75ec    0x38  zero_init3.o [12]
  .text                 ro code   0x800'7624    0x28  data_init.o [12]
  .rodata               const     0x800'764c    0x24  spi_api.o [4]
  .text                 ro code   0x800'7670    0x22  fpinit_M.o [11]
  .iar.init_table       const     0x800'7694    0x20  - Linker created -
  .text                 ro code   0x800'76b4    0x1e  cmain.o [12]
  .text                 ro code   0x800'76d2     0x4  low_level_init.o [10]
  .text                 ro code   0x800'76d6     0x4  exit.o [10]
  .text                 ro code   0x800'76dc     0xe  cexit.o [12]
  .text                 ro code   0x800'76ec    0x1c  cstartup_M.o [12]
  .text                 ro code   0x800'7708    0x18  stm32l5xx_it.o [2]
  .text                 ro code   0x800'7720    0x16  xprout.o [10]
  .text                 ro code   0x800'7738     0xc  putchar.o [10]
  .text                 ro code   0x800'7744    0x10  startup_stm32l552xx.o [1]
  .rodata               const     0x800'7754     0xc  system_api.o [6]
  .rodata               const     0x800'7760     0x4  system_api.o [6]
  .text                 ro code   0x800'7764     0x4  startup_stm32l552xx.o [1]
  .text                 ro code   0x800'7768     0x4  startup_stm32l552xx.o [1]
  .text                 ro code   0x800'776c     0x4  startup_stm32l552xx.o [1]
  .text                 ro code   0x800'7770     0x4  startup_stm32l552xx.o [1]
  .text                 ro code   0x800'7774     0x4  startup_stm32l552xx.o [1]
  .text                 ro code   0x800'7778     0x4  startup_stm32l552xx.o [1]
  .text                 ro code   0x800'777c     0x4  startup_stm32l552xx.o [1]
  .text                 ro code   0x800'7780     0x4  startup_stm32l552xx.o [1]
  .text                 ro code   0x800'7784     0x4  startup_stm32l552xx.o [1]
  .text                 ro code   0x800'7788     0x4  startup_stm32l552xx.o [1]
  .text                 ro code   0x800'778c     0x4  startup_stm32l552xx.o [1]
  .text                 ro code   0x800'7790     0x4  startup_stm32l552xx.o [1]
  .text                 ro code   0x800'7794     0x4  startup_stm32l552xx.o [1]
  .text                 ro code   0x800'7798     0x4  startup_stm32l552xx.o [1]
  .text                 ro code   0x800'779c     0x4  startup_stm32l552xx.o [1]
  .text                 ro code   0x800'77a0     0x4  startup_stm32l552xx.o [1]
  .text                 ro code   0x800'77a4     0x4  startup_stm32l552xx.o [1]
  .text                 ro code   0x800'77a8     0x4  startup_stm32l552xx.o [1]
  .text                 ro code   0x800'77ac     0x4  startup_stm32l552xx.o [1]
  .text                 ro code   0x800'77b0     0x4  startup_stm32l552xx.o [1]
  .text                 ro code   0x800'77b4     0x4  startup_stm32l552xx.o [1]
  .text                 ro code   0x800'77b8     0x4  startup_stm32l552xx.o [1]
  .text                 ro code   0x800'77bc     0x4  startup_stm32l552xx.o [1]
  .text                 ro code   0x800'77c0     0x4  startup_stm32l552xx.o [1]
  .text                 ro code   0x800'77c4     0x4  startup_stm32l552xx.o [1]
  .text                 ro code   0x800'77c8     0x4  startup_stm32l552xx.o [1]
  .text                 ro code   0x800'77cc     0x4  startup_stm32l552xx.o [1]
  .text                 ro code   0x800'77d0     0x4  startup_stm32l552xx.o [1]
  .text                 ro code   0x800'77d4     0x4  startup_stm32l552xx.o [1]
  .text                 ro code   0x800'77d8     0x4  startup_stm32l552xx.o [1]
  .text                 ro code   0x800'77dc     0x4  startup_stm32l552xx.o [1]
  .text                 ro code   0x800'77e0     0x4  startup_stm32l552xx.o [1]
  .text                 ro code   0x800'77e4     0x4  startup_stm32l552xx.o [1]
  .text                 ro code   0x800'77e8     0x4  startup_stm32l552xx.o [1]
  .text                 ro code   0x800'77ec     0x4  startup_stm32l552xx.o [1]
  .text                 ro code   0x800'77f0     0x4  startup_stm32l552xx.o [1]
  .text                 ro code   0x800'77f4     0x4  startup_stm32l552xx.o [1]
  .text                 ro code   0x800'77f8     0x4  startup_stm32l552xx.o [1]
  .text                 ro code   0x800'77fc     0x4  startup_stm32l552xx.o [1]
  .text                 ro code   0x800'7800     0x4  startup_stm32l552xx.o [1]
  .text                 ro code   0x800'7804     0x4  startup_stm32l552xx.o [1]
  .text                 ro code   0x800'7808     0x4  startup_stm32l552xx.o [1]
  .text                 ro code   0x800'780c     0x4  startup_stm32l552xx.o [1]
  .text                 ro code   0x800'7810     0x4  startup_stm32l552xx.o [1]
  .text                 ro code   0x800'7814     0x4  startup_stm32l552xx.o [1]
  .text                 ro code   0x800'7818     0x4  startup_stm32l552xx.o [1]
  .text                 ro code   0x800'781c     0x4  startup_stm32l552xx.o [1]
  .text                 ro code   0x800'7820     0x4  startup_stm32l552xx.o [1]
  .text                 ro code   0x800'7824     0x4  startup_stm32l552xx.o [1]
  .text                 ro code   0x800'7828     0x4  startup_stm32l552xx.o [1]
  .text                 ro code   0x800'782c     0x4  startup_stm32l552xx.o [1]
  .text                 ro code   0x800'7830     0x4  startup_stm32l552xx.o [1]
  .text                 ro code   0x800'7834     0x4  startup_stm32l552xx.o [1]
  .text                 ro code   0x800'7838     0x4  startup_stm32l552xx.o [1]
  .text                 ro code   0x800'783c     0x4  startup_stm32l552xx.o [1]
  .text                 ro code   0x800'7840     0x4  startup_stm32l552xx.o [1]
  .text                 ro code   0x800'7844     0x4  startup_stm32l552xx.o [1]
  .text                 ro code   0x800'7848     0x4  startup_stm32l552xx.o [1]
  .text                 ro code   0x800'784c     0x4  startup_stm32l552xx.o [1]
  .text                 ro code   0x800'7850     0x4  startup_stm32l552xx.o [1]
  .text                 ro code   0x800'7854     0x4  startup_stm32l552xx.o [1]
  .text                 ro code   0x800'7858     0x4  startup_stm32l552xx.o [1]
  .text                 ro code   0x800'785c     0x4  startup_stm32l552xx.o [1]
  .text                 ro code   0x800'7860     0x4  startup_stm32l552xx.o [1]
  .text                 ro code   0x800'7864     0x4  startup_stm32l552xx.o [1]
  .text                 ro code   0x800'7868     0x4  startup_stm32l552xx.o [1]
  .text                 ro code   0x800'786c     0x4  startup_stm32l552xx.o [1]
  .text                 ro code   0x800'7870     0x4  startup_stm32l552xx.o [1]
  .text                 ro code   0x800'7874     0x4  startup_stm32l552xx.o [1]
  .text                 ro code   0x800'7878     0x4  startup_stm32l552xx.o [1]
  .text                 ro code   0x800'787c     0x4  startup_stm32l552xx.o [1]
  .text                 ro code   0x800'7880     0x4  startup_stm32l552xx.o [1]
  .text                 ro code   0x800'7884     0x4  startup_stm32l552xx.o [1]
  .text                 ro code   0x800'7888     0x4  startup_stm32l552xx.o [1]
  .text                 ro code   0x800'788c     0x4  startup_stm32l552xx.o [1]
  .text                 ro code   0x800'7890     0x4  startup_stm32l552xx.o [1]
  .text                 ro code   0x800'7894     0x4  startup_stm32l552xx.o [1]
  .text                 ro code   0x800'7898     0x4  startup_stm32l552xx.o [1]
  .text                 ro code   0x800'789c     0x4  startup_stm32l552xx.o [1]
  .text                 ro code   0x800'78a0     0x4  startup_stm32l552xx.o [1]
  .text                 ro code   0x800'78a4     0x4  startup_stm32l552xx.o [1]
  .text                 ro code   0x800'78a8     0x4  startup_stm32l552xx.o [1]
  .text                 ro code   0x800'78ac     0x4  startup_stm32l552xx.o [1]
  .text                 ro code   0x800'78b0     0x4  startup_stm32l552xx.o [1]
  .text                 ro code   0x800'78b4     0x4  startup_stm32l552xx.o [1]
  .text                 ro code   0x800'78b8     0x4  startup_stm32l552xx.o [1]
  .text                 ro code   0x800'78bc     0x4  startup_stm32l552xx.o [1]
  .text                 ro code   0x800'78c0     0x4  startup_stm32l552xx.o [1]
  .text                 ro code   0x800'78c4     0x4  startup_stm32l552xx.o [1]
  .text                 ro code   0x800'78c8     0x4  startup_stm32l552xx.o [1]
  .text                 ro code   0x800'78cc     0x4  startup_stm32l552xx.o [1]
  .text                 ro code   0x800'78d0     0x4  startup_stm32l552xx.o [1]
  .text                 ro code   0x800'78d4     0x4  startup_stm32l552xx.o [1]
  .text                 ro code   0x800'78d8     0x4  startup_stm32l552xx.o [1]
  .text                 ro code   0x800'78dc     0x4  startup_stm32l552xx.o [1]
  .text                 ro code   0x800'78e0     0x4  startup_stm32l552xx.o [1]
  .text                 ro code   0x800'78e4     0x4  startup_stm32l552xx.o [1]
  .text                 ro code   0x800'78e8     0x4  startup_stm32l552xx.o [1]
  .text                 ro code   0x800'78ec     0x4  startup_stm32l552xx.o [1]
  .text                 ro code   0x800'78f0     0x4  startup_stm32l552xx.o [1]
  .text                 ro code   0x800'78f4     0x4  startup_stm32l552xx.o [1]
  .text                 ro code   0x800'78f8     0x4  startup_stm32l552xx.o [1]
  .text                 ro code   0x800'78fc     0x4  startup_stm32l552xx.o [1]
  .text                 ro code   0x800'7900     0x4  startup_stm32l552xx.o [1]
  .text                 ro code   0x800'7904     0x0  cstart_closeall.o [12]
  .rodata               const     0x800'7904     0x0  zero_init3.o [12]
  .rodata               const     0x800'7904     0x0  lz77_init_single.o [12]
  Initializer bytes     const     0x800'7904    0xa9  <for P2-P3-1>
                                - 0x800'79ad  0x77b9

"P2-P3", part 1 of 3:                          0x1e8
  P2-P3-1                        0x2000'0000   0x1e8  <Init block>
    .data               inited   0x2000'0000    0x24  dac_thread.o [3]
    .data               inited   0x2000'0024    0x18  gpio_api.o [4]
    .data               inited   0x2000'003c    0x24  heartbeat_api.o [5]
    .data               inited   0x2000'0060     0x4  port.o [9]
    .data               inited   0x2000'0064    0x24  spi_api.o [4]
    .data               inited   0x2000'0088     0xc  stm32l5xx_hal.o [8]
    .data               inited   0x2000'0094    0x18  system_api.o [6]
    .data               inited   0x2000'00ac     0x4  system_stm32l5xx.o [7]
    .data               inited   0x2000'00b0    0x38  xlocale_c.o [10]
    .data               inited   0x2000'00e8    0x48  xfiles.o [10]
    .data               inited   0x2000'0130    0x48  xfiles.o [10]
    .data               inited   0x2000'0178    0x48  xfiles.o [10]
    .data               inited   0x2000'01c0    0x20  xfiles.o [10]
    .data               inited   0x2000'01e0     0x8  XShttio.o [10]
                               - 0x2000'01e8   0x1e8

"P2-P3", part 2 of 3:                         0x3150
  .bss                  zero     0x2000'01e8  0x2020  heap_4.o [9]
  .bss                  zero     0x2000'2208   0x460  tasks.o [9]
  .bss                  zero     0x2000'2668   0x45c  cmsis_os2.o [9]
  .bss                  zero     0x2000'2ac4   0x25c  cmsis_os2.o [9]
  .bss                  zero     0x2000'2d20   0x1d8  dlmalloc.o [10]
  .bss                  zero     0x2000'2ef8   0x12c  timers.o [9]
  .bss                  zero     0x2000'3024    0xf4  main.o [2]
  .bss                  zero     0x2000'3118    0x9c  tasks.o [9]
  .bss                  zero     0x2000'31b4    0x80  XShHandles.o [10]
  .bss                  zero     0x2000'3234    0x50  xfiles.o [10]
  .bss                  zero     0x2000'3284    0x50  xfiles.o [10]
  .bss                  zero     0x2000'32d4    0x40  queue.o [9]
  .bss                  zero     0x2000'3314    0x18  dlmalloc.o [10]
  .bss                  zero     0x2000'332c     0x4  cmsis_os2.o [9]
  .bss                  zero     0x2000'3330     0x4  xfail_s.o [10]
  .bss                  zero     0x2000'3334     0x4  xgetmemchunk.o [10]
                               - 0x2000'3338  0x3150

"P2-P3", part 3 of 3:                          0x600
  CSTACK                         0x2000'3338   0x400  <Block>
    CSTACK              uninit   0x2000'3338   0x400  <Block tail>
  HEAP                           0x2000'3738   0x200  <Block>
    HEAP                uninit   0x2000'3738   0x200  <Block tail>
                               - 0x2000'3938   0x600

Unused ranges:

         From           To      Size
         ----           --      ----
   0x800'79ad   0x807'ffff  0x7'8653
  0x2000'3938  0x2002'ffff  0x2'c6c8


*******************************************************************************
*** INIT TABLE
***

          Address      Size
          -------      ----
Zero (__iar_zero_init3)
    1 destination range, total size 0x3150:
          0x2000'01e8  0x3150

Copy/lz77 (__iar_lz77_init_single3)
    1 source range, total size 0xa9 (34% of destination):
           0x800'7904    0xa9
    1 destination range, total size 0x1e8:
          0x2000'0000   0x1e8



*******************************************************************************
*** MODULE SUMMARY
***

    Module                  ro code  ro data  rw data
    ------                  -------  -------  -------
command line/config:
    -------------------------------------------------
    Total:

D:\Proyectos\STM32\kart\EWARM\kart\Obj\Application\EWARM: [1]
    startup_stm32l552xx.o       932
    -------------------------------------------------
    Total:                      932

D:\Proyectos\STM32\kart\EWARM\kart\Obj\Application\User: [2]
    main.o                      866               244
    stm32l5xx_hal_msp.o         476
    stm32l5xx_it.o               24
    -------------------------------------------------
    Total:                    1'366               244

D:\Proyectos\STM32\kart\EWARM\kart\Obj\Application\dac\src: [3]
    dac_api.o                    92
    dac_thread.o                 92       12       36
    -------------------------------------------------
    Total:                      184       12       36

D:\Proyectos\STM32\kart\EWARM\kart\Obj\Application\hdwr\src: [4]
    gpio_api.o                   80        8       24
    spi_api.o                   102       49       36
    -------------------------------------------------
    Total:                      182       57       60

D:\Proyectos\STM32\kart\EWARM\kart\Obj\Application\heartbeat\src: [5]
    heartbeat_api.o             132       13       36
    -------------------------------------------------
    Total:                      132       13       36

D:\Proyectos\STM32\kart\EWARM\kart\Obj\Application\system\src: [6]
    system_api.o                 44       24       24
    -------------------------------------------------
    Total:                       44       24       24

D:\Proyectos\STM32\kart\EWARM\kart\Obj\Drivers\CMSIS: [7]
    system_stm32l5xx.o          200       65        4
    -------------------------------------------------
    Total:                      200       65        4

D:\Proyectos\STM32\kart\EWARM\kart\Obj\Drivers\STM32L5xx_HAL_Driver: [8]
    stm32l5xx_hal.o             114        4       12
    stm32l5xx_hal_adc.o       1'428
    stm32l5xx_hal_adc_ex.o      196
    stm32l5xx_hal_cortex.o      200
    stm32l5xx_hal_dma.o         108
    stm32l5xx_hal_gpio.o        472
    stm32l5xx_hal_pwr.o          16
    stm32l5xx_hal_pwr_ex.o      176
    stm32l5xx_hal_rcc.o       2'164
    stm32l5xx_hal_rcc_ex.o    1'444
    stm32l5xx_hal_rtc.o         332
    stm32l5xx_hal_rtc_ex.o       52
    stm32l5xx_hal_spi.o         520
    stm32l5xx_ll_gpio.o         282
    -------------------------------------------------
    Total:                    7'504        4       12

D:\Proyectos\STM32\kart\EWARM\kart\Obj\Middlewares\FreeRTOS: [9]
    cmsis_os2.o                 488             1'724
    heap_4.o                    404             8'224
    list.o                      146
    port.o                      404        1        4
    portasm.o                   200
    queue.o                   1'268                64
    tasks.o                   1'888             1'276
    timers.o                    820               300
    -------------------------------------------------
    Total:                    5'618        1   11'592

dl7M_tlf.a: [10]
    XShHandles.o                204               128
    XShttio.o                     8        3        8
    abort.o                       6
    dlmalloc.o                5'396               496
    exit.o                        4
    fclose.o                    126
    fflush.o                    172
    fputc.o                      84
    fseek.o                      36
    heaptramp0.o                  4
    low_level_init.o              4
    printf.o                     40
    putchar.o                    12
    strncat.o                    40
    xcloseall.o                  64
    xfail_s.o                    64                 4
    xfgpos.o                     12
    xfiles.o                              86      408
    xfofind.o                   156
    xfspos.o                    216
    xfwprep.o                   180
    xgetmemchunk.o               44                 4
    xlocale_c.o                   8       23       56
    xprintffull_nomb.o        3'886
    xprout.o                     22
    -------------------------------------------------
    Total:                   10'788      112    1'104

m7M_tls.a: [11]
    DblAddSub.o                 590
    DblCmpGe.o                   52
    DblCmpLe.o                   52
    DblDiv.o                    582
    DblMul.o                    426
    DblToS32.o                   54
    DblToU32.o                   34
    S32ToDbl.o                   34
    U32ToDbl.o                   28
    fpinit_M.o                   34
    frexp.o                     112
    ldexp.o                     314
    -------------------------------------------------
    Total:                    2'312

rt7M_tl.a: [12]
    ABImemclr.o                   6
    ABImemcpy_small.o            24
    ABImemset48.o                58
    ABImemset_small.o            18
    I64DivMod.o                 560
    I64DivZer.o                   2
    cexit.o                      14
    cmain.o                      30
    cstart_closeall.o
    cstartup_M.o                 28
    data_init.o                  40
    lz77_init_single.o          120
    memchr.o                     88
    memset.o                     20
    strchr.o                     22
    strlen.o                     54
    zero_init3.o                 56
    -------------------------------------------------
    Total:                    1'140

shb_l.a: [13]
    close.o                      24
    dwrite.o                     30
    exit.o                       20
    iarttio.o                   124
    iarwrite.o                   34
    iarwstd.o                    32
    lseek.o                      78
    remove.o                     20
    write.o                      16
    -------------------------------------------------
    Total:                      378

    Gaps                         45        4
    Linker created                        32    1'536
-----------------------------------------------------
    Grand Total:             30'825      324   14'648


*******************************************************************************
*** ENTRY LIST
***

Entry                       Address    Size  Type      Object
-----                       -------    ----  ----      ------
.iar.init_table$$Base    0x800'7694           --   Gb  - Linker created -
.iar.init_table$$Limit   0x800'76b4           --   Gb  - Linker created -
?main                    0x800'76b5          Code  Gb  cmain.o [12]
AHBPrescTable            0x800'6c9c    0x10  Data  Gb  system_stm32l5xx.o [7]
BusFault_Handler         0x800'770f     0x2  Code  Gb  stm32l5xx_it.o [2]
CSTACK$$Base            0x2000'3338           --   Gb  - Linker created -
CSTACK$$Limit           0x2000'3738           --   Gb  - Linker created -
DebugMon_Handler         0x800'7713     0x2  Code  Gb  stm32l5xx_it.o [2]
Error_Handler            0x800'6283     0x4  Code  Gb  main.o [2]
HAL_ADCEx_MultiModeConfigChannel
                         0x800'6485    0xae  Code  Gb  stm32l5xx_hal_adc_ex.o [8]
HAL_ADC_ConfigChannel    0x800'59a1   0x2fe  Code  Gb  stm32l5xx_hal_adc.o [8]
HAL_ADC_Init             0x800'57e5   0x196  Code  Gb  stm32l5xx_hal_adc.o [8]
HAL_ADC_MspInit          0x800'5d6b    0x78  Code  Gb  stm32l5xx_hal_msp.o [2]
HAL_DMA_Abort_IT         0x800'6cad    0x6c  Code  Gb  stm32l5xx_hal_dma.o [8]
HAL_GPIO_Init            0x800'6289   0x196  Code  Gb  stm32l5xx_hal_gpio.o [8]
HAL_GPIO_TogglePin       0x800'6429    0x10  Code  Gb  stm32l5xx_hal_gpio.o [8]
HAL_GPIO_WritePin        0x800'641f     0xa  Code  Gb  stm32l5xx_hal_gpio.o [8]
HAL_GetTick              0x800'3c09     0xc  Code  Gb  stm32l5xx_hal.o [8]
HAL_Init                 0x800'6461    0x22  Code  Gb  stm32l5xx_hal.o [8]
HAL_InitTick             0x800'3bc5    0x44  Code  Gb  stm32l5xx_hal.o [8]
HAL_MspInit              0x800'5d35    0x36  Code  Gb  stm32l5xx_hal_msp.o [2]
HAL_NVIC_EnableIRQ       0x800'3d35    0x16  Code  Gb  stm32l5xx_hal_cortex.o [8]
HAL_NVIC_SetPriority     0x800'3cf9    0x3a  Code  Gb  stm32l5xx_hal_cortex.o [8]
HAL_NVIC_SetPriorityGrouping
                         0x800'3cdf    0x1a  Code  Gb  stm32l5xx_hal_cortex.o [8]
HAL_PWREx_ControlVoltageScaling
                         0x800'3c21    0x66  Code  Gb  stm32l5xx_hal_pwr_ex.o [8]
HAL_PWREx_EnableVddIO2   0x800'3c87     0xe  Code  Gb  stm32l5xx_hal_pwr_ex.o [8]
HAL_PWREx_GetVoltageRange
                         0x800'3c15     0xc  Code  Gb  stm32l5xx_hal_pwr_ex.o [8]
HAL_PWREx_SMPS_GetEffectiveMode
                         0x800'3c95    0x1c  Code  Gb  stm32l5xx_hal_pwr_ex.o [8]
HAL_PWR_EnableBkUpAccess
                         0x800'6bd5     0xc  Code  Gb  stm32l5xx_hal_pwr.o [8]
HAL_RCCEx_PeriphCLKConfig
                         0x800'51fd   0x3d6  Code  Gb  stm32l5xx_hal_rcc_ex.o [8]
HAL_RCC_ClockConfig      0x800'38a3   0x18e  Code  Gb  stm32l5xx_hal_rcc.o [8]
HAL_RCC_GetHCLKFreq      0x800'3af3    0x12  Code  Gb  stm32l5xx_hal_rcc.o [8]
HAL_RCC_GetSysClockFreq
                         0x800'3a5d    0x96  Code  Gb  stm32l5xx_hal_rcc.o [8]
HAL_RCC_OscConfig        0x800'3351   0x526  Code  Gb  stm32l5xx_hal_rcc.o [8]
HAL_RTCEx_PrivilegeModeSet
                         0x800'6695    0x2c  Code  Gb  stm32l5xx_hal_rtc_ex.o [8]
HAL_RTC_Init             0x800'6549    0x86  Code  Gb  stm32l5xx_hal_rtc.o [8]
HAL_RTC_MspInit          0x800'5de3    0x50  Code  Gb  stm32l5xx_hal_msp.o [2]
HAL_RTC_WaitForSynchro   0x800'65cf    0x2e  Code  Gb  stm32l5xx_hal_rtc.o [8]
HAL_SPI_ErrorCallback    0x800'6d19     0x2  Code  Gb  stm32l5xx_hal_spi.o [8]
HAL_SPI_IRQHandler       0x800'68b9    0xfa  Code  Gb  stm32l5xx_hal_spi.o [8]
HAL_SPI_Init             0x800'67e5    0xd4  Code  Gb  stm32l5xx_hal_spi.o [8]
HAL_SPI_MspInit          0x800'5e33    0xac  Code  Gb  stm32l5xx_hal_msp.o [2]
HAL_SYSTICK_Config       0x800'3d4b    0x28  Code  Gb  stm32l5xx_hal_cortex.o [8]
HEAP$$Base              0x2000'3738           --   Gb  - Linker created -
HEAP$$Limit             0x2000'3938           --   Gb  - Linker created -
HardFault_Handler        0x800'770b     0x2  Code  Gb  stm32l5xx_it.o [2]
KernelState             0x2000'332c     0x4  Data  Lc  cmsis_os2.o [9]
LL_ADC_GetOffsetChannel
                         0x800'57a1     0xe  Code  Lc  stm32l5xx_hal_adc.o [8]
LL_ADC_SetChannelSamplingTime
                         0x800'57c1    0x24  Code  Lc  stm32l5xx_hal_adc.o [8]
LL_ADC_SetOffsetState    0x800'57af    0x12  Code  Lc  stm32l5xx_hal_adc.o [8]
LL_AHB2_GRP1_EnableClock
                         0x800'5f25    0x16  Code  Lc  main.o [2]
LL_GPIO_Init             0x800'66c9   0x11a  Code  Gb  stm32l5xx_ll_gpio.o [8]
MSIRangeTable            0x800'756c    0x40  Data  Gb  system_stm32l5xx.o [7]
MemManage_Handler        0x800'770d     0x2  Code  Gb  stm32l5xx_it.o [2]
NMI_Handler              0x800'7709     0x2  Code  Gb  stm32l5xx_it.o [2]
PendSV_Handler           0x800'4555          Code  Gb  portasm.o [9]
RCCEx_PLLSAI1_Config     0x800'55fd    0xd6  Code  Lc  stm32l5xx_hal_rcc_ex.o [8]
RCCEx_PLLSAI2_Config     0x800'56d9    0xa8  Code  Lc  stm32l5xx_hal_rcc_ex.o [8]
RCC_SetFlashLatencyFromMSIRange
                         0x800'3b11    0x78  Code  Lc  stm32l5xx_hal_rcc.o [8]
RTC_EnterInitMode        0x800'65fd    0x40  Code  Gb  stm32l5xx_hal_rtc.o [8]
RTC_ExitInitMode         0x800'663d    0x4c  Code  Gb  stm32l5xx_hal_rtc.o [8]
Region$$Table$$Base      0x800'7694           --   Gb  - Linker created -
Region$$Table$$Limit     0x800'76b4           --   Gb  - Linker created -
SPI2_IRQHandler          0x800'7715     0x6  Code  Gb  stm32l5xx_it.o [2]
SPI_DMAAbortOnError      0x800'69c5    0x10  Code  Lc  stm32l5xx_hal_spi.o [8]
SVC_Handler              0x800'4599          Code  Gb  portasm.o [9]
SysTick_Handler          0x800'69ed    0x1a  Code  Gb  cmsis_os2.o [9]
SystemClock_Config       0x800'61c3    0x86  Code  Gb  main.o [2]
SystemCoreClock         0x2000'00ac     0x4  Data  Gb  system_stm32l5xx.o [7]
SystemCoreClockUpdate    0x800'6bf1    0x8e  Code  Gb  system_stm32l5xx.o [7]
SystemInit               0x800'6be5     0xc  Code  Gb  system_stm32l5xx.o [7]
UsageFault_Handler       0x800'7711     0x2  Code  Gb  stm32l5xx_it.o [2]
_Close_all               0x800'75ad    0x40  Code  Gb  xcloseall.o [10]
_Files                  0x2000'01c0    0x20  Data  Gb  xfiles.o [10]
_Fofree                  0x800'7355    0x96  Code  Gb  xfofind.o [10]
_Fspos                   0x800'6f5f    0xd8  Code  Gb  xfspos.o [10]
_Fwprep                  0x800'727d    0xb4  Code  Gb  xfwprep.o [10]
_LitobFullNoMb           0x800'2525   0x10c  Code  Lc  xprintffull_nomb.o [10]
_Locale_lconv           0x2000'00b0    0x38  Data  Lc  xlocale_c.o [10]
_Nnl                     0x800'70e5     0xc  Code  Gb  xfgpos.o [10]
_PrintfFullNoMb          0x800'17f1   0xd06  Code  Gb  xprintffull_nomb.o [10]
_Prout                   0x800'7721    0x16  Code  Gb  xprout.o [10]
_PutcharFullNoMb         0x800'2689    0x20  Code  Lc  xprintffull_nomb.o [10]
_PutcharsFullNoMb        0x800'26a9    0x2e  Code  Lc  xprintffull_nomb.o [10]
__NVIC_SetPriority       0x800'3cc5    0x1a  Code  Lc  stm32l5xx_hal_cortex.o [8]
__Vectors                0x800'0000           --   Gb  startup_stm32l552xx.o [1]
__Vectors_End            0x800'01f4          Data  Gb  startup_stm32l552xx.o [1]
__Vectors_Size {Abs}          0x1f4           --   Gb  startup_stm32l552xx.o [1]
__aeabi_cdcmple          0x800'2891          Code  Gb  DblCmpLe.o [11]
__aeabi_cdrcmple         0x800'28c5          Code  Gb  DblCmpGe.o [11]
__aeabi_d2iz             0x800'2a35          Code  Gb  DblToS32.o [11]
__aeabi_d2uiz            0x800'2f29          Code  Gb  DblToU32.o [11]
__aeabi_ddiv             0x800'2ce1          Code  Gb  DblDiv.o [11]
__aeabi_dmul             0x800'2f69          Code  Gb  DblMul.o [11]
__aeabi_dsub             0x800'2bfd          Code  Gb  DblAddSub.o [11]
__aeabi_i2d              0x800'2a6d          Code  Gb  S32ToDbl.o [11]
__aeabi_ldiv0            0x800'334d          Code  Gb  I64DivZer.o [12]
__aeabi_memclr           0x800'173d          Code  Gb  ABImemclr.o [12]
__aeabi_memset4          0x800'4749          Code  Gb  ABImemset48.o [12]
__aeabi_memset8          0x800'4749          Code  Gb  ABImemset48.o [12]
__aeabi_ui2d             0x800'2f4d          Code  Gb  U32ToDbl.o [11]
__aeabi_uldivmod         0x800'311d          Code  Gb  I64DivMod.o [12]
__cexit_closeall         0x800'76df          Code  Gb  cexit.o [12]
__close                  0x800'7473    0x18  Code  Gb  close.o [13]
__cmain                  0x800'76b5          Code  Gb  cmain.o [12]
__cstart_closeall        0x800'7904          Data  Gb  cstart_closeall.o [12]
__data_GetMemChunk       0x800'1711    0x2c  Code  Gb  xgetmemchunk.o [10]
__data_GetMemChunk::start
                        0x2000'3334     0x4  Data  Lc  xgetmemchunk.o [10]
__dwrite                 0x800'721d    0x1e  Code  Gb  dwrite.o [13]
__exit                   0x800'1745    0x14  Code  Gb  exit.o [13]
__iar_Fail_s             0x800'2739    0x1c  Code  Gb  xfail_s.o [10]
__iar_Memchr             0x800'27b1          Code  Gb  memchr.o [12]
__iar_Memset4_word       0x800'4751          Code  Gb  ABImemset48.o [12]
__iar_Memset8_word       0x800'4751          Code  Gb  ABImemset48.o [12]
__iar_Stderr            0x2000'0178    0x48  Data  Gb  xfiles.o [10]
__iar_Stdin             0x2000'00e8    0x48  Data  Gb  xfiles.o [10]
__iar_Stdout            0x2000'0130    0x48  Data  Gb  xfiles.o [10]
__iar_Strchr             0x800'2721          Code  Gb  strchr.o [12]
__iar_close_ttio         0x800'176d    0x2c  Code  Gb  iarttio.o [13]
__iar_data_init3         0x800'7625    0x28  Code  Gb  data_init.o [12]
__iar_dlcalloc           0x800'16c5    0x3e  Code  Gb  dlmalloc.o [10]
__iar_dlfree             0x800'1193   0x52c  Code  Gb  dlmalloc.o [10]
__iar_dlmalloc           0x800'027d   0xf16  Code  Gb  dlmalloc.o [10]
__iar_frexp              0x800'282d          Code  Gb  frexp.o [11]
__iar_frexpl             0x800'282d          Code  Gb  frexp.o [11]
__iar_get_ttio           0x800'1799    0x4c  Code  Gb  iarttio.o [13]
__iar_init_vfp           0x800'7671          Code  Gb  fpinit_M.o [11]
__iar_ldexp64            0x800'28f9          Code  Gb  ldexp.o [11]
__iar_lookup_ttioh       0x800'17e9     0x8  Code  Gb  XShttio.o [10]
__iar_lz77_init_single3
                         0x800'749f    0x78  Code  Gb  lz77_init_single.o [12]
__iar_program_start      0x800'76ed          Code  Gb  cstartup_M.o [12]
__iar_scalbln64          0x800'28f9          Code  Gb  ldexp.o [11]
__iar_scalbn64           0x800'28f9          Code  Gb  ldexp.o [11]
__iar_sh_Discard         0x800'7151    0x42  Code  Gb  XShHandles.o [10]
__iar_sh_Move            0x800'7193    0x46  Code  Gb  XShHandles.o [10]
__iar_sh_Pos             0x800'71d9    0x40  Code  Gb  XShHandles.o [10]
__iar_sh_stdout          0x800'723b    0x20  Code  Gb  iarwstd.o [13]
__iar_sh_write           0x800'725b    0x22  Code  Gb  iarwrite.o [13]
__iar_small_Memcpy       0x800'280d          Code  Gb  ABImemcpy_small.o [12]
__iar_small_Memset       0x800'1759          Code  Gb  ABImemset_small.o [12]
__iar_small_Memset_word
                         0x800'1759          Code  Gb  ABImemset_small.o [12]
__iar_small_memcpy       0x800'2809          Code  Gb  ABImemcpy_small.o [12]
__iar_small_memcpy4      0x800'2809          Code  Gb  ABImemcpy_small.o [12]
__iar_small_memcpy8      0x800'2809          Code  Gb  ABImemcpy_small.o [12]
__iar_small_memset       0x800'1759          Code  Gb  ABImemset_small.o [12]
__iar_softfp___iar_frexp64
                         0x800'2821          Code  Gb  frexp.o [11]
__iar_softfp_frexp       0x800'2821          Code  Gb  frexp.o [11]
__iar_softfp_frexpl      0x800'2821          Code  Gb  frexp.o [11]
__iar_ttio_handles      0x2000'01e0     0x8  Data  Lc  XShttio.o [10]
__iar_zero_init3         0x800'75ed    0x38  Code  Gb  zero_init3.o [12]
__low_level_init         0x800'76d3     0x4  Code  Gb  low_level_init.o [10]
__lseek                  0x800'70f1    0x4e  Code  Gb  lseek.o [13]
__vector_table           0x800'0000          Data  Gb  startup_stm32l552xx.o [1]
__write                  0x800'713f    0x10  Code  Gb  write.o [13]
_call_main               0x800'76c1          Code  Gb  cmain.o [12]
_exit                    0x800'76dd          Code  Gb  cexit.o [12]
_gm_                    0x2000'2d20   0x1d8  Data  Lc  dlmalloc.o [10]
abort                    0x800'1709     0x6  Code  Gb  abort.o [10]
dac                     0x2000'00a4     0x8  Data  Gb  system_api.o [6]
dac_create_thread        0x800'6e8d    0x1c  Code  Gb  dac_thread.o [3]
dac_init                 0x800'6df1    0x3e  Code  Gb  dac_api.o [3]
dac_task                 0x800'6e75    0x18  Code  Gb  dac_thread.o [3]
dac_task_attributes     0x2000'0000    0x24  Data  Gb  dac_thread.o [3]
ebuf                    0x2000'3234    0x50  Data  Lc  xfiles.o [10]
exit                     0x800'76d7     0x4  Code  Gb  exit.o [10]
fclose                   0x800'73f5    0x7e  Code  Gb  fclose.o [10]
fflush                   0x800'70ad    0x34  Code  Gb  fflush.o [10]
fflushOne                0x800'7039    0x74  Code  Lc  fflush.o [10]
fputc                    0x800'7517    0x54  Code  Gb  fputc.o [10]
free                     0x800'73f1     0x4  Code  Gb  heaptramp0.o [10]
fseek                    0x800'7331    0x24  Code  Gb  fseek.o [10]
gpio                    0x2000'0094     0x1  Data  Gb  system_api.o [6]
gpio_hal                0x2000'0024    0x18  Data  Gb  gpio_api.o [4]
gpio_off                 0x800'6d2d     0xe  Code  Gb  gpio_api.o [4]
gpio_on                  0x800'6d1d    0x10  Code  Gb  gpio_api.o [4]
gpio_toggle              0x800'6d51    0x16  Code  Gb  gpio_api.o [4]
hadc1                   0x2000'3024    0x68  Data  Gb  main.o [2]
heartbeat               0x2000'0098     0xc  Data  Gb  system_api.o [6]
heartbeat_init           0x800'6d81    0x46  Code  Gb  heartbeat_api.o [5]
heartbeat_task           0x800'6d6d    0x12  Code  Gb  heartbeat_api.o [5]
heartbeat_task_attributes
                        0x2000'003c    0x24  Data  Gb  heartbeat_api.o [5]
hrtc                    0x2000'30f0    0x28  Data  Gb  main.o [2]
hspi2                   0x2000'308c    0x64  Data  Gb  main.o [2]
init_mparams             0x800'0211    0x2c  Code  Lc  dlmalloc.o [10]
init_top                 0x800'023d    0x34  Code  Lc  dlmalloc.o [10]
ldexp                    0x800'28f9          Code  Gb  ldexp.o [11]
ldexpl                   0x800'28f9          Code  Gb  ldexp.o [11]
localeconv               0x800'3115     0x4  Code  Gb  xlocale_c.o [10]
main                     0x800'5f3b   0x25e  Code  Gb  main.o [2]
memchr                   0x800'27b1          Code  Gb  memchr.o [12]
memset                   0x800'5f11    0x14  Code  Gb  memset.o [12]
mparams                 0x2000'3314    0x18  Data  Lc  dlmalloc.o [10]
obuf                    0x2000'3284    0x50  Data  Lc  xfiles.o [10]
osDelay                  0x800'6b83    0x1a  Code  Gb  cmsis_os2.o [9]
osKernelInitialize       0x800'6a07    0x1a  Code  Gb  cmsis_os2.o [9]
osKernelStart            0x800'6a29    0x2a  Code  Gb  cmsis_os2.o [9]
osThreadFlagsWait        0x800'6af1    0x92  Code  Gb  cmsis_os2.o [9]
osThreadNew              0x800'6a5f    0x92  Code  Gb  cmsis_os2.o [9]
printf                   0x800'6e4d    0x28  Code  Gb  printf.o [10]
prvAddCurrentTaskToDelayedList
                         0x800'4483    0x4e  Code  Lc  tasks.o [9]
prvAddNewTaskToReadyList
                         0x800'3ec7    0xb0  Code  Lc  tasks.o [9]
prvCheckForValidListAndQueue
                         0x800'4c65    0x4e  Code  Lc  timers.o [9]
prvCheckForValidListAndQueue{1}{2}{3}{4}::ucStaticTimerQueueStorage
                        0x2000'2f84    0xa0  Data  Lc  timers.o [9]
prvCheckForValidListAndQueue{1}{2}{3}{4}::xStaticTimerQueue
                        0x2000'2f34    0x50  Data  Lc  timers.o [9]
prvCopyDataFromQueue     0x800'50e9    0x28  Code  Lc  queue.o [9]
prvCopyDataToQueue       0x800'5081    0x68  Code  Lc  queue.o [9]
prvDeleteTCB             0x800'4321    0x2a  Code  Lc  tasks.o [9]
prvIdleTask              0x800'42e1    0x40  Code  Lc  tasks.o [9]
prvInitialiseNewQueue    0x800'4dbb    0x20  Code  Lc  queue.o [9]
prvInitialiseNewTask     0x800'3e39    0x8e  Code  Lc  tasks.o [9]
prvInsertBlockIntoFreeList
                         0x800'46fd    0x46  Code  Lc  heap_4.o [9]
prvInsertTimerInActiveList
                         0x800'4c2f    0x34  Code  Lc  timers.o [9]
prvIsQueueEmpty          0x800'5179    0x16  Code  Lc  queue.o [9]
prvResetNextTaskUnblockTime
                         0x800'434b    0x1a  Code  Lc  tasks.o [9]
prvSampleTimeNow         0x800'4bb5    0x7a  Code  Lc  timers.o [9]
prvSampleTimeNow::xLastTime
                        0x2000'2f08     0x4  Data  Lc  timers.o [9]
prvTaskExitError         0x800'4815    0x22  Code  Lc  port.o [9]
prvTimerTask             0x800'4a31   0x184  Code  Lc  timers.o [9]
prvUnlockQueue           0x800'5111    0x68  Code  Lc  queue.o [9]
putchar                  0x800'7739     0xc  Code  Gb  putchar.o [10]
pvPortMalloc             0x800'45b5    0xfe  Code  Gb  heap_4.o [9]
pxCurrentTCB            0x2000'3140     0x4  Data  Gb  tasks.o [9]
pxCurrentTimerList      0x2000'2ef8     0x4  Data  Lc  timers.o [9]
pxDelayedTaskList       0x2000'3144     0x4  Data  Lc  tasks.o [9]
pxEnd                   0x2000'01f0     0x4  Data  Lc  heap_4.o [9]
pxOverflowDelayedTaskList
                        0x2000'3148     0x4  Data  Lc  tasks.o [9]
pxOverflowTimerList     0x2000'2efc     0x4  Data  Lc  timers.o [9]
pxPortInitialiseStack    0x800'48c1    0x68  Code  Gb  port.o [9]
pxReadyTasksLists       0x2000'2208   0x460  Data  Lc  tasks.o [9]
remove                   0x800'748b    0x14  Code  Gb  remove.o [13]
sFileInfo               0x2000'31b4    0x80  Data  Lc  XShHandles.o [10]
scalbln                  0x800'28f9          Code  Gb  ldexp.o [11]
scalblnl                 0x800'28f9          Code  Gb  ldexp.o [11]
scalbn                   0x800'28f9          Code  Gb  ldexp.o [11]
scalbnl                  0x800'28f9          Code  Gb  ldexp.o [11]
scale                    0x800'2631    0x46  Code  Lc  xprintffull_nomb.o [10]
sec_hand                0x2000'3330     0x4  Data  Lc  xfail_s.o [10]
segment_holding          0x800'01f5    0x1c  Code  Lc  dlmalloc.o [10]
spi_init                 0x800'6ed1    0x52  Code  Gb  spi_api.o [4]
spi_obj_hal             0x2000'0064    0x24  Data  Gb  spi_api.o [4]
strchr                   0x800'2721          Code  Gb  strchr.o [12]
strlen                   0x800'2779          Code  Gb  strlen.o [12]
strncat                  0x800'6f37    0x28  Code  Gb  strncat.o [10]
system_init              0x800'6ba9    0x2c  Code  Gb  system_api.o [6]
ucHeap                  0x2000'0208  0x2000  Data  Lc  heap_4.o [9]
ulCriticalNesting       0x2000'0060     0x4  Data  Lc  port.o [9]
ulSetInterruptMask       0x800'4531          Code  Gb  portasm.o [9]
uwTick                  0x2000'008c     0x4  Data  Gb  stm32l5xx_hal.o [8]
uwTickFreq              0x2000'0088     0x1  Data  Gb  stm32l5xx_hal.o [8]
uwTickPrio              0x2000'0090     0x4  Data  Gb  stm32l5xx_hal.o [8]
uxCurrentNumberOfTasks  0x2000'3164     0x4  Data  Lc  tasks.o [9]
uxDeletedTasksWaitingCleanUp
                        0x2000'314c     0x4  Data  Lc  tasks.o [9]
uxListRemove             0x800'47ef    0x26  Code  Gb  list.o [9]
uxSchedulerSuspended    0x2000'3188     0x4  Data  Lc  tasks.o [9]
uxTaskNumber            0x2000'3180     0x4  Data  Lc  tasks.o [9]
uxTopReadyPriority      0x2000'316c     0x4  Data  Lc  tasks.o [9]
vApplicationGetIdleTaskMemory
                         0x800'4981    0x14  Code  Gb  cmsis_os2.o [9]
vApplicationGetIdleTaskMemory::Idle_Stack
                        0x2000'2b20   0x200  Data  Lc  cmsis_os2.o [9]
vApplicationGetIdleTaskMemory::Idle_TCB
                        0x2000'2ac4    0x5c  Data  Lc  cmsis_os2.o [9]
vApplicationGetTimerTaskMemory
                         0x800'4cf1    0x18  Code  Gb  cmsis_os2.o [9]
vApplicationGetTimerTaskMemory::Timer_Stack
                        0x2000'26c4   0x400  Data  Lc  cmsis_os2.o [9]
vApplicationGetTimerTaskMemory::Timer_TCB
                        0x2000'2668    0x5c  Data  Lc  cmsis_os2.o [9]
vClearInterruptMask      0x800'4547          Code  Gb  portasm.o [9]
vListInitialise          0x800'4783    0x1a  Code  Gb  list.o [9]
vListInitialiseItem      0x800'479d     0x6  Code  Gb  list.o [9]
vListInsert              0x800'47bd    0x32  Code  Gb  list.o [9]
vListInsertEnd           0x800'47a3    0x1a  Code  Gb  list.o [9]
vPortEnterCritical       0x800'484d    0x18  Code  Gb  port.o [9]
vPortExitCritical        0x800'4865    0x22  Code  Gb  port.o [9]
vPortFree                0x800'46b3    0x4a  Code  Gb  heap_4.o [9]
vPortSVCHandler_C        0x800'48a7    0x1a  Code  Gb  port.o [9]
vPortSetupTimerInterrupt
                         0x800'4cc9    0x28  Code  Gb  port.o [9]
vPortYield               0x800'4839    0x12  Code  Gb  port.o [9]
vQueueAddToRegistry      0x800'518f    0x20  Code  Gb  queue.o [9]
vQueueWaitForMessageRestricted
                         0x800'51b5    0x48  Code  Gb  queue.o [9]
vRaisePrivilege          0x800'450b          Code  Gb  portasm.o [9]
vRestoreContextOfFirstTask
                         0x800'44ed          Code  Gb  portasm.o [9]
vStartFirstTask          0x800'4519          Code  Gb  portasm.o [9]
vTaskDelay               0x800'3f77    0x30  Code  Gb  tasks.o [9]
vTaskInternalSetTimeOutState
                         0x800'426d     0xe  Code  Gb  tasks.o [9]
vTaskMissedYield         0x800'42d7     0xa  Code  Gb  tasks.o [9]
vTaskPlaceOnEventList    0x800'41bf    0x16  Code  Gb  tasks.o [9]
vTaskPlaceOnEventListRestricted
                         0x800'41df    0x26  Code  Gb  tasks.o [9]
vTaskStartScheduler      0x800'3fad    0x64  Code  Gb  tasks.o [9]
vTaskSuspendAll          0x800'4011     0xc  Code  Gb  tasks.o [9]
vTaskSwitchContext       0x800'4173    0x4c  Code  Gb  tasks.o [9]
xActiveTimerList1       0x2000'2f0c    0x14  Data  Lc  timers.o [9]
xActiveTimerList2       0x2000'2f20    0x14  Data  Lc  timers.o [9]
xBlockAllocatedBit      0x2000'0204     0x4  Data  Lc  heap_4.o [9]
xDelayedTaskList1       0x2000'318c    0x14  Data  Lc  tasks.o [9]
xDelayedTaskList2       0x2000'31a0    0x14  Data  Lc  tasks.o [9]
xFreeBytesRemaining     0x2000'01f4     0x4  Data  Lc  heap_4.o [9]
xMinimumEverFreeBytesRemaining
                        0x2000'01f8     0x4  Data  Lc  heap_4.o [9]
xNextTaskUnblockTime    0x2000'3184     0x4  Data  Lc  tasks.o [9]
xNumOfOverflows         0x2000'317c     0x4  Data  Lc  tasks.o [9]
xNumberOfSuccessfulAllocations
                        0x2000'01fc     0x4  Data  Lc  heap_4.o [9]
xNumberOfSuccessfulFrees
                        0x2000'0200     0x4  Data  Lc  heap_4.o [9]
xPendedTicks            0x2000'3174     0x4  Data  Lc  tasks.o [9]
xPendingReadyList       0x2000'3118    0x14  Data  Lc  tasks.o [9]
xPortStartScheduler      0x800'4929    0x46  Code  Gb  port.o [9]
xPortSysTickHandler      0x800'4887    0x20  Code  Gb  port.o [9]
xQueueGenericCreateStatic
                         0x800'4d71    0x4a  Code  Gb  queue.o [9]
xQueueGenericReset       0x800'4d09    0x68  Code  Gb  queue.o [9]
xQueueGenericSend        0x800'4ddb   0x108  Code  Gb  queue.o [9]
xQueueGenericSendFromISR
                         0x800'4ee3    0x80  Code  Gb  queue.o [9]
xQueueReceive            0x800'4f6f    0xe8  Code  Gb  queue.o [9]
xQueueRegistry          0x2000'32d4    0x40  Data  Gb  queue.o [9]
xSchedulerRunning       0x2000'3170     0x4  Data  Lc  tasks.o [9]
xStart                  0x2000'01e8     0x8  Data  Lc  heap_4.o [9]
xSuspendedTaskList      0x2000'3150    0x14  Data  Lc  tasks.o [9]
xTaskCheckForTimeOut     0x800'427b    0x5c  Code  Gb  tasks.o [9]
xTaskCreate              0x800'3ddd    0x5c  Code  Gb  tasks.o [9]
xTaskCreateStatic        0x800'3d8d    0x50  Code  Gb  tasks.o [9]
xTaskGetSchedulerState   0x800'4365    0x18  Code  Gb  tasks.o [9]
xTaskGetTickCount        0x800'40af     0x2  Code  Gb  tasks.o [9]
xTaskIncrementTick       0x800'40b9    0xba  Code  Gb  tasks.o [9]
xTaskNotifyWait          0x800'43f9    0x78  Code  Gb  tasks.o [9]
xTaskPriorityDisinherit
                         0x800'4383    0x50  Code  Gb  tasks.o [9]
xTaskRemoveFromEventList
                         0x800'4211    0x46  Code  Gb  tasks.o [9]
xTaskResumeAll           0x800'401d    0x8a  Code  Gb  tasks.o [9]
xTasksWaitingTermination
                        0x2000'312c    0x14  Data  Lc  tasks.o [9]
xTickCount              0x2000'3168     0x4  Data  Lc  tasks.o [9]
xTimerCreateTimerTask    0x800'4995    0x4e  Code  Gb  timers.o [9]
xTimerGenericCommand     0x800'49e3    0x4e  Code  Gb  timers.o [9]
xTimerQueue             0x2000'2f00     0x4  Data  Lc  timers.o [9]
xTimerTaskHandle        0x2000'2f04     0x4  Data  Lc  timers.o [9]
xYieldPending           0x2000'3178     0x4  Data  Lc  tasks.o [9]


[1] = D:\Proyectos\STM32\kart\EWARM\kart\Obj\Application\EWARM
[2] = D:\Proyectos\STM32\kart\EWARM\kart\Obj\Application\User
[3] = D:\Proyectos\STM32\kart\EWARM\kart\Obj\Application\dac\src
[4] = D:\Proyectos\STM32\kart\EWARM\kart\Obj\Application\hdwr\src
[5] = D:\Proyectos\STM32\kart\EWARM\kart\Obj\Application\heartbeat\src
[6] = D:\Proyectos\STM32\kart\EWARM\kart\Obj\Application\system\src
[7] = D:\Proyectos\STM32\kart\EWARM\kart\Obj\Drivers\CMSIS
[8] = D:\Proyectos\STM32\kart\EWARM\kart\Obj\Drivers\STM32L5xx_HAL_Driver
[9] = D:\Proyectos\STM32\kart\EWARM\kart\Obj\Middlewares\FreeRTOS
[10] = dl7M_tlf.a
[11] = m7M_tls.a
[12] = rt7M_tl.a
[13] = shb_l.a

  30'825 bytes of readonly  code memory
     324 bytes of readonly  data memory
  14'648 bytes of readwrite data memory

Errors: none
Warnings: none
